BL51 BANKED LINKER/LOCATER V6.22                                                        10/29/2015  14:06:04  PAGE 1


BL51 BANKED LINKER/LOCATER V6.22, INVOKED BY:
D:\MYPROGRAM\KEIL\C51\BIN\BL51.EXE STARTUP.obj, perfect.obj, ..\8023.LIB TO perfect RAMSIZE (256) DISABLEWARNING (16)


MEMORY MODEL: LARGE WITH FLOATING POINT ARITHMETIC


INPUT MODULES INCLUDED:
  STARTUP.obj (?C_STARTUP)
  perfect.obj (PERFECT)
  ..\8023.LIB (8023)
  D:\MYPROGRAM\KEIL\C51\LIB\C51FPL.LIB (?C?FPMUL)
  D:\MYPROGRAM\KEIL\C51\LIB\C51FPL.LIB (?C?FCAST)
  D:\MYPROGRAM\KEIL\C51\LIB\C51FPL.LIB (?C?CASTF)
  D:\MYPROGRAM\KEIL\C51\LIB\C51FPL.LIB (PRINTF)
  D:\MYPROGRAM\KEIL\C51\LIB\C51FPL.LIB (?C?FPGETOPN)
  D:\MYPROGRAM\KEIL\C51\LIB\C51FPL.LIB (?C?FPROUND)
  D:\MYPROGRAM\KEIL\C51\LIB\C51FPL.LIB (?C?FPCONVERT)
  D:\MYPROGRAM\KEIL\C51\LIB\C51FPL.LIB (?C?FPADD)
  D:\MYPROGRAM\KEIL\C51\LIB\C51FPL.LIB (?C?FPDIV)
  D:\MYPROGRAM\KEIL\C51\LIB\C51FPL.LIB (?C?FTNPWR)
  D:\MYPROGRAM\KEIL\C51\LIB\C51L.LIB (?C_INIT)
  D:\MYPROGRAM\KEIL\C51\LIB\C51L.LIB (?C?COPY)
  D:\MYPROGRAM\KEIL\C51\LIB\C51L.LIB (?C?CLDPTR)
  D:\MYPROGRAM\KEIL\C51\LIB\C51L.LIB (?C?CLDOPTR)
  D:\MYPROGRAM\KEIL\C51\LIB\C51L.LIB (?C?CILDOPTR)
  D:\MYPROGRAM\KEIL\C51\LIB\C51L.LIB (?C?CSTPTR)
  D:\MYPROGRAM\KEIL\C51\LIB\C51L.LIB (?C?CSTOPTR)
  D:\MYPROGRAM\KEIL\C51\LIB\C51L.LIB (?C?IMUL)
  D:\MYPROGRAM\KEIL\C51\LIB\C51L.LIB (?C?UIDIV)
  D:\MYPROGRAM\KEIL\C51\LIB\C51L.LIB (?C?SIDIV)
  D:\MYPROGRAM\KEIL\C51\LIB\C51L.LIB (?C?IILDX)
  D:\MYPROGRAM\KEIL\C51\LIB\C51L.LIB (?C?ILDIX)
  D:\MYPROGRAM\KEIL\C51\LIB\C51L.LIB (?C?ULDIV)
  D:\MYPROGRAM\KEIL\C51\LIB\C51L.LIB (?C?LNEG)
  D:\MYPROGRAM\KEIL\C51\LIB\C51L.LIB (?C?ULCMP)
  D:\MYPROGRAM\KEIL\C51\LIB\C51L.LIB (?C?LSTXDATA)
  D:\MYPROGRAM\KEIL\C51\LIB\C51L.LIB (?C?LSTKXDATA)
  D:\MYPROGRAM\KEIL\C51\LIB\C51L.LIB (?C?OFFXADD)
  D:\MYPROGRAM\KEIL\C51\LIB\C51L.LIB (?C?PLDIXDATA)
  D:\MYPROGRAM\KEIL\C51\LIB\C51L.LIB (?C?PSTXDATA)
  D:\MYPROGRAM\KEIL\C51\LIB\C51L.LIB (?C?CCASE)
  D:\MYPROGRAM\KEIL\C51\LIB\C51L.LIB (PUTCHAR)
  D:\MYPROGRAM\KEIL\C51\LIB\C51L.LIB (CABS)
  D:\MYPROGRAM\KEIL\C51\LIB\C51L.LIB (?C?MEMSET)


LINK MAP OF MODULE:  perfect (?C_STARTUP)


            TYPE    BASE      LENGTH    RELOCATION   SEGMENT NAME
            -----------------------------------------------------

            * * * * * * *   D A T A   M E M O R Y   * * * * * * *
            REG     0000H     0008H     ABSOLUTE     "REG BANK 0"
            REG     0008H     0008H     ABSOLUTE     "REG BANK 1"
            DATA    0010H     000BH     UNIT         _DATA_GROUP_
            DATA    001BH     0005H     UNIT         ?DT?8023
BL51 BANKED LINKER/LOCATER V6.22                                                      10/29/2015  14:06:04  PAGE 2


            BIT     0020H.0   0001H.1   UNIT         _BIT_GROUP_
                    0021H.1   0000H.7                *** GAP ***
            DATA    0022H     0001H     UNIT         ?DT?_FUN_PYSJHZ?8023
            IDATA   0023H     0001H     UNIT         ?STACK

            * * * * * * *  X D A T A   M E M O R Y  * * * * * * *
            XDATA   0000H     0244H     UNIT         ?XD?8023
            XDATA   0244H     0061H     UNIT         ?XD?_FUN_ZDZJ?8023
            XDATA   02A5H     0032H     UNIT         _XDATA_GROUP_
            XDATA   02D7H     002EH     UNIT         ?XD?_FUN_FLSETTING?8023
            XDATA   0305H     002CH     UNIT         ?XD?_FUN_MIN?8023
            XDATA   0331H     000EH     UNIT         ?XD?_FUN_PYSJHZ?8023
            XDATA   033FH     000DH     UNIT         ?XD?_FUN_SJHZ?8023
            XDATA   034CH     0009H     UNIT         ?XD?_FUN_NAJIAN?8023
            XDATA   0355H     0005H     UNIT         ?XD?_FUN_FOLLINE?8023
            XDATA   035AH     0004H     UNIT         ?XD?FUN_CALIBRATION?8023
            XDATA   035EH     0003H     UNIT         ?XD?_FUN_QC?8023
            XDATA   0361H     0002H     UNIT         ?XD?_FUN_PYHZ?8023
            XDATA   0363H     0002H     UNIT         ?XD?_FUN_ZJZT?8023
            XDATA   0365H     0001H     UNIT         ?XD?_FUN_SZ?8023
            XDATA   0366H     0001H     UNIT         ?XD?_FUN_PY?8023
            XDATA   0367H     0001H     UNIT         ?XD?_FUN_SJ?8023
            XDATA   0368H     0001H     UNIT         ?XD?_FUN_HZ?8023
            XDATA   0369H     0001H     UNIT         ?XD?_FUN_TURN?8023

            * * * * * * *   C O D E   M E M O R Y   * * * * * * *
            CODE    0000H     0003H     ABSOLUTE     
            CODE    0003H     0003H     ABSOLUTE     
            CODE    0006H     0001H     UNIT         ?PR?INT0INTERRUPT?PERFECT
            CODE    0007H     0001H     UNIT         ?PR?FUN_COORDINATE?8023
                    0008H     0003H                  *** GAP ***
            CODE    000BH     0003H     ABSOLUTE     
            CODE    000EH     000DH     UNIT         ?PR?FUN_STOPE2PROM?8023
            CODE    001BH     0003H     ABSOLUTE     
            CODE    001EH     10D0H     UNIT         ?PR?_FUN_ZDZJ?8023
            CODE    10EEH     0DFDH     UNIT         ?PR?_FUN_NAJIAN?8023
            CODE    1EEBH     0B95H     UNIT         ?PR?_FUN_RECORD?8023
            CODE    2A80H     0923H     UNIT         ?C?LIB_CODE
            CODE    33A3H     07E1H     UNIT         ?PR?_FUN_PBXY?8023
            CODE    3B84H     0557H     UNIT         ?PR?FUN_TIMERMOVE?8023
            CODE    40DBH     0483H     UNIT         ?PR?PRINTF?PRINTF
            CODE    455EH     039AH     UNIT         ?PR?_FUN_PYSJHZ?8023
            CODE    48F8H     02C1H     UNIT         ?PR?_FUN_SJHZ?8023
            CODE    4BB9H     02B7H     UNIT         ?PR?_FUN_SETXY?8023
            CODE    4E70H     023EH     UNIT         ?PR?_FUN_MOTORS?8023
            CODE    50AEH     01DEH     UNIT         ?PR?_FUN_QC?8023
            CODE    528CH     01B5H     UNIT         ?PR?FUN_CALIBRATION?8023
            CODE    5441H     01AEH     UNIT         ?PR?_FUN_MOTORSRL?8023
            CODE    55EFH     01AAH     UNIT         ?PR?_FUN_FOLLINE?8023
            CODE    5799H     0183H     UNIT         ?PR?_FUN_ZJZT?8023
            CODE    591CH     0175H     UNIT         ?PR?_FUN_XYMOVE?8023
            CODE    5A91H     015EH     UNIT         ?PR?_FUN_HZ?8023
            CODE    5BEFH     015AH     UNIT         ?PR?_FUN_SJ?8023
            CODE    5D49H     0147H     UNIT         ?PR?_FUN_PYHZ?8023
            CODE    5E90H     0137H     UNIT         ?PR?_FUN_PY?8023
            CODE    5FC7H     011CH     UNIT         ?PR?FUN_TEST?8023
            CODE    60E3H     00CBH     UNIT         ?PR?FUN_ZHUAJIAN?8023
BL51 BANKED LINKER/LOCATER V6.22                                                      10/29/2015  14:06:04  PAGE 3


            CODE    61AEH     00C8H     UNIT         ?PR?_FUN_START?8023
            CODE    6276H     00A4H     UNIT         ?PR?_FUN_GETXY?8023
            CODE    631AH     00A3H     UNIT         ?PR?FUN_JTJP?8023
            CODE    63BDH     009BH     UNIT         ?PR?_FUN_GO?8023
            CODE    6458H     008DH     UNIT         ?PR?MAIN?PERFECT
            CODE    64E5H     008CH     UNIT         ?C_C51STARTUP
            CODE    6571H     0083H     UNIT         ?PR?_FUN_FLSETTING?8023
            CODE    65F4H     007BH     UNIT         ?PR?_FUN_TURN?8023
            CODE    666FH     007BH     UNIT         ?PR?_FUN_MIN?8023
            CODE    66EAH     0075H     UNIT         ?PR?_FUN_DELAY?8023
            CODE    675FH     0042H     UNIT         ?PR?_FUN_SZ?8023
            CODE    67A1H     0042H     UNIT         ?PR?FUN_STOP?8023
            CODE    67E3H     0032H     UNIT         ?PR?FUN_BACK?8023
            CODE    6815H     002FH     UNIT         ?C_INITSEG
            CODE    6844H     0027H     UNIT         ?PR?PUTCHAR?PUTCHAR
            CODE    686BH     0026H     UNIT         ?PR?FUN_TIMER0?8023
            CODE    6891H     0021H     UNIT         ?PR?_FUN_WRITEE2PROM?8023
            CODE    68B2H     0020H     UNIT         ?PR?_FUN_READE2PROM?8023
            CODE    68D2H     001DH     UNIT         ?PR?_FUN_CLEANE2PROM?8023
            CODE    68EFH     001BH     UNIT         ?PR?TIMER0INTERRUPT?PERFECT
            CODE    690AH     001BH     UNIT         ?PR?TIMER1INTERRUPT?PERFECT
            CODE    6925H     001AH     UNIT         ?PR?FUN_WAIT?8023
            CODE    693FH     001AH     UNIT         ?PR?_FUN_PWMR?8023
            CODE    6959H     001AH     UNIT         ?PR?_FUN_PWML?8023
            CODE    6973H     0016H     UNIT         ?PR?FUN_TIMER0INIT?8023
            CODE    6989H     0016H     UNIT         ?PR?FUN_TIMER1INIT?8023
            CODE    699FH     0016H     UNIT         ?PR?FUN_ZBTFL?8023
            CODE    69B5H     0015H     UNIT         ?PR?FUN_MAINTFL?8023
            CODE    69CAH     0013H     UNIT         ?PR?FUN_PORT?8023
            CODE    69DDH     000BH     UNIT         ?PR?FUN_PWMINIT?8023
            CODE    69E8H     0009H     UNIT         ?CO?8023
            CODE    69F1H     0008H     UNIT         ?PR?_CABS?CABS
            CODE    69F9H     0007H     UNIT         ?PR?FUN_TIMER1?8023



OVERLAY MAP OF MODULE:   perfect (?C_STARTUP)


SEGMENT                                BIT_GROUP          DATA_GROUP          XDATA_GROUP
  +--> CALLED SEGMENT               START    LENGTH     START    LENGTH     START    LENGTH
-------------------------------------------------------------------------------------------
?C_C51STARTUP                       -----    -----      -----    -----      -----    -----
  +--> ?PR?MAIN?PERFECT
  +--> ?C_INITSEG

?PR?MAIN?PERFECT                    -----    -----      -----    -----      -----    -----
  +--> ?PR?_FUN_START?8023
  +--> ?PR?_FUN_SETXY?8023
  +--> ?PR?_FUN_DELAY?8023
  +--> ?PR?_FUN_GO?8023
  +--> ?PR?FUN_ZBTFL?8023
  +--> ?PR?FUN_STOP?8023

?PR?_FUN_START?8023                 -----    -----      -----    -----      02A5H    0007H
  +--> ?PR?FUN_PORT?8023
  +--> ?PR?FUN_PWMINIT?8023
BL51 BANKED LINKER/LOCATER V6.22                                                      10/29/2015  14:06:04  PAGE 4


  +--> ?PR?FUN_TIMER0INIT?8023
  +--> ?PR?FUN_TIMER1INIT?8023
  +--> ?PR?_FUN_MOTORS?8023
  +--> ?PR?FUN_WAIT?8023

?PR?_FUN_MOTORS?8023                -----    -----      -----    -----      02ACH    0001H
  +--> ?PR?_CABS?CABS
  +--> ?PR?_FUN_PWML?8023
  +--> ?PR?_FUN_PWMR?8023

?PR?FUN_WAIT?8023                   -----    -----      -----    -----      -----    -----
  +--> ?PR?_FUN_DELAY?8023

?PR?_FUN_DELAY?8023                 -----    -----      0010H    0007H      -----    -----

?PR?_FUN_SETXY?8023                 -----    -----      -----    -----      02A5H    0019H
  +--> ?PR?_FUN_PBXY?8023

?PR?_FUN_PBXY?8023                  -----    -----      -----    -----      02BEH    0004H

?PR?_FUN_GO?8023                    -----    -----      -----    -----      -----    -----
  +--> ?PR?_FUN_GETXY?8023
  +--> ?PR?_FUN_RECORD?8023

?PR?_FUN_GETXY?8023                 -----    -----      -----    -----      02A5H    0001H

?PR?_FUN_RECORD?8023                -----    -----      -----    -----      02A5H    0006H
  +--> ?PR?_FUN_XYMOVE?8023

?PR?_FUN_XYMOVE?8023                -----    -----      -----    -----      02ABH    0001H

?PR?FUN_ZBTFL?8023                  -----    -----      -----    -----      -----    -----
  +--> ?PR?FUN_MAINTFL?8023

?PR?FUN_MAINTFL?8023                -----    -----      -----    -----      -----    -----
  +--> ?PR?_FUN_DELAY?8023
  +--> ?PR?FUN_JTJP?8023

?PR?FUN_JTJP?8023                   -----    -----      -----    -----      -----    -----
  +--> ?PR?_FUN_DELAY?8023
  +--> ?PR?_FUN_MOTORS?8023

?PR?FUN_STOP?8023                   -----    -----      -----    -----      -----    -----
  +--> ?PR?_FUN_MOTORS?8023
  +--> ?CO?8023
  +--> ?PR?PRINTF?PRINTF

?PR?PRINTF?PRINTF                   0020H.0  0001H.1    0010H    0005H      02A5H    0030H
  +--> ?PR?PUTCHAR?PUTCHAR

*** NEW ROOT ***************************************************

?PR?TIMER0INTERRUPT?PERFECT         -----    -----      -----    -----      -----    -----
  +--> ?PR?FUN_TIMER0?8023

?PR?FUN_TIMER0?8023                 -----    -----      -----    -----      -----    -----
  +--> ?PR?FUN_TIMERMOVE?8023
BL51 BANKED LINKER/LOCATER V6.22                                                      10/29/2015  14:06:04  PAGE 5



?PR?FUN_TIMERMOVE?8023              -----    -----      0017H    0004H      -----    -----
  +--> ?PR?_FUN_MOTORSRL?8023

?PR?_FUN_MOTORSRL?8023              -----    -----      -----    -----      02D5H    0002H
  +--> ?PR?_CABS?CABS
  +--> ?PR?_FUN_PWML?8023
  +--> ?PR?_FUN_PWMR?8023

*** NEW ROOT ***************************************************

?PR?TIMER1INTERRUPT?PERFECT         -----    -----      -----    -----      -----    -----
  +--> ?PR?FUN_TIMER1?8023



SYMBOL TABLE OF MODULE:  perfect (?C_STARTUP)

  VALUE           TYPE          NAME
  ----------------------------------

  -------         MODULE        ?C_STARTUP
  C:64E5H         SEGMENT       ?C_C51STARTUP
  I:0023H         SEGMENT       ?STACK
  C:0000H         PUBLIC        ?C_STARTUP
  D:00E0H         SYMBOL        ACC
  D:00F0H         SYMBOL        B
  D:0083H         SYMBOL        DPH
  D:0082H         SYMBOL        DPL
  N:0000H         SYMBOL        IBPSTACK
  N:0100H         SYMBOL        IBPSTACKTOP
  N:0080H         SYMBOL        IDATALEN
  C:64E8H         SYMBOL        IDATALOOP
  N:0000H         SYMBOL        PBPSTACK
  N:0100H         SYMBOL        PBPSTACKTOP
  N:0000H         SYMBOL        PDATALEN
  N:0000H         SYMBOL        PDATASTART
  N:0000H         SYMBOL        PPAGE
  N:0000H         SYMBOL        PPAGEENABLE
  D:00A0H         SYMBOL        PPAGE_SFR
  D:0081H         SYMBOL        SP
  C:64E5H         SYMBOL        STARTUP1
  N:0000H         SYMBOL        XBPSTACK
  N:0000H         SYMBOL        XBPSTACKTOP
  N:0000H         SYMBOL        XDATALEN
  N:0000H         SYMBOL        XDATASTART
  C:0000H         LINE#         126
  C:64E5H         LINE#         133
  C:64E7H         LINE#         134
  C:64E8H         LINE#         135
  C:64E9H         LINE#         136
  C:64EBH         LINE#         185
  C:64EEH         LINE#         196
  -------         ENDMOD        ?C_STARTUP

  -------         MODULE        PERFECT
  C:0000H         SYMBOL        _ICE_DUMMY_
BL51 BANKED LINKER/LOCATER V6.22                                                      10/29/2015  14:06:04  PAGE 6


  D:0080H         PUBLIC        P0
  D:0090H         PUBLIC        P1
  D:00A0H         PUBLIC        P2
  D:00B0H         PUBLIC        P3
  D:00C0H         PUBLIC        P4
  D:00C8H         PUBLIC        P5
  C:68EFH         PUBLIC        Timer0Interrupt
  C:690AH         PUBLIC        Timer1Interrupt
  D:00A8H         PUBLIC        IE
  D:00B8H         PUBLIC        IP
  D:00D8H         PUBLIC        CCON
  C:6458H         PUBLIC        main
  C:0006H         PUBLIC        Int0Interrupt
  D:0098H         PUBLIC        SCON
  D:0088H         PUBLIC        TCON
  D:00D0H         PUBLIC        PSW
  -------         PROC          MAIN
  C:6458H         LINE#         3
  C:6458H         LINE#         4
  C:6472H         LINE#         12
  C:64D1H         LINE#         19
  C:64DAH         LINE#         20
  C:64DFH         LINE#         21
  C:64E2H         LINE#         23
  -------         ENDPROC       MAIN
  -------         PROC          INT0INTERRUPT
  C:0006H         LINE#         25
  C:0006H         LINE#         27
  -------         ENDPROC       INT0INTERRUPT
  -------         PROC          TIMER0INTERRUPT
  C:68EFH         LINE#         28
  C:68FCH         LINE#         29
  C:68FFH         LINE#         30
  -------         ENDPROC       TIMER0INTERRUPT
  -------         PROC          TIMER1INTERRUPT
  C:690AH         LINE#         31
  C:6917H         LINE#         32
  C:691AH         LINE#         33
  -------         ENDPROC       TIMER1INTERRUPT
  -------         ENDMOD        PERFECT

  -------         MODULE        8023
  C:0000H         SYMBOL        _ICE_DUMMY_
  D:0092H         PUBLIC        P1M0
  D:0093H         PUBLIC        P0M1
  C:579EH         PUBLIC        _fun_zjzt
  C:50AEH         PUBLIC        _fun_qc
  C:686BH         PUBLIC        fun_timer0
  D:0096H         PUBLIC        P2M0
  D:0091H         PUBLIC        P1M1
  D:0080H         PUBLIC        P0
  C:69F9H         PUBLIC        fun_timer1
  D:0095H         PUBLIC        P2M1
  D:0090H         PUBLIC        P1
  C:63BDH         PUBLIC        _fun_go
  C:6571H         PUBLIC        _fun_flsetting
  D:00A0H         PUBLIC        P2
BL51 BANKED LINKER/LOCATER V6.22                                                      10/29/2015  14:06:04  PAGE 7


  X:0000H         PUBLIC        str_tfl
  B:0090H.2       PUBLIC        out_pwmr
  D:00B0H         PUBLIC        P3
  D:00C0H         PUBLIC        P4
  D:00C8H         PUBLIC        P5
  B:00A8H.7       PUBLIC        EA
  C:5BEFH         PUBLIC        _fun_sj
  C:3B84H         PUBLIC        fun_timermove
  C:60E3H         PUBLIC        fun_zhuajian
  C:68D2H         PUBLIC        _fun_cleane2prom
  B:00B0H.6       PUBLIC        in_hpy
  D:00F9H         PUBLIC        CH
  C:5A91H         PUBLIC        _fun_hz
  D:00A8H         PUBLIC        IE
  D:00E9H         PUBLIC        CL
  D:00C5H         PUBLIC        IAP_CMD
  X:004CH         PUBLIC        str_now
  D:00FAH         PUBLIC        CCAP0H
  D:00FBH         PUBLIC        CCAP1H
  B:00B0H.5       PUBLIC        in_qpy
  C:5E90H         PUBLIC        _fun_py
  D:00EAH         PUBLIC        CCAP0L
  B:00D8H.6       PUBLIC        CR
  D:00EBH         PUBLIC        CCAP1L
  D:00DAH         PUBLIC        CCAPM0
  D:00DBH         PUBLIC        CCAPM1
  C:55EFH         PUBLIC        _fun_folline
  C:675FH         PUBLIC        _fun_sz
  D:00B8H         PUBLIC        IP
  C:69B5H         PUBLIC        fun_maintfl
  B:00A0H.5       PUBLIC        in_hz
  B:0098H.1       PUBLIC        TI
  D:0097H         PUBLIC        CLK_DIV
  C:10EEH         PUBLIC        _fun_najian
  D:00C3H         PUBLIC        IAP_ADDRH
  B:00B0H.4       PUBLIC        in_j
  C:68B2H         PUBLIC        _fun_reade2prom
  D:00C4H         PUBLIC        IAP_ADDRL
  D:00D9H         PUBLIC        CMOD
  D:00D8H         PUBLIC        CCON
  B:00B0H.3       PUBLIC        in_s
  B:00A0H.0       PUBLIC        out_dir1
  B:00A0H.2       PUBLIC        out_dir2
  C:1EEBH         PUBLIC        _fun_record
  D:0087H         PUBLIC        PCON
  C:6891H         PUBLIC        _fun_writee2prom
  C:5453H         PUBLIC        _fun_motorsrl
  D:0098H         PUBLIC        SCON
  D:0089H         PUBLIC        TMOD
  D:0088H         PUBLIC        TCON
  C:6973H         PUBLIC        fun_timer0init
  C:69DDH         PUBLIC        fun_pwminit
  C:6989H         PUBLIC        fun_timer1init
  C:528CH         PUBLIC        fun_calibration
  C:66F0H         PUBLIC        _fun_delay
  C:67E3H         PUBLIC        fun_back
  B:00A0H.1       PUBLIC        out_en1
BL51 BANKED LINKER/LOCATER V6.22                                                      10/29/2015  14:06:04  PAGE 8


  B:00A0H.3       PUBLIC        out_en2
  D:008EH         PUBLIC        AUXR
  X:0059H         PUBLIC        str_begin
  D:00C7H         PUBLIC        IAP_CONTR
  B:0080H.7       PUBLIC        in_ls1
  B:00A8H.1       PUBLIC        ET0
  B:0080H.6       PUBLIC        in_ls2
  B:0088H.5       PUBLIC        TF0
  B:00A8H.3       PUBLIC        ET1
  B:0080H.5       PUBLIC        in_ls3
  B:0088H.7       PUBLIC        TF1
  B:0080H.4       PUBLIC        in_ls4
  D:008CH         PUBLIC        TH0
  C:000EH         PUBLIC        fun_stope2prom
  B:0080H.3       PUBLIC        in_ls5
  D:008DH         PUBLIC        TH1
  B:0080H.2       PUBLIC        in_ls6
  D:001CH         PUBLIC        var_timer
  B:0080H.1       PUBLIC        in_ls7
  C:699FH         PUBLIC        fun_zbtfl
  B:0080H.0       PUBLIC        in_ls8
  D:008AH         PUBLIC        TL0
  D:008BH         PUBLIC        TL1
  C:4E79H         PUBLIC        _fun_motors
  B:0090H.6       PUBLIC        out_switchselect
  D:00C2H         PUBLIC        IAP_DATA
  B:0088H.4       PUBLIC        TR0
  C:5920H         PUBLIC        _fun_xymove
  C:455EH         PUBLIC        _fun_pysjhz
  B:0088H.6       PUBLIC        TR1
  C:0007H         PUBLIC        fun_coordinate
  D:00F2H         PUBLIC        PCA_PWM0
  B:00A0H.4       PUBLIC        in_wz1
  D:00F3H         PUBLIC        PCA_PWM1
  C:61AEH         PUBLIC        _fun_start
  B:00A0H.5       PUBLIC        in_wz2
  B:00A0H.6       PUBLIC        in_wz3
  B:00A0H.7       PUBLIC        in_wz4
  C:6276H         PUBLIC        _fun_getxy
  B:00A0H.4       PUBLIC        in_wz5
  C:6925H         PUBLIC        fun_wait
  C:631AH         PUBLIC        fun_jtjp
  D:009CH         PUBLIC        BRT
  B:00B0H.2       PUBLIC        in_start
  C:4BB9H         PUBLIC        _fun_setxy
  X:0066H         PUBLIC        str_zbfl
  C:48F8H         PUBLIC        _fun_sjhz
  C:5FC7H         PUBLIC        fun_test
  C:6959H         PUBLIC        _fun_pwml
  C:001EH         PUBLIC        _fun_zdzj
  C:33ACH         PUBLIC        _fun_pbxy
  C:66B0H         PUBLIC        _fun_min
  C:69CAH         PUBLIC        fun_port
  X:0210H         PUBLIC        str_cod
  D:00C6H         PUBLIC        IAP_TRIG
  C:67A1H         PUBLIC        fun_stop
  C:693FH         PUBLIC        _fun_pwmr
BL51 BANKED LINKER/LOCATER V6.22                                                      10/29/2015  14:06:04  PAGE 9


  B:0090H.7       PUBLIC        out_motorselect
  C:65F4H         PUBLIC        _fun_turn
  C:5D4DH         PUBLIC        _fun_pyhz
  D:00D0H         PUBLIC        PSW
  X:0237H         PUBLIC        str_next
  B:0090H.5       PUBLIC        out_pwml
  D:0094H         PUBLIC        P0M0
  C:66EAH         SYMBOL        L?1428
  C:66ECH         SYMBOL        L?1429
  -------         PROC          L?1427
  -------         ENDPROC       L?1427
  C:66EAH         SYMBOL        L?1428
  C:66ECH         SYMBOL        L?1429
  -------         PROC          _FUN_DELAY
  D:0006H         SYMBOL        par_value
  D:0005H         SYMBOL        par_model
  -------         DO            
  D:0015H         SYMBOL        loc_con
  -------         DO            
  D:0010H         SYMBOL        loc_i
  D:0011H         SYMBOL        loc_j
  D:0012H         SYMBOL        loc_i
  D:0013H         SYMBOL        loc_j
  D:0014H         SYMBOL        loc_k
  -------         ENDDO         
  -------         DO            
  D:0012H         SYMBOL        loc_i
  D:0013H         SYMBOL        loc_j
  D:0014H         SYMBOL        loc_k
  -------         ENDDO         
  -------         ENDDO         
  C:66F0H         LINE#         32
  C:66F0H         LINE#         33
  C:66F4H         LINE#         34
  C:6700H         LINE#         35
  C:6700H         LINE#         36
  C:6712H         LINE#         37
  C:6713H         LINE#         38
  C:6714H         LINE#         39
  C:6716H         LINE#         41
  C:6716H         LINE#         42
  C:6728H         LINE#         44
  C:6729H         LINE#         45
  C:672AH         LINE#         46
  C:672DH         LINE#         47
  C:6730H         LINE#         48
  C:6730H         LINE#         49
  C:6733H         LINE#         50
  C:6736H         LINE#         51
  C:6738H         LINE#         53
  C:6738H         LINE#         54
  C:674AH         LINE#         56
  C:674DH         LINE#         57
  C:6750H         LINE#         58
  C:6753H         LINE#         59
  C:6753H         LINE#         60
  C:6753H         LINE#         61
BL51 BANKED LINKER/LOCATER V6.22                                                      10/29/2015  14:06:04  PAGE 10


  C:6756H         LINE#         62
  C:6759H         LINE#         63
  C:675CH         LINE#         64
  C:675EH         LINE#         66
  C:675EH         LINE#         67
  C:675EH         LINE#         68
  -------         ENDPROC       _FUN_DELAY
  -------         PROC          FUN_TIMER0INIT
  C:6973H         LINE#         69
  C:6973H         LINE#         70
  C:6976H         LINE#         71
  C:6979H         LINE#         72
  C:697CH         LINE#         73
  C:697FH         LINE#         74
  C:6982H         LINE#         75
  C:6984H         LINE#         76
  C:6986H         LINE#         77
  C:6988H         LINE#         78
  -------         ENDPROC       FUN_TIMER0INIT
  -------         PROC          FUN_TIMER1INIT
  C:6989H         LINE#         79
  C:6989H         LINE#         80
  C:698CH         LINE#         81
  C:698FH         LINE#         82
  C:6992H         LINE#         83
  C:6995H         LINE#         84
  C:6998H         LINE#         85
  C:699AH         LINE#         86
  C:699CH         LINE#         87
  C:699EH         LINE#         88
  -------         ENDPROC       FUN_TIMER1INIT
  -------         PROC          FUN_TIMER0
  C:686BH         LINE#         89
  C:686BH         LINE#         90
  C:686EH         LINE#         91
  C:6871H         LINE#         92
  C:6886H         LINE#         93
  C:688DH         LINE#         94
  C:6890H         LINE#         95
  -------         ENDPROC       FUN_TIMER0
  -------         PROC          FUN_TIMER1
  C:69F9H         LINE#         96
  C:69F9H         LINE#         97
  C:69FCH         LINE#         98
  C:69FFH         LINE#         99
  -------         ENDPROC       FUN_TIMER1
  -------         PROC          FUN_WAIT
  C:6925H         LINE#         100
  C:6925H         LINE#         101
  C:6927H         LINE#         106
  C:692AH         LINE#         107
  C:6933H         LINE#         108
  C:6936H         LINE#         109
  -------         ENDPROC       FUN_WAIT
  -------         PROC          FUN_PWMINIT
  C:69DDH         LINE#         112
  C:69DDH         LINE#         113
BL51 BANKED LINKER/LOCATER V6.22                                                      10/29/2015  14:06:04  PAGE 11


  C:69E0H         LINE#         114
  C:69E2H         LINE#         115
  C:69E4H         LINE#         116
  C:69E7H         LINE#         117
  -------         ENDPROC       FUN_PWMINIT
  -------         PROC          _FUN_PWMR
  D:0007H         SYMBOL        par_value
  C:693FH         LINE#         118
  C:693FH         LINE#         119
  C:6952H         LINE#         120
  C:6955H         LINE#         121
  C:6958H         LINE#         122
  -------         ENDPROC       _FUN_PWMR
  -------         PROC          _FUN_PWML
  D:0007H         SYMBOL        par_value
  C:6959H         LINE#         123
  C:6959H         LINE#         124
  C:696CH         LINE#         125
  C:696FH         LINE#         126
  C:6972H         LINE#         127
  -------         ENDPROC       _FUN_PWML
  -------         PROC          L?1436
  -------         ENDPROC       L?1436
  -------         PROC          _FUN_MOTORS
  D:0007H         SYMBOL        par_model
  X:02ACH         SYMBOL        par_speed
  C:4E79H         LINE#         128
  C:4E7EH         LINE#         129
  C:4E85H         LINE#         130
  C:4E8AH         LINE#         131
  C:4E95H         LINE#         132
  C:4E98H         LINE#         133
  C:4EC6H         LINE#         134
  C:4EC6H         LINE#         135
  C:4ED3H         LINE#         138
  C:4ED8H         LINE#         139
  C:4EDFH         LINE#         140
  C:4EDFH         LINE#         141
  C:4EE2H         LINE#         142
  C:4EEAH         LINE#         143
  C:4EF0H         LINE#         144
  C:4EF3H         LINE#         145
  C:4F02H         LINE#         146
  C:4F0CH         LINE#         147
  C:4F0CH         LINE#         148
  C:4F0DH         LINE#         149
  C:4F0DH         LINE#         150
  C:4F1AH         LINE#         153
  C:4F1FH         LINE#         154
  C:4F26H         LINE#         155
  C:4F26H         LINE#         156
  C:4F28H         LINE#         157
  C:4F30H         LINE#         158
  C:4F36H         LINE#         159
  C:4F38H         LINE#         160
  C:4F47H         LINE#         161
  C:4F49H         LINE#         162
BL51 BANKED LINKER/LOCATER V6.22                                                      10/29/2015  14:06:04  PAGE 12


  C:4F49H         LINE#         163
  C:4F4BH         LINE#         164
  C:4F4BH         LINE#         165
  C:4F5DH         LINE#         168
  C:4F66H         LINE#         169
  C:4F6DH         LINE#         170
  C:4F6FH         LINE#         171
  C:4F75H         LINE#         172
  C:4F7CH         LINE#         173
  C:4F7DH         LINE#         174
  C:4F85H         LINE#         175
  C:4F87H         LINE#         176
  C:4F91H         LINE#         177
  C:4F98H         LINE#         178
  C:4F99H         LINE#         179
  C:4FA8H         LINE#         180
  C:4FAAH         LINE#         181
  C:4FB2H         LINE#         182
  C:4FBFH         LINE#         183
  C:4FBFH         LINE#         184
  C:4FC0H         LINE#         185
  C:4FC0H         LINE#         186
  C:4FCDH         LINE#         189
  C:4FD2H         LINE#         190
  C:4FD9H         LINE#         191
  C:4FDBH         LINE#         192
  C:4FDDH         LINE#         193
  C:4FE5H         LINE#         194
  C:4FE7H         LINE#         195
  C:4FEAH         LINE#         196
  C:4FF5H         LINE#         197
  C:4FF7H         LINE#         198
  C:4FF7H         LINE#         199
  C:4FF9H         LINE#         200
  C:4FF9H         LINE#         201
  C:5006H         LINE#         204
  C:500BH         LINE#         205
  C:5012H         LINE#         206
  C:5014H         LINE#         207
  C:5016H         LINE#         208
  C:501EH         LINE#         209
  C:5020H         LINE#         210
  C:5023H         LINE#         211
  C:502EH         LINE#         212
  C:5030H         LINE#         213
  C:5030H         LINE#         214
  C:5032H         LINE#         215
  C:5032H         LINE#         216
  C:503FH         LINE#         219
  C:5044H         LINE#         220
  C:504BH         LINE#         221
  C:5051H         LINE#         222
  C:5052H         LINE#         223
  C:505AH         LINE#         224
  C:5060H         LINE#         225
  C:5061H         LINE#         226
  C:5069H         LINE#         227
BL51 BANKED LINKER/LOCATER V6.22                                                      10/29/2015  14:06:04  PAGE 13


  C:506FH         LINE#         228
  C:506FH         LINE#         229
  C:5070H         LINE#         230
  C:5070H         LINE#         231
  C:507DH         LINE#         234
  C:5082H         LINE#         235
  C:5089H         LINE#         236
  C:508FH         LINE#         237
  C:5090H         LINE#         238
  C:5098H         LINE#         239
  C:509EH         LINE#         240
  C:509FH         LINE#         241
  C:50A7H         LINE#         242
  C:50ADH         LINE#         243
  C:50ADH         LINE#         244
  C:50ADH         LINE#         245
  C:50ADH         LINE#         246
  C:50ADH         LINE#         247
  C:50ADH         LINE#         248
  -------         ENDPROC       _FUN_MOTORS
  -------         PROC          L?1435
  -------         ENDPROC       L?1435
  -------         PROC          _FUN_MOTORSRL
  D:0007H         SYMBOL        par_model
  X:02D5H         SYMBOL        par_speed
  C:5453H         LINE#         249
  C:545BH         LINE#         250
  C:5465H         LINE#         251
  C:5470H         LINE#         252
  C:5481H         LINE#         253
  C:5488H         LINE#         254
  C:549AH         LINE#         255
  C:549AH         LINE#         256
  C:54B3H         LINE#         259
  C:54B8H         LINE#         260
  C:54C3H         LINE#         261
  C:54C3H         LINE#         262
  C:54C6H         LINE#         263
  C:54D1H         LINE#         264
  C:54D8H         LINE#         265
  C:54DBH         LINE#         266
  C:54EEH         LINE#         267
  C:54F8H         LINE#         268
  C:54F8H         LINE#         269
  C:54F9H         LINE#         270
  C:54F9H         LINE#         271
  C:5512H         LINE#         274
  C:5517H         LINE#         275
  C:5522H         LINE#         276
  C:5522H         LINE#         277
  C:5525H         LINE#         278
  C:5530H         LINE#         279
  C:5537H         LINE#         280
  C:553AH         LINE#         281
  C:554DH         LINE#         282
  C:554FH         LINE#         283
  C:554FH         LINE#         284
BL51 BANKED LINKER/LOCATER V6.22                                                      10/29/2015  14:06:04  PAGE 14


  C:5552H         LINE#         285
  C:5552H         LINE#         286
  C:557CH         LINE#         289
  C:5587H         LINE#         290
  C:5592H         LINE#         291
  C:5594H         LINE#         292
  C:559AH         LINE#         293
  C:55A1H         LINE#         294
  C:55A2H         LINE#         295
  C:55ADH         LINE#         296
  C:55AFH         LINE#         297
  C:55BAH         LINE#         298
  C:55C5H         LINE#         299
  C:55C6H         LINE#         300
  C:55D6H         LINE#         301
  C:55D8H         LINE#         302
  C:55E0H         LINE#         303
  C:55EEH         LINE#         304
  C:55EEH         LINE#         305
  C:55EEH         LINE#         306
  C:55EEH         LINE#         307
  C:55EEH         LINE#         308
  C:55EEH         LINE#         309
  -------         ENDPROC       _FUN_MOTORSRL
  -------         PROC          _FUN_SZ
  X:0365H         SYMBOL        par_model
  C:675FH         LINE#         310
  C:6764H         LINE#         311
  C:676BH         LINE#         313
  C:6772H         LINE#         317
  C:6779H         LINE#         318
  C:677EH         LINE#         321
  C:677EH         LINE#         325
  C:6785H         LINE#         326
  C:6788H         LINE#         328
  C:6788H         LINE#         329
  C:6791H         LINE#         330
  C:6798H         LINE#         331
  C:67A0H         LINE#         332
  -------         ENDPROC       _FUN_SZ
  -------         PROC          _FUN_PY
  X:0366H         SYMBOL        par_model
  C:5E90H         LINE#         333
  C:5E95H         LINE#         334
  C:5E9FH         LINE#         336
  C:5EBDH         LINE#         337
  C:5EBDH         LINE#         341
  C:5EC4H         LINE#         342
  C:5EC7H         LINE#         343
  C:5EC7H         LINE#         345
  C:5ECAH         LINE#         346
  C:5ECAH         LINE#         350
  C:5EDFH         LINE#         351
  C:5EDFH         LINE#         352
  C:5EE6H         LINE#         353
  C:5EE9H         LINE#         354
  C:5EECH         LINE#         355
BL51 BANKED LINKER/LOCATER V6.22                                                      10/29/2015  14:06:04  PAGE 15


  C:5EECH         LINE#         356
  C:5EF3H         LINE#         357
  C:5EF6H         LINE#         358
  C:5EF9H         LINE#         359
  C:5EF9H         LINE#         360
  C:5F00H         LINE#         361
  C:5F03H         LINE#         362
  C:5F06H         LINE#         363
  C:5F06H         LINE#         364
  C:5F0DH         LINE#         365
  C:5F10H         LINE#         366
  C:5F13H         LINE#         367
  C:5F13H         LINE#         369
  C:5F13H         LINE#         370
  C:5F13H         LINE#         374
  C:5F29H         LINE#         375
  C:5F29H         LINE#         376
  C:5F30H         LINE#         377
  C:5F33H         LINE#         378
  C:5F35H         LINE#         379
  C:5F35H         LINE#         380
  C:5F3CH         LINE#         381
  C:5F3FH         LINE#         382
  C:5F41H         LINE#         383
  C:5F41H         LINE#         384
  C:5F48H         LINE#         385
  C:5F4BH         LINE#         386
  C:5F4DH         LINE#         387
  C:5F4DH         LINE#         388
  C:5F54H         LINE#         389
  C:5F57H         LINE#         390
  C:5F59H         LINE#         391
  C:5F59H         LINE#         393
  C:5F59H         LINE#         394
  C:5F59H         LINE#         398
  C:5F6CH         LINE#         399
  C:5F6CH         LINE#         400
  C:5F73H         LINE#         401
  C:5F76H         LINE#         402
  C:5F78H         LINE#         403
  C:5F78H         LINE#         404
  C:5F7FH         LINE#         405
  C:5F82H         LINE#         406
  C:5F84H         LINE#         407
  C:5F84H         LINE#         408
  C:5F8BH         LINE#         409
  C:5F8EH         LINE#         410
  C:5F90H         LINE#         411
  C:5F90H         LINE#         412
  C:5F97H         LINE#         413
  C:5F9FH         LINE#         414
  C:5FA1H         LINE#         415
  C:5FA1H         LINE#         417
  C:5FA1H         LINE#         418
  C:5FA1H         LINE#         422
  C:5FA8H         LINE#         423
  C:5FABH         LINE#         424
BL51 BANKED LINKER/LOCATER V6.22                                                      10/29/2015  14:06:04  PAGE 16


  C:5FB7H         LINE#         426
  C:5FB7H         LINE#         427
  C:5FB7H         LINE#         428
  C:5FB7H         LINE#         429
  C:5FB7H         LINE#         430
  C:5FBEH         LINE#         431
  C:5FC6H         LINE#         432
  -------         ENDPROC       _FUN_PY
  -------         PROC          _FUN_SJ
  X:0367H         SYMBOL        par_model
  C:5BEFH         LINE#         433
  C:5BF4H         LINE#         434
  C:5BFEH         LINE#         436
  C:5C00H         LINE#         437
  C:5C37H         LINE#         438
  C:5C37H         LINE#         442
  C:5C3EH         LINE#         443
  C:5C40H         LINE#         444
  C:5C43H         LINE#         445
  C:5C43H         LINE#         447
  C:5C46H         LINE#         448
  C:5C46H         LINE#         452
  C:5C53H         LINE#         453
  C:5C55H         LINE#         454
  C:5C55H         LINE#         455
  C:5C58H         LINE#         456
  C:5C58H         LINE#         457
  C:5C5DH         LINE#         458
  C:5C5FH         LINE#         459
  C:5C5FH         LINE#         460
  C:5C5FH         LINE#         462
  C:5C62H         LINE#         463
  C:5C62H         LINE#         467
  C:5C7AH         LINE#         468
  C:5C7CH         LINE#         469
  C:5C7FH         LINE#         470
  C:5C7FH         LINE#         472
  C:5C82H         LINE#         473
  C:5C82H         LINE#         477
  C:5C8FH         LINE#         478
  C:5C94H         LINE#         479
  C:5C96H         LINE#         480
  C:5C96H         LINE#         481
  C:5C98H         LINE#         482
  C:5C98H         LINE#         483
  C:5C9DH         LINE#         484
  C:5C9FH         LINE#         485
  C:5C9FH         LINE#         486
  C:5C9FH         LINE#         488
  C:5CA1H         LINE#         489
  C:5CA1H         LINE#         493
  C:5CB9H         LINE#         494
  C:5CBBH         LINE#         495
  C:5CBEH         LINE#         496
  C:5CBEH         LINE#         498
  C:5CC0H         LINE#         499
  C:5CC0H         LINE#         503
BL51 BANKED LINKER/LOCATER V6.22                                                      10/29/2015  14:06:04  PAGE 17


  C:5CCDH         LINE#         504
  C:5CD2H         LINE#         505
  C:5CD4H         LINE#         506
  C:5CD4H         LINE#         507
  C:5CD6H         LINE#         508
  C:5CD6H         LINE#         509
  C:5CDBH         LINE#         510
  C:5CDDH         LINE#         511
  C:5CDDH         LINE#         512
  C:5CDDH         LINE#         514
  C:5CDFH         LINE#         515
  C:5CDFH         LINE#         519
  C:5CF7H         LINE#         520
  C:5CF9H         LINE#         521
  C:5CFCH         LINE#         522
  C:5CFCH         LINE#         524
  C:5CFEH         LINE#         525
  C:5CFEH         LINE#         529
  C:5D0BH         LINE#         530
  C:5D10H         LINE#         531
  C:5D12H         LINE#         532
  C:5D12H         LINE#         533
  C:5D14H         LINE#         534
  C:5D14H         LINE#         535
  C:5D1BH         LINE#         536
  C:5D1EH         LINE#         537
  C:5D1EH         LINE#         539
  C:5D20H         LINE#         540
  C:5D20H         LINE#         544
  C:5D27H         LINE#         545
  C:5D29H         LINE#         546
  C:5D2CH         LINE#         547
  C:5D39H         LINE#         549
  C:5D39H         LINE#         550
  C:5D39H         LINE#         551
  C:5D39H         LINE#         552
  C:5D39H         LINE#         553
  C:5D40H         LINE#         554
  C:5D48H         LINE#         555
  -------         ENDPROC       _FUN_SJ
  -------         PROC          _FUN_HZ
  X:0368H         SYMBOL        par_model
  C:5A91H         LINE#         556
  C:5A96H         LINE#         557
  C:5AA1H         LINE#         559
  C:5AA3H         LINE#         560
  C:5ABEH         LINE#         561
  C:5ABEH         LINE#         565
  C:5ACDH         LINE#         566
  C:5ACDH         LINE#         567
  C:5AD4H         LINE#         568
  C:5AD7H         LINE#         569
  C:5ADAH         LINE#         570
  C:5ADDH         LINE#         571
  C:5AE0H         LINE#         572
  C:5AE0H         LINE#         573
  C:5AE3H         LINE#         574
BL51 BANKED LINKER/LOCATER V6.22                                                      10/29/2015  14:06:04  PAGE 18


  C:5AE3H         LINE#         575
  C:5AEAH         LINE#         576
  C:5AEDH         LINE#         577
  C:5AF0H         LINE#         578
  C:5AF0H         LINE#         579
  C:5AF3H         LINE#         580
  C:5AF3H         LINE#         581
  C:5AFAH         LINE#         582
  C:5AFDH         LINE#         583
  C:5B00H         LINE#         584
  C:5B00H         LINE#         585
  C:5B03H         LINE#         586
  C:5B03H         LINE#         587
  C:5B03H         LINE#         588
  C:5B03H         LINE#         590
  C:5B03H         LINE#         591
  C:5B03H         LINE#         595
  C:5B15H         LINE#         596
  C:5B15H         LINE#         597
  C:5B1CH         LINE#         598
  C:5B1FH         LINE#         599
  C:5B22H         LINE#         600
  C:5B25H         LINE#         601
  C:5B28H         LINE#         602
  C:5B28H         LINE#         603
  C:5B2BH         LINE#         604
  C:5B2BH         LINE#         605
  C:5B32H         LINE#         606
  C:5B35H         LINE#         607
  C:5B38H         LINE#         608
  C:5B38H         LINE#         609
  C:5B3BH         LINE#         610
  C:5B3BH         LINE#         611
  C:5B42H         LINE#         612
  C:5B45H         LINE#         613
  C:5B48H         LINE#         614
  C:5B48H         LINE#         615
  C:5B4BH         LINE#         616
  C:5B4BH         LINE#         617
  C:5B4BH         LINE#         618
  C:5B4BH         LINE#         620
  C:5B4BH         LINE#         621
  C:5B4BH         LINE#         625
  C:5B5EH         LINE#         626
  C:5B5EH         LINE#         627
  C:5B65H         LINE#         628
  C:5B68H         LINE#         629
  C:5B6BH         LINE#         630
  C:5B6BH         LINE#         631
  C:5B6EH         LINE#         632
  C:5B6EH         LINE#         633
  C:5B75H         LINE#         634
  C:5B78H         LINE#         635
  C:5B7BH         LINE#         636
  C:5B7BH         LINE#         637
  C:5B7DH         LINE#         638
  C:5B7DH         LINE#         639
BL51 BANKED LINKER/LOCATER V6.22                                                      10/29/2015  14:06:04  PAGE 19


  C:5B84H         LINE#         640
  C:5B87H         LINE#         641
  C:5B8AH         LINE#         642
  C:5B8DH         LINE#         643
  C:5B90H         LINE#         644
  C:5B90H         LINE#         645
  C:5B92H         LINE#         646
  C:5B92H         LINE#         647
  C:5B92H         LINE#         648
  C:5B92H         LINE#         650
  C:5B92H         LINE#         651
  C:5B92H         LINE#         655
  C:5BA1H         LINE#         656
  C:5BA1H         LINE#         657
  C:5BA8H         LINE#         658
  C:5BABH         LINE#         659
  C:5BAEH         LINE#         660
  C:5BAEH         LINE#         661
  C:5BB0H         LINE#         662
  C:5BB0H         LINE#         663
  C:5BB7H         LINE#         664
  C:5BBAH         LINE#         665
  C:5BBDH         LINE#         666
  C:5BBDH         LINE#         667
  C:5BBFH         LINE#         668
  C:5BBFH         LINE#         669
  C:5BC6H         LINE#         670
  C:5BC9H         LINE#         671
  C:5BCCH         LINE#         672
  C:5BCFH         LINE#         673
  C:5BD2H         LINE#         674
  C:5BDFH         LINE#         675
  C:5BDFH         LINE#         676
  C:5BDFH         LINE#         677
  C:5BDFH         LINE#         678
  C:5BDFH         LINE#         680
  C:5BDFH         LINE#         681
  C:5BDFH         LINE#         682
  C:5BDFH         LINE#         683
  C:5BDFH         LINE#         684
  C:5BE6H         LINE#         685
  C:5BEEH         LINE#         686
  -------         ENDPROC       _FUN_HZ
  C:5D49H         SYMBOL        L?1443
  -------         PROC          L?1442
  -------         ENDPROC       L?1442
  C:5D49H         SYMBOL        L?1443
  -------         PROC          _FUN_PYHZ
  X:0361H         SYMBOL        par_pymodel
  X:0362H         SYMBOL        par_hzmodel
  C:5D4DH         LINE#         687
  C:5D55H         LINE#         688
  C:5D63H         LINE#         689
  C:5D63H         LINE#         690
  C:5D72H         LINE#         691
  C:5D72H         LINE#         692
  C:5D72H         LINE#         693
BL51 BANKED LINKER/LOCATER V6.22                                                      10/29/2015  14:06:04  PAGE 20


  C:5D74H         LINE#         694
  C:5D74H         LINE#         695
  C:5D74H         LINE#         696
  C:5D76H         LINE#         697
  C:5D76H         LINE#         698
  C:5D76H         LINE#         699
  C:5D78H         LINE#         700
  C:5D78H         LINE#         701
  C:5D78H         LINE#         702
  C:5D78H         LINE#         703
  C:5D78H         LINE#         704
  C:5D78H         LINE#         705
  C:5D86H         LINE#         706
  C:5D86H         LINE#         707
  C:5D86H         LINE#         708
  C:5D88H         LINE#         709
  C:5D88H         LINE#         710
  C:5D88H         LINE#         711
  C:5D8AH         LINE#         712
  C:5D8AH         LINE#         713
  C:5D8AH         LINE#         714
  C:5D8CH         LINE#         715
  C:5D8CH         LINE#         716
  C:5D8CH         LINE#         717
  C:5D8CH         LINE#         718
  C:5D8CH         LINE#         719
  C:5D8CH         LINE#         720
  C:5D9BH         LINE#         721
  C:5D9BH         LINE#         722
  C:5D9BH         LINE#         723
  C:5D9DH         LINE#         724
  C:5D9DH         LINE#         725
  C:5D9DH         LINE#         726
  C:5D9FH         LINE#         727
  C:5D9FH         LINE#         728
  C:5D9FH         LINE#         729
  C:5DA1H         LINE#         730
  C:5DA1H         LINE#         731
  C:5DA1H         LINE#         732
  C:5DA1H         LINE#         733
  C:5DA1H         LINE#         734
  C:5DA1H         LINE#         735
  C:5DB0H         LINE#         736
  C:5DB0H         LINE#         737
  C:5DB2H         LINE#         738
  C:5DB4H         LINE#         739
  C:5DB4H         LINE#         740
  C:5DB6H         LINE#         741
  C:5DB8H         LINE#         742
  C:5DB8H         LINE#         743
  C:5DBFH         LINE#         744
  C:5DBFH         LINE#         745
  C:5DBFH         LINE#         746
  C:5DBFH         LINE#         747
  C:5DBFH         LINE#         748
  C:5DBFH         LINE#         749
  C:5DBFH         LINE#         750
BL51 BANKED LINKER/LOCATER V6.22                                                      10/29/2015  14:06:04  PAGE 21


  C:5DBFH         LINE#         751
  C:5DBFH         LINE#         752
  C:5DC7H         LINE#         753
  C:5DC9H         LINE#         754
  C:5DCCH         LINE#         755
  C:5DE1H         LINE#         756
  C:5DE1H         LINE#         757
  C:5DF3H         LINE#         758
  C:5DF3H         LINE#         759
  C:5DF6H         LINE#         760
  C:5DF9H         LINE#         761
  C:5DFCH         LINE#         762
  C:5DFCH         LINE#         763
  C:5DFEH         LINE#         764
  C:5DFEH         LINE#         765
  C:5E01H         LINE#         766
  C:5E01H         LINE#         767
  C:5E03H         LINE#         768
  C:5E03H         LINE#         769
  C:5E06H         LINE#         770
  C:5E06H         LINE#         771
  C:5E08H         LINE#         772
  C:5E08H         LINE#         773
  C:5E08H         LINE#         774
  C:5E08H         LINE#         775
  C:5E08H         LINE#         776
  C:5E08H         LINE#         777
  C:5E17H         LINE#         778
  C:5E17H         LINE#         779
  C:5E1AH         LINE#         780
  C:5E1DH         LINE#         781
  C:5E20H         LINE#         782
  C:5E20H         LINE#         783
  C:5E22H         LINE#         784
  C:5E22H         LINE#         785
  C:5E25H         LINE#         786
  C:5E25H         LINE#         787
  C:5E27H         LINE#         788
  C:5E27H         LINE#         789
  C:5E2AH         LINE#         790
  C:5E2AH         LINE#         791
  C:5E2CH         LINE#         792
  C:5E2CH         LINE#         793
  C:5E2CH         LINE#         794
  C:5E2CH         LINE#         795
  C:5E2CH         LINE#         796
  C:5E2CH         LINE#         797
  C:5E3CH         LINE#         798
  C:5E3CH         LINE#         799
  C:5E3FH         LINE#         800
  C:5E3FH         LINE#         801
  C:5E41H         LINE#         802
  C:5E41H         LINE#         803
  C:5E44H         LINE#         804
  C:5E44H         LINE#         805
  C:5E46H         LINE#         806
  C:5E46H         LINE#         807
BL51 BANKED LINKER/LOCATER V6.22                                                      10/29/2015  14:06:04  PAGE 22


  C:5E49H         LINE#         808
  C:5E4CH         LINE#         809
  C:5E4FH         LINE#         810
  C:5E4FH         LINE#         811
  C:5E51H         LINE#         812
  C:5E51H         LINE#         813
  C:5E51H         LINE#         814
  C:5E51H         LINE#         815
  C:5E51H         LINE#         816
  C:5E51H         LINE#         817
  C:5E60H         LINE#         818
  C:5E60H         LINE#         819
  C:5E63H         LINE#         820
  C:5E63H         LINE#         821
  C:5E65H         LINE#         822
  C:5E65H         LINE#         823
  C:5E68H         LINE#         824
  C:5E68H         LINE#         825
  C:5E6AH         LINE#         826
  C:5E6AH         LINE#         827
  C:5E6DH         LINE#         828
  C:5E70H         LINE#         829
  C:5E73H         LINE#         830
  C:5E80H         LINE#         831
  C:5E80H         LINE#         832
  C:5E80H         LINE#         833
  C:5E80H         LINE#         834
  C:5E80H         LINE#         835
  C:5E80H         LINE#         836
  C:5E80H         LINE#         837
  C:5E80H         LINE#         838
  C:5E80H         LINE#         839
  C:5E87H         LINE#         840
  C:5E8FH         LINE#         841
  -------         ENDPROC       _FUN_PYHZ
  -------         PROC          _FUN_SJHZ
  X:033FH         SYMBOL        par_sjmodel
  X:0340H         SYMBOL        par_hzmodel
  -------         DO            
  X:0341H         SYMBOL        loc_sjdelay
  X:0345H         SYMBOL        loc_hzdelay
  X:0349H         SYMBOL        loc_sjcgq
  X:034AH         SYMBOL        loc_hzcgq
  X:034BH         SYMBOL        loc_hzflag
  -------         ENDDO         
  C:48F8H         LINE#         842
  C:4901H         LINE#         843
  C:4909H         LINE#         844
  C:4913H         LINE#         845
  C:4918H         LINE#         846
  C:491AH         LINE#         847
  C:491CH         LINE#         848
  C:4927H         LINE#         849
  C:4939H         LINE#         850
  C:4939H         LINE#         851
  C:4945H         LINE#         852
  C:4945H         LINE#         853
BL51 BANKED LINKER/LOCATER V6.22                                                      10/29/2015  14:06:04  PAGE 23


  C:4945H         LINE#         854
  C:4945H         LINE#         855
  C:4947H         LINE#         856
  C:4947H         LINE#         857
  C:4947H         LINE#         858
  C:4947H         LINE#         859
  C:4949H         LINE#         860
  C:4949H         LINE#         861
  C:4949H         LINE#         862
  C:4949H         LINE#         863
  C:494BH         LINE#         864
  C:494BH         LINE#         865
  C:494BH         LINE#         866
  C:494BH         LINE#         867
  C:494BH         LINE#         868
  C:494BH         LINE#         869
  C:495AH         LINE#         870
  C:495AH         LINE#         871
  C:495AH         LINE#         872
  C:495AH         LINE#         873
  C:495CH         LINE#         874
  C:495CH         LINE#         875
  C:495CH         LINE#         876
  C:495CH         LINE#         877
  C:495EH         LINE#         878
  C:495EH         LINE#         879
  C:495EH         LINE#         880
  C:495EH         LINE#         881
  C:4960H         LINE#         882
  C:4960H         LINE#         883
  C:4960H         LINE#         884
  C:4960H         LINE#         885
  C:4960H         LINE#         886
  C:4960H         LINE#         887
  C:4970H         LINE#         888
  C:4970H         LINE#         889
  C:4970H         LINE#         890
  C:4970H         LINE#         891
  C:4972H         LINE#         892
  C:4972H         LINE#         893
  C:4972H         LINE#         894
  C:4972H         LINE#         895
  C:4974H         LINE#         896
  C:4974H         LINE#         897
  C:4976H         LINE#         898
  C:4976H         LINE#         899
  C:4978H         LINE#         900
  C:4978H         LINE#         901
  C:4978H         LINE#         902
  C:4978H         LINE#         903
  C:4978H         LINE#         904
  C:4978H         LINE#         905
  C:4987H         LINE#         906
  C:4987H         LINE#         907
  C:4989H         LINE#         908
  C:4989H         LINE#         909
  C:498BH         LINE#         910
BL51 BANKED LINKER/LOCATER V6.22                                                      10/29/2015  14:06:04  PAGE 24


  C:498BH         LINE#         911
  C:4992H         LINE#         912
  C:4998H         LINE#         913
  C:499AH         LINE#         914
  C:499AH         LINE#         915
  C:49A1H         LINE#         916
  C:49A7H         LINE#         917
  C:49A7H         LINE#         918
  C:49A7H         LINE#         919
  C:49A7H         LINE#         920
  C:49A7H         LINE#         921
  C:49A7H         LINE#         922
  C:49A7H         LINE#         923
  C:49A7H         LINE#         924
  C:49A7H         LINE#         925
  C:49BFH         LINE#         926
  C:49BFH         LINE#         927
  C:49CCH         LINE#         928
  C:49DCH         LINE#         929
  C:49DFH         LINE#         930
  C:49E2H         LINE#         931
  C:49F1H         LINE#         932
  C:49FDH         LINE#         933
  C:4A34H         LINE#         934
  C:4A34H         LINE#         935
  C:4A36H         LINE#         936
  C:4A3FH         LINE#         937
  C:4A45H         LINE#         938
  C:4A45H         LINE#         939
  C:4A45H         LINE#         940
  C:4A45H         LINE#         941
  C:4A48H         LINE#         942
  C:4A48H         LINE#         943
  C:4A4AH         LINE#         944
  C:4A53H         LINE#         945
  C:4A61H         LINE#         946
  C:4A61H         LINE#         947
  C:4A61H         LINE#         948
  C:4A61H         LINE#         949
  C:4A63H         LINE#         950
  C:4A63H         LINE#         951
  C:4A65H         LINE#         952
  C:4A6EH         LINE#         953
  C:4A74H         LINE#         954
  C:4A74H         LINE#         955
  C:4A74H         LINE#         956
  C:4A74H         LINE#         957
  C:4A76H         LINE#         958
  C:4A76H         LINE#         959
  C:4A78H         LINE#         960
  C:4A81H         LINE#         961
  C:4A8AH         LINE#         962
  C:4A8AH         LINE#         963
  C:4A8AH         LINE#         964
  C:4A8AH         LINE#         965
  C:4A8CH         LINE#         966
  C:4A8CH         LINE#         967
BL51 BANKED LINKER/LOCATER V6.22                                                      10/29/2015  14:06:04  PAGE 25


  C:4A8EH         LINE#         968
  C:4A97H         LINE#         969
  C:4A9DH         LINE#         970
  C:4A9DH         LINE#         971
  C:4A9DH         LINE#         972
  C:4A9DH         LINE#         973
  C:4A9FH         LINE#         974
  C:4A9FH         LINE#         975
  C:4AA1H         LINE#         976
  C:4AAAH         LINE#         977
  C:4AB3H         LINE#         978
  C:4AB3H         LINE#         979
  C:4AB3H         LINE#         980
  C:4AB3H         LINE#         981
  C:4AB5H         LINE#         982
  C:4AB5H         LINE#         983
  C:4AB7H         LINE#         984
  C:4AC0H         LINE#         985
  C:4AC6H         LINE#         986
  C:4AC6H         LINE#         987
  C:4AC6H         LINE#         988
  C:4AC6H         LINE#         989
  C:4AC8H         LINE#         990
  C:4AC8H         LINE#         991
  C:4ACAH         LINE#         992
  C:4AD3H         LINE#         993
  C:4ADEH         LINE#         994
  C:4AE1H         LINE#         995
  C:4AE1H         LINE#         996
  C:4AE1H         LINE#         997
  C:4AE3H         LINE#         998
  C:4AE3H         LINE#         999
  C:4AE5H         LINE#         1000
  C:4AEEH         LINE#         1001
  C:4AF1H         LINE#         1002
  C:4B0FH         LINE#         1003
  C:4B15H         LINE#         1004
  C:4B15H         LINE#         1005
  C:4B17H         LINE#         1006
  C:4B17H         LINE#         1007
  C:4B17H         LINE#         1008
  C:4B17H         LINE#         1009
  C:4B17H         LINE#         1010
  C:4B1BH         LINE#         1011
  C:4B37H         LINE#         1012
  C:4B3EH         LINE#         1013
  C:4B43H         LINE#         1014
  C:4B4BH         LINE#         1015
  C:4B4BH         LINE#         1016
  C:4B4BH         LINE#         1017
  C:4B6AH         LINE#         1018
  C:4B70H         LINE#         1019
  C:4B72H         LINE#         1020
  C:4B7BH         LINE#         1021
  C:4B7EH         LINE#         1022
  C:4B82H         LINE#         1023
  C:4B85H         LINE#         1024
BL51 BANKED LINKER/LOCATER V6.22                                                      10/29/2015  14:06:04  PAGE 26


  C:4B90H         LINE#         1025
  C:4B96H         LINE#         1026
  C:4B99H         LINE#         1027
  C:4B99H         LINE#         1028
  C:4B9CH         LINE#         1029
  C:4B9CH         LINE#         1030
  C:4BA3H         LINE#         1031
  C:4BADH         LINE#         1032
  C:4BB5H         LINE#         1033
  C:4BB5H         LINE#         1034
  C:4BB5H         LINE#         1035
  C:4BB8H         LINE#         1036
  -------         ENDPROC       _FUN_SJHZ
  -------         PROC          _FUN_PYSJHZ
  X:0331H         SYMBOL        par_pymodel
  X:0332H         SYMBOL        par_sjmodel
  X:0333H         SYMBOL        par_hzmodel
  -------         DO            
  X:0334H         SYMBOL        loc_sjdelay
  X:0338H         SYMBOL        loc_hzdelay
  X:033CH         SYMBOL        loc_sjcgq
  X:033DH         SYMBOL        loc_hzcgq
  X:033EH         SYMBOL        loc_hzflag
  B:0022H.0       SYMBOL        loc_pyflag
  -------         ENDDO         
  C:455EH         LINE#         1037
  C:4569H         LINE#         1038
  C:4571H         LINE#         1039
  C:457BH         LINE#         1040
  C:4580H         LINE#         1041
  C:4582H         LINE#         1042
  C:4584H         LINE#         1043
  C:4586H         LINE#         1044
  C:4591H         LINE#         1045
  C:45A3H         LINE#         1046
  C:45A3H         LINE#         1047
  C:45AFH         LINE#         1048
  C:45AFH         LINE#         1049
  C:45AFH         LINE#         1050
  C:45AFH         LINE#         1051
  C:45B1H         LINE#         1052
  C:45B1H         LINE#         1053
  C:45B1H         LINE#         1054
  C:45B1H         LINE#         1055
  C:45B3H         LINE#         1056
  C:45B3H         LINE#         1057
  C:45B3H         LINE#         1058
  C:45B3H         LINE#         1059
  C:45B5H         LINE#         1060
  C:45B5H         LINE#         1061
  C:45B5H         LINE#         1062
  C:45B5H         LINE#         1063
  C:45B5H         LINE#         1064
  C:45B5H         LINE#         1065
  C:45C4H         LINE#         1066
  C:45C4H         LINE#         1067
  C:45C4H         LINE#         1068
BL51 BANKED LINKER/LOCATER V6.22                                                      10/29/2015  14:06:04  PAGE 27


  C:45C4H         LINE#         1069
  C:45C6H         LINE#         1070
  C:45C6H         LINE#         1071
  C:45C6H         LINE#         1072
  C:45C6H         LINE#         1073
  C:45C8H         LINE#         1074
  C:45C8H         LINE#         1075
  C:45C8H         LINE#         1076
  C:45C8H         LINE#         1077
  C:45CAH         LINE#         1078
  C:45CAH         LINE#         1079
  C:45CAH         LINE#         1080
  C:45CAH         LINE#         1081
  C:45CAH         LINE#         1082
  C:45CAH         LINE#         1083
  C:45DAH         LINE#         1084
  C:45DAH         LINE#         1085
  C:45DAH         LINE#         1086
  C:45DAH         LINE#         1087
  C:45DCH         LINE#         1088
  C:45DCH         LINE#         1089
  C:45DCH         LINE#         1090
  C:45DCH         LINE#         1091
  C:45DEH         LINE#         1092
  C:45DEH         LINE#         1093
  C:45E0H         LINE#         1094
  C:45E0H         LINE#         1095
  C:45E2H         LINE#         1096
  C:45E2H         LINE#         1097
  C:45E2H         LINE#         1098
  C:45E2H         LINE#         1099
  C:45E2H         LINE#         1100
  C:45E2H         LINE#         1101
  C:45F1H         LINE#         1102
  C:45F1H         LINE#         1103
  C:45F3H         LINE#         1104
  C:45F3H         LINE#         1105
  C:45F5H         LINE#         1106
  C:45F5H         LINE#         1107
  C:45FCH         LINE#         1108
  C:4602H         LINE#         1109
  C:4604H         LINE#         1110
  C:4604H         LINE#         1111
  C:460BH         LINE#         1112
  C:4611H         LINE#         1113
  C:4611H         LINE#         1114
  C:4611H         LINE#         1115
  C:4611H         LINE#         1116
  C:4611H         LINE#         1117
  C:4611H         LINE#         1118
  C:4611H         LINE#         1119
  C:4611H         LINE#         1120
  C:4611H         LINE#         1121
  C:4629H         LINE#         1122
  C:4629H         LINE#         1123
  C:4636H         LINE#         1124
  C:4646H         LINE#         1125
BL51 BANKED LINKER/LOCATER V6.22                                                      10/29/2015  14:06:04  PAGE 28


  C:4649H         LINE#         1126
  C:464CH         LINE#         1127
  C:4661H         LINE#         1128
  C:4685H         LINE#         1129
  C:4685H         LINE#         1130
  C:46BCH         LINE#         1131
  C:46BCH         LINE#         1132
  C:46BEH         LINE#         1133
  C:46C7H         LINE#         1134
  C:46CDH         LINE#         1135
  C:46CDH         LINE#         1136
  C:46CDH         LINE#         1137
  C:46CDH         LINE#         1138
  C:46D0H         LINE#         1139
  C:46D0H         LINE#         1140
  C:46D2H         LINE#         1141
  C:46DBH         LINE#         1142
  C:46E9H         LINE#         1143
  C:46E9H         LINE#         1144
  C:46E9H         LINE#         1145
  C:46E9H         LINE#         1146
  C:46ECH         LINE#         1147
  C:46ECH         LINE#         1148
  C:46EEH         LINE#         1149
  C:46F7H         LINE#         1150
  C:46FDH         LINE#         1151
  C:46FDH         LINE#         1152
  C:46FDH         LINE#         1153
  C:46FDH         LINE#         1154
  C:4700H         LINE#         1155
  C:4700H         LINE#         1156
  C:4702H         LINE#         1157
  C:470BH         LINE#         1158
  C:4714H         LINE#         1159
  C:4714H         LINE#         1160
  C:4714H         LINE#         1161
  C:4714H         LINE#         1162
  C:4716H         LINE#         1163
  C:4716H         LINE#         1164
  C:4718H         LINE#         1165
  C:4721H         LINE#         1166
  C:4727H         LINE#         1167
  C:4727H         LINE#         1168
  C:4727H         LINE#         1169
  C:4727H         LINE#         1170
  C:4729H         LINE#         1171
  C:4729H         LINE#         1172
  C:472BH         LINE#         1173
  C:4734H         LINE#         1174
  C:473DH         LINE#         1175
  C:473DH         LINE#         1176
  C:473DH         LINE#         1177
  C:473DH         LINE#         1178
  C:473FH         LINE#         1179
  C:473FH         LINE#         1180
  C:4741H         LINE#         1181
  C:474AH         LINE#         1182
BL51 BANKED LINKER/LOCATER V6.22                                                      10/29/2015  14:06:04  PAGE 29


  C:4750H         LINE#         1183
  C:4750H         LINE#         1184
  C:4750H         LINE#         1185
  C:4750H         LINE#         1186
  C:4752H         LINE#         1187
  C:4752H         LINE#         1188
  C:4754H         LINE#         1189
  C:475DH         LINE#         1190
  C:476BH         LINE#         1191
  C:476EH         LINE#         1192
  C:476EH         LINE#         1193
  C:476EH         LINE#         1194
  C:4770H         LINE#         1195
  C:4770H         LINE#         1196
  C:4772H         LINE#         1197
  C:477BH         LINE#         1198
  C:4781H         LINE#         1199
  C:479FH         LINE#         1200
  C:47A5H         LINE#         1201
  C:47A5H         LINE#         1202
  C:47A8H         LINE#         1203
  C:47A8H         LINE#         1204
  C:47A8H         LINE#         1205
  C:47A8H         LINE#         1206
  C:47A8H         LINE#         1207
  C:47A8H         LINE#         1208
  C:47C7H         LINE#         1209
  C:47CEH         LINE#         1210
  C:47D3H         LINE#         1211
  C:47D6H         LINE#         1212
  C:47DEH         LINE#         1213
  C:47DEH         LINE#         1214
  C:47E1H         LINE#         1215
  C:47E1H         LINE#         1216
  C:47E8H         LINE#         1217
  C:47ECH         LINE#         1218
  C:47F3H         LINE#         1219
  C:47FAH         LINE#         1220
  C:4800H         LINE#         1221
  C:4803H         LINE#         1222
  C:4803H         LINE#         1223
  C:480EH         LINE#         1224
  C:4829H         LINE#         1225
  C:482FH         LINE#         1226
  C:482FH         LINE#         1227
  C:4837H         LINE#         1228
  C:4852H         LINE#         1229
  C:4858H         LINE#         1230
  C:4858H         LINE#         1231
  C:485AH         LINE#         1232
  C:485AH         LINE#         1233
  C:4876H         LINE#         1234
  C:487DH         LINE#         1235
  C:4882H         LINE#         1236
  C:488AH         LINE#         1237
  C:488AH         LINE#         1238
  C:488AH         LINE#         1239
BL51 BANKED LINKER/LOCATER V6.22                                                      10/29/2015  14:06:04  PAGE 30


  C:488AH         LINE#         1240
  C:488AH         LINE#         1241
  C:488AH         LINE#         1242
  C:48A9H         LINE#         1243
  C:48AFH         LINE#         1244
  C:48B1H         LINE#         1245
  C:48BAH         LINE#         1246
  C:48BDH         LINE#         1247
  C:48C1H         LINE#         1248
  C:48C4H         LINE#         1249
  C:48CFH         LINE#         1250
  C:48D5H         LINE#         1251
  C:48D8H         LINE#         1252
  C:48D8H         LINE#         1253
  C:48DBH         LINE#         1254
  C:48DBH         LINE#         1255
  C:48E2H         LINE#         1256
  C:48ECH         LINE#         1257
  C:48F4H         LINE#         1258
  C:48F4H         LINE#         1259
  C:48F4H         LINE#         1260
  C:48F7H         LINE#         1261
  -------         ENDPROC       _FUN_PYSJHZ
  -------         PROC          FUN_JTJP
  C:631AH         LINE#         1262
  C:631AH         LINE#         1263
  C:631AH         LINE#         1264
  C:6338H         LINE#         1265
  C:6341H         LINE#         1266
  C:6348H         LINE#         1268
  C:6348H         LINE#         1269
  C:634BH         LINE#         1270
  C:6352H         LINE#         1271
  C:6354H         LINE#         1272
  C:6356H         LINE#         1273
  C:6359H         LINE#         1274
  C:6360H         LINE#         1275
  C:6367H         LINE#         1276
  C:6367H         LINE#         1277
  C:636DH         LINE#         1278
  C:6374H         LINE#         1279
  C:6376H         LINE#         1280
  C:6378H         LINE#         1281
  C:637EH         LINE#         1282
  C:6385H         LINE#         1283
  C:638CH         LINE#         1284
  C:638CH         LINE#         1285
  C:6392H         LINE#         1286
  C:6399H         LINE#         1287
  C:639BH         LINE#         1288
  C:639DH         LINE#         1289
  C:63A3H         LINE#         1290
  C:63AAH         LINE#         1291
  C:63B1H         LINE#         1292
  C:63B1H         LINE#         1293
  C:63BAH         LINE#         1294
  -------         ENDPROC       FUN_JTJP
BL51 BANKED LINKER/LOCATER V6.22                                                      10/29/2015  14:06:04  PAGE 31


  -------         PROC          FUN_TIMERMOVE
  -------         DO            
  D:001BH         SYMBOL        loc_con
  D:0017H         SYMBOL        loc_sdl
  D:0019H         SYMBOL        loc_sdr
  -------         ENDDO         
  C:3B84H         LINE#         1296
  C:3B84H         LINE#         1299
  C:3BA9H         LINE#         1300
  C:3BA9H         LINE#         1301
  C:3BB1H         LINE#         1302
  C:3BB7H         LINE#         1303
  C:3BC6H         LINE#         1304
  C:3BD4H         LINE#         1305
  C:3BD5H         LINE#         1306
  C:3BD5H         LINE#         1307
  C:3BEBH         LINE#         1308
  C:3C03H         LINE#         1309
  C:3C09H         LINE#         1310
  C:3C11H         LINE#         1311
  C:3C14H         LINE#         1312
  C:3C1BH         LINE#         1313
  C:3C1EH         LINE#         1314
  C:3C31H         LINE#         1315
  C:3C31H         LINE#         1316
  C:3C31H         LINE#         1318
  C:3C41H         LINE#         1319
  C:3C47H         LINE#         1320
  C:3C62H         LINE#         1321
  C:3C7DH         LINE#         1322
  C:3C7DH         LINE#         1323
  C:3C83H         LINE#         1324
  C:3C9EH         LINE#         1325
  C:3CB9H         LINE#         1326
  C:3CB9H         LINE#         1327
  C:3CBFH         LINE#         1328
  C:3CDFH         LINE#         1329
  C:3CFFH         LINE#         1330
  C:3CFFH         LINE#         1331
  C:3D05H         LINE#         1332
  C:3D25H         LINE#         1333
  C:3D45H         LINE#         1334
  C:3D45H         LINE#         1335
  C:3D4BH         LINE#         1336
  C:3D6BH         LINE#         1337
  C:3D8BH         LINE#         1338
  C:3D8BH         LINE#         1339
  C:3D94H         LINE#         1340
  C:3DB4H         LINE#         1341
  C:3DD4H         LINE#         1342
  C:3DD4H         LINE#         1343
  C:3DD4H         LINE#         1344
  C:3DD4H         LINE#         1345
  C:3DD4H         LINE#         1346
  C:3DD7H         LINE#         1347
  C:3DD7H         LINE#         1348
  C:3DE1H         LINE#         1349
BL51 BANKED LINKER/LOCATER V6.22                                                      10/29/2015  14:06:04  PAGE 32


  C:3DE6H         LINE#         1350
  C:3DE6H         LINE#         1351
  C:3DE9H         LINE#         1352
  C:3DE9H         LINE#         1353
  C:3DFEH         LINE#         1354
  C:3DFEH         LINE#         1355
  C:3E21H         LINE#         1356
  C:3E21H         LINE#         1357
  C:3E2FH         LINE#         1358
  C:3E3EH         LINE#         1359
  C:3E3EH         LINE#         1360
  C:3E40H         LINE#         1361
  C:3E40H         LINE#         1362
  C:3E43H         LINE#         1363
  C:3E51H         LINE#         1364
  C:3E54H         LINE#         1365
  C:3E56H         LINE#         1366
  C:3E56H         LINE#         1367
  C:3E64H         LINE#         1368
  C:3E79H         LINE#         1369
  C:3E7CH         LINE#         1370
  C:3E7EH         LINE#         1371
  C:3E7EH         LINE#         1372
  C:3E81H         LINE#         1373
  C:3E8FH         LINE#         1374
  C:3EADH         LINE#         1375
  C:3EADH         LINE#         1376
  C:3EADH         LINE#         1377
  C:3EAFH         LINE#         1378
  C:3EB0H         LINE#         1379
  C:3EB0H         LINE#         1380
  C:3ECFH         LINE#         1381
  C:3ED1H         LINE#         1382
  C:3ED2H         LINE#         1383
  C:3ED2H         LINE#         1384
  C:3EDBH         LINE#         1385
  C:3EDBH         LINE#         1386
  C:3EDBH         LINE#         1387
  C:3EDBH         LINE#         1388
  C:3EDBH         LINE#         1389
  C:3EDBH         LINE#         1390
  C:3EDDH         LINE#         1391
  C:3EDDH         LINE#         1392
  C:3EDDH         LINE#         1393
  C:3EDDH         LINE#         1394
  C:3EE8H         LINE#         1395
  C:3EE8H         LINE#         1396
  C:3F21H         LINE#         1397
  C:3F23H         LINE#         1398
  C:3F24H         LINE#         1399
  C:3F24H         LINE#         1400
  C:3F40H         LINE#         1401
  C:3F48H         LINE#         1402
  C:3F52H         LINE#         1403
  C:3F5CH         LINE#         1404
  C:3F5FH         LINE#         1405
  C:3F60H         LINE#         1406
BL51 BANKED LINKER/LOCATER V6.22                                                      10/29/2015  14:06:04  PAGE 33


  C:3F60H         LINE#         1407
  C:3F70H         LINE#         1408
  C:3F76H         LINE#         1409
  C:3F8FH         LINE#         1410
  C:3FA9H         LINE#         1411
  C:3FA9H         LINE#         1412
  C:3FAFH         LINE#         1413
  C:3FC9H         LINE#         1414
  C:3FE2H         LINE#         1415
  C:3FE2H         LINE#         1416
  C:3FE8H         LINE#         1417
  C:4002H         LINE#         1418
  C:401CH         LINE#         1419
  C:401CH         LINE#         1420
  C:4022H         LINE#         1421
  C:403CH         LINE#         1422
  C:4056H         LINE#         1423
  C:4056H         LINE#         1424
  C:405CH         LINE#         1425
  C:4075H         LINE#         1426
  C:408FH         LINE#         1427
  C:408FH         LINE#         1428
  C:4095H         LINE#         1429
  C:40AFH         LINE#         1430
  C:40C8H         LINE#         1431
  C:40C8H         LINE#         1432
  C:40D1H         LINE#         1433
  C:40DAH         LINE#         1434
  C:40DAH         LINE#         1435
  C:40DAH         LINE#         1436
  C:40DAH         LINE#         1437
  C:40DAH         LINE#         1438
  C:40DAH         LINE#         1439
  C:40DAH         LINE#         1440
  C:40DAH         LINE#         1441
  -------         ENDPROC       FUN_TIMERMOVE
  -------         PROC          _FUN_FLSETTING
  X:02D7H         SYMBOL        par_gospeed
  X:02D8H         SYMBOL        par_turnspeed
  X:02D9H         SYMBOL        par_cachespeed
  -------         DO            
  X:02DAH         SYMBOL        ellipsis_40
  X:0302H         SYMBOL        loc_argp
  D:0007H         SYMBOL        loc_step
  D:0006H         SYMBOL        loc_con
  -------         ENDDO         
  C:6571H         LINE#         1442
  C:657CH         LINE#         1444
  C:657EH         LINE#         1446
  C:658AH         LINE#         1447
  C:658CH         LINE#         1448
  C:6591H         LINE#         1449
  C:65A0H         LINE#         1450
  C:65B4H         LINE#         1451
  C:65B6H         LINE#         1452
  C:65C3H         LINE#         1455
  C:65C9H         LINE#         1456
BL51 BANKED LINKER/LOCATER V6.22                                                      10/29/2015  14:06:04  PAGE 34


  C:65D7H         LINE#         1457
  C:65DFH         LINE#         1458
  C:65E7H         LINE#         1459
  C:65EFH         LINE#         1460
  C:65F3H         LINE#         1461
  -------         ENDPROC       _FUN_FLSETTING
  -------         PROC          _FUN_FOLLINE
  D:0007H         SYMBOL        par_con
  X:0355H         SYMBOL        par_speed
  -------         DO            
  X:0356H         SYMBOL        loc_con
  X:0357H         SYMBOL        loc_sdr
  X:0358H         SYMBOL        loc_sdl
  X:0359H         SYMBOL        loc_online
  -------         ENDDO         
  C:55EFH         LINE#         1462
  C:55F4H         LINE#         1463
  C:55F7H         LINE#         1466
  C:5600H         LINE#         1467
  C:5618H         LINE#         1468
  C:561EH         LINE#         1469
  C:5628H         LINE#         1470
  C:562AH         LINE#         1471
  C:5631H         LINE#         1472
  C:5634H         LINE#         1473
  C:563AH         LINE#         1474
  C:563CH         LINE#         1475
  C:563CH         LINE#         1477
  C:5648H         LINE#         1478
  C:564EH         LINE#         1479
  C:565AH         LINE#         1480
  C:5672H         LINE#         1481
  C:5672H         LINE#         1482
  C:5678H         LINE#         1483
  C:5690H         LINE#         1484
  C:569EH         LINE#         1485
  C:569EH         LINE#         1486
  C:56A4H         LINE#         1487
  C:56B6H         LINE#         1488
  C:56D4H         LINE#         1489
  C:56D4H         LINE#         1490
  C:56DAH         LINE#         1491
  C:56F8H         LINE#         1492
  C:570AH         LINE#         1493
  C:570AH         LINE#         1494
  C:5710H         LINE#         1495
  C:5722H         LINE#         1496
  C:5740H         LINE#         1497
  C:5740H         LINE#         1498
  C:5746H         LINE#         1499
  C:5764H         LINE#         1500
  C:5776H         LINE#         1501
  C:5776H         LINE#         1502
  C:5780H         LINE#         1503
  C:578AH         LINE#         1504
  C:578FH         LINE#         1505
  C:578FH         LINE#         1506
BL51 BANKED LINKER/LOCATER V6.22                                                      10/29/2015  14:06:04  PAGE 35


  C:5792H         LINE#         1507
  -------         ENDPROC       _FUN_FOLLINE
  -------         PROC          _FUN_TURN
  D:0007H         SYMBOL        par_model
  X:0369H         SYMBOL        par_speed
  C:65F4H         LINE#         1509
  C:65F9H         LINE#         1510
  C:6609H         LINE#         1511
  C:6609H         LINE#         1512
  C:6613H         LINE#         1513
  C:6619H         LINE#         1514
  C:6619H         LINE#         1515
  C:661BH         LINE#         1516
  C:661BH         LINE#         1517
  C:661EH         LINE#         1518
  C:6628H         LINE#         1519
  C:662BH         LINE#         1520
  C:662DH         LINE#         1521
  C:662DH         LINE#         1522
  C:6637H         LINE#         1523
  C:6643H         LINE#         1524
  C:6646H         LINE#         1525
  C:6648H         LINE#         1526
[...]
  C:58D0H         LINE#         2778
  C:58D0H         LINE#         2779
  C:58D0H         LINE#         2780
  C:58D0H         LINE#         2781
  C:58D0H         LINE#         2782
  C:58D8H         LINE#         2783
  C:58EAH         LINE#         2784
  C:58EAH         LINE#         2785
  C:58EAH         LINE#         2786
  C:58ECH         LINE#         2787
  C:58ECH         LINE#         2788
  C:58EEH         LINE#         2789
  C:58F0H         LINE#         2790
  C:58F0H         LINE#         2791
  C:58F2H         LINE#         2792
  C:58F4H         LINE#         2793
  C:58F4H         LINE#         2794
  C:58F6H         LINE#         2795
  C:58F8H         LINE#         2796
  C:58F8H         LINE#         2797
  C:58FAH         LINE#         2798
  C:58FCH         LINE#         2799
  C:58FCH         LINE#         2800
  C:5907H         LINE#         2801
  C:590BH         LINE#         2802
  C:5916H         LINE#         2803
  C:591BH         LINE#         2804
  C:591BH         LINE#         2805
  C:591BH         LINE#         2806
  C:591BH         LINE#         2807
  -------         ENDPROC       _FUN_ZJZT
  -------         PROC          _FUN_NAJIAN
  X:034CH         SYMBOL        par_now
  X:034DH         SYMBOL        par_next
  X:034EH         SYMBOL        par_high
  X:0351H         SYMBOL        par_data
  -------         DO            
  X:0354H         SYMBOL        loc_high
  -------         ENDDO         
  C:10EEH         LINE#         2808
  C:10FFH         LINE#         2813
  C:114DH         LINE#         2815
  C:1162H         LINE#         2816
  C:116AH         LINE#         2817
  C:1192H         LINE#         2818
  C:119DH         LINE#         2819
  C:119DH         LINE#         2820
  C:119FH         LINE#         2821
  C:11BAH         LINE#         2822
BL51 BANKED LINKER/LOCATER V6.22                                                      10/29/2015  14:06:04  PAGE 58


  C:11C2H         LINE#         2823
  C:11F3H         LINE#         2824
  C:11FBH         LINE#         2825
  C:1255H         LINE#         2826
  C:1255H         LINE#         2828
  C:125FH         LINE#         2830
  C:127CH         LINE#         2832
  C:1281H         LINE#         2834
  C:12ADH         LINE#         2835
  C:12ADH         LINE#         2836
  C:12DEH         LINE#         2837
  C:12DEH         LINE#         2838
  C:12F4H         LINE#         2839
  C:12F7H         LINE#         2840
  C:12F7H         LINE#         2841
  C:12F7H         LINE#         2842
  C:12F9H         LINE#         2843
  C:12F9H         LINE#         2844
  C:1321H         LINE#         2845
  C:1324H         LINE#         2846
  C:1324H         LINE#         2847
  C:134CH         LINE#         2848
  C:134FH         LINE#         2849
  C:134FH         LINE#         2850
  C:134FH         LINE#         2851
  C:1351H         LINE#         2852
  C:1351H         LINE#         2853
  C:1379H         LINE#         2854
  C:137CH         LINE#         2855
  C:137CH         LINE#         2856
  C:13A4H         LINE#         2857
  C:13A7H         LINE#         2858
  C:13A7H         LINE#         2859
  C:13A7H         LINE#         2860
  C:13A7H         LINE#         2861
  C:13A7H         LINE#         2862
  C:13A7H         LINE#         2863
  C:13D3H         LINE#         2864
  C:13D3H         LINE#         2865
  C:13FAH         LINE#         2866
  C:13FDH         LINE#         2867
  C:13FDH         LINE#         2868
  C:1428H         LINE#         2869
  C:142BH         LINE#         2870
  C:142BH         LINE#         2871
  C:1453H         LINE#         2872
  C:1456H         LINE#         2873
  C:1456H         LINE#         2874
  C:147EH         LINE#         2875
  C:1481H         LINE#         2876
  C:1481H         LINE#         2877
  C:14ACH         LINE#         2878
  C:14AFH         LINE#         2879
  C:14AFH         LINE#         2880
  C:14DAH         LINE#         2881
  C:14DDH         LINE#         2882
  C:14DDH         LINE#         2883
BL51 BANKED LINKER/LOCATER V6.22                                                      10/29/2015  14:06:04  PAGE 59


  C:1505H         LINE#         2884
  C:1508H         LINE#         2885
  C:1508H         LINE#         2886
  C:1508H         LINE#         2887
  C:1508H         LINE#         2888
  C:1508H         LINE#         2889
  C:1508H         LINE#         2890
  C:1534H         LINE#         2891
  C:1534H         LINE#         2892
  C:1534H         LINE#         2893
  C:1537H         LINE#         2894
  C:1537H         LINE#         2895
  C:1562H         LINE#         2896
  C:1565H         LINE#         2897
  C:1565H         LINE#         2898
  C:1590H         LINE#         2899
  C:1593H         LINE#         2900
  C:1593H         LINE#         2901
  C:15BBH         LINE#         2902
  C:15BEH         LINE#         2903
  C:15BEH         LINE#         2904
  C:15E9H         LINE#         2905
  C:15ECH         LINE#         2906
  C:15ECH         LINE#         2907
  C:1617H         LINE#         2908
  C:161AH         LINE#         2909
  C:161AH         LINE#         2910
  C:1642H         LINE#         2911
  C:1645H         LINE#         2912
  C:1645H         LINE#         2913
  C:1645H         LINE#         2914
  C:1645H         LINE#         2915
  C:1645H         LINE#         2916
  C:1645H         LINE#         2917
  C:1671H         LINE#         2918
  C:1671H         LINE#         2919
  C:1699H         LINE#         2920
  C:169CH         LINE#         2921
  C:169CH         LINE#         2922
  C:16C4H         LINE#         2923
  C:16C7H         LINE#         2924
  C:16C7H         LINE#         2925
  C:16F2H         LINE#         2926
  C:16F5H         LINE#         2927
  C:16F5H         LINE#         2928
  C:1727H         LINE#         2929
  C:172AH         LINE#         2930
  C:172AH         LINE#         2931
  C:1752H         LINE#         2932
  C:1755H         LINE#         2933
  C:1755H         LINE#         2934
  C:177DH         LINE#         2935
  C:1780H         LINE#         2936
  C:1780H         LINE#         2937
  C:17B2H         LINE#         2938
  C:17B5H         LINE#         2939
  C:17B5H         LINE#         2940
BL51 BANKED LINKER/LOCATER V6.22                                                      10/29/2015  14:06:04  PAGE 60


  C:17B5H         LINE#         2941
  C:17B5H         LINE#         2942
  C:17B5H         LINE#         2943
  C:17B5H         LINE#         2944
  C:17E1H         LINE#         2945
  C:17E1H         LINE#         2946
  C:1809H         LINE#         2947
  C:180CH         LINE#         2948
  C:180CH         LINE#         2949
  C:1834H         LINE#         2950
  C:1837H         LINE#         2951
  C:1837H         LINE#         2952
  C:185FH         LINE#         2953
  C:1862H         LINE#         2954
  C:1862H         LINE#         2955
  C:1894H         LINE#         2956
  C:1897H         LINE#         2957
  C:1897H         LINE#         2958
  C:18C2H         LINE#         2959
  C:18C5H         LINE#         2960
  C:18C5H         LINE#         2961
  C:18EDH         LINE#         2962
  C:18F0H         LINE#         2963
  C:18F0H         LINE#         2964
  C:1922H         LINE#         2965
  C:1925H         LINE#         2966
  C:1925H         LINE#         2967
  C:1925H         LINE#         2968
  C:1925H         LINE#         2969
  C:1925H         LINE#         2970
  C:1925H         LINE#         2971
  C:1951H         LINE#         2972
  C:1951H         LINE#         2973
  C:1951H         LINE#         2974
  C:1954H         LINE#         2975
  C:1954H         LINE#         2976
  C:197FH         LINE#         2977
  C:1982H         LINE#         2978
  C:1982H         LINE#         2979
  C:19ADH         LINE#         2980
  C:19B0H         LINE#         2981
  C:19B0H         LINE#         2982
  C:19D8H         LINE#         2983
  C:19DBH         LINE#         2984
  C:19DBH         LINE#         2985
  C:1A06H         LINE#         2986
  C:1A09H         LINE#         2987
  C:1A09H         LINE#         2988
  C:1A34H         LINE#         2989
  C:1A37H         LINE#         2990
  C:1A37H         LINE#         2991
  C:1A5FH         LINE#         2992
  C:1A62H         LINE#         2993
  C:1A62H         LINE#         2994
  C:1A62H         LINE#         2995
  C:1A62H         LINE#         2996
  C:1A62H         LINE#         2997
BL51 BANKED LINKER/LOCATER V6.22                                                      10/29/2015  14:06:04  PAGE 61


  C:1A62H         LINE#         2998
  C:1A8EH         LINE#         2999
  C:1A8EH         LINE#         3000
  C:1ABFH         LINE#         3001
  C:1AC2H         LINE#         3002
  C:1AC2H         LINE#         3003
  C:1AEDH         LINE#         3004
  C:1AF0H         LINE#         3005
  C:1AF0H         LINE#         3006
  C:1B1BH         LINE#         3007
  C:1B1EH         LINE#         3008
  C:1B1EH         LINE#         3009
  C:1B53H         LINE#         3010
  C:1B56H         LINE#         3011
  C:1B56H         LINE#         3012
  C:1B8BH         LINE#         3013
  C:1B8EH         LINE#         3014
  C:1B8EH         LINE#         3015
  C:1BB9H         LINE#         3016
  C:1BBCH         LINE#         3017
  C:1BBCH         LINE#         3018
  C:1BE7H         LINE#         3019
  C:1BEAH         LINE#         3020
  C:1BEAH         LINE#         3021
  C:1BEAH         LINE#         3022
  C:1BEAH         LINE#         3023
  C:1BEAH         LINE#         3024
  C:1BEAH         LINE#         3025
  C:1C13H         LINE#         3026
  C:1C13H         LINE#         3027
  C:1C4EH         LINE#         3028
  C:1C51H         LINE#         3029
  C:1C51H         LINE#         3030
  C:1C86H         LINE#         3031
  C:1C89H         LINE#         3032
  C:1C89H         LINE#         3033
  C:1CBEH         LINE#         3034
  C:1CC1H         LINE#         3035
  C:1CC1H         LINE#         3036
  C:1D00H         LINE#         3037
  C:1D02H         LINE#         3038
  C:1D02H         LINE#         3039
  C:1D4AH         LINE#         3040
  C:1D4CH         LINE#         3041
  C:1D4CH         LINE#         3042
  C:1D8AH         LINE#         3043
  C:1D8CH         LINE#         3044
  C:1D8CH         LINE#         3045
  C:1DD3H         LINE#         3046
  C:1DD3H         LINE#         3047
  C:1DD3H         LINE#         3048
  C:1DD3H         LINE#         3049
  C:1DD3H         LINE#         3050
  C:1DD3H         LINE#         3051
  C:1DD3H         LINE#         3052
  C:1DD3H         LINE#         3053
  C:1DD3H         LINE#         3055
BL51 BANKED LINKER/LOCATER V6.22                                                      10/29/2015  14:06:04  PAGE 62


  C:1DDDH         LINE#         3057
  C:1DF7H         LINE#         3059
  C:1DFCH         LINE#         3063
  C:1E85H         LINE#         3064
  C:1EC4H         LINE#         3065
  C:1EDDH         LINE#         3066
  -------         ENDPROC       _FUN_NAJIAN
  -------         PROC          FUN_ZHUAJIAN
  C:60E3H         LINE#         3068
  C:60E3H         LINE#         3069
  C:60E8H         LINE#         3070
  C:60EDH         LINE#         3071
  C:60F2H         LINE#         3072
  C:60FAH         LINE#         3073
  C:60FFH         LINE#         3075
  C:6106H         LINE#         3076
  C:610DH         LINE#         3077
  C:6114H         LINE#         3078
  C:611BH         LINE#         3079
  C:6133H         LINE#         3080
  C:613FH         LINE#         3081
  C:6146H         LINE#         3082
  C:614FH         LINE#         3083
  C:6156H         LINE#         3084
  C:6158H         LINE#         3085
  C:6158H         LINE#         3086
  C:6158H         LINE#         3087
  C:6158H         LINE#         3088
  C:615AH         LINE#         3089
  C:6166H         LINE#         3090
  C:616DH         LINE#         3091
  C:6176H         LINE#         3092
  C:617DH         LINE#         3093
  C:6184H         LINE#         3094
  C:618DH         LINE#         3095
  C:6194H         LINE#         3096
  C:619DH         LINE#         3097
  C:619DH         LINE#         3098
  C:61A4H         LINE#         3099
  C:61A7H         LINE#         3100
  -------         ENDPROC       FUN_ZHUAJIAN
  -------         PROC          FUN_BACK
  C:67E3H         LINE#         3102
  C:67E3H         LINE#         3103
  C:67EAH         LINE#         3104
  C:67EDH         LINE#         3106
  C:67F4H         LINE#         3107
  C:67FBH         LINE#         3108
  C:6804H         LINE#         3110
  C:680BH         LINE#         3111
  C:680EH         LINE#         3112
  -------         ENDPROC       FUN_BACK
  -------         PROC          _FUN_START
  X:02A5H         SYMBOL        par_x
  X:02A6H         SYMBOL        par_y
  X:02A7H         SYMBOL        par_ctfx
  X:02A8H         SYMBOL        par_szzt
BL51 BANKED LINKER/LOCATER V6.22                                                      10/29/2015  14:06:04  PAGE 63


  X:02A9H         SYMBOL        par_sjwz
  X:02AAH         SYMBOL        par_pywz
  X:02ABH         SYMBOL        par_hzfx
  C:61AEH         LINE#         3114
  C:61B9H         LINE#         3115
  C:61B9H         LINE#         3116
  C:61BCH         LINE#         3117
  C:61BFH         LINE#         3118
  C:61C1H         LINE#         3119
  C:61C3H         LINE#         3120
  C:61C6H         LINE#         3121
  C:61C9H         LINE#         3122
  C:61CCH         LINE#         3124
  C:61CEH         LINE#         3125
  C:61D0H         LINE#         3126
  C:61D2H         LINE#         3127
  C:61D4H         LINE#         3129
  C:61D7H         LINE#         3130
  C:61D9H         LINE#         3132
  C:61DCH         LINE#         3134
  C:61DFH         LINE#         3135
  C:61E2H         LINE#         3136
  C:61E4H         LINE#         3137
  C:61E6H         LINE#         3138
  C:61EFH         LINE#         3140
  C:61FCH         LINE#         3141
  C:620BH         LINE#         3142
  C:6210H         LINE#         3143
  C:6214H         LINE#         3145
  C:621CH         LINE#         3146
  C:6224H         LINE#         3147
  C:622CH         LINE#         3148
  C:6234H         LINE#         3149
  C:623CH         LINE#         3150
  C:6244H         LINE#         3151
  C:624CH         LINE#         3153
  C:6251H         LINE#         3154
  C:6257H         LINE#         3155
  C:625EH         LINE#         3156
  C:6265H         LINE#         3157
  C:626CH         LINE#         3158
  C:6273H         LINE#         3164
  -------         ENDPROC       _FUN_START
  -------         PROC          FUN_STOP
  C:67A1H         LINE#         3167
  C:67A1H         LINE#         3168
  C:67A3H         LINE#         3169
  C:67A8H         LINE#         3170
  C:67AEH         LINE#         3171
  C:67B5H         LINE#         3172
  C:67BCH         LINE#         3173
  C:67C3H         LINE#         3174
  C:67CAH         LINE#         3175
  C:67E1H         LINE#         3176
  -------         ENDPROC       FUN_STOP
  -------         ENDMOD        8023

BL51 BANKED LINKER/LOCATER V6.22                                                      10/29/2015  14:06:04  PAGE 64


  -------         MODULE        ?C?FPMUL
  C:2A80H         PUBLIC        ?C?FPMUL
  -------         ENDMOD        ?C?FPMUL

  -------         MODULE        ?C?FCAST
  C:2B90H         PUBLIC        ?C?FCASTC
  C:2B8BH         PUBLIC        ?C?FCASTI
  C:2B86H         PUBLIC        ?C?FCASTL
  -------         ENDMOD        ?C?FCAST

  -------         MODULE        ?C?CASTF
  C:2BC4H         PUBLIC        ?C?CASTF
  -------         ENDMOD        ?C?CASTF

  -------         MODULE        PRINTF
  X:02A5H         PUBLIC        ?_PRINTF?BYTE
  X:02A5H         PUBLIC        ?_SPRINTF?BYTE
  C:4146H         PUBLIC        _PRINTF
  C:4140H         PUBLIC        _SPRINTF
  -------         ENDMOD        PRINTF

  -------         MODULE        ?C?FPROUND
  C:2C45H         PUBLIC        ?C?FPROUND
  -------         ENDMOD        ?C?FPROUND

  -------         MODULE        ?C?FPCONVERT
  C:2C82H         PUBLIC        ?C?FPCONVERT
  -------         ENDMOD        ?C?FPCONVERT

  -------         MODULE        ?C?FPADD
  C:2D8EH         PUBLIC        ?C?FPADD
  C:2D8AH         PUBLIC        ?C?FPSUB
  -------         ENDMOD        ?C?FPADD

  -------         MODULE        ?C?FPDIV
  C:2E82H         PUBLIC        ?C?FPDIV
  -------         ENDMOD        ?C?FPDIV

  -------         MODULE        ?C?FTNPWR
  C:2F4FH         PUBLIC        ?C?FTNPWR
  -------         ENDMOD        ?C?FTNPWR

  -------         MODULE        ?C?COPY
  C:305FH         PUBLIC        ?C?COPY
  -------         ENDMOD        ?C?COPY

  -------         MODULE        ?C?CLDPTR
  C:3085H         PUBLIC        ?C?CLDPTR
  -------         ENDMOD        ?C?CLDPTR

  -------         MODULE        ?C?CLDOPTR
  C:309EH         PUBLIC        ?C?CLDOPTR
  -------         ENDMOD        ?C?CLDOPTR

  -------         MODULE        ?C?CILDOPTR
  C:30CBH         PUBLIC        ?C?CILDOPTR
  -------         ENDMOD        ?C?CILDOPTR
BL51 BANKED LINKER/LOCATER V6.22                                                      10/29/2015  14:06:04  PAGE 65



  -------         MODULE        ?C?CSTPTR
  C:30FEH         PUBLIC        ?C?CSTPTR
  -------         ENDMOD        ?C?CSTPTR

  -------         MODULE        ?C?CSTOPTR
  C:3110H         PUBLIC        ?C?CSTOPTR
  -------         ENDMOD        ?C?CSTOPTR

  -------         MODULE        ?C?IMUL
  C:3132H         PUBLIC        ?C?IMUL
  -------         ENDMOD        ?C?IMUL

  -------         MODULE        ?C?UIDIV
  C:3144H         PUBLIC        ?C?UIDIV
  -------         ENDMOD        ?C?UIDIV

  -------         MODULE        ?C?SIDIV
  C:3199H         PUBLIC        ?C?SIDIV
  -------         ENDMOD        ?C?SIDIV

  -------         MODULE        ?C?IILDX
  C:31CFH         PUBLIC        ?C?IILDX
  -------         ENDMOD        ?C?IILDX

  -------         MODULE        ?C?ILDIX
  C:31E5H         PUBLIC        ?C?ILDIX
  -------         ENDMOD        ?C?ILDIX

  -------         MODULE        ?C?ULDIV
  C:3237H         PUBLIC        ?C?ULDIV
  -------         ENDMOD        ?C?ULDIV

  -------         MODULE        ?C?LNEG
  C:32C9H         PUBLIC        ?C?LNEG
  -------         ENDMOD        ?C?LNEG

  -------         MODULE        ?C?ULCMP
  C:32D7H         PUBLIC        ?C?ULCMP
  -------         ENDMOD        ?C?ULCMP

  -------         MODULE        ?C?LSTXDATA
  C:32E8H         PUBLIC        ?C?LSTXDATA
  -------         ENDMOD        ?C?LSTXDATA

  -------         MODULE        ?C?LSTKXDATA
  C:32F4H         PUBLIC        ?C?LSTKXDATA
  -------         ENDMOD        ?C?LSTKXDATA

  -------         MODULE        ?C?OFFXADD
  C:3325H         PUBLIC        ?C?OFFXADD
  -------         ENDMOD        ?C?OFFXADD

  -------         MODULE        ?C?PLDIXDATA
  C:3331H         PUBLIC        ?C?PLDIXDATA
  -------         ENDMOD        ?C?PLDIXDATA

BL51 BANKED LINKER/LOCATER V6.22                                                      10/29/2015  14:06:04  PAGE 66


  -------         MODULE        ?C?PSTXDATA
  C:3348H         PUBLIC        ?C?PSTXDATA
  -------         ENDMOD        ?C?PSTXDATA

  -------         MODULE        ?C?CCASE
  C:3351H         PUBLIC        ?C?CCASE
  -------         ENDMOD        ?C?CCASE

  -------         MODULE        PUTCHAR
  C:6844H         PUBLIC        _PUTCHAR
  -------         ENDMOD        PUTCHAR

  -------         MODULE        CABS
  C:69F1H         PUBLIC        _CABS
  -------         ENDMOD        CABS

  -------         MODULE        ?C?MEMSET
  C:3377H         PUBLIC        ?C?MEMSET
  -------         ENDMOD        ?C?MEMSET

Program Size: data=35.1 xdata=874 code=27133
LINK/LOCATE RUN COMPLETE.  0 WARNING(S),  0 ERROR(S)
