BL51 BANKED LINKER/LOCATER V6.22                                                        09/29/2015  14:55:10  PAGE 1


BL51 BANKED LINKER/LOCATER V6.22, INVOKED BY:
D:\MYPROGRAM\KEIL\C51\BIN\BL51.EXE STARTUP.obj, perfect.obj, ..\8023.LIB TO perfect RAMSIZE (256) DISABLEWARNING (16)


MEMORY MODEL: SMALL WITH FLOATING POINT ARITHMETIC


INPUT MODULES INCLUDED:
  STARTUP.obj (?C_STARTUP)
  perfect.obj (PERFECT)
  ..\8023.LIB (8023)
  D:\MYPROGRAM\KEIL\C51\LIB\C51FPS.LIB (?C?FPMUL)
  D:\MYPROGRAM\KEIL\C51\LIB\C51FPS.LIB (?C?FCAST)
  D:\MYPROGRAM\KEIL\C51\LIB\C51FPS.LIB (?C?CASTF)
  D:\MYPROGRAM\KEIL\C51\LIB\C51FPS.LIB (PRINTF)
  D:\MYPROGRAM\KEIL\C51\LIB\C51FPS.LIB (?C?FPGETOPN)
  D:\MYPROGRAM\KEIL\C51\LIB\C51FPS.LIB (?C?FPROUND)
  D:\MYPROGRAM\KEIL\C51\LIB\C51FPS.LIB (?C?FPCONVERT)
  D:\MYPROGRAM\KEIL\C51\LIB\C51FPS.LIB (?C?FPADD)
  D:\MYPROGRAM\KEIL\C51\LIB\C51FPS.LIB (?C?FPDIV)
  D:\MYPROGRAM\KEIL\C51\LIB\C51FPS.LIB (?C?FTNPWR)
  D:\MYPROGRAM\KEIL\C51\LIB\C51S.LIB (?C_INIT)
  D:\MYPROGRAM\KEIL\C51\LIB\C51S.LIB (?C?CLDPTR)
  D:\MYPROGRAM\KEIL\C51\LIB\C51S.LIB (?C?CLDOPTR)
  D:\MYPROGRAM\KEIL\C51\LIB\C51S.LIB (?C?CILDOPTR)
  D:\MYPROGRAM\KEIL\C51\LIB\C51S.LIB (?C?CSTPTR)
  D:\MYPROGRAM\KEIL\C51\LIB\C51S.LIB (?C?IMUL)
  D:\MYPROGRAM\KEIL\C51\LIB\C51S.LIB (?C?UIDIV)
  D:\MYPROGRAM\KEIL\C51\LIB\C51S.LIB (?C?IILDX)
  D:\MYPROGRAM\KEIL\C51\LIB\C51S.LIB (?C?ULDIV)
  D:\MYPROGRAM\KEIL\C51\LIB\C51S.LIB (?C?LNEG)
  D:\MYPROGRAM\KEIL\C51\LIB\C51S.LIB (?C?ULCMP)
  D:\MYPROGRAM\KEIL\C51\LIB\C51S.LIB (?C?LSTXDATA)
  D:\MYPROGRAM\KEIL\C51\LIB\C51S.LIB (?C?LSTKXDATA)
  D:\MYPROGRAM\KEIL\C51\LIB\C51S.LIB (?C?PLDIIDATA)
  D:\MYPROGRAM\KEIL\C51\LIB\C51S.LIB (?C?CCASE)
  D:\MYPROGRAM\KEIL\C51\LIB\C51S.LIB (PUTCHAR)
  D:\MYPROGRAM\KEIL\C51\LIB\C51S.LIB (CABS)
  D:\MYPROGRAM\KEIL\C51\LIB\C51S.LIB (?C?MEMSET)


LINK MAP OF MODULE:  perfect (?C_STARTUP)


            TYPE    BASE      LENGTH    RELOCATION   SEGMENT NAME
            -----------------------------------------------------

            * * * * * * *   D A T A   M E M O R Y   * * * * * * *
            REG     0000H     0008H     ABSOLUTE     "REG BANK 0"
            REG     0008H     0008H     ABSOLUTE     "REG BANK 1"
            DATA    0010H     000FH     UNIT         _DATA_GROUP_
            DATA    001FH     0001H     UNIT         ?DT?_FUN_SZ1?8023
            BIT     0020H.0   0001H.1   UNIT         ?BI?PRINTF?PRINTF
                    0021H.1   0000H.7                *** GAP ***
            DATA    0022H     001CH     UNIT         ?DT?PRINTF?PRINTF
            DATA    003EH     0013H     UNIT         ?DT?_FUN_MIN?8023
            DATA    0051H     0008H     UNIT         ?DT?_FUN_ZDZJ?8023
            DATA    0059H     0008H     UNIT         ?DT?_FUN_NAJIAN?8023
BL51 BANKED LINKER/LOCATER V6.22                                                      09/29/2015  14:55:10  PAGE 2


            DATA    0061H     0005H     UNIT         ?DT?8023
            DATA    0066H     0005H     UNIT         ?DT?_FUN_FOLLINE?8023
            DATA    006BH     0004H     UNIT         ?DT?FUN_CALIBRATION?8023
            DATA    006FH     0003H     UNIT         ?DT?_FUN_QC?8023
            DATA    0072H     0002H     UNIT         ?DT?_FUN_PYHZ2?8023
            DATA    0074H     0002H     UNIT         ?DT?_FUN_ZJZT?8023
            DATA    0076H     0001H     UNIT         ?DT?_FUN_PY1?8023
            DATA    0077H     0001H     UNIT         ?DT?_FUN_SJ1?8023
            DATA    0078H     0001H     UNIT         ?DT?_FUN_HZ1?8023
            DATA    0079H     0001H     UNIT         ?DT?_FUN_TURN?8023
            IDATA   007AH     0001H     UNIT         ?STACK

            * * * * * * *  X D A T A   M E M O R Y  * * * * * * *
            XDATA   0000H     0096H     UNIT         ?XD?8023
            XDATA   0096H     0059H     UNIT         ?XD?_FUN_ZDZJ?8023
            XDATA   00EFH     0001H     UNIT         ?XD?_FUN_NAJIAN?8023

            * * * * * * *   C O D E   M E M O R Y   * * * * * * *
            CODE    0000H     0003H     ABSOLUTE     
            CODE    0003H     0003H     ABSOLUTE     
            CODE    0006H     0001H     UNIT         ?PR?INT0INTERRUPT?PERFECT
            CODE    0007H     0001H     UNIT         ?PR?FUN_COORDINATE?8023
                    0008H     0003H                  *** GAP ***
            CODE    000BH     0003H     ABSOLUTE     
            CODE    000EH     000DH     UNIT         ?PR?FUN_STOPE2PROM?8023
            CODE    001BH     0003H     ABSOLUTE     
            CODE    001EH     0FFAH     UNIT         ?PR?_FUN_ZDZJ?8023
            CODE    1018H     0793H     UNIT         ?C?LIB_CODE
            CODE    17ABH     069DH     UNIT         ?PR?_FUN_NAJIAN?8023
            CODE    1E48H     04E9H     UNIT         ?PR?FUN_TIMERMOVE?8023
            CODE    2331H     046FH     UNIT         ?PR?PRINTF?PRINTF
            CODE    27A0H     023BH     UNIT         ?PR?_FUN_PYHZ2?8023
            CODE    29DBH     01FDH     UNIT         ?PR?_FUN_MOTORS?8023
            CODE    2BD8H     0189H     UNIT         ?PR?_FUN_QC?8023
            CODE    2D61H     0180H     UNIT         ?PR?_FUN_FOLLINE?8023
            CODE    2EE1H     0176H     UNIT         ?PR?_FUN_ZJZT?8023
            CODE    3057H     016AH     UNIT         ?PR?FUN_CALIBRATION?8023
            CODE    31C1H     0158H     UNIT         ?PR?_FUN_HZ1?8023
            CODE    3319H     0144H     UNIT         ?PR?_FUN_SJ1?8023
            CODE    345DH     011CH     UNIT         ?PR?FUN_TEST?8023
            CODE    3579H     0115H     UNIT         ?PR?_FUN_PY1?8023
            CODE    368EH     0107H     UNIT         ?PR?_FUN_MOTORSRL?8023
            CODE    3795H     00ABH     UNIT         ?PR?FUN_ZHUAJIAN?8023
            CODE    3840H     009DH     UNIT         ?PR?FUN_JTJP?8023
            CODE    38DDH     008CH     UNIT         ?C_C51STARTUP
            CODE    3969H     0077H     UNIT         ?PR?_FUN_TURN?8023
            CODE    39E0H     0071H     UNIT         ?PR?_FUN_START?8023
            CODE    3A51H     0068H     UNIT         ?PR?_FUN_DELAY?8023
            CODE    3AB9H     0060H     UNIT         ?PR?_FUN_MIN?8023
            CODE    3B19H     0040H     UNIT         ?PR?MAIN?PERFECT
            CODE    3B59H     003DH     UNIT         ?PR?FUN_STOP?8023
            CODE    3B96H     003CH     UNIT         ?PR?_FUN_SZ1?8023
            CODE    3BD2H     0031H     UNIT         ?PR?FUN_BACK?8023
            CODE    3C03H     0031H     UNIT         ?C_INITSEG
            CODE    3C34H     0027H     UNIT         ?PR?PUTCHAR?PUTCHAR
            CODE    3C5BH     0026H     UNIT         ?PR?FUN_TIMER0?8023
            CODE    3C81H     001FH     UNIT         ?PR?_FUN_READE2PROM?8023
BL51 BANKED LINKER/LOCATER V6.22                                                      09/29/2015  14:55:10  PAGE 3


            CODE    3CA0H     001EH     UNIT         ?PR?_FUN_WRITEE2PROM?8023
            CODE    3CBEH     001CH     UNIT         ?PR?_FUN_CLEANE2PROM?8023
            CODE    3CDAH     001BH     UNIT         ?PR?TIMER0INTERRUPT?PERFECT
            CODE    3CF5H     001BH     UNIT         ?PR?TIMER1INTERRUPT?PERFECT
            CODE    3D10H     001AH     UNIT         ?PR?_FUN_PWMR?8023
            CODE    3D2AH     001AH     UNIT         ?PR?_FUN_PWML?8023
            CODE    3D44H     0018H     UNIT         ?PR?FUN_WAIT?8023
            CODE    3D5CH     0016H     UNIT         ?PR?FUN_TIMER0INIT?8023
            CODE    3D72H     0016H     UNIT         ?PR?FUN_TIMER1INIT?8023
            CODE    3D88H     0013H     UNIT         ?PR?FUN_PORT?8023
            CODE    3D9BH     000BH     UNIT         ?PR?FUN_PWMINIT?8023
            CODE    3DA6H     0009H     UNIT         ?CO?8023
            CODE    3DAFH     0008H     UNIT         ?PR?_CABS?CABS
            CODE    3DB7H     0007H     UNIT         ?PR?FUN_TIMER1?8023



OVERLAY MAP OF MODULE:   perfect (?C_STARTUP)


SEGMENT                               DATA_GROUP 
  +--> CALLED SEGMENT               START    LENGTH
---------------------------------------------------
?C_C51STARTUP                       -----    -----
  +--> ?PR?MAIN?PERFECT
  +--> ?C_INITSEG

?PR?MAIN?PERFECT                    -----    -----
  +--> ?PR?_FUN_START?8023

?PR?_FUN_START?8023                 0010H    0007H
  +--> ?PR?FUN_PWMINIT?8023
  +--> ?PR?FUN_TIMER0INIT?8023
  +--> ?PR?FUN_TIMER1INIT?8023
  +--> ?PR?_FUN_MOTORS?8023
  +--> ?PR?FUN_WAIT?8023

?PR?_FUN_MOTORS?8023                0017H    0001H
  +--> ?PR?_CABS?CABS
  +--> ?PR?_FUN_PWML?8023
  +--> ?PR?_FUN_PWMR?8023

?PR?FUN_WAIT?8023                   -----    -----
  +--> ?PR?_FUN_DELAY?8023

?PR?_FUN_DELAY?8023                 0017H    0003H

*** NEW ROOT ***************************************************

?PR?TIMER0INTERRUPT?PERFECT         -----    -----
  +--> ?PR?FUN_TIMER0?8023

?PR?FUN_TIMER0?8023                 -----    -----
  +--> ?PR?FUN_TIMERMOVE?8023

?PR?FUN_TIMERMOVE?8023              001AH    0004H
  +--> ?PR?_FUN_MOTORSRL?8023
BL51 BANKED LINKER/LOCATER V6.22                                                      09/29/2015  14:55:10  PAGE 4



?PR?_FUN_MOTORSRL?8023              001EH    0001H
  +--> ?PR?_CABS?CABS
  +--> ?PR?_FUN_PWML?8023
  +--> ?PR?_FUN_PWMR?8023

*** NEW ROOT ***************************************************

?PR?TIMER1INTERRUPT?PERFECT         -----    -----
  +--> ?PR?FUN_TIMER1?8023



SYMBOL TABLE OF MODULE:  perfect (?C_STARTUP)

  VALUE           TYPE          NAME
  ----------------------------------

  -------         MODULE        ?C_STARTUP
  C:38DDH         SEGMENT       ?C_C51STARTUP
  I:007AH         SEGMENT       ?STACK
  C:0000H         PUBLIC        ?C_STARTUP
  D:00E0H         SYMBOL        ACC
  D:00F0H         SYMBOL        B
  D:0083H         SYMBOL        DPH
  D:0082H         SYMBOL        DPL
  N:0000H         SYMBOL        IBPSTACK
  N:0100H         SYMBOL        IBPSTACKTOP
  N:0080H         SYMBOL        IDATALEN
  C:38E0H         SYMBOL        IDATALOOP
  N:0000H         SYMBOL        PBPSTACK
  N:0100H         SYMBOL        PBPSTACKTOP
  N:0000H         SYMBOL        PDATALEN
  N:0000H         SYMBOL        PDATASTART
  N:0000H         SYMBOL        PPAGE
  N:0000H         SYMBOL        PPAGEENABLE
  D:00A0H         SYMBOL        PPAGE_SFR
  D:0081H         SYMBOL        SP
  C:38DDH         SYMBOL        STARTUP1
  N:0000H         SYMBOL        XBPSTACK
  N:0000H         SYMBOL        XBPSTACKTOP
  N:0000H         SYMBOL        XDATALEN
  N:0000H         SYMBOL        XDATASTART
  C:0000H         LINE#         126
  C:38DDH         LINE#         133
  C:38DFH         LINE#         134
  C:38E0H         LINE#         135
  C:38E1H         LINE#         136
  C:38E3H         LINE#         185
  C:38E6H         LINE#         196
  -------         ENDMOD        ?C_STARTUP

  -------         MODULE        PERFECT
  C:0000H         SYMBOL        _ICE_DUMMY_
  D:0080H         PUBLIC        P0
  D:0090H         PUBLIC        P1
  D:00A0H         PUBLIC        P2
BL51 BANKED LINKER/LOCATER V6.22                                                      09/29/2015  14:55:10  PAGE 5


  D:00B0H         PUBLIC        P3
  D:00C0H         PUBLIC        P4
  D:00C8H         PUBLIC        P5
  C:3CDAH         PUBLIC        Timer0Interrupt
  C:3CF5H         PUBLIC        Timer1Interrupt
  D:00A8H         PUBLIC        IE
  D:00B8H         PUBLIC        IP
  D:00D8H         PUBLIC        CCON
  C:3B19H         PUBLIC        main
  C:0006H         PUBLIC        Int0Interrupt
  D:0098H         PUBLIC        SCON
  D:0088H         PUBLIC        TCON
  D:00D0H         PUBLIC        PSW
  -------         PROC          MAIN
  C:3B19H         LINE#         26
  C:3B19H         LINE#         27
  C:3B2DH         LINE#         44
  C:3B33H         LINE#         45
  C:3B37H         LINE#         47
  C:3B3DH         LINE#         48
  C:3B4BH         LINE#         49
  C:3B4FH         LINE#         50
  C:3B51H         LINE#         51
  C:3B53H         LINE#         52
  C:3B57H         LINE#         54
  -------         ENDPROC       MAIN
  -------         PROC          INT0INTERRUPT
  C:0006H         LINE#         300
  C:0006H         LINE#         302
  -------         ENDPROC       INT0INTERRUPT
  -------         PROC          TIMER0INTERRUPT
  C:3CDAH         LINE#         303
  C:3CE7H         LINE#         304
  C:3CEAH         LINE#         305
  -------         ENDPROC       TIMER0INTERRUPT
  -------         PROC          TIMER1INTERRUPT
  C:3CF5H         LINE#         306
  C:3D02H         LINE#         307
  C:3D05H         LINE#         308
  -------         ENDPROC       TIMER1INTERRUPT
  -------         ENDMOD        PERFECT

  -------         MODULE        8023
  C:0000H         SYMBOL        _ICE_DUMMY_
  D:0092H         PUBLIC        P1M0
  D:0093H         PUBLIC        P0M1
  C:2EE6H         PUBLIC        _fun_zjzt
  C:2BD8H         PUBLIC        _fun_qc
  C:3C5BH         PUBLIC        fun_timer0
  D:0096H         PUBLIC        P2M0
  D:0091H         PUBLIC        P1M1
  D:0080H         PUBLIC        P0
  C:3DB7H         PUBLIC        fun_timer1
  D:0095H         PUBLIC        P2M1
  D:0090H         PUBLIC        P1
  D:00A0H         PUBLIC        P2
  X:0000H         PUBLIC        str_tfl
BL51 BANKED LINKER/LOCATER V6.22                                                      09/29/2015  14:55:10  PAGE 6


  B:0090H.2       PUBLIC        out_pwmr
  D:00B0H         PUBLIC        P3
  D:00C0H         PUBLIC        P4
  D:00C8H         PUBLIC        P5
  B:00A8H.7       PUBLIC        EA
  C:1E48H         PUBLIC        fun_timermove
  C:3795H         PUBLIC        fun_zhuajian
  C:3CBEH         PUBLIC        _fun_cleane2prom
  B:00B0H.6       PUBLIC        in_hpy
  D:00F9H         PUBLIC        CH
  D:00A8H         PUBLIC        IE
  D:00E9H         PUBLIC        CL
  D:00C5H         PUBLIC        IAP_CMD
  X:004CH         PUBLIC        str_now
  D:00FAH         PUBLIC        CCAP0H
  D:00FBH         PUBLIC        CCAP1H
  B:00B0H.5       PUBLIC        in_qpy
  D:00EAH         PUBLIC        CCAP0L
  B:00D8H.6       PUBLIC        CR
  D:00EBH         PUBLIC        CCAP1L
  D:00DAH         PUBLIC        CCAPM0
  D:00DBH         PUBLIC        CCAPM1
  C:2D61H         PUBLIC        _fun_folline
  D:00B8H         PUBLIC        IP
  B:00A0H.5       PUBLIC        in_hz
  D:0097H         PUBLIC        CLK_DIV
  C:17ABH         PUBLIC        _fun_najian
  D:00C3H         PUBLIC        IAP_ADDRH
  B:00B0H.4       PUBLIC        in_j
  C:3C81H         PUBLIC        _fun_reade2prom
  D:00C4H         PUBLIC        IAP_ADDRL
  D:00D9H         PUBLIC        CMOD
  D:00D8H         PUBLIC        CCON
  C:27A4H         PUBLIC        _fun_pyhz2
  B:00B0H.3       PUBLIC        in_s
  B:00A0H.0       PUBLIC        out_dir1
  B:00A0H.2       PUBLIC        out_dir2
  D:0087H         PUBLIC        PCON
  C:3CA0H         PUBLIC        _fun_writee2prom
  C:3697H         PUBLIC        _fun_motorsrl
  D:0098H         PUBLIC        SCON
  D:0089H         PUBLIC        TMOD
  D:0088H         PUBLIC        TCON
  C:3D5CH         PUBLIC        fun_timer0init
  C:3D9BH         PUBLIC        fun_pwminit
  C:3D72H         PUBLIC        fun_timer1init
  C:3319H         PUBLIC        _fun_sj1
  C:3057H         PUBLIC        fun_calibration
  C:3A57H         PUBLIC        _fun_delay
  C:3BD2H         PUBLIC        fun_back
  C:31C1H         PUBLIC        _fun_hz1
  B:00A0H.1       PUBLIC        out_en1
  B:00A0H.3       PUBLIC        out_en2
  D:008EH         PUBLIC        AUXR
  X:0059H         PUBLIC        str_begin
  D:00C7H         PUBLIC        IAP_CONTR
  C:3579H         PUBLIC        _fun_py1
BL51 BANKED LINKER/LOCATER V6.22                                                      09/29/2015  14:55:10  PAGE 7


  B:0080H.7       PUBLIC        in_ls1
  B:00A8H.1       PUBLIC        ET0
  C:3B96H         PUBLIC        _fun_sz1
  B:0080H.6       PUBLIC        in_ls2
  B:0088H.5       PUBLIC        TF0
  B:00A8H.3       PUBLIC        ET1
  B:0080H.5       PUBLIC        in_ls3
  B:0088H.7       PUBLIC        TF1
  B:0080H.4       PUBLIC        in_ls4
  D:008CH         PUBLIC        TH0
  C:000EH         PUBLIC        fun_stope2prom
  B:0080H.3       PUBLIC        in_ls5
  D:008DH         PUBLIC        TH1
  B:0080H.2       PUBLIC        in_ls6
  D:0062H         PUBLIC        var_timer
  B:0080H.1       PUBLIC        in_ls7
  B:0080H.0       PUBLIC        in_ls8
  D:008AH         PUBLIC        TL0
  D:008BH         PUBLIC        TL1
  C:29DFH         PUBLIC        _fun_motors
  B:0090H.6       PUBLIC        out_switchselect
  D:00C2H         PUBLIC        IAP_DATA
  B:0088H.4       PUBLIC        TR0
  B:0088H.6       PUBLIC        TR1
  C:0007H         PUBLIC        fun_coordinate
  D:00F2H         PUBLIC        PCA_PWM0
  B:00A0H.4       PUBLIC        in_wz1
  D:00F3H         PUBLIC        PCA_PWM1
  C:39E0H         PUBLIC        _fun_start
  B:00A0H.5       PUBLIC        in_wz2
  B:00A0H.6       PUBLIC        in_wz3
  B:00A0H.7       PUBLIC        in_wz4
  B:00A0H.4       PUBLIC        in_wz5
  C:3D44H         PUBLIC        fun_wait
  C:3840H         PUBLIC        fun_jtjp
  D:009CH         PUBLIC        BRT
  B:00B0H.2       PUBLIC        in_start
  C:345DH         PUBLIC        fun_test
  C:3D2AH         PUBLIC        _fun_pwml
  C:001EH         PUBLIC        _fun_zdzj
  C:3ADFH         PUBLIC        _fun_min
  C:3D88H         PUBLIC        fun_port
  X:0066H         PUBLIC        str_cod
  D:00C6H         PUBLIC        IAP_TRIG
  C:3B59H         PUBLIC        fun_stop
  C:3D10H         PUBLIC        _fun_pwmr
  B:0090H.7       PUBLIC        out_motorselect
  C:3969H         PUBLIC        _fun_turn
  D:00D0H         PUBLIC        PSW
  X:0089H         PUBLIC        str_next
  B:0090H.5       PUBLIC        out_pwml
  D:0094H         PUBLIC        P0M0
  C:3A51H         SYMBOL        L?0993
  C:3A53H         SYMBOL        L?0994
  -------         PROC          L?0992
  -------         ENDPROC       L?0992
  C:3A51H         SYMBOL        L?0993
BL51 BANKED LINKER/LOCATER V6.22                                                      09/29/2015  14:55:10  PAGE 8


  C:3A53H         SYMBOL        L?0994
  -------         PROC          _FUN_DELAY
  D:0006H         SYMBOL        par_value
  D:0005H         SYMBOL        par_model
  -------         DO            
  D:0006H         SYMBOL        loc_con
  -------         DO            
  D:0017H         SYMBOL        loc_i
  D:0018H         SYMBOL        loc_j
  D:0017H         SYMBOL        loc_i
  D:0018H         SYMBOL        loc_j
  D:0019H         SYMBOL        loc_k
  -------         ENDDO         
  -------         DO            
  D:0017H         SYMBOL        loc_i
  D:0018H         SYMBOL        loc_j
  D:0019H         SYMBOL        loc_k
  -------         ENDDO         
  -------         ENDDO         
  C:3A57H         LINE#         29
  C:3A57H         LINE#         30
  C:3A57H         LINE#         31
  C:3A63H         LINE#         32
  C:3A63H         LINE#         36
  C:3A72H         LINE#         37
  C:3A73H         LINE#         38
  C:3A74H         LINE#         39
  C:3A76H         LINE#         42
  C:3A76H         LINE#         46
  C:3A85H         LINE#         48
  C:3A86H         LINE#         49
  C:3A87H         LINE#         50
  C:3A8AH         LINE#         51
  C:3A8DH         LINE#         52
  C:3A8DH         LINE#         53
  C:3A90H         LINE#         54
  C:3A93H         LINE#         55
  C:3A95H         LINE#         58
  C:3A95H         LINE#         62
  C:3AA4H         LINE#         64
  C:3AA7H         LINE#         65
  C:3AAAH         LINE#         66
  C:3AADH         LINE#         67
  C:3AADH         LINE#         68
  C:3AADH         LINE#         69
  C:3AB0H         LINE#         70
  C:3AB3H         LINE#         71
  C:3AB6H         LINE#         72
  C:3AB8H         LINE#         75
  C:3AB8H         LINE#         76
  C:3AB8H         LINE#         77
  -------         ENDPROC       _FUN_DELAY
  -------         PROC          FUN_TIMER0INIT
  C:3D5CH         LINE#         78
  C:3D5CH         LINE#         82
  C:3D5FH         LINE#         83
  C:3D62H         LINE#         84
BL51 BANKED LINKER/LOCATER V6.22                                                      09/29/2015  14:55:10  PAGE 9


  C:3D65H         LINE#         85
  C:3D68H         LINE#         86
  C:3D6BH         LINE#         87
  C:3D6DH         LINE#         88
  C:3D6FH         LINE#         89
  C:3D71H         LINE#         90
  -------         ENDPROC       FUN_TIMER0INIT
  -------         PROC          FUN_TIMER1INIT
  C:3D72H         LINE#         91
  C:3D72H         LINE#         95
  C:3D75H         LINE#         96
  C:3D78H         LINE#         97
  C:3D7BH         LINE#         98
  C:3D7EH         LINE#         99
  C:3D81H         LINE#         100
  C:3D83H         LINE#         101
  C:3D85H         LINE#         102
  C:3D87H         LINE#         103
  -------         ENDPROC       FUN_TIMER1INIT
  -------         PROC          FUN_TIMER0
  C:3C5BH         LINE#         104
  C:3C5BH         LINE#         105
  C:3C5EH         LINE#         106
  C:3C61H         LINE#         107
  C:3C76H         LINE#         108
  C:3C7DH         LINE#         109
  C:3C80H         LINE#         110
  -------         ENDPROC       FUN_TIMER0
  -------         PROC          FUN_TIMER1
  C:3DB7H         LINE#         111
  C:3DB7H         LINE#         112
  C:3DBAH         LINE#         113
  C:3DBDH         LINE#         114
  -------         ENDPROC       FUN_TIMER1
  -------         PROC          FUN_WAIT
  C:3D44H         LINE#         115
  C:3D44H         LINE#         119
  C:3D47H         LINE#         120
  C:3D50H         LINE#         121
  C:3D53H         LINE#         122
  -------         ENDPROC       FUN_WAIT
  -------         PROC          FUN_PWMINIT
  C:3D9BH         LINE#         125
  C:3D9BH         LINE#         129
  C:3D9EH         LINE#         130
  C:3DA0H         LINE#         131
  C:3DA2H         LINE#         132
  C:3DA5H         LINE#         133
  -------         ENDPROC       FUN_PWMINIT
  -------         PROC          _FUN_PWMR
  D:0007H         SYMBOL        par_value
  C:3D10H         LINE#         134
  C:3D10H         LINE#         135
  C:3D23H         LINE#         136
  C:3D26H         LINE#         137
  C:3D29H         LINE#         138
  -------         ENDPROC       _FUN_PWMR
BL51 BANKED LINKER/LOCATER V6.22                                                      09/29/2015  14:55:10  PAGE 10


  -------         PROC          _FUN_PWML
  D:0007H         SYMBOL        par_value
  C:3D2AH         LINE#         139
  C:3D2AH         LINE#         140
  C:3D3DH         LINE#         141
  C:3D40H         LINE#         142
  C:3D43H         LINE#         143
  -------         ENDPROC       _FUN_PWML
  C:29DBH         SYMBOL        L?0996
  -------         PROC          L?0995
  -------         ENDPROC       L?0995
  C:29DBH         SYMBOL        L?0996
  -------         PROC          _FUN_MOTORS
  D:0007H         SYMBOL        par_model
  D:0017H         SYMBOL        par_speed
  C:29DFH         LINE#         144
  C:29E1H         LINE#         145
  C:29EAH         LINE#         146
  C:29EFH         LINE#         147
  C:29F8H         LINE#         148
  C:29FBH         LINE#         149
  C:2A29H         LINE#         150
  C:2A29H         LINE#         151
  C:2A31H         LINE#         154
  C:2A37H         LINE#         155
  C:2A3BH         LINE#         156
  C:2A3BH         LINE#         157
  C:2A3EH         LINE#         158
  C:2A47H         LINE#         159
  C:2A4BH         LINE#         160
  C:2A4DH         LINE#         161
  C:2A59H         LINE#         162
  C:2A65H         LINE#         163
  C:2A65H         LINE#         164
  C:2A66H         LINE#         165
  C:2A66H         LINE#         166
  C:2A6EH         LINE#         169
  C:2A74H         LINE#         170
  C:2A78H         LINE#         171
  C:2A79H         LINE#         172
  C:2A7BH         LINE#         173
  C:2A84H         LINE#         174
  C:2A88H         LINE#         175
  C:2A8AH         LINE#         176
  C:2A96H         LINE#         177
  C:2A98H         LINE#         178
  C:2A98H         LINE#         179
  C:2A9AH         LINE#         180
  C:2A9AH         LINE#         181
  C:2AA7H         LINE#         184
  C:2AB2H         LINE#         185
  C:2AB6H         LINE#         186
  C:2AB8H         LINE#         187
  C:2ABEH         LINE#         188
  C:2AC5H         LINE#         189
  C:2AC6H         LINE#         190
  C:2ACFH         LINE#         191
BL51 BANKED LINKER/LOCATER V6.22                                                      09/29/2015  14:55:10  PAGE 11


  C:2AD1H         LINE#         192
  C:2AD8H         LINE#         193
  C:2ADFH         LINE#         194
  C:2AE0H         LINE#         195
  C:2AECH         LINE#         196
  C:2AEEH         LINE#         197
  C:2AF8H         LINE#         198
  C:2B02H         LINE#         199
  C:2B02H         LINE#         200
  C:2B03H         LINE#         201
  C:2B03H         LINE#         202
  C:2B0BH         LINE#         205
  C:2B11H         LINE#         206
  C:2B15H         LINE#         207
  C:2B17H         LINE#         208
  C:2B19H         LINE#         209
  C:2B22H         LINE#         210
  C:2B24H         LINE#         211
  C:2B26H         LINE#         212
  C:2B32H         LINE#         213
  C:2B34H         LINE#         214
  C:2B34H         LINE#         215
  C:2B36H         LINE#         216
  C:2B36H         LINE#         217
  C:2B3EH         LINE#         220
  C:2B44H         LINE#         221
  C:2B48H         LINE#         222
  C:2B4AH         LINE#         223
  C:2B4CH         LINE#         224
  C:2B55H         LINE#         225
  C:2B57H         LINE#         226
  C:2B59H         LINE#         227
  C:2B62H         LINE#         228
  C:2B64H         LINE#         229
  C:2B64H         LINE#         230
  C:2B66H         LINE#         231
  C:2B66H         LINE#         232
  C:2B6EH         LINE#         235
  C:2B74H         LINE#         236
  C:2B78H         LINE#         237
  C:2B7EH         LINE#         238
  C:2B7FH         LINE#         239
  C:2B88H         LINE#         240
  C:2B8EH         LINE#         241
  C:2B8FH         LINE#         242
  C:2B98H         LINE#         243
  C:2B9EH         LINE#         244
  C:2B9EH         LINE#         245
  C:2B9FH         LINE#         246
  C:2B9FH         LINE#         247
  C:2BA7H         LINE#         250
  C:2BADH         LINE#         251
  C:2BB1H         LINE#         252
  C:2BB7H         LINE#         253
  C:2BB8H         LINE#         254
  C:2BC1H         LINE#         255
  C:2BC7H         LINE#         256
BL51 BANKED LINKER/LOCATER V6.22                                                      09/29/2015  14:55:10  PAGE 12


  C:2BC8H         LINE#         257
  C:2BD1H         LINE#         258
  C:2BD7H         LINE#         259
  C:2BD7H         LINE#         260
  C:2BD7H         LINE#         261
  C:2BD7H         LINE#         262
  C:2BD7H         LINE#         263
  C:2BD7H         LINE#         264
  -------         ENDPROC       _FUN_MOTORS
  -------         PROC          L?1002
  -------         ENDPROC       L?1002
  -------         PROC          _FUN_MOTORSRL
  D:0007H         SYMBOL        par_model
  D:001EH         SYMBOL        par_speed
  C:3697H         LINE#         265
  C:3699H         LINE#         266
  C:36A2H         LINE#         267
  C:36A7H         LINE#         268
  C:36B0H         LINE#         269
  C:36B3H         LINE#         270
  C:36C2H         LINE#         271
  C:36C2H         LINE#         272
  C:36CAH         LINE#         275
  C:36D0H         LINE#         276
  C:36D4H         LINE#         277
  C:36D4H         LINE#         278
  C:36D6H         LINE#         279
  C:36DFH         LINE#         280
  C:36E3H         LINE#         281
  C:36E5H         LINE#         282
  C:36F1H         LINE#         283
  C:36FDH         LINE#         284
  C:36FDH         LINE#         285
  C:36FEH         LINE#         286
  C:36FEH         LINE#         287
  C:3706H         LINE#         290
  C:370CH         LINE#         291
  C:3710H         LINE#         292
  C:3711H         LINE#         293
  C:3713H         LINE#         294
  C:371CH         LINE#         295
  C:3720H         LINE#         296
  C:3722H         LINE#         297
  C:372BH         LINE#         298
  C:372DH         LINE#         299
  C:372DH         LINE#         300
  C:372FH         LINE#         301
  C:372FH         LINE#         302
  C:373CH         LINE#         305
  C:3747H         LINE#         306
  C:374BH         LINE#         307
  C:374DH         LINE#         308
  C:3753H         LINE#         309
  C:375AH         LINE#         310
  C:375BH         LINE#         311
  C:3764H         LINE#         312
  C:3766H         LINE#         313
BL51 BANKED LINKER/LOCATER V6.22                                                      09/29/2015  14:55:10  PAGE 13


  C:376DH         LINE#         314
  C:3774H         LINE#         315
  C:3775H         LINE#         316
  C:377EH         LINE#         317
  C:3780H         LINE#         318
  C:378AH         LINE#         319
  C:3794H         LINE#         320
  C:3794H         LINE#         321
  C:3794H         LINE#         322
  C:3794H         LINE#         323
  C:3794H         LINE#         324
  C:3794H         LINE#         325
  -------         ENDPROC       _FUN_MOTORSRL
  -------         PROC          _FUN_SZ1
  D:001FH         SYMBOL        par_model
  C:3B96H         LINE#         326
  C:3B98H         LINE#         327
  C:3BA0H         LINE#         329
  C:3BA5H         LINE#         333
  C:3BACH         LINE#         334
  C:3BB1H         LINE#         337
  C:3BB1H         LINE#         341
  C:3BB8H         LINE#         342
  C:3BBBH         LINE#         344
  C:3BBBH         LINE#         345
  C:3BC4H         LINE#         346
  C:3BCBH         LINE#         347
  C:3BD1H         LINE#         348
  -------         ENDPROC       _FUN_SZ1
  -------         PROC          _FUN_PY1
  D:0076H         SYMBOL        par_model
  C:3579H         LINE#         349
  C:357BH         LINE#         350
  C:3586H         LINE#         352
  C:35A2H         LINE#         353
  C:35A2H         LINE#         357
  C:35A5H         LINE#         358
  C:35A8H         LINE#         359
  C:35A8H         LINE#         361
  C:35ABH         LINE#         362
  C:35ABH         LINE#         366
  C:35C0H         LINE#         367
  C:35C0H         LINE#         368
  C:35C7H         LINE#         369
  C:35CAH         LINE#         370
  C:35CDH         LINE#         371
  C:35CDH         LINE#         372
  C:35D0H         LINE#         373
  C:35D3H         LINE#         374
  C:35D6H         LINE#         375
  C:35D6H         LINE#         376
  C:35D9H         LINE#         377
  C:35DCH         LINE#         378
  C:35DFH         LINE#         379
  C:35DFH         LINE#         380
  C:35E2H         LINE#         381
  C:35E5H         LINE#         382
BL51 BANKED LINKER/LOCATER V6.22                                                      09/29/2015  14:55:10  PAGE 14


  C:35E8H         LINE#         383
  C:35E8H         LINE#         385
  C:35E8H         LINE#         386
  C:35E8H         LINE#         390
  C:35FEH         LINE#         391
  C:35FEH         LINE#         392
  C:3605H         LINE#         393
  C:3608H         LINE#         394
  C:360AH         LINE#         395
  C:360AH         LINE#         396
  C:3611H         LINE#         397
  C:3614H         LINE#         398
  C:3616H         LINE#         399
  C:3616H         LINE#         400
  C:3619H         LINE#         401
  C:361CH         LINE#         402
  C:361EH         LINE#         403
  C:361EH         LINE#         404
  C:3621H         LINE#         405
  C:3624H         LINE#         406
  C:3626H         LINE#         407
  C:3626H         LINE#         409
  C:3626H         LINE#         410
  C:3626H         LINE#         414
  C:3639H         LINE#         415
  C:3639H         LINE#         416
  C:3640H         LINE#         417
  C:3643H         LINE#         418
  C:3645H         LINE#         419
  C:3645H         LINE#         420
  C:364CH         LINE#         421
  C:364FH         LINE#         422
  C:3651H         LINE#         423
  C:3651H         LINE#         424
  C:3658H         LINE#         425
  C:365BH         LINE#         426
  C:365DH         LINE#         427
  C:365DH         LINE#         428
  C:3660H         LINE#         429
  C:3668H         LINE#         430
  C:366AH         LINE#         431
  C:366AH         LINE#         433
  C:366AH         LINE#         434
  C:366AH         LINE#         438
  C:3671H         LINE#         439
  C:3674H         LINE#         440
  C:3680H         LINE#         442
  C:3680H         LINE#         443
  C:3680H         LINE#         444
  C:3680H         LINE#         445
  C:3680H         LINE#         446
  C:3687H         LINE#         447
  C:368DH         LINE#         448
  -------         ENDPROC       _FUN_PY1
  -------         PROC          _FUN_SJ1
  D:0077H         SYMBOL        par_model
  C:3319H         LINE#         449
BL51 BANKED LINKER/LOCATER V6.22                                                      09/29/2015  14:55:10  PAGE 15


  C:331BH         LINE#         450
  C:3326H         LINE#         452
  C:335BH         LINE#         453
  C:335BH         LINE#         457
  C:3362H         LINE#         458
  C:3364H         LINE#         459
  C:3367H         LINE#         460
  C:3367H         LINE#         462
  C:336AH         LINE#         463
  C:336AH         LINE#         467
  C:3375H         LINE#         468
  C:3377H         LINE#         469
  C:3377H         LINE#         470
  C:337AH         LINE#         471
  C:337AH         LINE#         472
  C:337FH         LINE#         473
  C:3381H         LINE#         474
  C:3381H         LINE#         475
  C:3381H         LINE#         477
  C:3384H         LINE#         478
  C:3384H         LINE#         482
  C:339AH         LINE#         483
  C:339CH         LINE#         484
  C:339FH         LINE#         485
  C:339FH         LINE#         487
  C:33A2H         LINE#         488
  C:33A2H         LINE#         492
  C:33ADH         LINE#         493
  C:33B2H         LINE#         494
  C:33B4H         LINE#         495
  C:33B4H         LINE#         496
  C:33B6H         LINE#         497
  C:33B6H         LINE#         498
  C:33BBH         LINE#         499
  C:33BDH         LINE#         500
  C:33BDH         LINE#         501
  C:33BDH         LINE#         503
  C:33BFH         LINE#         504
  C:33BFH         LINE#         508
  C:33D5H         LINE#         509
  C:33D7H         LINE#         510
  C:33DAH         LINE#         511
  C:33DAH         LINE#         513
  C:33DCH         LINE#         514
  C:33DCH         LINE#         518
  C:33E7H         LINE#         519
  C:33ECH         LINE#         520
  C:33EEH         LINE#         521
  C:33EEH         LINE#         522
  C:33F0H         LINE#         523
  C:33F0H         LINE#         524
  C:33F5H         LINE#         525
  C:33F7H         LINE#         526
  C:33F7H         LINE#         527
  C:33F7H         LINE#         529
  C:33F9H         LINE#         530
  C:33F9H         LINE#         534
BL51 BANKED LINKER/LOCATER V6.22                                                      09/29/2015  14:55:10  PAGE 16


  C:340FH         LINE#         535
  C:3411H         LINE#         536
  C:3414H         LINE#         537
  C:3414H         LINE#         539
  C:3416H         LINE#         540
  C:3416H         LINE#         544
  C:3421H         LINE#         545
  C:3426H         LINE#         546
  C:3428H         LINE#         547
  C:3428H         LINE#         548
  C:342AH         LINE#         549
  C:342AH         LINE#         550
  C:3431H         LINE#         551
  C:3434H         LINE#         552
  C:3434H         LINE#         554
  C:3436H         LINE#         555
  C:3436H         LINE#         559
  C:343DH         LINE#         560
  C:343FH         LINE#         561
  C:3442H         LINE#         562
  C:344FH         LINE#         564
  C:344FH         LINE#         565
  C:344FH         LINE#         566
  C:344FH         LINE#         567
  C:344FH         LINE#         568
  C:3456H         LINE#         569
  C:345CH         LINE#         570
  -------         ENDPROC       _FUN_SJ1
  -------         PROC          _FUN_HZ1
  D:0078H         SYMBOL        par_model
  C:31C1H         LINE#         571
  C:31C3H         LINE#         572
  C:31CFH         LINE#         574
  C:31D1H         LINE#         575
  C:31EAH         LINE#         576
  C:31EAH         LINE#         580
  C:31F9H         LINE#         581
  C:31F9H         LINE#         582
  C:3200H         LINE#         583
  C:3203H         LINE#         584
  C:3206H         LINE#         585
  C:3209H         LINE#         586
  C:320CH         LINE#         587
  C:320CH         LINE#         588
  C:320FH         LINE#         589
  C:320FH         LINE#         590
  C:3216H         LINE#         591
  C:3219H         LINE#         592
  C:321CH         LINE#         593
  C:321CH         LINE#         594
  C:321FH         LINE#         595
  C:321FH         LINE#         596
  C:3226H         LINE#         597
  C:3229H         LINE#         598
  C:322CH         LINE#         599
  C:322CH         LINE#         600
  C:322FH         LINE#         601
BL51 BANKED LINKER/LOCATER V6.22                                                      09/29/2015  14:55:10  PAGE 17


  C:322FH         LINE#         602
  C:322FH         LINE#         603
  C:322FH         LINE#         605
  C:322FH         LINE#         606
  C:322FH         LINE#         610
  C:3241H         LINE#         611
  C:3241H         LINE#         612
  C:3248H         LINE#         613
  C:324BH         LINE#         614
  C:324EH         LINE#         615
  C:3251H         LINE#         616
  C:3254H         LINE#         617
  C:3254H         LINE#         618
  C:3257H         LINE#         619
  C:3257H         LINE#         620
  C:325EH         LINE#         621
  C:3261H         LINE#         622
  C:3264H         LINE#         623
  C:3264H         LINE#         624
  C:3267H         LINE#         625
  C:3267H         LINE#         626
  C:3267H         LINE#         627
  C:326EH         LINE#         628
  C:3271H         LINE#         629
  C:3274H         LINE#         630
  C:3274H         LINE#         631
  C:3277H         LINE#         632
  C:3277H         LINE#         633
  C:3277H         LINE#         634
  C:3277H         LINE#         636
  C:3277H         LINE#         637
  C:3277H         LINE#         641
  C:328AH         LINE#         642
  C:328AH         LINE#         643
  C:3291H         LINE#         644
  C:3294H         LINE#         645
  C:3297H         LINE#         646
  C:3297H         LINE#         647
  C:329AH         LINE#         648
  C:329AH         LINE#         649
  C:329AH         LINE#         650
  C:32A1H         LINE#         651
  C:32A4H         LINE#         652
  C:32A7H         LINE#         653
  C:32A7H         LINE#         654
  C:32A9H         LINE#         655
  C:32A9H         LINE#         656
  C:32A9H         LINE#         657
  C:32B0H         LINE#         658
  C:32B3H         LINE#         659
  C:32B6H         LINE#         660
  C:32B9H         LINE#         661
  C:32BCH         LINE#         662
  C:32BCH         LINE#         663
  C:32BEH         LINE#         664
  C:32BEH         LINE#         665
  C:32BEH         LINE#         666
BL51 BANKED LINKER/LOCATER V6.22                                                      09/29/2015  14:55:10  PAGE 18


  C:32BEH         LINE#         668
  C:32BEH         LINE#         669
  C:32BEH         LINE#         673
  C:32CDH         LINE#         674
  C:32CDH         LINE#         675
  C:32D4H         LINE#         676
  C:32D7H         LINE#         677
  C:32DAH         LINE#         678
  C:32DAH         LINE#         679
  C:32DCH         LINE#         680
  C:32DCH         LINE#         681
  C:32E3H         LINE#         682
  C:32E6H         LINE#         683
  C:32E9H         LINE#         684
  C:32E9H         LINE#         685
  C:32EBH         LINE#         686
  C:32EBH         LINE#         687
  C:32F2H         LINE#         688
  C:32F5H         LINE#         689
  C:32F8H         LINE#         690
  C:32FBH         LINE#         691
  C:32FEH         LINE#         692
  C:330BH         LINE#         693
  C:330BH         LINE#         694
  C:330BH         LINE#         695
  C:330BH         LINE#         696
  C:330BH         LINE#         698
  C:330BH         LINE#         699
  C:330BH         LINE#         700
  C:330BH         LINE#         701
  C:330BH         LINE#         702
  C:3312H         LINE#         703
  C:3318H         LINE#         704
  -------         ENDPROC       _FUN_HZ1
  C:27A0H         SYMBOL        L?1004
  -------         PROC          L?1003
  -------         ENDPROC       L?1003
  C:27A0H         SYMBOL        L?1004
  -------         PROC          _FUN_PYHZ2
  D:0072H         SYMBOL        par_pymodel
  D:0073H         SYMBOL        par_hzmodel
  C:27A4H         LINE#         705
  C:27A8H         LINE#         706
  C:27B8H         LINE#         707
  C:27B8H         LINE#         708
  C:27C7H         LINE#         709
  C:27C7H         LINE#         710
  C:27C7H         LINE#         711
  C:27C9H         LINE#         712
  C:27C9H         LINE#         713
  C:27C9H         LINE#         714
  C:27CBH         LINE#         715
  C:27CBH         LINE#         716
  C:27CBH         LINE#         717
  C:27CDH         LINE#         718
  C:27CDH         LINE#         719
  C:27CDH         LINE#         720
BL51 BANKED LINKER/LOCATER V6.22                                                      09/29/2015  14:55:10  PAGE 19


  C:27CDH         LINE#         721
  C:27CDH         LINE#         722
  C:27CDH         LINE#         723
  C:27DBH         LINE#         724
  C:27DBH         LINE#         725
  C:27DBH         LINE#         726
  C:27DDH         LINE#         727
  C:27DDH         LINE#         728
  C:27DDH         LINE#         729
  C:27DFH         LINE#         730
  C:27DFH         LINE#         731
  C:27DFH         LINE#         732
  C:27E1H         LINE#         733
  C:27E1H         LINE#         734
  C:27E1H         LINE#         735
  C:27E1H         LINE#         736
  C:27E1H         LINE#         737
  C:27E1H         LINE#         738
  C:27F0H         LINE#         739
  C:27F0H         LINE#         740
  C:27F0H         LINE#         741
  C:27F2H         LINE#         742
  C:27F2H         LINE#         743
  C:27F2H         LINE#         744
  C:27F4H         LINE#         745
  C:27F4H         LINE#         746
  C:27F4H         LINE#         747
  C:27F6H         LINE#         748
  C:27F6H         LINE#         749
  C:27F6H         LINE#         750
  C:27F6H         LINE#         751
  C:27F6H         LINE#         752
  C:27F6H         LINE#         753
  C:2805H         LINE#         754
  C:2805H         LINE#         755
  C:2807H         LINE#         756
  C:2809H         LINE#         757
  C:2809H         LINE#         758
  C:280BH         LINE#         759
  C:280DH         LINE#         760
  C:280DH         LINE#         761
  C:2814H         LINE#         762
  C:2814H         LINE#         763
  C:2814H         LINE#         764
  C:2814H         LINE#         765
  C:2814H         LINE#         766
  C:2814H         LINE#         767
  C:2814H         LINE#         768
  C:2814H         LINE#         769
  C:2814H         LINE#         770
  C:2830H         LINE#         771
  C:2830H         LINE#         772
  C:2833H         LINE#         773
  C:2836H         LINE#         774
  C:2836H         LINE#         775
  C:2839H         LINE#         776
  C:2839H         LINE#         777
BL51 BANKED LINKER/LOCATER V6.22                                                      09/29/2015  14:55:10  PAGE 20


  C:284EH         LINE#         778
  C:284EH         LINE#         779
  C:2855H         LINE#         780
  C:2858H         LINE#         781
  C:285BH         LINE#         782
  C:285BH         LINE#         783
  C:285EH         LINE#         784
  C:2861H         LINE#         785
  C:2864H         LINE#         786
  C:2864H         LINE#         787
  C:2867H         LINE#         788
  C:286AH         LINE#         789
  C:286DH         LINE#         790
  C:286DH         LINE#         791
  C:2870H         LINE#         792
  C:2873H         LINE#         793
  C:2876H         LINE#         794
  C:2876H         LINE#         795
  C:2876H         LINE#         796
  C:2876H         LINE#         797
  C:288CH         LINE#         798
  C:288CH         LINE#         799
  C:2893H         LINE#         800
  C:2896H         LINE#         801
  C:2898H         LINE#         802
  C:2898H         LINE#         803
  C:289FH         LINE#         804
  C:28A2H         LINE#         805
  C:28A4H         LINE#         806
  C:28A4H         LINE#         807
  C:28A7H         LINE#         808
  C:28AAH         LINE#         809
  C:28ACH         LINE#         810
  C:28ACH         LINE#         811
  C:28AFH         LINE#         812
  C:28B2H         LINE#         813
  C:28B4H         LINE#         814
  C:28B4H         LINE#         815
  C:28B4H         LINE#         816
  C:28B4H         LINE#         817
  C:28C7H         LINE#         818
  C:28C7H         LINE#         819
  C:28CEH         LINE#         820
  C:28D1H         LINE#         821
  C:28D3H         LINE#         822
  C:28D3H         LINE#         823
  C:28DAH         LINE#         824
  C:28DDH         LINE#         825
  C:28DFH         LINE#         826
  C:28DFH         LINE#         827
  C:28E6H         LINE#         828
  C:28E9H         LINE#         829
  C:28EBH         LINE#         830
  C:28EBH         LINE#         831
  C:28EEH         LINE#         832
  C:28F6H         LINE#         833
  C:28F8H         LINE#         834
BL51 BANKED LINKER/LOCATER V6.22                                                      09/29/2015  14:55:10  PAGE 21


  C:28F8H         LINE#         835
  C:28F8H         LINE#         836
  C:28F8H         LINE#         837
  C:28FFH         LINE#         838
  C:2902H         LINE#         839
  C:290EH         LINE#         840
  C:290EH         LINE#         841
  C:290EH         LINE#         842
  C:290EH         LINE#         843
  C:290EH         LINE#         844
  C:2915H         LINE#         845
  C:291BH         LINE#         846
  C:292EH         LINE#         847
  C:292EH         LINE#         848
  C:2940H         LINE#         849
  C:2940H         LINE#         850
  C:2943H         LINE#         851
  C:2946H         LINE#         852
  C:2949H         LINE#         853
  C:2949H         LINE#         854
  C:294BH         LINE#         855
  C:294BH         LINE#         856
  C:294EH         LINE#         857
  C:294EH         LINE#         858
  C:2950H         LINE#         859
  C:2950H         LINE#         860
  C:2953H         LINE#         861
  C:2953H         LINE#         862
  C:2955H         LINE#         863
  C:2955H         LINE#         864
  C:2955H         LINE#         865
  C:2955H         LINE#         866
  C:2955H         LINE#         867
  C:2955H         LINE#         868
  C:2964H         LINE#         869
  C:2964H         LINE#         870
  C:2967H         LINE#         871
  C:296AH         LINE#         872
  C:296DH         LINE#         873
  C:296DH         LINE#         874
  C:296FH         LINE#         875
  C:296FH         LINE#         876
  C:2972H         LINE#         877
  C:2972H         LINE#         878
  C:2974H         LINE#         879
  C:2974H         LINE#         880
  C:2974H         LINE#         881
  C:2977H         LINE#         882
  C:2977H         LINE#         883
  C:2979H         LINE#         884
  C:2979H         LINE#         885
  C:2979H         LINE#         886
  C:2979H         LINE#         887
  C:2979H         LINE#         888
  C:2979H         LINE#         889
  C:2989H         LINE#         890
  C:2989H         LINE#         891
BL51 BANKED LINKER/LOCATER V6.22                                                      09/29/2015  14:55:10  PAGE 22


  C:298CH         LINE#         892
  C:298CH         LINE#         893
  C:298EH         LINE#         894
  C:298EH         LINE#         895
  C:298EH         LINE#         896
  C:2991H         LINE#         897
  C:2991H         LINE#         898
  C:2993H         LINE#         899
  C:2993H         LINE#         900
  C:2993H         LINE#         901
  C:2996H         LINE#         902
  C:2999H         LINE#         903
  C:299CH         LINE#         904
  C:299CH         LINE#         905
  C:299EH         LINE#         906
  C:299EH         LINE#         907
  C:299EH         LINE#         908
  C:299EH         LINE#         909
  C:299EH         LINE#         910
  C:299EH         LINE#         911
  C:29ADH         LINE#         912
  C:29ADH         LINE#         913
  C:29B0H         LINE#         914
  C:29B0H         LINE#         915
  C:29B2H         LINE#         916
  C:29B2H         LINE#         917
  C:29B5H         LINE#         918
  C:29B5H         LINE#         919
  C:29B7H         LINE#         920
  C:29B7H         LINE#         921
  C:29BAH         LINE#         922
  C:29BDH         LINE#         923
  C:29C0H         LINE#         924
  C:29CDH         LINE#         925
  C:29CDH         LINE#         926
  C:29CDH         LINE#         927
  C:29CDH         LINE#         928
  C:29CDH         LINE#         929
  C:29CDH         LINE#         930
  C:29CDH         LINE#         931
  C:29CDH         LINE#         932
  C:29CDH         LINE#         933
  C:29D4H         LINE#         934
  C:29DAH         LINE#         935
  -------         ENDPROC       _FUN_PYHZ2
  -------         PROC          FUN_JTJP
  C:3840H         LINE#         936
  C:3840H         LINE#         937
  C:3840H         LINE#         938
  C:385EH         LINE#         939
  C:3867H         LINE#         940
  C:386EH         LINE#         942
  C:386EH         LINE#         943
  C:3874H         LINE#         944
  C:387BH         LINE#         945
  C:387DH         LINE#         946
  C:387FH         LINE#         947
BL51 BANKED LINKER/LOCATER V6.22                                                      09/29/2015  14:55:10  PAGE 23


  C:3885H         LINE#         948
  C:388CH         LINE#         949
  C:388EH         LINE#         950
  C:3890H         LINE#         951
  C:3890H         LINE#         952
  C:3893H         LINE#         953
  C:389AH         LINE#         954
  C:389CH         LINE#         955
  C:389EH         LINE#         956
  C:38A1H         LINE#         957
  C:38A8H         LINE#         958
  C:38AAH         LINE#         959
  C:38ACH         LINE#         960
  C:38ACH         LINE#         961
  C:38B2H         LINE#         962
  C:38B9H         LINE#         963
  C:38C0H         LINE#         964
  C:38C0H         LINE#         965
  C:38CCH         LINE#         966
  C:38D3H         LINE#         967
  C:38DAH         LINE#         968
  C:38DAH         LINE#         969
  C:38DAH         LINE#         970
  C:38DAH         LINE#         971
  -------         ENDPROC       FUN_JTJP
  -------         PROC          FUN_TIMERMOVE
  -------         DO            
  D:0061H         SYMBOL        loc_con
  D:001AH         SYMBOL        loc_sdl
  D:001CH         SYMBOL        loc_sdr
  -------         ENDDO         
  C:1E48H         LINE#         973
  C:1E48H         LINE#         976
  C:1E6DH         LINE#         977
  C:1E6DH         LINE#         978
  C:1E74H         LINE#         979
  C:1E7AH         LINE#         980
  C:1E89H         LINE#         981
  C:1E97H         LINE#         982
  C:1E98H         LINE#         983
  C:1E98H         LINE#         984
  C:1EAEH         LINE#         985
  C:1EC6H         LINE#         986
  C:1ECCH         LINE#         987
  C:1ED0H         LINE#         988
  C:1ED3H         LINE#         989
  C:1EDAH         LINE#         990
  C:1EDDH         LINE#         991
  C:1EF0H         LINE#         992
  C:1EF0H         LINE#         993
  C:1EF0H         LINE#         994
  C:1F00H         LINE#         995
  C:1F06H         LINE#         996
  C:1F1FH         LINE#         997
  C:1F39H         LINE#         998
  C:1F39H         LINE#         999
  C:1F3FH         LINE#         1000
BL51 BANKED LINKER/LOCATER V6.22                                                      09/29/2015  14:55:10  PAGE 24


  C:1F59H         LINE#         1001
  C:1F72H         LINE#         1002
  C:1F72H         LINE#         1003
  C:1F78H         LINE#         1004
  C:1F92H         LINE#         1005
  C:1FACH         LINE#         1006
  C:1FACH         LINE#         1007
  C:1FB2H         LINE#         1008
  C:1FCCH         LINE#         1009
  C:1FE6H         LINE#         1010
  C:1FE6H         LINE#         1011
  C:1FECH         LINE#         1012
  C:2005H         LINE#         1013
  C:201FH         LINE#         1014
  C:201FH         LINE#         1015
  C:2025H         LINE#         1016
  C:203FH         LINE#         1017
  C:2058H         LINE#         1018
  C:2058H         LINE#         1019
  C:2058H         LINE#         1020
  C:2058H         LINE#         1021
  C:2058H         LINE#         1022
  C:205BH         LINE#         1023
  C:205BH         LINE#         1024
  C:2065H         LINE#         1025
  C:2069H         LINE#         1026
  C:2069H         LINE#         1027
  C:206CH         LINE#         1028
  C:206CH         LINE#         1029
  C:2081H         LINE#         1030
  C:2081H         LINE#         1031
  C:20A1H         LINE#         1032
  C:20A1H         LINE#         1033
  C:20ABH         LINE#         1034
  C:20B1H         LINE#         1035
  C:20B1H         LINE#         1036
  C:20B3H         LINE#         1037
  C:20B3H         LINE#         1038
  C:20B6H         LINE#         1039
  C:20C0H         LINE#         1040
  C:20C3H         LINE#         1041
  C:20C5H         LINE#         1042
  C:20C5H         LINE#         1043
  C:20CFH         LINE#         1044
  C:20DBH         LINE#         1045
  C:20DEH         LINE#         1046
  C:20E0H         LINE#         1047
  C:20E0H         LINE#         1048
  C:20E3H         LINE#         1049
  C:20EDH         LINE#         1050
  C:210BH         LINE#         1051
  C:210BH         LINE#         1052
  C:210BH         LINE#         1053
  C:210DH         LINE#         1054
  C:210EH         LINE#         1055
  C:210EH         LINE#         1056
  C:212DH         LINE#         1057
BL51 BANKED LINKER/LOCATER V6.22                                                      09/29/2015  14:55:10  PAGE 25


  C:212FH         LINE#         1058
  C:2130H         LINE#         1059
  C:2130H         LINE#         1060
  C:213CH         LINE#         1061
  C:213CH         LINE#         1062
  C:213CH         LINE#         1063
  C:213CH         LINE#         1064
  C:213CH         LINE#         1065
  C:213CH         LINE#         1066
  C:213EH         LINE#         1067
  C:213EH         LINE#         1068
  C:213EH         LINE#         1069
  C:213EH         LINE#         1070
  C:2149H         LINE#         1071
  C:2149H         LINE#         1072
  C:2182H         LINE#         1073
  C:2184H         LINE#         1074
  C:2185H         LINE#         1075
  C:2185H         LINE#         1076
  C:21A1H         LINE#         1077
  C:21A8H         LINE#         1078
  C:21B2H         LINE#         1079
  C:21BCH         LINE#         1080
  C:21BFH         LINE#         1081
  C:21C0H         LINE#         1082
  C:21C0H         LINE#         1083
  C:21D0H         LINE#         1084
  C:21D6H         LINE#         1085
  C:21EEH         LINE#         1086
  C:2207H         LINE#         1087
  C:2207H         LINE#         1088
  C:220DH         LINE#         1089
  C:2226H         LINE#         1090
  C:223EH         LINE#         1091
  C:223EH         LINE#         1092
  C:2244H         LINE#         1093
  C:225DH         LINE#         1094
  C:2277H         LINE#         1095
  C:2277H         LINE#         1096
  C:227DH         LINE#         1097
  C:2297H         LINE#         1098
  C:22B0H         LINE#         1099
  C:22B0H         LINE#         1100
  C:22B6H         LINE#         1101
  C:22CFH         LINE#         1102
  C:22E9H         LINE#         1103
  C:22E9H         LINE#         1104
  C:22EFH         LINE#         1105
  C:2309H         LINE#         1106
  C:2322H         LINE#         1107
  C:2322H         LINE#         1108
  C:2329H         LINE#         1109
  C:2330H         LINE#         1110
  C:2330H         LINE#         1111
  C:2330H         LINE#         1112
  C:2330H         LINE#         1113
  C:2330H         LINE#         1114
BL51 BANKED LINKER/LOCATER V6.22                                                      09/29/2015  14:55:10  PAGE 26


  C:2330H         LINE#         1116
  C:2330H         LINE#         1117
  C:2330H         LINE#         1119
  C:2330H         LINE#         1120
  C:2330H         LINE#         1121
  -------         ENDPROC       FUN_TIMERMOVE
  -------         PROC          _FUN_FOLLINE
  D:0007H         SYMBOL        par_con
  D:0066H         SYMBOL        par_speed
  -------         DO            
  D:0067H         SYMBOL        loc_con
  D:0068H         SYMBOL        loc_sdr
  D:0069H         SYMBOL        loc_sdl
  D:006AH         SYMBOL        loc_online
  -------         ENDDO         
  C:2D61H         LINE#         1122
  C:2D63H         LINE#         1123
  C:2D65H         LINE#         1126
  C:2D6CH         LINE#         1127
  C:2D84H         LINE#         1128
  C:2D87H         LINE#         1129
  C:2D8EH         LINE#         1130
  C:2D90H         LINE#         1131
  C:2D95H         LINE#         1132
  C:2D98H         LINE#         1133
  C:2D9AH         LINE#         1134
  C:2D9CH         LINE#         1135
  C:2D9CH         LINE#         1136
  C:2DA2H         LINE#         1137
  C:2DA8H         LINE#         1138
  C:2DBCH         LINE#         1139
  C:2DD1H         LINE#         1140
  C:2DD1H         LINE#         1141
  C:2DD7H         LINE#         1142
  C:2DECH         LINE#         1143
  C:2E00H         LINE#         1144
  C:2E00H         LINE#         1145
  C:2E06H         LINE#         1146
  C:2E1BH         LINE#         1147
  C:2E31H         LINE#         1148
  C:2E31H         LINE#         1149
  C:2E37H         LINE#         1150
  C:2E4DH         LINE#         1151
  C:2E62H         LINE#         1152
  C:2E62H         LINE#         1153
  C:2E68H         LINE#         1154
  C:2E7DH         LINE#         1155
  C:2E93H         LINE#         1156
  C:2E93H         LINE#         1157
  C:2E99H         LINE#         1158
  C:2EAFH         LINE#         1159
  C:2EC4H         LINE#         1160
  C:2EC4H         LINE#         1161
  C:2ECBH         LINE#         1162
  C:2ED2H         LINE#         1163
  C:2ED7H         LINE#         1164
  C:2ED7H         LINE#         1165
BL51 BANKED LINKER/LOCATER V6.22                                                      09/29/2015  14:55:10  PAGE 27


  C:2EDAH         LINE#         1166
  -------         ENDPROC       _FUN_FOLLINE
  -------         PROC          _FUN_TURN
  D:0007H         SYMBOL        par_model
  D:0079H         SYMBOL        par_speed
  C:3969H         LINE#         1168
  C:396BH         LINE#         1169
  C:397BH         LINE#         1170
  C:397BH         LINE#         1171
  C:3982H         LINE#         1172
  C:3987H         LINE#         1173
  C:3987H         LINE#         1174
  C:3989H         LINE#         1175
  C:3989H         LINE#         1176
  C:3993H         LINE#         1177
  C:399AH         LINE#         1178
  C:399DH         LINE#         1179
  C:399FH         LINE#         1180
  C:399FH         LINE#         1181
  C:39A6H         LINE#         1182
  C:39B0H         LINE#         1183
  C:39B3H         LINE#         1184
  C:39B5H         LINE#         1185
  C:39B5H         LINE#         1186
  C:39BFH         LINE#         1187
  C:39C6H         LINE#         1188
  C:39D3H         LINE#         1189
  C:39D3H         LINE#         1190
  C:39D3H         LINE#         1191
  C:39D9H         LINE#         1192
  -------         ENDPROC       _FUN_TURN
  -------         PROC          _FUN_QC
  D:0007H         SYMBOL        par_time
  D:006FH         SYMBOL        par_speed
  -------         DO            
  D:0070H         SYMBOL        loc_sdr
  D:0071H         SYMBOL        loc_sdl
  -------         ENDDO         
  C:2BD8H         LINE#         1194
  C:2BDAH         LINE#         1196
  C:2BF7H         LINE#         1197
  C:2C16H         LINE#         1198
  C:2C1CH         LINE#         1199
  C:2C22H         LINE#         1200
  C:2C37H         LINE#         1201
  C:2C4DH         LINE#         1202
  C:2C4DH         LINE#         1203
  C:2C53H         LINE#         1204
  C:2C69H         LINE#         1205
  C:2C7EH         LINE#         1206
  C:2C7EH         LINE#         1207
  C:2C84H         LINE#         1208
  C:2C9AH         LINE#         1209
  C:2CB0H         LINE#         1210
  C:2CB0H         LINE#         1211
  C:2CB6H         LINE#         1212
  C:2CCCH         LINE#         1213
BL51 BANKED LINKER/LOCATER V6.22                                                      09/29/2015  14:55:10  PAGE 28


  C:2CE2H         LINE#         1214
  C:2CE2H         LINE#         1215
  C:2CE8H         LINE#         1216
  C:2CFDH         LINE#         1217
  C:2D13H         LINE#         1218
  C:2D13H         LINE#         1219
  C:2D19H         LINE#         1220
  C:2D2FH         LINE#         1221
  C:2D44H         LINE#         1222
  C:2D44H         LINE#         1223
  C:2D4BH         LINE#         1224
  C:2D52H         LINE#         1225
  C:2D57H         LINE#         1226
  C:2D5AH         LINE#         1227
  -------         ENDPROC       _FUN_QC
  -------         PROC          FUN_STOPE2PROM
  C:000EH         LINE#         1229
  C:000EH         LINE#         1230
  C:0011H         LINE#         1231
  C:0013H         LINE#         1232
  C:0015H         LINE#         1233
  C:0018H         LINE#         1234
  C:001AH         LINE#         1235
  -------         ENDPROC       FUN_STOPE2PROM
  -------         PROC          _FUN_READE2PROM
  D:0006H         SYMBOL        par_add
  -------         DO            
  D:0007H         SYMBOL        loc_dat
  -------         ENDDO         
  C:3C81H         LINE#         1236
  C:3C81H         LINE#         1238
  C:3C84H         LINE#         1239
  C:3C87H         LINE#         1240
  C:3C89H         LINE#         1241
  C:3C8BH         LINE#         1242
  C:3C8EH         LINE#         1243
  C:3C91H         LINE#         1244
  C:3C9AH         LINE#         1245
  C:3C9CH         LINE#         1246
  C:3C9FH         LINE#         1247
  C:3C9FH         LINE#         1248
  -------         ENDPROC       _FUN_READE2PROM
  -------         PROC          _FUN_WRITEE2PROM
  D:0006H         SYMBOL        par_add
  D:0005H         SYMBOL        par_dat
  C:3CA0H         LINE#         1249
  C:3CA0H         LINE#         1250
  C:3CA3H         LINE#         1251
  C:3CA6H         LINE#         1252
  C:3CA8H         LINE#         1253
  C:3CAAH         LINE#         1254
  C:3CACH         LINE#         1255
  C:3CAFH         LINE#         1256
  C:3CB2H         LINE#         1257
  C:3CBBH         LINE#         1258
  -------         ENDPROC       _FUN_WRITEE2PROM
  -------         PROC          _FUN_CLEANE2PROM
BL51 BANKED LINKER/LOCATER V6.22                                                      09/29/2015  14:55:10  PAGE 29


  D:0006H         SYMBOL        par_add
  C:3CBEH         LINE#         1260
  C:3CBEH         LINE#         1261
  C:3CC1H         LINE#         1262
  C:3CC4H         LINE#         1263
  C:3CC6H         LINE#         1264
  C:3CC8H         LINE#         1265
  C:3CCBH         LINE#         1266
  C:3CCEH         LINE#         1267
  C:3CD7H         LINE#         1268
  -------         ENDPROC       _FUN_CLEANE2PROM
  -------         PROC          FUN_CALIBRATION
  -------         DO            
  D:006BH         SYMBOL        loc_time
  -------         ENDDO         
  C:3057H         LINE#         1270
  C:3057H         LINE#         1273
  C:305CH         LINE#         1274
  C:3061H         LINE#         1275
  C:306DH         LINE#         1276
  C:3072H         LINE#         1277
  C:3077H         LINE#         1278
  C:3090H         LINE#         1279
  C:30AFH         LINE#         1280
  C:30C7H         LINE#         1281
  C:30CFH         LINE#         1282
  C:30F0H         LINE#         1283
  C:3112H         LINE#         1284
  C:3134H         LINE#         1285
  C:3156H         LINE#         1286
  C:3178H         LINE#         1287
  C:319AH         LINE#         1288
  C:31BAH         LINE#         1289
  C:31C0H         LINE#         1290
  -------         ENDPROC       FUN_CALIBRATION
  -------         PROC          FUN_PORT
  C:3D88H         LINE#         1291
  C:3D88H         LINE#         1293
  C:3D8BH         LINE#         1294
  C:3D8EH         LINE#         1295
  C:3D91H         LINE#         1296
  C:3D94H         LINE#         1297
  C:3D97H         LINE#         1298
  C:3D9AH         LINE#         1299
  -------         ENDPROC       FUN_PORT
  -------         PROC          FUN_TEST
  C:345DH         LINE#         1300
  C:345DH         LINE#         1301
  C:3462H         LINE#         1302
  C:3465H         LINE#         1303
  C:346AH         LINE#         1304
  C:346DH         LINE#         1305
  C:3472H         LINE#         1306
  C:3475H         LINE#         1307
  C:347AH         LINE#         1308
  C:347DH         LINE#         1310
  C:3483H         LINE#         1311
BL51 BANKED LINKER/LOCATER V6.22                                                      09/29/2015  14:55:10  PAGE 30


  C:3488H         LINE#         1312
  C:348BH         LINE#         1313
  C:3490H         LINE#         1314
  C:3493H         LINE#         1315
  C:3498H         LINE#         1316
  C:349BH         LINE#         1317
  C:34A0H         LINE#         1318
  C:34A3H         LINE#         1320
  C:34A8H         LINE#         1321
  C:34ABH         LINE#         1322
  C:34B0H         LINE#         1323
  C:34B3H         LINE#         1324
  C:34B8H         LINE#         1325
  C:34BBH         LINE#         1326
  C:34C0H         LINE#         1327
  C:34C3H         LINE#         1328
  C:34C8H         LINE#         1329
  C:34CBH         LINE#         1330
  C:34D0H         LINE#         1331
  C:34D3H         LINE#         1332
  C:34D8H         LINE#         1333
  C:34DBH         LINE#         1334
  C:34E0H         LINE#         1335
  C:34E3H         LINE#         1336
  C:34E8H         LINE#         1338
  C:34F0H         LINE#         1339
  C:34F6H         LINE#         1340
  C:34FBH         LINE#         1341
  C:34FEH         LINE#         1342
  C:3503H         LINE#         1343
  C:3506H         LINE#         1344
  C:350BH         LINE#         1345
  C:350EH         LINE#         1346
  C:3513H         LINE#         1347
  C:3516H         LINE#         1348
  C:351EH         LINE#         1350
  C:3525H         LINE#         1351
  C:3528H         LINE#         1352
  C:352FH         LINE#         1353
  C:3532H         LINE#         1355
  C:3539H         LINE#         1356
  C:353CH         LINE#         1357
  C:3543H         LINE#         1358
  C:3546H         LINE#         1360
  C:354DH         LINE#         1361
  C:3554H         LINE#         1362
  C:3557H         LINE#         1363
  C:355EH         LINE#         1364
  C:3561H         LINE#         1366
  C:3568H         LINE#         1367
  C:356FH         LINE#         1368
  C:3572H         LINE#         1369
  -------         ENDPROC       FUN_TEST
  C:3ADAH         SYMBOL        L?0998
  -------         PROC          L?0997
  -------         ENDPROC       L?0997
  C:3ADAH         SYMBOL        L?0998
BL51 BANKED LINKER/LOCATER V6.22                                                      09/29/2015  14:55:10  PAGE 31


  -------         PROC          _FUN_MIN
  D:003EH         SYMBOL        par_num
  -------         DO            
  D:003FH         SYMBOL        ellipsis_15
  D:004EH         SYMBOL        loc_argp
  D:0007H         SYMBOL        loc_min
  D:0006H         SYMBOL        loc_shu
  -------         ENDDO         
  C:3ADFH         LINE#         1371
  C:3AE1H         LINE#         1373
  C:3AE1H         LINE#         1375
  C:3AEAH         LINE#         1376
  C:3AFCH         LINE#         1377
  C:3AFCH         LINE#         1378
  C:3B01H         LINE#         1379
  C:3B03H         LINE#         1380
  C:3B15H         LINE#         1381
  C:3B18H         LINE#         1383
  C:3B18H         LINE#         1384
  -------         ENDPROC       _FUN_MIN
  -------         PROC          FUN_COORDINATE
  C:0007H         LINE#         1385
  C:0007H         LINE#         1387
  -------         ENDPROC       FUN_COORDINATE
  -------         PROC          _FUN_ZDZJ
  D:0051H         SYMBOL        par_04
  D:0055H         SYMBOL        par_37
  -------         DO            
  X:0096H         SYMBOL        str_pass
  X:00BEH         SYMBOL        str_end
  X:00E6H         SYMBOL        loc_high
  X:00EEH         SYMBOL        loc_xh1
  -------         ENDDO         
  C:001EH         LINE#         1388
  C:0026H         LINE#         1393
  C:0035H         LINE#         1394
  C:0044H         LINE#         1395
  C:0053H         LINE#         1398
  C:0074H         LINE#         1399
  C:0095H         LINE#         1400
  C:00B6H         LINE#         1401
  C:00D6H         LINE#         1402
  C:00F6H         LINE#         1403
  C:0115H         LINE#         1404
  C:0134H         LINE#         1405
  C:014AH         LINE#         1407
  C:016BH         LINE#         1408
  C:018CH         LINE#         1409
  C:01ADH         LINE#         1410
  C:01CDH         LINE#         1411
  C:01EDH         LINE#         1412
  C:020CH         LINE#         1413
  C:022BH         LINE#         1414
  C:0241H         LINE#         1416
  C:0247H         LINE#         1417
  C:024AH         LINE#         1418
  C:024DH         LINE#         1419
BL51 BANKED LINKER/LOCATER V6.22                                                      09/29/2015  14:55:10  PAGE 32


  C:0250H         LINE#         1420
  C:0255H         LINE#         1421
  C:0258H         LINE#         1422
  C:025BH         LINE#         1423
  C:025EH         LINE#         1425
  C:0271H         LINE#         1426
  C:0297H         LINE#         1427
  C:02ABH         LINE#         1428
  C:02D1H         LINE#         1429
  C:02D7H         LINE#         1430
  C:02FDH         LINE#         1431
  C:0303H         LINE#         1432
  C:0329H         LINE#         1433
  C:032FH         LINE#         1434
  C:0355H         LINE#         1435
  C:035BH         LINE#         1436
  C:0381H         LINE#         1437
  C:0386H         LINE#         1438
  C:03ACH         LINE#         1439
  C:03B1H         LINE#         1440
  C:03D7H         LINE#         1441
  C:03EBH         LINE#         1443
  C:0411H         LINE#         1444
  C:0417H         LINE#         1445
  C:043DH         LINE#         1446
  C:0443H         LINE#         1447
  C:0469H         LINE#         1448
  C:046FH         LINE#         1449
  C:0495H         LINE#         1450
  C:049BH         LINE#         1451
  C:04C1H         LINE#         1452
  C:04C7H         LINE#         1453
  C:04EDH         LINE#         1454
  C:04F2H         LINE#         1455
  C:0518H         LINE#         1456
  C:051DH         LINE#         1457
  C:0543H         LINE#         1458
  C:0557H         LINE#         1459
  C:0560H         LINE#         1461
  C:056FH         LINE#         1462
  C:0575H         LINE#         1463
  C:0591H         LINE#         1464
  C:05ADH         LINE#         1465
  C:05B7H         LINE#         1466
  C:05C7H         LINE#         1467
  C:05D3H         LINE#         1468
  C:05DFH         LINE#         1469
  C:05E7H         LINE#         1470
  C:05F1H         LINE#         1471
  C:05F6H         LINE#         1478
  C:05F6H         LINE#         1480
  C:0659H         LINE#         1487
  C:0659H         LINE#         1488
  C:0664H         LINE#         1489
  C:0669H         LINE#         1490
  C:066EH         LINE#         1491
  C:0675H         LINE#         1492
BL51 BANKED LINKER/LOCATER V6.22                                                      09/29/2015  14:55:10  PAGE 33


  C:067FH         LINE#         1493
  C:0684H         LINE#         1494
  C:0684H         LINE#         1496
  C:0684H         LINE#         1497
  C:068FH         LINE#         1499
  C:0695H         LINE#         1500
  C:069BH         LINE#         1501
  C:069BH         LINE#         1502
  C:06A1H         LINE#         1503
  C:06A6H         LINE#         1504
  C:06A6H         LINE#         1506
  C:06B2H         LINE#         1507
  C:06DBH         LINE#         1508
  C:06ECH         LINE#         1509
  C:06EFH         LINE#         1510
  C:06EFH         LINE#         1511
  C:06EFH         LINE#         1512
  C:06FBH         LINE#         1513
  C:0722H         LINE#         1514
  C:0733H         LINE#         1515
  C:0736H         LINE#         1516
  C:0736H         LINE#         1517
  C:0736H         LINE#         1518
  C:0745H         LINE#         1519
  C:076EH         LINE#         1520
  C:077FH         LINE#         1521
  C:0782H         LINE#         1522
  C:0782H         LINE#         1523
  C:07AEH         LINE#         1524
  C:07BFH         LINE#         1525
  C:07C2H         LINE#         1526
  C:07C2H         LINE#         1527
  C:07C2H         LINE#         1530
  C:07D1H         LINE#         1531
  C:0836H         LINE#         1534
  C:0836H         LINE#         1535
  C:0873H         LINE#         1537
  C:0873H         LINE#         1538
  C:0884H         LINE#         1539
  C:0887H         LINE#         1540
  C:0887H         LINE#         1541
  C:08C4H         LINE#         1543
  C:08C4H         LINE#         1544
  C:08D5H         LINE#         1545
  C:08D8H         LINE#         1546
  C:08D8H         LINE#         1547
  C:08D8H         LINE#         1548
  C:0941H         LINE#         1551
  C:0941H         LINE#         1552
  C:097EH         LINE#         1554
  C:097EH         LINE#         1555
  C:098FH         LINE#         1556
  C:0991H         LINE#         1557
  C:0991H         LINE#         1558
  C:09CEH         LINE#         1560
  C:09CEH         LINE#         1561
  C:09E1H         LINE#         1562
BL51 BANKED LINKER/LOCATER V6.22                                                      09/29/2015  14:55:10  PAGE 34


  C:09E4H         LINE#         1563
  C:09E4H         LINE#         1564
  C:09E4H         LINE#         1565
  C:09E4H         LINE#         1568
  C:0A00H         LINE#         1569
  C:0A32H         LINE#         1570
  C:0A45H         LINE#         1571
  C:0A48H         LINE#         1572
  C:0A48H         LINE#         1573
  C:0A7EH         LINE#         1574
  C:0A91H         LINE#         1575
  C:0A94H         LINE#         1576
  C:0A94H         LINE#         1577
  C:0A94H         LINE#         1580
  C:0AAFH         LINE#         1581
  C:0AE1H         LINE#         1582
  C:0AF4H         LINE#         1583
  C:0AF7H         LINE#         1584
  C:0AF7H         LINE#         1585
  C:0B2CH         LINE#         1586
  C:0B3FH         LINE#         1587
  C:0B42H         LINE#         1588
  C:0B42H         LINE#         1589
  C:0B42H         LINE#         1590
  C:0B42H         LINE#         1591
  C:0B4DH         LINE#         1593
  C:0B53H         LINE#         1594
  C:0B59H         LINE#         1595
  C:0B59H         LINE#         1596
  C:0B5FH         LINE#         1597
  C:0B64H         LINE#         1598
  C:0B64H         LINE#         1600
  C:0B70H         LINE#         1601
  C:0B99H         LINE#         1602
  C:0BACH         LINE#         1603
  C:0BAFH         LINE#         1604
  C:0BAFH         LINE#         1605
  C:0BAFH         LINE#         1606
  C:0BBBH         LINE#         1607
  C:0BE2H         LINE#         1608
  C:0BF5H         LINE#         1609
  C:0BF8H         LINE#         1610
  C:0BF8H         LINE#         1611
  C:0BF8H         LINE#         1612
  C:0C07H         LINE#         1613
  C:0C30H         LINE#         1614
  C:0C43H         LINE#         1615
  C:0C46H         LINE#         1616
  C:0C46H         LINE#         1617
  C:0C72H         LINE#         1618
  C:0C85H         LINE#         1619
  C:0C88H         LINE#         1620
  C:0C88H         LINE#         1621
  C:0C88H         LINE#         1624
  C:0C97H         LINE#         1625
  C:0CFCH         LINE#         1628
  C:0CFCH         LINE#         1629
BL51 BANKED LINKER/LOCATER V6.22                                                      09/29/2015  14:55:10  PAGE 35


  C:0D39H         LINE#         1631
  C:0D39H         LINE#         1632
  C:0D4CH         LINE#         1633
  C:0D4FH         LINE#         1634
  C:0D4FH         LINE#         1635
  C:0D8CH         LINE#         1637
  C:0D8CH         LINE#         1638
  C:0D9FH         LINE#         1639
  C:0DA2H         LINE#         1640
  C:0DA2H         LINE#         1641
  C:0DA2H         LINE#         1642
  C:0E0BH         LINE#         1645
  C:0E0BH         LINE#         1646
  C:0E48H         LINE#         1648
  C:0E48H         LINE#         1649
  C:0E5BH         LINE#         1650
  C:0E5EH         LINE#         1651
  C:0E5EH         LINE#         1652
  C:0E9BH         LINE#         1654
  C:0E9BH         LINE#         1655
  C:0EAEH         LINE#         1656
  C:0EB1H         LINE#         1657
  C:0EB1H         LINE#         1658
  C:0EB1H         LINE#         1659
  C:0EB1H         LINE#         1662
  C:0ECDH         LINE#         1663
  C:0EFFH         LINE#         1664
  C:0F12H         LINE#         1665
  C:0F15H         LINE#         1666
  C:0F15H         LINE#         1667
  C:0F4BH         LINE#         1668
  C:0F5EH         LINE#         1669
  C:0F61H         LINE#         1670
  C:0F61H         LINE#         1671
  C:0F61H         LINE#         1674
  C:0F7CH         LINE#         1675
  C:0FAEH         LINE#         1676
  C:0FC1H         LINE#         1677
  C:0FC3H         LINE#         1678
  C:0FC3H         LINE#         1679
  C:0FFEH         LINE#         1680
  C:1014H         LINE#         1681
  C:1017H         LINE#         1682
  C:1017H         LINE#         1683
  C:1017H         LINE#         1684
  C:1017H         LINE#         1685
  C:1017H         LINE#         1686
  -------         ENDPROC       _FUN_ZDZJ
  C:2EE1H         SYMBOL        L?1000
  C:2EE2H         SYMBOL        L?1001
  -------         PROC          L?0999
[...]
  C:2F9EH         LINE#         1720
  C:2F9EH         LINE#         1721
  C:2FA5H         LINE#         1722
  C:2FACH         LINE#         1723
  C:2FAEH         LINE#         1724
  C:2FB0H         LINE#         1725
  C:2FB0H         LINE#         1726
  C:2FC0H         LINE#         1727
  C:2FC0H         LINE#         1728
  C:2FC7H         LINE#         1729
  C:2FCEH         LINE#         1730
  C:2FD0H         LINE#         1731
  C:2FD2H         LINE#         1732
  C:2FD2H         LINE#         1733
  C:2FDFH         LINE#         1734
  C:2FDFH         LINE#         1735
  C:2FE6H         LINE#         1736
  C:2FEDH         LINE#         1737
  C:2FEFH         LINE#         1738
  C:2FF1H         LINE#         1739
  C:2FF1H         LINE#         1740
  C:2FFEH         LINE#         1741
  C:2FFEH         LINE#         1742
  C:3005H         LINE#         1743
BL51 BANKED LINKER/LOCATER V6.22                                                      09/29/2015  14:55:10  PAGE 37


  C:300CH         LINE#         1744
  C:3011H         LINE#         1745
  C:3011H         LINE#         1746
  C:3011H         LINE#         1747
  C:3011H         LINE#         1748
  C:3011H         LINE#         1749
  C:3011H         LINE#         1750
  C:3017H         LINE#         1751
  C:3029H         LINE#         1752
  C:3029H         LINE#         1753
  C:3029H         LINE#         1754
  C:302BH         LINE#         1755
  C:302BH         LINE#         1756
  C:302DH         LINE#         1757
  C:302FH         LINE#         1758
  C:302FH         LINE#         1759
  C:3031H         LINE#         1760
  C:3033H         LINE#         1761
  C:3033H         LINE#         1762
  C:3035H         LINE#         1763
  C:3037H         LINE#         1764
  C:3037H         LINE#         1765
  C:3039H         LINE#         1766
  C:303BH         LINE#         1767
  C:303BH         LINE#         1768
  C:3044H         LINE#         1769
  C:3048H         LINE#         1770
  C:3051H         LINE#         1771
  C:3056H         LINE#         1772
  C:3056H         LINE#         1773
  C:3056H         LINE#         1774
  C:3056H         LINE#         1775
  -------         ENDPROC       _FUN_ZJZT
  -------         PROC          _FUN_NAJIAN
  D:0059H         SYMBOL        par_now
  D:005AH         SYMBOL        par_next
  D:005BH         SYMBOL        par_high
  D:005EH         SYMBOL        par_data
  -------         DO            
  X:00EFH         SYMBOL        loc_high
  -------         ENDDO         
  C:17ABH         LINE#         1776
  C:17B5H         LINE#         1781
  C:17F7H         LINE#         1783
  C:180BH         LINE#         1784
  C:1813H         LINE#         1785
  C:1832H         LINE#         1786
  C:183DH         LINE#         1787
  C:183DH         LINE#         1788
  C:183FH         LINE#         1789
  C:185AH         LINE#         1790
  C:1862H         LINE#         1791
  C:188CH         LINE#         1792
  C:1894H         LINE#         1793
  C:18DFH         LINE#         1794
  C:18DFH         LINE#         1796
  C:18E6H         LINE#         1798
BL51 BANKED LINKER/LOCATER V6.22                                                      09/29/2015  14:55:10  PAGE 38


  C:18FBH         LINE#         1800
  C:1900H         LINE#         1802
  C:1929H         LINE#         1803
  C:1929H         LINE#         1804
  C:1957H         LINE#         1805
  C:1957H         LINE#         1806
  C:1957H         LINE#         1807
  C:195AH         LINE#         1808
  C:195AH         LINE#         1809
  C:195AH         LINE#         1810
  C:195DH         LINE#         1811
  C:195DH         LINE#         1812
  C:1977H         LINE#         1813
  C:197AH         LINE#         1814
  C:197AH         LINE#         1815
  C:1994H         LINE#         1816
  C:1997H         LINE#         1817
  C:1997H         LINE#         1818
  C:1997H         LINE#         1819
  C:199AH         LINE#         1820
  C:199AH         LINE#         1821
  C:199AH         LINE#         1822
  C:199DH         LINE#         1823
  C:199DH         LINE#         1824
  C:19B7H         LINE#         1825
  C:19BAH         LINE#         1826
  C:19BAH         LINE#         1827
  C:19BAH         LINE#         1828
  C:19BAH         LINE#         1829
  C:19BAH         LINE#         1830
  C:19BAH         LINE#         1831
  C:19E3H         LINE#         1832
  C:19E3H         LINE#         1833
  C:19E3H         LINE#         1834
  C:19E6H         LINE#         1835
  C:19E6H         LINE#         1836
  C:19E6H         LINE#         1837
  C:19E9H         LINE#         1838
  C:19E9H         LINE#         1839
  C:19E9H         LINE#         1840
  C:19ECH         LINE#         1841
  C:19ECH         LINE#         1842
  C:19ECH         LINE#         1843
  C:19EFH         LINE#         1844
  C:19EFH         LINE#         1845
  C:19EFH         LINE#         1846
  C:19F2H         LINE#         1847
  C:19F2H         LINE#         1848
  C:19F2H         LINE#         1849
  C:19F5H         LINE#         1850
  C:19F5H         LINE#         1851
  C:19F5H         LINE#         1852
  C:19F8H         LINE#         1853
  C:19F8H         LINE#         1854
  C:19F8H         LINE#         1855
  C:19F8H         LINE#         1856
  C:19F8H         LINE#         1857
BL51 BANKED LINKER/LOCATER V6.22                                                      09/29/2015  14:55:10  PAGE 39


  C:19F8H         LINE#         1858
  C:1A21H         LINE#         1859
  C:1A21H         LINE#         1860
  C:1A21H         LINE#         1861
  C:1A24H         LINE#         1862
  C:1A24H         LINE#         1863
  C:1A24H         LINE#         1864
  C:1A27H         LINE#         1865
  C:1A27H         LINE#         1866
  C:1A27H         LINE#         1867
  C:1A2AH         LINE#         1868
  C:1A2AH         LINE#         1869
  C:1A2AH         LINE#         1870
  C:1A2DH         LINE#         1871
  C:1A2DH         LINE#         1872
  C:1A2DH         LINE#         1873
  C:1A30H         LINE#         1874
  C:1A30H         LINE#         1875
  C:1A30H         LINE#         1876
  C:1A33H         LINE#         1877
  C:1A33H         LINE#         1878
  C:1A33H         LINE#         1879
  C:1A36H         LINE#         1880
  C:1A36H         LINE#         1881
  C:1A36H         LINE#         1882
  C:1A36H         LINE#         1883
  C:1A36H         LINE#         1884
  C:1A36H         LINE#         1885
  C:1A5FH         LINE#         1886
  C:1A5FH         LINE#         1887
  C:1A79H         LINE#         1888
  C:1A7CH         LINE#         1889
  C:1A7CH         LINE#         1890
  C:1A7CH         LINE#         1891
  C:1A7FH         LINE#         1892
  C:1A7FH         LINE#         1893
  C:1A7FH         LINE#         1894
  C:1A82H         LINE#         1895
  C:1A82H         LINE#         1896
  C:1AA4H         LINE#         1897
  C:1AA7H         LINE#         1898
  C:1AA7H         LINE#         1899
  C:1AA7H         LINE#         1900
  C:1AAAH         LINE#         1901
  C:1AAAH         LINE#         1902
  C:1AAAH         LINE#         1903
  C:1AADH         LINE#         1904
  C:1AADH         LINE#         1905
  C:1ACFH         LINE#         1906
  C:1AD2H         LINE#         1907
  C:1AD2H         LINE#         1908
  C:1AD2H         LINE#         1909
  C:1AD2H         LINE#         1910
  C:1AD2H         LINE#         1911
  C:1AD2H         LINE#         1912
  C:1AFBH         LINE#         1913
  C:1AFBH         LINE#         1914
BL51 BANKED LINKER/LOCATER V6.22                                                      09/29/2015  14:55:10  PAGE 40


  C:1B1DH         LINE#         1915
  C:1B20H         LINE#         1916
  C:1B20H         LINE#         1917
  C:1B20H         LINE#         1918
  C:1B23H         LINE#         1919
  C:1B23H         LINE#         1920
  C:1B23H         LINE#         1921
  C:1B26H         LINE#         1922
  C:1B26H         LINE#         1923
  C:1B48H         LINE#         1924
  C:1B4BH         LINE#         1925
  C:1B4BH         LINE#         1926
  C:1B4BH         LINE#         1927
  C:1B4EH         LINE#         1928
  C:1B4EH         LINE#         1929
  C:1B4EH         LINE#         1930
  C:1B51H         LINE#         1931
  C:1B51H         LINE#         1932
  C:1B73H         LINE#         1933
  C:1B76H         LINE#         1934
  C:1B76H         LINE#         1935
  C:1B76H         LINE#         1936
  C:1B76H         LINE#         1937
  C:1B76H         LINE#         1938
  C:1B76H         LINE#         1939
  C:1B9FH         LINE#         1940
  C:1B9FH         LINE#         1941
  C:1B9FH         LINE#         1942
  C:1BA1H         LINE#         1943
  C:1BA1H         LINE#         1944
  C:1BA1H         LINE#         1945
  C:1BA4H         LINE#         1946
  C:1BA4H         LINE#         1947
  C:1BA4H         LINE#         1948
  C:1BA7H         LINE#         1949
  C:1BA7H         LINE#         1950
  C:1BA7H         LINE#         1951
  C:1BA9H         LINE#         1952
  C:1BA9H         LINE#         1953
  C:1BA9H         LINE#         1954
  C:1BACH         LINE#         1955
  C:1BACH         LINE#         1956
  C:1BACH         LINE#         1957
  C:1BAFH         LINE#         1958
  C:1BAFH         LINE#         1959
  C:1BAFH         LINE#         1960
  C:1BB2H         LINE#         1961
  C:1BB2H         LINE#         1962
  C:1BB2H         LINE#         1963
  C:1BB2H         LINE#         1964
  C:1BB2H         LINE#         1965
  C:1BB2H         LINE#         1966
  C:1BDBH         LINE#         1967
  C:1BDBH         LINE#         1968
  C:1BF5H         LINE#         1969
  C:1BF8H         LINE#         1970
  C:1BF8H         LINE#         1971
BL51 BANKED LINKER/LOCATER V6.22                                                      09/29/2015  14:55:10  PAGE 41


  C:1BF8H         LINE#         1972
  C:1BFBH         LINE#         1973
  C:1BFBH         LINE#         1974
  C:1BFBH         LINE#         1975
  C:1BFEH         LINE#         1976
  C:1BFEH         LINE#         1977
  C:1C18H         LINE#         1978
  C:1C1BH         LINE#         1979
  C:1C1BH         LINE#         1980
  C:1C35H         LINE#         1981
  C:1C38H         LINE#         1982
  C:1C38H         LINE#         1983
  C:1C38H         LINE#         1984
  C:1C3BH         LINE#         1985
  C:1C3BH         LINE#         1986
  C:1C3BH         LINE#         1987
  C:1C3EH         LINE#         1988
  C:1C3EH         LINE#         1989
  C:1C3EH         LINE#         1990
  C:1C3EH         LINE#         1991
  C:1C3EH         LINE#         1992
  C:1C3EH         LINE#         1993
  C:1C64H         LINE#         1994
  C:1C64H         LINE#         1995
  C:1C86H         LINE#         1996
  C:1C89H         LINE#         1997
  C:1C89H         LINE#         1998
  C:1CA3H         LINE#         1999
  C:1CA6H         LINE#         2000
  C:1CA6H         LINE#         2001
  C:1CC0H         LINE#         2002
  C:1CC2H         LINE#         2003
  C:1CC2H         LINE#         2004
  C:1CE4H         LINE#         2005
  C:1CE6H         LINE#         2006
  C:1CE6H         LINE#         2007
  C:1D1CH         LINE#         2008
  C:1D1EH         LINE#         2009
  C:1D1EH         LINE#         2010
  C:1D4CH         LINE#         2011
  C:1D4EH         LINE#         2012
  C:1D4EH         LINE#         2013
  C:1D7AH         LINE#         2014
  C:1D7AH         LINE#         2015
  C:1D7AH         LINE#         2016
  C:1D7AH         LINE#         2017
  C:1D7AH         LINE#         2018
  C:1D7AH         LINE#         2019
  C:1D7AH         LINE#         2020
  C:1D7AH         LINE#         2021
  C:1D7AH         LINE#         2023
  C:1D81H         LINE#         2025
  C:1D93H         LINE#         2027
  C:1D98H         LINE#         2031
  C:1E00H         LINE#         2032
  C:1E2EH         LINE#         2033
  C:1E3DH         LINE#         2034
BL51 BANKED LINKER/LOCATER V6.22                                                      09/29/2015  14:55:10  PAGE 42


  -------         ENDPROC       _FUN_NAJIAN
  -------         PROC          FUN_ZHUAJIAN
  C:3795H         LINE#         2036
  C:3795H         LINE#         2037
  C:379AH         LINE#         2038
  C:379FH         LINE#         2039
  C:37A4H         LINE#         2040
  C:37ACH         LINE#         2041
  C:37B1H         LINE#         2043
  C:37B8H         LINE#         2044
  C:37BFH         LINE#         2045
  C:37C6H         LINE#         2046
  C:37CCH         LINE#         2047
  C:37E4H         LINE#         2048
  C:37EAH         LINE#         2049
  C:37EAH         LINE#         2050
  C:37EAH         LINE#         2051
  C:37EAH         LINE#         2052
  C:37EAH         LINE#         2053
  C:37EAH         LINE#         2054
  C:37EAH         LINE#         2055
  C:37EAH         LINE#         2056
  C:37EAH         LINE#         2057
  C:37ECH         LINE#         2058
  C:37F2H         LINE#         2059
  C:37F9H         LINE#         2060
  C:3800H         LINE#         2061
  C:3809H         LINE#         2062
  C:3810H         LINE#         2063
  C:3817H         LINE#         2064
  C:3820H         LINE#         2065
  C:3827H         LINE#         2066
  C:3830H         LINE#         2067
  C:3830H         LINE#         2068
  C:3837H         LINE#         2069
  C:3839H         LINE#         2070
  -------         ENDPROC       FUN_ZHUAJIAN
  -------         PROC          FUN_BACK
  C:3BD2H         LINE#         2072
  C:3BD2H         LINE#         2073
  C:3BD9H         LINE#         2074
  C:3BDCH         LINE#         2076
  C:3BE3H         LINE#         2077
  C:3BEAH         LINE#         2078
  C:3BF3H         LINE#         2080
  C:3BFAH         LINE#         2081
  -------         ENDPROC       FUN_BACK
  -------         PROC          _FUN_START
  D:0007H         SYMBOL        par_x
  D:0005H         SYMBOL        par_y
  D:0003H         SYMBOL        par_ctfx
  D:0013H         SYMBOL        par_szzt
  D:0014H         SYMBOL        par_sjwz
  D:0015H         SYMBOL        par_pywz
  D:0016H         SYMBOL        par_hzfx
  C:39E0H         LINE#         2083
  C:39E0H         LINE#         2084
BL51 BANKED LINKER/LOCATER V6.22                                                      09/29/2015  14:55:10  PAGE 43


  C:39E3H         LINE#         2085
  C:39E6H         LINE#         2086
  C:39E8H         LINE#         2087
  C:39EAH         LINE#         2088
  C:39EDH         LINE#         2089
  C:39F0H         LINE#         2090
  C:39F3H         LINE#         2092
  C:39F5H         LINE#         2093
  C:39F7H         LINE#         2094
  C:39F9H         LINE#         2095
  C:39FBH         LINE#         2101
  C:39FEH         LINE#         2102
  C:3A01H         LINE#         2103
  C:3A04H         LINE#         2105
  C:3A09H         LINE#         2106
  C:3A0CH         LINE#         2107
  C:3A11H         LINE#         2108
  C:3A15H         LINE#         2109
  C:3A19H         LINE#         2110
  C:3A1DH         LINE#         2111
  C:3A21H         LINE#         2113
  C:3A26H         LINE#         2114
  C:3A2CH         LINE#         2115
  C:3A33H         LINE#         2116
  C:3A3AH         LINE#         2117
  C:3A41H         LINE#         2118
  C:3A48H         LINE#         2120
  C:3A4AH         LINE#         2121
  C:3A4CH         LINE#         2122
  C:3A4EH         LINE#         2127
  -------         ENDPROC       _FUN_START
  -------         PROC          FUN_STOP
  C:3B59H         LINE#         2130
  C:3B59H         LINE#         2131
  C:3B5BH         LINE#         2132
  C:3B60H         LINE#         2133
  C:3B66H         LINE#         2134
  C:3B6DH         LINE#         2135
  C:3B74H         LINE#         2136
  C:3B7BH         LINE#         2137
  C:3B82H         LINE#         2138
  C:3B94H         LINE#         2139
  -------         ENDPROC       FUN_STOP
  -------         ENDMOD        8023

  -------         MODULE        ?C?FPMUL
  C:1018H         PUBLIC        ?C?FPMUL
  -------         ENDMOD        ?C?FPMUL

  -------         MODULE        ?C?FCAST
  C:1128H         PUBLIC        ?C?FCASTC
  C:1123H         PUBLIC        ?C?FCASTI
  C:111EH         PUBLIC        ?C?FCASTL
  -------         ENDMOD        ?C?FCAST

  -------         MODULE        ?C?CASTF
  C:115CH         PUBLIC        ?C?CASTF
BL51 BANKED LINKER/LOCATER V6.22                                                      09/29/2015  14:55:10  PAGE 44


  -------         ENDMOD        ?C?CASTF

  -------         MODULE        PRINTF
  D:0022H         PUBLIC        ?_PRINTF?BYTE
  D:0022H         PUBLIC        ?_SPRINTF?BYTE
  C:2393H         PUBLIC        _PRINTF
  C:238DH         PUBLIC        _SPRINTF
  -------         ENDMOD        PRINTF

  -------         MODULE        ?C?FPROUND
  C:11DDH         PUBLIC        ?C?FPROUND
  -------         ENDMOD        ?C?FPROUND

  -------         MODULE        ?C?FPCONVERT
  C:120CH         PUBLIC        ?C?FPCONVERT
  -------         ENDMOD        ?C?FPCONVERT

  -------         MODULE        ?C?FPADD
  C:1316H         PUBLIC        ?C?FPADD
  C:1312H         PUBLIC        ?C?FPSUB
  -------         ENDMOD        ?C?FPADD

  -------         MODULE        ?C?FPDIV
  C:140AH         PUBLIC        ?C?FPDIV
  -------         ENDMOD        ?C?FPDIV

  -------         MODULE        ?C?FTNPWR
  C:14D7H         PUBLIC        ?C?FTNPWR
  -------         ENDMOD        ?C?FTNPWR

  -------         MODULE        ?C?CLDPTR
  C:1517H         PUBLIC        ?C?CLDPTR
  -------         ENDMOD        ?C?CLDPTR

  -------         MODULE        ?C?CLDOPTR
  C:1530H         PUBLIC        ?C?CLDOPTR
  -------         ENDMOD        ?C?CLDOPTR

  -------         MODULE        ?C?CILDOPTR
  C:155DH         PUBLIC        ?C?CILDOPTR
  -------         ENDMOD        ?C?CILDOPTR

  -------         MODULE        ?C?CSTPTR
  C:1590H         PUBLIC        ?C?CSTPTR
  -------         ENDMOD        ?C?CSTPTR

  -------         MODULE        ?C?IMUL
  C:15A2H         PUBLIC        ?C?IMUL
  -------         ENDMOD        ?C?IMUL

  -------         MODULE        ?C?UIDIV
  C:15B4H         PUBLIC        ?C?UIDIV
  -------         ENDMOD        ?C?UIDIV

  -------         MODULE        ?C?IILDX
  C:1609H         PUBLIC        ?C?IILDX
  -------         ENDMOD        ?C?IILDX
BL51 BANKED LINKER/LOCATER V6.22                                                      09/29/2015  14:55:10  PAGE 45



  -------         MODULE        ?C?ULDIV
  C:165BH         PUBLIC        ?C?ULDIV
  -------         ENDMOD        ?C?ULDIV

  -------         MODULE        ?C?LNEG
  C:16EDH         PUBLIC        ?C?LNEG
  -------         ENDMOD        ?C?LNEG

  -------         MODULE        ?C?ULCMP
  C:16FBH         PUBLIC        ?C?ULCMP
  -------         ENDMOD        ?C?ULCMP

  -------         MODULE        ?C?LSTXDATA
  C:170CH         PUBLIC        ?C?LSTXDATA
  -------         ENDMOD        ?C?LSTXDATA

  -------         MODULE        ?C?LSTKXDATA
  C:1718H         PUBLIC        ?C?LSTKXDATA
  -------         ENDMOD        ?C?LSTKXDATA

  -------         MODULE        ?C?PLDIIDATA
  C:1749H         PUBLIC        ?C?PLDIIDATA
  -------         ENDMOD        ?C?PLDIIDATA

  -------         MODULE        ?C?CCASE
  C:1759H         PUBLIC        ?C?CCASE
  -------         ENDMOD        ?C?CCASE

  -------         MODULE        PUTCHAR
  C:3C34H         PUBLIC        _PUTCHAR
  -------         ENDMOD        PUTCHAR

  -------         MODULE        CABS
  C:3DAFH         PUBLIC        _CABS
  -------         ENDMOD        CABS

  -------         MODULE        ?C?MEMSET
  C:177FH         PUBLIC        ?C?MEMSET
  -------         ENDMOD        ?C?MEMSET

Program Size: data=122.1 xdata=240 code=15803
LINK/LOCATE RUN COMPLETE.  0 WARNING(S),  0 ERROR(S)
