C51 COMPILER V9.54   PERFECT                                                               09/07/2015 15:45:25 PAGE 1   


C51 COMPILER V9.54, COMPILATION OF MODULE PERFECT
OBJECT MODULE PLACED IN perfect.OBJ
COMPILER INVOKED BY: D:\MyProgram\keil\C51\BIN\C51.EXE perfect.c OPTIMIZE(8,SPEED) BROWSE DEBUG OBJECTEXTEND

line level    source

   1          #include "../8023.h"
   2          void main(){
   3   1          def_start(//在此输入小车目前的状态
  10   1              0,//X坐标
  10   1              0,//Y坐标
  10   1              dir_up,//车头方向
  10   1              han_s,//手抓状态
  10   1              sjp_3,//升降位置
  10   1              tra_h,//平移位置
  10   1              dir_right)//回转方向
  11   1          /*请从下一行开始写你的程序*/
  12   1                      fun_test();
  13   1          /*你的程序到此为止,请不要再继续改动*/
  14   1          def_stop
  15   1      }
  16          void Int0Interrupt() interrupt 0{
  17   1          ;
  18   1      }
  19          void Timer0Interrupt() interrupt 1 using 1{
  20   1          fun_timer0();
  21   1      }
  22          void Timer1Interrupt() interrupt 3 using 1{
  23   1          fun_timer1();
  24   1      }


MODULE INFORMATION:   STATIC OVERLAYABLE
   CODE SIZE        =    151    ----
   CONSTANT SIZE    =     11    ----
   XDATA SIZE       =   ----    ----
   PDATA SIZE       =   ----    ----
   DATA SIZE        =   ----    ----
   IDATA SIZE       =   ----    ----
   BIT SIZE         =   ----    ----
END OF MODULE INFORMATION.


C51 COMPILATION COMPLETE.  0 WARNING(S),  0 ERROR(S)
