BL51 BANKED LINKER/LOCATER V6.22                                                        11/11/2015  19:46:16  PAGE 1


BL51 BANKED LINKER/LOCATER V6.22, INVOKED BY:
D:\MYPROGRAM\KEIL\C51\BIN\BL51.EXE STARTUP.obj, perfect.obj, ..\8023.LIB TO perfect RAMSIZE (256) DISABLEWARNING (16)


MEMORY MODEL: LARGE WITH FLOATING POINT ARITHMETIC


INPUT MODULES INCLUDED:
  STARTUP.obj (?C_STARTUP)
  perfect.obj (PERFECT)
  ..\8023.LIB (8023)
  D:\MYPROGRAM\KEIL\C51\LIB\C51FPL.LIB (?C?FPMUL)
  D:\MYPROGRAM\KEIL\C51\LIB\C51FPL.LIB (?C?FCAST)
  D:\MYPROGRAM\KEIL\C51\LIB\C51FPL.LIB (?C?CASTF)
  D:\MYPROGRAM\KEIL\C51\LIB\C51FPL.LIB (PRINTF)
  D:\MYPROGRAM\KEIL\C51\LIB\C51FPL.LIB (?C?FPGETOPN)
  D:\MYPROGRAM\KEIL\C51\LIB\C51FPL.LIB (?C?FPROUND)
  D:\MYPROGRAM\KEIL\C51\LIB\C51FPL.LIB (?C?FPCONVERT)
  D:\MYPROGRAM\KEIL\C51\LIB\C51FPL.LIB (?C?FPADD)
  D:\MYPROGRAM\KEIL\C51\LIB\C51FPL.LIB (?C?FPDIV)
  D:\MYPROGRAM\KEIL\C51\LIB\C51FPL.LIB (?C?FTNPWR)
  D:\MYPROGRAM\KEIL\C51\LIB\C51L.LIB (?C_INIT)
  D:\MYPROGRAM\KEIL\C51\LIB\C51L.LIB (?C?COPY)
  D:\MYPROGRAM\KEIL\C51\LIB\C51L.LIB (?C?CLDPTR)
  D:\MYPROGRAM\KEIL\C51\LIB\C51L.LIB (?C?CLDOPTR)
  D:\MYPROGRAM\KEIL\C51\LIB\C51L.LIB (?C?CILDOPTR)
  D:\MYPROGRAM\KEIL\C51\LIB\C51L.LIB (?C?CSTPTR)
  D:\MYPROGRAM\KEIL\C51\LIB\C51L.LIB (?C?CSTOPTR)
  D:\MYPROGRAM\KEIL\C51\LIB\C51L.LIB (?C?IMUL)
  D:\MYPROGRAM\KEIL\C51\LIB\C51L.LIB (?C?UIDIV)
  D:\MYPROGRAM\KEIL\C51\LIB\C51L.LIB (?C?SIDIV)
  D:\MYPROGRAM\KEIL\C51\LIB\C51L.LIB (?C?IILDX)
  D:\MYPROGRAM\KEIL\C51\LIB\C51L.LIB (?C?ILDIX)
  D:\MYPROGRAM\KEIL\C51\LIB\C51L.LIB (?C?ULDIV)
  D:\MYPROGRAM\KEIL\C51\LIB\C51L.LIB (?C?LNEG)
  D:\MYPROGRAM\KEIL\C51\LIB\C51L.LIB (?C?ULCMP)
  D:\MYPROGRAM\KEIL\C51\LIB\C51L.LIB (?C?LSTXDATA)
  D:\MYPROGRAM\KEIL\C51\LIB\C51L.LIB (?C?LSTKXDATA)
  D:\MYPROGRAM\KEIL\C51\LIB\C51L.LIB (?C?OFFXADD)
  D:\MYPROGRAM\KEIL\C51\LIB\C51L.LIB (?C?PLDIXDATA)
  D:\MYPROGRAM\KEIL\C51\LIB\C51L.LIB (?C?PSTXDATA)
  D:\MYPROGRAM\KEIL\C51\LIB\C51L.LIB (?C?CCASE)
  D:\MYPROGRAM\KEIL\C51\LIB\C51L.LIB (PUTCHAR)
  D:\MYPROGRAM\KEIL\C51\LIB\C51L.LIB (CABS)
  D:\MYPROGRAM\KEIL\C51\LIB\C51L.LIB (?C?MEMSET)


LINK MAP OF MODULE:  perfect (?C_STARTUP)


            TYPE    BASE      LENGTH    RELOCATION   SEGMENT NAME
            -----------------------------------------------------

            * * * * * * *   D A T A   M E M O R Y   * * * * * * *
            REG     0000H     0008H     ABSOLUTE     "REG BANK 0"
            REG     0008H     0008H     ABSOLUTE     "REG BANK 1"
            DATA    0010H     000BH     UNIT         _DATA_GROUP_
            DATA    001BH     0005H     UNIT         ?DT?8023
BL51 BANKED LINKER/LOCATER V6.22                                                      11/11/2015  19:46:16  PAGE 2


            BIT     0020H.0   0001H.1   UNIT         _BIT_GROUP_
                    0021H.1   0000H.7                *** GAP ***
            DATA    0022H     0001H     UNIT         ?DT?_FUN_PYSJHZ?8023
            IDATA   0023H     0001H     UNIT         ?STACK

            * * * * * * *  X D A T A   M E M O R Y  * * * * * * *
            XDATA   0000H     0244H     UNIT         ?XD?8023
            XDATA   0244H     0061H     UNIT         ?XD?_FUN_ZDZJ?8023
            XDATA   02A5H     0039H     UNIT         _XDATA_GROUP_
            XDATA   02DEH     002EH     UNIT         ?XD?_FUN_FLSETTING?8023
            XDATA   030CH     002CH     UNIT         ?XD?_FUN_MIN?8023
            XDATA   0338H     000EH     UNIT         ?XD?_FUN_PYSJHZ?8023
            XDATA   0346H     000DH     UNIT         ?XD?_FUN_SJHZ?8023
            XDATA   0353H     0009H     UNIT         ?XD?_FUN_RECORD?8023
            XDATA   035CH     0008H     UNIT         ?XD?_FUN_NAJIAN?8023
            XDATA   0364H     0005H     UNIT         ?XD?_FUN_FOLLINE?8023
            XDATA   0369H     0004H     UNIT         ?XD?FUN_CALIBRATION?8023
            XDATA   036DH     0004H     UNIT         ?XD?_FUN_COORDINATE?8023
            XDATA   0371H     0003H     UNIT         ?XD?_FUN_QC?8023
            XDATA   0374H     0002H     UNIT         ?XD?_FUN_PYHZ?8023
            XDATA   0376H     0002H     UNIT         ?XD?_FUN_ZJZT?8023
            XDATA   0378H     0002H     UNIT         ?XD?_DEB_OUTSTEP?8023
            XDATA   037AH     0001H     UNIT         ?XD?_FUN_SZ?8023
            XDATA   037BH     0001H     UNIT         ?XD?_FUN_PY?8023
            XDATA   037CH     0001H     UNIT         ?XD?_FUN_SJ?8023
            XDATA   037DH     0001H     UNIT         ?XD?_FUN_HZ?8023
            XDATA   037EH     0001H     UNIT         ?XD?_FUN_TURN?8023
            XDATA   037FH     0001H     UNIT         ?XD?_FUN_GETXY?8023
            XDATA   0380H     0001H     UNIT         ?XD?_FUN_XYMOVE?8023

            * * * * * * *   C O D E   M E M O R Y   * * * * * * *
            CODE    0000H     0003H     ABSOLUTE     
            CODE    0003H     0003H     ABSOLUTE     
            CODE    0006H     0001H     UNIT         ?PR?INT0INTERRUPT?PERFECT
            CODE    0007H     0001H     UNIT         ?PR?FUN_BACK?8023
                    0008H     0003H                  *** GAP ***
            CODE    000BH     0003H     ABSOLUTE     
            CODE    000EH     000DH     UNIT         ?PR?FUN_STOPE2PROM?8023
            CODE    001BH     0003H     ABSOLUTE     
            CODE    001EH     10D0H     UNIT         ?PR?_FUN_ZDZJ?8023
            CODE    10EEH     10C8H     UNIT         ?PR?_FUN_GETPUBLICY?8023
            CODE    21B6H     0923H     UNIT         ?C?LIB_CODE
            CODE    2AD9H     0557H     UNIT         ?PR?FUN_TIMERMOVE?8023
            CODE    3030H     0516H     UNIT         ?PR?_FUN_COORDINATE?8023
            CODE    3546H     0483H     UNIT         ?PR?PRINTF?PRINTF
            CODE    39C9H     039AH     UNIT         ?PR?_FUN_PYSJHZ?8023
            CODE    3D63H     0330H     UNIT         ?PR?_FUN_RECORD?8023
            CODE    4093H     02C1H     UNIT         ?PR?_FUN_SJHZ?8023
            CODE    4354H     0241H     UNIT         ?PR?_FUN_SETXY?8023
            CODE    4595H     023EH     UNIT         ?PR?_FUN_MOTORS?8023
            CODE    47D3H     01DEH     UNIT         ?PR?_FUN_QC?8023
            CODE    49B1H     01B5H     UNIT         ?PR?FUN_CALIBRATION?8023
            CODE    4B66H     01AFH     UNIT         ?PR?_FUN_PBXY?8023
            CODE    4D15H     01AEH     UNIT         ?PR?_FUN_MOTORSRL?8023
            CODE    4EC3H     01AAH     UNIT         ?PR?_FUN_FOLLINE?8023
            CODE    506DH     019CH     UNIT         ?CO?8023
            CODE    5209H     0183H     UNIT         ?PR?_FUN_ZJZT?8023
BL51 BANKED LINKER/LOCATER V6.22                                                      11/11/2015  19:46:16  PAGE 3


            CODE    538CH     0175H     UNIT         ?PR?_FUN_XYMOVE?8023
            CODE    5501H     0147H     UNIT         ?PR?_FUN_PYHZ?8023
            CODE    5648H     011CH     UNIT         ?PR?FUN_TEST?8023
            CODE    5764H     011BH     UNIT         ?PR?_FUN_NAJIAN?8023
            CODE    587FH     00E5H     UNIT         ?PR?_FUN_START?8023
            CODE    5964H     00E5H     UNIT         ?PR?_DEB_OUTSTEP?8023
            CODE    5A49H     00CBH     UNIT         ?PR?FUN_ZHUAJIAN?8023
            CODE    5B14H     00A4H     UNIT         ?PR?_FUN_GETXY?8023
            CODE    5BB8H     00A3H     UNIT         ?PR?FUN_JTJP?8023
            CODE    5C5BH     00A2H     UNIT         ?PR?MAIN?PERFECT
            CODE    5CFDH     009EH     UNIT         ?PR?_FUN_SJ?8023
            CODE    5D9BH     008CH     UNIT         ?C_C51STARTUP
            CODE    5E27H     0083H     UNIT         ?PR?_FUN_FLSETTING?8023
            CODE    5EAAH     007BH     UNIT         ?PR?_FUN_TURN?8023
            CODE    5F25H     007BH     UNIT         ?PR?_FUN_MIN?8023
            CODE    5FA0H     0075H     UNIT         ?PR?_FUN_DELAY?8023
            CODE    6015H     005EH     UNIT         ?PR?_FUN_GO?8023
            CODE    6073H     005AH     UNIT         ?PR?_FUN_PY?8023
            CODE    60CDH     0051H     UNIT         ?PR?_FUN_HZ?8023
            CODE    611EH     0042H     UNIT         ?PR?FUN_STOP?8023
            CODE    6160H     003BH     UNIT         ?PR?_FUN_SZ?8023
            CODE    619BH     0032H     UNIT         ?PR?FUN_BACK90?8023
            CODE    61CDH     002FH     UNIT         ?C_INITSEG
            CODE    61FCH     0027H     UNIT         ?PR?PUTCHAR?PUTCHAR
            CODE    6223H     0026H     UNIT         ?PR?FUN_TIMER0?8023
            CODE    6249H     0021H     UNIT         ?PR?_FUN_WRITEE2PROM?8023
            CODE    626AH     0020H     UNIT         ?PR?_FUN_READE2PROM?8023
            CODE    628AH     001DH     UNIT         ?PR?_FUN_CLEANE2PROM?8023
            CODE    62A7H     001BH     UNIT         ?PR?TIMER0INTERRUPT?PERFECT
            CODE    62C2H     001BH     UNIT         ?PR?TIMER1INTERRUPT?PERFECT
            CODE    62DDH     001AH     UNIT         ?PR?_FUN_PWMR?8023
            CODE    62F7H     001AH     UNIT         ?PR?_FUN_PWML?8023
            CODE    6311H     0016H     UNIT         ?PR?FUN_TIMER0INIT?8023
            CODE    6327H     0016H     UNIT         ?PR?FUN_TIMER1INIT?8023
            CODE    633DH     0016H     UNIT         ?PR?FUN_ZBTFL?8023
            CODE    6353H     0015H     UNIT         ?PR?FUN_MAINTFL?8023
            CODE    6368H     0013H     UNIT         ?PR?FUN_PORT?8023
            CODE    637BH     0011H     UNIT         ?CO?PERFECT
            CODE    638CH     000EH     UNIT         ?PR?FUN_WAIT?8023
            CODE    639AH     000BH     UNIT         ?PR?FUN_PWMINIT?8023
            CODE    63A5H     0008H     UNIT         ?PR?_CABS?CABS
            CODE    63ADH     0007H     UNIT         ?PR?FUN_TIMER1?8023



OVERLAY MAP OF MODULE:   perfect (?C_STARTUP)


SEGMENT                                BIT_GROUP          DATA_GROUP          XDATA_GROUP
  +--> CALLED SEGMENT               START    LENGTH     START    LENGTH     START    LENGTH
-------------------------------------------------------------------------------------------
?C_C51STARTUP                       -----    -----      -----    -----      -----    -----
  +--> ?PR?MAIN?PERFECT
  +--> ?C_INITSEG

?PR?MAIN?PERFECT                    -----    -----      -----    -----      -----    -----
  +--> ?PR?_FUN_START?8023
BL51 BANKED LINKER/LOCATER V6.22                                                      11/11/2015  19:46:16  PAGE 4


  +--> ?PR?_FUN_SETXY?8023
  +--> ?PR?_FUN_GETPUBLICY?8023
  +--> ?CO?PERFECT
  +--> ?PR?PRINTF?PRINTF
  +--> ?PR?FUN_STOP?8023

?PR?_FUN_START?8023                 -----    -----      -----    -----      02A5H    0007H
  +--> ?PR?FUN_PORT?8023
  +--> ?PR?FUN_PWMINIT?8023
  +--> ?PR?FUN_TIMER0INIT?8023
  +--> ?PR?FUN_TIMER1INIT?8023
  +--> ?PR?_FUN_MOTORS?8023
  +--> ?PR?_FUN_DELAY?8023
  +--> ?CO?8023
  +--> ?PR?PRINTF?PRINTF

?PR?_FUN_MOTORS?8023                -----    -----      -----    -----      02ACH    0001H
  +--> ?PR?_CABS?CABS
  +--> ?PR?_FUN_PWML?8023
  +--> ?PR?_FUN_PWMR?8023

?PR?_FUN_DELAY?8023                 -----    -----      0010H    0007H      -----    -----

?PR?PRINTF?PRINTF                   0020H.0  0001H.1    0010H    0005H      02ACH    0030H
  +--> ?PR?PUTCHAR?PUTCHAR

?PR?_FUN_SETXY?8023                 -----    -----      -----    -----      02A5H    0019H
  +--> ?PR?_FUN_PBXY?8023

?PR?_FUN_PBXY?8023                  -----    -----      -----    -----      02BEH    0004H

?PR?_FUN_GETPUBLICY?8023            -----    -----      -----    -----      02A5H    0007H

?PR?FUN_STOP?8023                   -----    -----      -----    -----      -----    -----
  +--> ?PR?_FUN_MOTORS?8023
  +--> ?CO?8023
  +--> ?PR?PRINTF?PRINTF

*** NEW ROOT ***************************************************

?PR?TIMER0INTERRUPT?PERFECT         -----    -----      -----    -----      -----    -----
  +--> ?PR?FUN_TIMER0?8023

?PR?FUN_TIMER0?8023                 -----    -----      -----    -----      -----    -----
  +--> ?PR?FUN_TIMERMOVE?8023

?PR?FUN_TIMERMOVE?8023              -----    -----      0017H    0004H      -----    -----
  +--> ?PR?_FUN_MOTORSRL?8023

?PR?_FUN_MOTORSRL?8023              -----    -----      -----    -----      02DCH    0002H
  +--> ?PR?_CABS?CABS
  +--> ?PR?_FUN_PWML?8023
  +--> ?PR?_FUN_PWMR?8023

*** NEW ROOT ***************************************************

?PR?TIMER1INTERRUPT?PERFECT         -----    -----      -----    -----      -----    -----
BL51 BANKED LINKER/LOCATER V6.22                                                      11/11/2015  19:46:16  PAGE 5


  +--> ?PR?FUN_TIMER1?8023



SYMBOL TABLE OF MODULE:  perfect (?C_STARTUP)

  VALUE           TYPE          NAME
  ----------------------------------

  -------         MODULE        ?C_STARTUP
  C:5D9BH         SEGMENT       ?C_C51STARTUP
  I:0023H         SEGMENT       ?STACK
  C:0000H         PUBLIC        ?C_STARTUP
  D:00E0H         SYMBOL        ACC
  D:00F0H         SYMBOL        B
  D:0083H         SYMBOL        DPH
  D:0082H         SYMBOL        DPL
  N:0000H         SYMBOL        IBPSTACK
  N:0100H         SYMBOL        IBPSTACKTOP
  N:0080H         SYMBOL        IDATALEN
  C:5D9EH         SYMBOL        IDATALOOP
  N:0000H         SYMBOL        PBPSTACK
  N:0100H         SYMBOL        PBPSTACKTOP
  N:0000H         SYMBOL        PDATALEN
  N:0000H         SYMBOL        PDATASTART
  N:0000H         SYMBOL        PPAGE
  N:0000H         SYMBOL        PPAGEENABLE
  D:00A0H         SYMBOL        PPAGE_SFR
  D:0081H         SYMBOL        SP
  C:5D9BH         SYMBOL        STARTUP1
  N:0000H         SYMBOL        XBPSTACK
  N:0000H         SYMBOL        XBPSTACKTOP
  N:0000H         SYMBOL        XDATALEN
  N:0000H         SYMBOL        XDATASTART
  C:0000H         LINE#         126
  C:5D9BH         LINE#         133
  C:5D9DH         LINE#         134
  C:5D9EH         LINE#         135
  C:5D9FH         LINE#         136
  C:5DA1H         LINE#         185
  C:5DA4H         LINE#         196
  -------         ENDMOD        ?C_STARTUP

  -------         MODULE        PERFECT
  C:0000H         SYMBOL        _ICE_DUMMY_
  D:0080H         PUBLIC        P0
  D:0090H         PUBLIC        P1
  D:00A0H         PUBLIC        P2
  D:00B0H         PUBLIC        P3
  D:00C0H         PUBLIC        P4
  D:00C8H         PUBLIC        P5
  C:62A7H         PUBLIC        Timer0Interrupt
  C:62C2H         PUBLIC        Timer1Interrupt
  D:00A8H         PUBLIC        IE
  D:00B8H         PUBLIC        IP
  D:00D8H         PUBLIC        CCON
  C:5C5BH         PUBLIC        main
BL51 BANKED LINKER/LOCATER V6.22                                                      11/11/2015  19:46:16  PAGE 6


  C:0006H         PUBLIC        Int0Interrupt
  D:0098H         PUBLIC        SCON
  D:0088H         PUBLIC        TCON
  D:00D0H         PUBLIC        PSW
  -------         PROC          MAIN
  C:5C5BH         LINE#         3
  C:5C5BH         LINE#         4
  C:5C75H         LINE#         12
  C:5CD3H         LINE#         23
  C:5CFAH         LINE#         62
  -------         ENDPROC       MAIN
  -------         PROC          INT0INTERRUPT
  C:0006H         LINE#         64
  C:0006H         LINE#         66
  -------         ENDPROC       INT0INTERRUPT
  -------         PROC          TIMER0INTERRUPT
  C:62A7H         LINE#         67
  C:62B4H         LINE#         68
  C:62B7H         LINE#         69
  -------         ENDPROC       TIMER0INTERRUPT
  -------         PROC          TIMER1INTERRUPT
  C:62C2H         LINE#         70
  C:62CFH         LINE#         71
  C:62D2H         LINE#         72
  -------         ENDPROC       TIMER1INTERRUPT
  -------         ENDMOD        PERFECT

  -------         MODULE        8023
  C:0000H         SYMBOL        _ICE_DUMMY_
  D:0092H         PUBLIC        P1M0
  D:0093H         PUBLIC        P0M1
  C:520EH         PUBLIC        _fun_zjzt
  C:47D3H         PUBLIC        _fun_qc
  C:6223H         PUBLIC        fun_timer0
  D:0096H         PUBLIC        P2M0
  D:0091H         PUBLIC        P1M1
  D:0080H         PUBLIC        P0
  C:63ADH         PUBLIC        fun_timer1
  D:0095H         PUBLIC        P2M1
  D:0090H         PUBLIC        P1
  C:6015H         PUBLIC        _fun_go
  C:5E27H         PUBLIC        _fun_flsetting
  D:00A0H         PUBLIC        P2
  X:0000H         PUBLIC        str_tfl
  B:0090H.2       PUBLIC        out_pwmr
  D:00B0H         PUBLIC        P3
  D:00C0H         PUBLIC        P4
  D:00C8H         PUBLIC        P5
  B:00A8H.7       PUBLIC        EA
  C:5CFDH         PUBLIC        _fun_sj
  C:2AD9H         PUBLIC        fun_timermove
  C:5A49H         PUBLIC        fun_zhuajian
  C:628AH         PUBLIC        _fun_cleane2prom
  B:00B0H.6       PUBLIC        in_hpy
  D:00F9H         PUBLIC        CH
  C:60CDH         PUBLIC        _fun_hz
  D:00A8H         PUBLIC        IE
BL51 BANKED LINKER/LOCATER V6.22                                                      11/11/2015  19:46:16  PAGE 7


  D:00E9H         PUBLIC        CL
  D:00C5H         PUBLIC        IAP_CMD
  X:004CH         PUBLIC        str_now
  D:00FAH         PUBLIC        CCAP0H
  D:00FBH         PUBLIC        CCAP1H
  B:00B0H.5       PUBLIC        in_qpy
  C:6073H         PUBLIC        _fun_py
  D:00EAH         PUBLIC        CCAP0L
  B:00D8H.6       PUBLIC        CR
  D:00EBH         PUBLIC        CCAP1L
  D:00DAH         PUBLIC        CCAPM0
  D:00DBH         PUBLIC        CCAPM1
  C:4EC3H         PUBLIC        _fun_folline
  C:6160H         PUBLIC        _fun_sz
  D:00B8H         PUBLIC        IP
  C:6353H         PUBLIC        fun_maintfl
  B:00A0H.5       PUBLIC        in_hz
  B:0098H.1       PUBLIC        TI
  D:0097H         PUBLIC        CLK_DIV
  C:5764H         PUBLIC        _fun_najian
  D:00C3H         PUBLIC        IAP_ADDRH
  C:626AH         PUBLIC        _fun_reade2prom
  D:00C4H         PUBLIC        IAP_ADDRL
  D:00D9H         PUBLIC        CMOD
  D:00D8H         PUBLIC        CCON
  C:5964H         PUBLIC        _deb_outstep
  C:619BH         PUBLIC        fun_back90
  B:00A0H.0       PUBLIC        out_dir1
  B:00A0H.2       PUBLIC        out_dir2
  C:3D6CH         PUBLIC        _fun_record
  D:0087H         PUBLIC        PCON
  C:6249H         PUBLIC        _fun_writee2prom
  C:4D27H         PUBLIC        _fun_motorsrl
  D:0098H         PUBLIC        SCON
  D:0089H         PUBLIC        TMOD
  D:0088H         PUBLIC        TCON
  C:6311H         PUBLIC        fun_timer0init
  C:639AH         PUBLIC        fun_pwminit
  C:6327H         PUBLIC        fun_timer1init
  C:49B1H         PUBLIC        fun_calibration
  C:5FA6H         PUBLIC        _fun_delay
  C:0007H         PUBLIC        fun_back
  B:00A0H.1       PUBLIC        out_en1
  B:00A0H.3       PUBLIC        out_en2
  D:008EH         PUBLIC        AUXR
  X:0059H         PUBLIC        str_begin
  D:00C7H         PUBLIC        IAP_CONTR
  B:0080H.7       PUBLIC        in_ls1
  B:00A8H.1       PUBLIC        ET0
  B:0080H.6       PUBLIC        in_ls2
  B:0088H.5       PUBLIC        TF0
  B:00A8H.3       PUBLIC        ET1
  B:0080H.5       PUBLIC        in_ls3
  B:0088H.7       PUBLIC        TF1
  B:0080H.4       PUBLIC        in_ls4
  D:008CH         PUBLIC        TH0
  C:000EH         PUBLIC        fun_stope2prom
BL51 BANKED LINKER/LOCATER V6.22                                                      11/11/2015  19:46:16  PAGE 8


  B:0080H.3       PUBLIC        in_ls5
  D:008DH         PUBLIC        TH1
  B:0080H.2       PUBLIC        in_ls6
  D:001CH         PUBLIC        var_timer
  B:0080H.1       PUBLIC        in_ls7
  C:633DH         PUBLIC        fun_zbtfl
  B:0080H.0       PUBLIC        in_ls8
  D:008AH         PUBLIC        TL0
  D:008BH         PUBLIC        TL1
  C:459EH         PUBLIC        _fun_motors
  B:0090H.6       PUBLIC        out_switchselect
  D:00C2H         PUBLIC        IAP_DATA
  B:0088H.4       PUBLIC        TR0
  C:5390H         PUBLIC        _fun_xymove
  C:39C9H         PUBLIC        _fun_pysjhz
  B:0088H.6       PUBLIC        TR1
  C:3036H         PUBLIC        _fun_coordinate
  D:00F2H         PUBLIC        PCA_PWM0
  B:00A0H.4       PUBLIC        in_wz1
  D:00F3H         PUBLIC        PCA_PWM1
  C:587FH         PUBLIC        _fun_start
  B:00A0H.5       PUBLIC        in_wz2
  B:00A0H.6       PUBLIC        in_wz3
  B:00A0H.7       PUBLIC        in_wz4
  C:5B14H         PUBLIC        _fun_getxy
  B:00A0H.4       PUBLIC        in_wz5
  C:638CH         PUBLIC        fun_wait
  C:5BB8H         PUBLIC        fun_jtjp
  D:009CH         PUBLIC        BRT
  B:00B0H.2       PUBLIC        in_start
  C:10EEH         PUBLIC        _fun_getpublicy
  C:4354H         PUBLIC        _fun_setxy
  X:0066H         PUBLIC        str_zbfl
  C:4093H         PUBLIC        _fun_sjhz
  C:5648H         PUBLIC        fun_test
  C:62F7H         PUBLIC        _fun_pwml
  C:001EH         PUBLIC        _fun_zdzj
  C:4B6FH         PUBLIC        _fun_pbxy
  C:5F66H         PUBLIC        _fun_min
  C:6368H         PUBLIC        fun_port
  X:0210H         PUBLIC        str_cod
  D:00C6H         PUBLIC        IAP_TRIG
  C:611EH         PUBLIC        fun_stop
  C:62DDH         PUBLIC        _fun_pwmr
  B:0090H.7       PUBLIC        out_motorselect
  C:5EAAH         PUBLIC        _fun_turn
  C:5505H         PUBLIC        _fun_pyhz
  D:00D0H         PUBLIC        PSW
  X:0237H         PUBLIC        str_next
  B:0090H.5       PUBLIC        out_pwml
  D:0094H         PUBLIC        P0M0
  C:5FA0H         SYMBOL        L?1433
  C:5FA2H         SYMBOL        L?1434
  -------         PROC          L?1432
  -------         ENDPROC       L?1432
  C:5FA0H         SYMBOL        L?1433
  C:5FA2H         SYMBOL        L?1434
BL51 BANKED LINKER/LOCATER V6.22                                                      11/11/2015  19:46:16  PAGE 9


  -------         PROC          _FUN_DELAY
  D:0006H         SYMBOL        par_value
  D:0005H         SYMBOL        par_model
  -------         DO            
  D:0015H         SYMBOL        loc_con
  -------         DO            
  D:0010H         SYMBOL        loc_i
  D:0011H         SYMBOL        loc_j
  D:0012H         SYMBOL        loc_i
  D:0013H         SYMBOL        loc_j
  D:0014H         SYMBOL        loc_k
  -------         ENDDO         
  -------         DO            
  D:0012H         SYMBOL        loc_i
  D:0013H         SYMBOL        loc_j
  D:0014H         SYMBOL        loc_k
  -------         ENDDO         
  -------         ENDDO         
  C:5FA6H         LINE#         32
  C:5FA6H         LINE#         33
  C:5FAAH         LINE#         34
  C:5FB6H         LINE#         35
  C:5FB6H         LINE#         36
  C:5FC8H         LINE#         37
  C:5FC9H         LINE#         38
  C:5FCAH         LINE#         39
  C:5FCCH         LINE#         41
  C:5FCCH         LINE#         42
  C:5FDEH         LINE#         44
  C:5FDFH         LINE#         45
  C:5FE0H         LINE#         46
  C:5FE3H         LINE#         47
  C:5FE6H         LINE#         48
  C:5FE6H         LINE#         49
  C:5FE9H         LINE#         50
  C:5FECH         LINE#         51
  C:5FEEH         LINE#         53
  C:5FEEH         LINE#         54
  C:6000H         LINE#         56
  C:6003H         LINE#         57
  C:6006H         LINE#         58
  C:6009H         LINE#         59
  C:6009H         LINE#         60
  C:6009H         LINE#         61
  C:600CH         LINE#         62
  C:600FH         LINE#         63
  C:6012H         LINE#         64
  C:6014H         LINE#         66
  C:6014H         LINE#         67
  C:6014H         LINE#         68
  -------         ENDPROC       _FUN_DELAY
  -------         PROC          FUN_TIMER0INIT
  C:6311H         LINE#         69
  C:6311H         LINE#         70
  C:6314H         LINE#         71
  C:6317H         LINE#         72
  C:631AH         LINE#         73
BL51 BANKED LINKER/LOCATER V6.22                                                      11/11/2015  19:46:16  PAGE 10


  C:631DH         LINE#         74
  C:6320H         LINE#         75
  C:6322H         LINE#         76
  C:6324H         LINE#         77
  C:6326H         LINE#         78
  -------         ENDPROC       FUN_TIMER0INIT
  -------         PROC          FUN_TIMER1INIT
  C:6327H         LINE#         79
  C:6327H         LINE#         80
  C:632AH         LINE#         81
  C:632DH         LINE#         82
  C:6330H         LINE#         83
  C:6333H         LINE#         84
  C:6336H         LINE#         85
  C:6338H         LINE#         86
  C:633AH         LINE#         87
  C:633CH         LINE#         88
  -------         ENDPROC       FUN_TIMER1INIT
  -------         PROC          FUN_TIMER0
  C:6223H         LINE#         89
  C:6223H         LINE#         90
  C:6226H         LINE#         91
  C:6229H         LINE#         92
  C:623EH         LINE#         93
  C:6245H         LINE#         94
  C:6248H         LINE#         95
  -------         ENDPROC       FUN_TIMER0
  -------         PROC          FUN_TIMER1
  C:63ADH         LINE#         96
  C:63ADH         LINE#         97
  C:63B0H         LINE#         98
  C:63B3H         LINE#         99
  -------         ENDPROC       FUN_TIMER1
  -------         PROC          FUN_WAIT
  C:638CH         LINE#         100
  C:638CH         LINE#         101
  C:638EH         LINE#         103
  C:6391H         LINE#         104
  -------         ENDPROC       FUN_WAIT
  -------         PROC          FUN_PWMINIT
  C:639AH         LINE#         112
  C:639AH         LINE#         113
  C:639DH         LINE#         114
  C:639FH         LINE#         115
  C:63A1H         LINE#         116
  C:63A4H         LINE#         117
  -------         ENDPROC       FUN_PWMINIT
  -------         PROC          _FUN_PWMR
  D:0007H         SYMBOL        par_value
  C:62DDH         LINE#         118
  C:62DDH         LINE#         119
  C:62F0H         LINE#         120
  C:62F3H         LINE#         121
  C:62F6H         LINE#         122
  -------         ENDPROC       _FUN_PWMR
  -------         PROC          _FUN_PWML
  D:0007H         SYMBOL        par_value
BL51 BANKED LINKER/LOCATER V6.22                                                      11/11/2015  19:46:16  PAGE 11


  C:62F7H         LINE#         123
  C:62F7H         LINE#         124
  C:630AH         LINE#         125
  C:630DH         LINE#         126
  C:6310H         LINE#         127
  -------         ENDPROC       _FUN_PWML
  -------         PROC          L?1439
  -------         ENDPROC       L?1439
  -------         PROC          _FUN_MOTORS
  D:0007H         SYMBOL        par_model
  X:02ACH         SYMBOL        par_speed
  C:459EH         LINE#         128
  C:45A3H         LINE#         129
  C:45AAH         LINE#         130
  C:45AFH         LINE#         131
  C:45BAH         LINE#         132
  C:45BDH         LINE#         133
  C:45EBH         LINE#         134
  C:45EBH         LINE#         135
  C:45F8H         LINE#         138
  C:45FDH         LINE#         139
  C:4604H         LINE#         140
  C:4604H         LINE#         141
  C:4607H         LINE#         142
  C:460FH         LINE#         143
  C:4615H         LINE#         144
  C:4618H         LINE#         145
  C:4627H         LINE#         146
  C:4631H         LINE#         147
  C:4631H         LINE#         148
  C:4632H         LINE#         149
  C:4632H         LINE#         150
  C:463FH         LINE#         153
  C:4644H         LINE#         154
  C:464BH         LINE#         155
  C:464BH         LINE#         156
  C:464DH         LINE#         157
  C:4655H         LINE#         158
  C:465BH         LINE#         159
  C:465DH         LINE#         160
  C:466CH         LINE#         161
  C:466EH         LINE#         162
  C:466EH         LINE#         163
  C:4670H         LINE#         164
  C:4670H         LINE#         165
  C:4682H         LINE#         168
  C:468BH         LINE#         169
  C:4692H         LINE#         170
  C:4694H         LINE#         171
  C:469AH         LINE#         172
  C:46A1H         LINE#         173
  C:46A2H         LINE#         174
  C:46AAH         LINE#         175
  C:46ACH         LINE#         176
  C:46B6H         LINE#         177
  C:46BDH         LINE#         178
  C:46BEH         LINE#         179
BL51 BANKED LINKER/LOCATER V6.22                                                      11/11/2015  19:46:16  PAGE 12


  C:46CDH         LINE#         180
  C:46CFH         LINE#         181
  C:46D7H         LINE#         182
  C:46E4H         LINE#         183
  C:46E4H         LINE#         184
  C:46E5H         LINE#         185
  C:46E5H         LINE#         186
  C:46F2H         LINE#         189
  C:46F7H         LINE#         190
  C:46FEH         LINE#         191
  C:4700H         LINE#         192
  C:4702H         LINE#         193
  C:470AH         LINE#         194
  C:470CH         LINE#         195
  C:470FH         LINE#         196
  C:471AH         LINE#         197
  C:471CH         LINE#         198
  C:471CH         LINE#         199
  C:471EH         LINE#         200
  C:471EH         LINE#         201
  C:472BH         LINE#         204
  C:4730H         LINE#         205
  C:4737H         LINE#         206
  C:4739H         LINE#         207
  C:473BH         LINE#         208
  C:4743H         LINE#         209
  C:4745H         LINE#         210
  C:4748H         LINE#         211
  C:4753H         LINE#         212
  C:4755H         LINE#         213
  C:4755H         LINE#         214
  C:4757H         LINE#         215
  C:4757H         LINE#         216
  C:4764H         LINE#         219
  C:4769H         LINE#         220
  C:4770H         LINE#         221
  C:4776H         LINE#         222
  C:4777H         LINE#         223
  C:477FH         LINE#         224
  C:4785H         LINE#         225
  C:4786H         LINE#         226
  C:478EH         LINE#         227
  C:4794H         LINE#         228
  C:4794H         LINE#         229
  C:4795H         LINE#         230
  C:4795H         LINE#         231
  C:47A2H         LINE#         234
  C:47A7H         LINE#         235
  C:47AEH         LINE#         236
  C:47B4H         LINE#         237
  C:47B5H         LINE#         238
  C:47BDH         LINE#         239
  C:47C3H         LINE#         240
  C:47C4H         LINE#         241
  C:47CCH         LINE#         242
  C:47D2H         LINE#         243
  C:47D2H         LINE#         244
BL51 BANKED LINKER/LOCATER V6.22                                                      11/11/2015  19:46:16  PAGE 13


  C:47D2H         LINE#         245
  C:47D2H         LINE#         246
  C:47D2H         LINE#         247
  C:47D2H         LINE#         248
  -------         ENDPROC       _FUN_MOTORS
  -------         PROC          L?1438
  -------         ENDPROC       L?1438
  -------         PROC          _FUN_MOTORSRL
  D:0007H         SYMBOL        par_model
  X:02DCH         SYMBOL        par_speed
  C:4D27H         LINE#         249
  C:4D2FH         LINE#         250
  C:4D39H         LINE#         251
  C:4D44H         LINE#         252
  C:4D55H         LINE#         253
  C:4D5CH         LINE#         254
  C:4D6EH         LINE#         255
  C:4D6EH         LINE#         256
  C:4D87H         LINE#         259
  C:4D8CH         LINE#         260
  C:4D97H         LINE#         261
  C:4D97H         LINE#         262
  C:4D9AH         LINE#         263
  C:4DA5H         LINE#         264
  C:4DACH         LINE#         265
  C:4DAFH         LINE#         266
  C:4DC2H         LINE#         267
  C:4DCCH         LINE#         268
  C:4DCCH         LINE#         269
  C:4DCDH         LINE#         270
  C:4DCDH         LINE#         271
  C:4DE6H         LINE#         274
  C:4DEBH         LINE#         275
  C:4DF6H         LINE#         276
  C:4DF6H         LINE#         277
  C:4DF9H         LINE#         278
  C:4E04H         LINE#         279
  C:4E0BH         LINE#         280
  C:4E0EH         LINE#         281
  C:4E21H         LINE#         282
  C:4E23H         LINE#         283
  C:4E23H         LINE#         284
  C:4E26H         LINE#         285
  C:4E26H         LINE#         286
  C:4E50H         LINE#         289
  C:4E5BH         LINE#         290
  C:4E66H         LINE#         291
  C:4E68H         LINE#         292
  C:4E6EH         LINE#         293
  C:4E75H         LINE#         294
  C:4E76H         LINE#         295
  C:4E81H         LINE#         296
  C:4E83H         LINE#         297
  C:4E8EH         LINE#         298
  C:4E99H         LINE#         299
  C:4E9AH         LINE#         300
  C:4EAAH         LINE#         301
BL51 BANKED LINKER/LOCATER V6.22                                                      11/11/2015  19:46:16  PAGE 14


  C:4EACH         LINE#         302
  C:4EB4H         LINE#         303
  C:4EC2H         LINE#         304
  C:4EC2H         LINE#         305
  C:4EC2H         LINE#         306
  C:4EC2H         LINE#         307
  C:4EC2H         LINE#         308
  C:4EC2H         LINE#         309
  -------         ENDPROC       _FUN_MOTORSRL
  -------         PROC          _FUN_SZ
  X:037AH         SYMBOL        par_model
  C:6160H         LINE#         310
  C:6165H         LINE#         311
  C:616CH         LINE#         313
  C:6175H         LINE#         315
  C:6179H         LINE#         320
  C:617BH         LINE#         321
  C:617BH         LINE#         323
  C:6182H         LINE#         328
  C:6182H         LINE#         329
  C:618BH         LINE#         330
  C:6192H         LINE#         331
  C:619AH         LINE#         332
  -------         ENDPROC       _FUN_SZ
  -------         PROC          _FUN_PY
  X:037BH         SYMBOL        par_model
  C:6073H         LINE#         333
  C:6078H         LINE#         334
  C:607FH         LINE#         336
  C:6094H         LINE#         337
  C:6094H         LINE#         339
  C:609AH         LINE#         345
  C:609CH         LINE#         346
  C:609CH         LINE#         348
  C:60A2H         LINE#         369
  C:60A4H         LINE#         370
  C:60A4H         LINE#         372
  C:60AAH         LINE#         393
  C:60ACH         LINE#         394
  C:60ACH         LINE#         396
  C:60B2H         LINE#         417
  C:60B4H         LINE#         418
  C:60B4H         LINE#         420
  C:60BDH         LINE#         426
  C:60BDH         LINE#         427
  C:60BDH         LINE#         428
  C:60BDH         LINE#         429
  C:60BDH         LINE#         430
  C:60C4H         LINE#         431
  C:60CCH         LINE#         432
  -------         ENDPROC       _FUN_PY
  -------         PROC          _FUN_SJ
  X:037CH         SYMBOL        par_model
  C:5CFDH         LINE#         433
  C:5D02H         LINE#         434
  C:5D0CH         LINE#         436
  C:5D0EH         LINE#         437
BL51 BANKED LINKER/LOCATER V6.22                                                      11/11/2015  19:46:16  PAGE 15


  C:5D42H         LINE#         438
  C:5D42H         LINE#         440
  C:5D48H         LINE#         447
  C:5D4AH         LINE#         448
  C:5D4AH         LINE#         450
  C:5D50H         LINE#         462
  C:5D52H         LINE#         463
  C:5D52H         LINE#         465
  C:5D58H         LINE#         472
  C:5D5AH         LINE#         473
  C:5D5AH         LINE#         475
  C:5D60H         LINE#         488
  C:5D62H         LINE#         489
  C:5D62H         LINE#         491
  C:5D68H         LINE#         498
  C:5D6AH         LINE#         499
  C:5D6AH         LINE#         501
  C:5D70H         LINE#         514
  C:5D72H         LINE#         515
  C:5D72H         LINE#         517
  C:5D78H         LINE#         524
  C:5D7AH         LINE#         525
  C:5D7AH         LINE#         527
  C:5D80H         LINE#         539
  C:5D82H         LINE#         540
  C:5D82H         LINE#         542
  C:5D8BH         LINE#         549
  C:5D8BH         LINE#         550
  C:5D8BH         LINE#         551
  C:5D8BH         LINE#         552
  C:5D8BH         LINE#         553
  C:5D92H         LINE#         554
  C:5D9AH         LINE#         555
  -------         ENDPROC       _FUN_SJ
  -------         PROC          _FUN_HZ
  X:037DH         SYMBOL        par_model
  C:60CDH         LINE#         556
  C:60D2H         LINE#         557
  C:60D9H         LINE#         559
  C:60DBH         LINE#         560
  C:60EDH         LINE#         561
  C:60EDH         LINE#         563
  C:60F3H         LINE#         590
  C:60F5H         LINE#         591
  C:60F5H         LINE#         593
  C:60FBH         LINE#         620
  C:60FDH         LINE#         621
  C:60FDH         LINE#         623
  C:6103H         LINE#         650
  C:6105H         LINE#         651
  C:6105H         LINE#         653
  C:610EH         LINE#         680
  C:610EH         LINE#         681
  C:610EH         LINE#         682
  C:610EH         LINE#         683
  C:610EH         LINE#         684
  C:6115H         LINE#         685
BL51 BANKED LINKER/LOCATER V6.22                                                      11/11/2015  19:46:16  PAGE 16


  C:611DH         LINE#         686
  -------         ENDPROC       _FUN_HZ
  C:5501H         SYMBOL        L?1443
  -------         PROC          L?1442
  -------         ENDPROC       L?1442
  C:5501H         SYMBOL        L?1443
  -------         PROC          _FUN_PYHZ
  X:0374H         SYMBOL        par_pymodel
  X:0375H         SYMBOL        par_hzmodel
  C:5505H         LINE#         687
  C:550DH         LINE#         688
  C:551BH         LINE#         689
  C:551BH         LINE#         690
  C:552AH         LINE#         691
  C:552AH         LINE#         692
  C:552AH         LINE#         693
  C:552CH         LINE#         694
  C:552CH         LINE#         695
  C:552CH         LINE#         696
  C:552EH         LINE#         697
  C:552EH         LINE#         698
  C:552EH         LINE#         699
  C:5530H         LINE#         700
  C:5530H         LINE#         701
  C:5530H         LINE#         702
  C:5530H         LINE#         703
  C:5530H         LINE#         704
  C:5530H         LINE#         705
  C:553EH         LINE#         706
  C:553EH         LINE#         707
  C:553EH         LINE#         708
  C:5540H         LINE#         709
  C:5540H         LINE#         710
  C:5540H         LINE#         711
  C:5542H         LINE#         712
  C:5542H         LINE#         713
  C:5542H         LINE#         714
  C:5544H         LINE#         715
  C:5544H         LINE#         716
  C:5544H         LINE#         717
  C:5544H         LINE#         718
  C:5544H         LINE#         719
  C:5544H         LINE#         720
  C:5553H         LINE#         721
  C:5553H         LINE#         722
  C:5553H         LINE#         723
  C:5555H         LINE#         724
  C:5555H         LINE#         725
  C:5555H         LINE#         726
  C:5557H         LINE#         727
  C:5557H         LINE#         728
  C:5557H         LINE#         729
  C:5559H         LINE#         730
  C:5559H         LINE#         731
  C:5559H         LINE#         732
  C:5559H         LINE#         733
  C:5559H         LINE#         734
BL51 BANKED LINKER/LOCATER V6.22                                                      11/11/2015  19:46:16  PAGE 17


  C:5559H         LINE#         735
  C:5568H         LINE#         736
  C:5568H         LINE#         737
  C:556AH         LINE#         738
  C:556CH         LINE#         739
  C:556CH         LINE#         740
  C:556EH         LINE#         741
  C:5570H         LINE#         742
  C:5570H         LINE#         743
  C:5577H         LINE#         744
  C:5577H         LINE#         745
  C:5577H         LINE#         746
  C:5577H         LINE#         747
  C:5577H         LINE#         748
  C:5577H         LINE#         749
  C:5577H         LINE#         750
  C:5577H         LINE#         751
  C:5577H         LINE#         752
  C:557FH         LINE#         753
  C:5581H         LINE#         754
  C:5584H         LINE#         755
  C:5599H         LINE#         756
  C:5599H         LINE#         757
  C:55ABH         LINE#         758
  C:55ABH         LINE#         759
  C:55AEH         LINE#         760
  C:55B1H         LINE#         761
  C:55B4H         LINE#         762
  C:55B4H         LINE#         763
  C:55B6H         LINE#         764
  C:55B6H         LINE#         765
  C:55B9H         LINE#         766
  C:55B9H         LINE#         767
  C:55BBH         LINE#         768
  C:55BBH         LINE#         769
  C:55BEH         LINE#         770
  C:55BEH         LINE#         771
  C:55C0H         LINE#         772
  C:55C0H         LINE#         773
  C:55C0H         LINE#         774
  C:55C0H         LINE#         775
  C:55C0H         LINE#         776
  C:55C0H         LINE#         777
  C:55CFH         LINE#         778
  C:55CFH         LINE#         779
  C:55D2H         LINE#         780
  C:55D5H         LINE#         781
  C:55D8H         LINE#         782
  C:55D8H         LINE#         783
  C:55DAH         LINE#         784
  C:55DAH         LINE#         785
  C:55DDH         LINE#         786
  C:55DDH         LINE#         787
  C:55DFH         LINE#         788
  C:55DFH         LINE#         789
  C:55E2H         LINE#         790
  C:55E2H         LINE#         791
BL51 BANKED LINKER/LOCATER V6.22                                                      11/11/2015  19:46:16  PAGE 18


  C:55E4H         LINE#         792
  C:55E4H         LINE#         793
  C:55E4H         LINE#         794
  C:55E4H         LINE#         795
  C:55E4H         LINE#         796
  C:55E4H         LINE#         797
  C:55F4H         LINE#         798
  C:55F4H         LINE#         799
  C:55F7H         LINE#         800
  C:55F7H         LINE#         801
  C:55F9H         LINE#         802
  C:55F9H         LINE#         803
  C:55FCH         LINE#         804
  C:55FCH         LINE#         805
  C:55FEH         LINE#         806
  C:55FEH         LINE#         807
  C:5601H         LINE#         808
  C:5604H         LINE#         809
  C:5607H         LINE#         810
  C:5607H         LINE#         811
  C:5609H         LINE#         812
  C:5609H         LINE#         813
  C:5609H         LINE#         814
  C:5609H         LINE#         815
  C:5609H         LINE#         816
  C:5609H         LINE#         817
  C:5618H         LINE#         818
  C:5618H         LINE#         819
  C:561BH         LINE#         820
  C:561BH         LINE#         821
  C:561DH         LINE#         822
  C:561DH         LINE#         823
  C:5620H         LINE#         824
  C:5620H         LINE#         825
  C:5622H         LINE#         826
  C:5622H         LINE#         827
  C:5625H         LINE#         828
  C:5628H         LINE#         829
  C:562BH         LINE#         830
  C:5638H         LINE#         831
  C:5638H         LINE#         832
  C:5638H         LINE#         833
  C:5638H         LINE#         834
  C:5638H         LINE#         835
  C:5638H         LINE#         836
  C:5638H         LINE#         837
  C:5638H         LINE#         838
  C:5638H         LINE#         839
  C:563FH         LINE#         840
  C:5647H         LINE#         841
  -------         ENDPROC       _FUN_PYHZ
  -------         PROC          _FUN_SJHZ
  X:0346H         SYMBOL        par_sjmodel
  X:0347H         SYMBOL        par_hzmodel
  -------         DO            
  X:0348H         SYMBOL        loc_sjdelay
  X:034CH         SYMBOL        loc_hzdelay
BL51 BANKED LINKER/LOCATER V6.22                                                      11/11/2015  19:46:16  PAGE 19


  X:0350H         SYMBOL        loc_sjcgq
  X:0351H         SYMBOL        loc_hzcgq
  X:0352H         SYMBOL        loc_hzflag
  -------         ENDDO         
  C:4093H         LINE#         842
  C:409CH         LINE#         843
  C:40A4H         LINE#         844
  C:40AEH         LINE#         845
  C:40B3H         LINE#         846
  C:40B5H         LINE#         847
  C:40B7H         LINE#         848
  C:40C2H         LINE#         849
  C:40D4H         LINE#         850
  C:40D4H         LINE#         851
  C:40E0H         LINE#         852
  C:40E0H         LINE#         853
  C:40E0H         LINE#         854
  C:40E0H         LINE#         855
  C:40E2H         LINE#         856
  C:40E2H         LINE#         857
  C:40E2H         LINE#         858
  C:40E2H         LINE#         859
  C:40E4H         LINE#         860
  C:40E4H         LINE#         861
  C:40E4H         LINE#         862
  C:40E4H         LINE#         863
  C:40E6H         LINE#         864
  C:40E6H         LINE#         865
  C:40E6H         LINE#         866
  C:40E6H         LINE#         867
  C:40E6H         LINE#         868
  C:40E6H         LINE#         869
  C:40F5H         LINE#         870
  C:40F5H         LINE#         871
  C:40F5H         LINE#         872
  C:40F5H         LINE#         873
  C:40F7H         LINE#         874
  C:40F7H         LINE#         875
  C:40F7H         LINE#         876
  C:40F7H         LINE#         877
  C:40F9H         LINE#         878
  C:40F9H         LINE#         879
  C:40F9H         LINE#         880
  C:40F9H         LINE#         881
  C:40FBH         LINE#         882
  C:40FBH         LINE#         883
  C:40FBH         LINE#         884
  C:40FBH         LINE#         885
  C:40FBH         LINE#         886
  C:40FBH         LINE#         887
  C:410BH         LINE#         888
  C:410BH         LINE#         889
  C:410BH         LINE#         890
  C:410BH         LINE#         891
  C:410DH         LINE#         892
  C:410DH         LINE#         893
  C:410DH         LINE#         894
BL51 BANKED LINKER/LOCATER V6.22                                                      11/11/2015  19:46:16  PAGE 20


  C:410DH         LINE#         895
  C:410FH         LINE#         896
  C:410FH         LINE#         897
  C:4111H         LINE#         898
  C:4111H         LINE#         899
  C:4113H         LINE#         900
  C:4113H         LINE#         901
  C:4113H         LINE#         902
  C:4113H         LINE#         903
  C:4113H         LINE#         904
  C:4113H         LINE#         905
  C:4122H         LINE#         906
  C:4122H         LINE#         907
  C:4124H         LINE#         908
  C:4124H         LINE#         909
  C:4126H         LINE#         910
  C:4126H         LINE#         911
  C:412DH         LINE#         912
  C:4133H         LINE#         913
  C:4135H         LINE#         914
  C:4135H         LINE#         915
  C:413CH         LINE#         916
  C:4142H         LINE#         917
  C:4142H         LINE#         918
  C:4142H         LINE#         919
  C:4142H         LINE#         920
  C:4142H         LINE#         921
  C:4142H         LINE#         922
  C:4142H         LINE#         923
  C:4142H         LINE#         924
  C:4142H         LINE#         925
  C:415AH         LINE#         926
  C:415AH         LINE#         927
  C:4167H         LINE#         928
  C:4177H         LINE#         929
  C:417AH         LINE#         930
  C:417DH         LINE#         931
  C:418CH         LINE#         932
  C:4198H         LINE#         933
  C:41CFH         LINE#         934
  C:41CFH         LINE#         935
  C:41D1H         LINE#         936
  C:41DAH         LINE#         937
  C:41E0H         LINE#         938
  C:41E0H         LINE#         939
  C:41E0H         LINE#         940
  C:41E0H         LINE#         941
  C:41E3H         LINE#         942
  C:41E3H         LINE#         943
  C:41E5H         LINE#         944
  C:41EEH         LINE#         945
  C:41FCH         LINE#         946
  C:41FCH         LINE#         947
  C:41FCH         LINE#         948
  C:41FCH         LINE#         949
  C:41FEH         LINE#         950
  C:41FEH         LINE#         951
BL51 BANKED LINKER/LOCATER V6.22                                                      11/11/2015  19:46:16  PAGE 21


  C:4200H         LINE#         952
  C:4209H         LINE#         953
  C:420FH         LINE#         954
  C:420FH         LINE#         955
  C:420FH         LINE#         956
  C:420FH         LINE#         957
  C:4211H         LINE#         958
  C:4211H         LINE#         959
  C:4213H         LINE#         960
  C:421CH         LINE#         961
  C:4225H         LINE#         962
  C:4225H         LINE#         963
  C:4225H         LINE#         964
  C:4225H         LINE#         965
  C:4227H         LINE#         966
  C:4227H         LINE#         967
  C:4229H         LINE#         968
  C:4232H         LINE#         969
  C:4238H         LINE#         970
  C:4238H         LINE#         971
  C:4238H         LINE#         972
  C:4238H         LINE#         973
  C:423AH         LINE#         974
  C:423AH         LINE#         975
  C:423CH         LINE#         976
  C:4245H         LINE#         977
  C:424EH         LINE#         978
  C:424EH         LINE#         979
  C:424EH         LINE#         980
  C:424EH         LINE#         981
  C:4250H         LINE#         982
  C:4250H         LINE#         983
  C:4252H         LINE#         984
  C:425BH         LINE#         985
  C:4261H         LINE#         986
  C:4261H         LINE#         987
  C:4261H         LINE#         988
  C:4261H         LINE#         989
  C:4263H         LINE#         990
  C:4263H         LINE#         991
  C:4265H         LINE#         992
  C:426EH         LINE#         993
  C:4279H         LINE#         994
  C:427CH         LINE#         995
  C:427CH         LINE#         996
  C:427CH         LINE#         997
  C:427EH         LINE#         998
  C:427EH         LINE#         999
  C:4280H         LINE#         1000
  C:4289H         LINE#         1001
  C:428CH         LINE#         1002
  C:42AAH         LINE#         1003
  C:42B0H         LINE#         1004
  C:42B0H         LINE#         1005
  C:42B2H         LINE#         1006
  C:42B2H         LINE#         1007
  C:42B2H         LINE#         1008
BL51 BANKED LINKER/LOCATER V6.22                                                      11/11/2015  19:46:16  PAGE 22


  C:42B2H         LINE#         1009
  C:42B2H         LINE#         1010
  C:42B6H         LINE#         1011
  C:42D2H         LINE#         1012
  C:42D9H         LINE#         1013
  C:42DEH         LINE#         1014
  C:42E6H         LINE#         1015
  C:42E6H         LINE#         1016
  C:42E6H         LINE#         1017
  C:4305H         LINE#         1018
  C:430BH         LINE#         1019
  C:430DH         LINE#         1020
  C:4316H         LINE#         1021
  C:4319H         LINE#         1022
  C:431DH         LINE#         1023
  C:4320H         LINE#         1024
  C:432BH         LINE#         1025
  C:4331H         LINE#         1026
  C:4334H         LINE#         1027
  C:4334H         LINE#         1028
  C:4337H         LINE#         1029
  C:4337H         LINE#         1030
  C:433EH         LINE#         1031
  C:4348H         LINE#         1032
  C:4350H         LINE#         1033
  C:4350H         LINE#         1034
  C:4350H         LINE#         1035
  C:4353H         LINE#         1036
  -------         ENDPROC       _FUN_SJHZ
  -------         PROC          _FUN_PYSJHZ
  X:0338H         SYMBOL        par_pymodel
  X:0339H         SYMBOL        par_sjmodel
  X:033AH         SYMBOL        par_hzmodel
  -------         DO            
  X:033BH         SYMBOL        loc_sjdelay
  X:033FH         SYMBOL        loc_hzdelay
  X:0343H         SYMBOL        loc_sjcgq
  X:0344H         SYMBOL        loc_hzcgq
  X:0345H         SYMBOL        loc_hzflag
  B:0022H.0       SYMBOL        loc_pyflag
  -------         ENDDO         
  C:39C9H         LINE#         1037
  C:39D4H         LINE#         1038
  C:39DCH         LINE#         1039
  C:39E6H         LINE#         1040
  C:39EBH         LINE#         1041
  C:39EDH         LINE#         1042
  C:39EFH         LINE#         1043
  C:39F1H         LINE#         1044
  C:39FCH         LINE#         1045
  C:3A0EH         LINE#         1046
  C:3A0EH         LINE#         1047
  C:3A1AH         LINE#         1048
  C:3A1AH         LINE#         1049
  C:3A1AH         LINE#         1050
  C:3A1AH         LINE#         1051
  C:3A1CH         LINE#         1052
BL51 BANKED LINKER/LOCATER V6.22                                                      11/11/2015  19:46:16  PAGE 23


  C:3A1CH         LINE#         1053
  C:3A1CH         LINE#         1054
  C:3A1CH         LINE#         1055
  C:3A1EH         LINE#         1056
  C:3A1EH         LINE#         1057
  C:3A1EH         LINE#         1058
  C:3A1EH         LINE#         1059
  C:3A20H         LINE#         1060
  C:3A20H         LINE#         1061
  C:3A20H         LINE#         1062
  C:3A20H         LINE#         1063
  C:3A20H         LINE#         1064
  C:3A20H         LINE#         1065
  C:3A2FH         LINE#         1066
  C:3A2FH         LINE#         1067
  C:3A2FH         LINE#         1068
  C:3A2FH         LINE#         1069
  C:3A31H         LINE#         1070
  C:3A31H         LINE#         1071
  C:3A31H         LINE#         1072
  C:3A31H         LINE#         1073
  C:3A33H         LINE#         1074
  C:3A33H         LINE#         1075
  C:3A33H         LINE#         1076
  C:3A33H         LINE#         1077
  C:3A35H         LINE#         1078
  C:3A35H         LINE#         1079
  C:3A35H         LINE#         1080
  C:3A35H         LINE#         1081
  C:3A35H         LINE#         1082
  C:3A35H         LINE#         1083
  C:3A45H         LINE#         1084
  C:3A45H         LINE#         1085
  C:3A45H         LINE#         1086
  C:3A45H         LINE#         1087
  C:3A47H         LINE#         1088
  C:3A47H         LINE#         1089
  C:3A47H         LINE#         1090
  C:3A47H         LINE#         1091
  C:3A49H         LINE#         1092
  C:3A49H         LINE#         1093
  C:3A4BH         LINE#         1094
  C:3A4BH         LINE#         1095
  C:3A4DH         LINE#         1096
  C:3A4DH         LINE#         1097
  C:3A4DH         LINE#         1098
  C:3A4DH         LINE#         1099
  C:3A4DH         LINE#         1100
  C:3A4DH         LINE#         1101
  C:3A5CH         LINE#         1102
  C:3A5CH         LINE#         1103
  C:3A5EH         LINE#         1104
  C:3A5EH         LINE#         1105
  C:3A60H         LINE#         1106
  C:3A60H         LINE#         1107
  C:3A67H         LINE#         1108
  C:3A6DH         LINE#         1109
BL51 BANKED LINKER/LOCATER V6.22                                                      11/11/2015  19:46:16  PAGE 24


  C:3A6FH         LINE#         1110
  C:3A6FH         LINE#         1111
  C:3A76H         LINE#         1112
  C:3A7CH         LINE#         1113
  C:3A7CH         LINE#         1114
  C:3A7CH         LINE#         1115
  C:3A7CH         LINE#         1116
  C:3A7CH         LINE#         1117
  C:3A7CH         LINE#         1118
  C:3A7CH         LINE#         1119
  C:3A7CH         LINE#         1120
  C:3A7CH         LINE#         1121
  C:3A94H         LINE#         1122
  C:3A94H         LINE#         1123
  C:3AA1H         LINE#         1124
  C:3AB1H         LINE#         1125
  C:3AB4H         LINE#         1126
  C:3AB7H         LINE#         1127
  C:3ACCH         LINE#         1128
  C:3AF0H         LINE#         1129
  C:3AF0H         LINE#         1130
  C:3B27H         LINE#         1131
  C:3B27H         LINE#         1132
  C:3B29H         LINE#         1133
  C:3B32H         LINE#         1134
  C:3B38H         LINE#         1135
  C:3B38H         LINE#         1136
  C:3B38H         LINE#         1137
  C:3B38H         LINE#         1138
  C:3B3BH         LINE#         1139
  C:3B3BH         LINE#         1140
  C:3B3DH         LINE#         1141
  C:3B46H         LINE#         1142
  C:3B54H         LINE#         1143
  C:3B54H         LINE#         1144
  C:3B54H         LINE#         1145
  C:3B54H         LINE#         1146
  C:3B57H         LINE#         1147
  C:3B57H         LINE#         1148
  C:3B59H         LINE#         1149
  C:3B62H         LINE#         1150
  C:3B68H         LINE#         1151
  C:3B68H         LINE#         1152
  C:3B68H         LINE#         1153
  C:3B68H         LINE#         1154
  C:3B6BH         LINE#         1155
  C:3B6BH         LINE#         1156
  C:3B6DH         LINE#         1157
  C:3B76H         LINE#         1158
  C:3B7FH         LINE#         1159
  C:3B7FH         LINE#         1160
  C:3B7FH         LINE#         1161
  C:3B7FH         LINE#         1162
  C:3B81H         LINE#         1163
  C:3B81H         LINE#         1164
  C:3B83H         LINE#         1165
  C:3B8CH         LINE#         1166
BL51 BANKED LINKER/LOCATER V6.22                                                      11/11/2015  19:46:16  PAGE 25


  C:3B92H         LINE#         1167
  C:3B92H         LINE#         1168
  C:3B92H         LINE#         1169
  C:3B92H         LINE#         1170
  C:3B94H         LINE#         1171
  C:3B94H         LINE#         1172
  C:3B96H         LINE#         1173
  C:3B9FH         LINE#         1174
  C:3BA8H         LINE#         1175
  C:3BA8H         LINE#         1176
  C:3BA8H         LINE#         1177
  C:3BA8H         LINE#         1178
  C:3BAAH         LINE#         1179
  C:3BAAH         LINE#         1180
  C:3BACH         LINE#         1181
  C:3BB5H         LINE#         1182
  C:3BBBH         LINE#         1183
  C:3BBBH         LINE#         1184
  C:3BBBH         LINE#         1185
  C:3BBBH         LINE#         1186
  C:3BBDH         LINE#         1187
  C:3BBDH         LINE#         1188
  C:3BBFH         LINE#         1189
  C:3BC8H         LINE#         1190
  C:3BD6H         LINE#         1191
  C:3BD9H         LINE#         1192
  C:3BD9H         LINE#         1193
  C:3BD9H         LINE#         1194
  C:3BDBH         LINE#         1195
  C:3BDBH         LINE#         1196
  C:3BDDH         LINE#         1197
  C:3BE6H         LINE#         1198
  C:3BECH         LINE#         1199
  C:3C0AH         LINE#         1200
  C:3C10H         LINE#         1201
  C:3C10H         LINE#         1202
  C:3C13H         LINE#         1203
  C:3C13H         LINE#         1204
  C:3C13H         LINE#         1205
  C:3C13H         LINE#         1206
  C:3C13H         LINE#         1207
  C:3C13H         LINE#         1208
  C:3C32H         LINE#         1209
  C:3C39H         LINE#         1210
  C:3C3EH         LINE#         1211
  C:3C41H         LINE#         1212
  C:3C49H         LINE#         1213
  C:3C49H         LINE#         1214
  C:3C4CH         LINE#         1215
  C:3C4CH         LINE#         1216
  C:3C53H         LINE#         1217
  C:3C57H         LINE#         1218
  C:3C5EH         LINE#         1219
  C:3C65H         LINE#         1220
  C:3C6BH         LINE#         1221
  C:3C6EH         LINE#         1222
  C:3C6EH         LINE#         1223
BL51 BANKED LINKER/LOCATER V6.22                                                      11/11/2015  19:46:16  PAGE 26


  C:3C79H         LINE#         1224
  C:3C94H         LINE#         1225
  C:3C9AH         LINE#         1226
  C:3C9AH         LINE#         1227
  C:3CA2H         LINE#         1228
  C:3CBDH         LINE#         1229
  C:3CC3H         LINE#         1230
  C:3CC3H         LINE#         1231
  C:3CC5H         LINE#         1232
  C:3CC5H         LINE#         1233
  C:3CE1H         LINE#         1234
  C:3CE8H         LINE#         1235
  C:3CEDH         LINE#         1236
  C:3CF5H         LINE#         1237
  C:3CF5H         LINE#         1238
  C:3CF5H         LINE#         1239
  C:3CF5H         LINE#         1240
  C:3CF5H         LINE#         1241
  C:3CF5H         LINE#         1242
  C:3D14H         LINE#         1243
  C:3D1AH         LINE#         1244
  C:3D1CH         LINE#         1245
  C:3D25H         LINE#         1246
  C:3D28H         LINE#         1247
  C:3D2CH         LINE#         1248
  C:3D2FH         LINE#         1249
  C:3D3AH         LINE#         1250
  C:3D40H         LINE#         1251
  C:3D43H         LINE#         1252
  C:3D43H         LINE#         1253
  C:3D46H         LINE#         1254
  C:3D46H         LINE#         1255
  C:3D4DH         LINE#         1256
  C:3D57H         LINE#         1257
  C:3D5FH         LINE#         1258
  C:3D5FH         LINE#         1259
  C:3D5FH         LINE#         1260
  C:3D62H         LINE#         1261
  -------         ENDPROC       _FUN_PYSJHZ
  -------         PROC          FUN_JTJP
  C:5BB8H         LINE#         1262
  C:5BB8H         LINE#         1263
  C:5BB8H         LINE#         1264
  C:5BD6H         LINE#         1265
  C:5BDFH         LINE#         1266
  C:5BE6H         LINE#         1268
  C:5BE6H         LINE#         1269
  C:5BE9H         LINE#         1270
  C:5BF0H         LINE#         1271
  C:5BF2H         LINE#         1272
  C:5BF4H         LINE#         1273
  C:5BF7H         LINE#         1274
  C:5BFEH         LINE#         1275
  C:5C05H         LINE#         1276
  C:5C05H         LINE#         1277
  C:5C0BH         LINE#         1278
  C:5C12H         LINE#         1279
BL51 BANKED LINKER/LOCATER V6.22                                                      11/11/2015  19:46:16  PAGE 27


  C:5C14H         LINE#         1280
  C:5C16H         LINE#         1281
  C:5C1CH         LINE#         1282
  C:5C23H         LINE#         1283
  C:5C2AH         LINE#         1284
  C:5C2AH         LINE#         1285
  C:5C30H         LINE#         1286
  C:5C37H         LINE#         1287
  C:5C39H         LINE#         1288
  C:5C3BH         LINE#         1289
  C:5C41H         LINE#         1290
  C:5C48H         LINE#         1291
  C:5C4FH         LINE#         1292
  C:5C4FH         LINE#         1293
  C:5C58H         LINE#         1294
  -------         ENDPROC       FUN_JTJP
  -------         PROC          FUN_TIMERMOVE
  -------         DO            
  D:001BH         SYMBOL        loc_con
  D:0017H         SYMBOL        loc_sdl
  D:0019H         SYMBOL        loc_sdr
  -------         ENDDO         
  C:2AD9H         LINE#         1296
  C:2AD9H         LINE#         1299
  C:2AFEH         LINE#         1300
  C:2AFEH         LINE#         1301
  C:2B06H         LINE#         1302
  C:2B0CH         LINE#         1303
  C:2B1BH         LINE#         1304
  C:2B29H         LINE#         1305
  C:2B2AH         LINE#         1306
  C:2B2AH         LINE#         1307
  C:2B40H         LINE#         1308
  C:2B58H         LINE#         1309
  C:2B5EH         LINE#         1310
  C:2B66H         LINE#         1311
  C:2B69H         LINE#         1312
  C:2B70H         LINE#         1313
  C:2B73H         LINE#         1314
  C:2B86H         LINE#         1315
  C:2B86H         LINE#         1316
  C:2B86H         LINE#         1318
  C:2B96H         LINE#         1319
  C:2B9CH         LINE#         1320
  C:2BB7H         LINE#         1321
  C:2BD2H         LINE#         1322
  C:2BD2H         LINE#         1323
  C:2BD8H         LINE#         1324
  C:2BF3H         LINE#         1325
  C:2C0EH         LINE#         1326
  C:2C0EH         LINE#         1327
  C:2C14H         LINE#         1328
  C:2C34H         LINE#         1329
  C:2C54H         LINE#         1330
  C:2C54H         LINE#         1331
  C:2C5AH         LINE#         1332
  C:2C7AH         LINE#         1333
BL51 BANKED LINKER/LOCATER V6.22                                                      11/11/2015  19:46:16  PAGE 28


  C:2C9AH         LINE#         1334
  C:2C9AH         LINE#         1335
  C:2CA0H         LINE#         1336
  C:2CC0H         LINE#         1337
  C:2CE0H         LINE#         1338
  C:2CE0H         LINE#         1339
  C:2CE9H         LINE#         1340
  C:2D09H         LINE#         1341
  C:2D29H         LINE#         1342
  C:2D29H         LINE#         1343
  C:2D29H         LINE#         1344
  C:2D29H         LINE#         1345
  C:2D29H         LINE#         1346
  C:2D2CH         LINE#         1347
  C:2D2CH         LINE#         1348
  C:2D36H         LINE#         1349
  C:2D3BH         LINE#         1350
  C:2D3BH         LINE#         1351
  C:2D3EH         LINE#         1352
  C:2D3EH         LINE#         1353
  C:2D53H         LINE#         1354
  C:2D53H         LINE#         1355
  C:2D76H         LINE#         1356
  C:2D76H         LINE#         1357
  C:2D84H         LINE#         1358
  C:2D93H         LINE#         1359
  C:2D93H         LINE#         1360
  C:2D95H         LINE#         1361
  C:2D95H         LINE#         1362
  C:2D98H         LINE#         1363
  C:2DA6H         LINE#         1364
  C:2DA9H         LINE#         1365
  C:2DABH         LINE#         1366
  C:2DABH         LINE#         1367
  C:2DB9H         LINE#         1368
  C:2DCEH         LINE#         1369
  C:2DD1H         LINE#         1370
  C:2DD3H         LINE#         1371
  C:2DD3H         LINE#         1372
  C:2DD6H         LINE#         1373
  C:2DE4H         LINE#         1374
  C:2E02H         LINE#         1375
  C:2E02H         LINE#         1376
  C:2E02H         LINE#         1377
  C:2E04H         LINE#         1378
  C:2E05H         LINE#         1379
  C:2E05H         LINE#         1380
  C:2E24H         LINE#         1381
  C:2E26H         LINE#         1382
  C:2E27H         LINE#         1383
  C:2E27H         LINE#         1384
  C:2E30H         LINE#         1385
  C:2E30H         LINE#         1386
  C:2E30H         LINE#         1387
  C:2E30H         LINE#         1388
  C:2E30H         LINE#         1389
  C:2E30H         LINE#         1390
BL51 BANKED LINKER/LOCATER V6.22                                                      11/11/2015  19:46:16  PAGE 29


  C:2E32H         LINE#         1391
  C:2E32H         LINE#         1392
  C:2E32H         LINE#         1393
  C:2E32H         LINE#         1394
  C:2E3DH         LINE#         1395
  C:2E3DH         LINE#         1396
  C:2E76H         LINE#         1397
  C:2E78H         LINE#         1398
  C:2E79H         LINE#         1399
  C:2E79H         LINE#         1400
  C:2E95H         LINE#         1401
  C:2E9DH         LINE#         1402
  C:2EA7H         LINE#         1403
  C:2EB1H         LINE#         1404
  C:2EB4H         LINE#         1405
  C:2EB5H         LINE#         1406
  C:2EB5H         LINE#         1407
  C:2EC5H         LINE#         1408
  C:2ECBH         LINE#         1409
  C:2EE4H         LINE#         1410
  C:2EFEH         LINE#         1411
  C:2EFEH         LINE#         1412
  C:2F04H         LINE#         1413
  C:2F1EH         LINE#         1414
  C:2F37H         LINE#         1415
  C:2F37H         LINE#         1416
  C:2F3DH         LINE#         1417
  C:2F57H         LINE#         1418
  C:2F71H         LINE#         1419
  C:2F71H         LINE#         1420
  C:2F77H         LINE#         1421
  C:2F91H         LINE#         1422
  C:2FABH         LINE#         1423
  C:2FABH         LINE#         1424
  C:2FB1H         LINE#         1425
  C:2FCAH         LINE#         1426
  C:2FE4H         LINE#         1427
  C:2FE4H         LINE#         1428
  C:2FEAH         LINE#         1429
  C:3004H         LINE#         1430
  C:301DH         LINE#         1431
  C:301DH         LINE#         1432
  C:3026H         LINE#         1433
  C:302FH         LINE#         1434
  C:302FH         LINE#         1435
  C:302FH         LINE#         1436
  C:302FH         LINE#         1437
  C:302FH         LINE#         1438
  C:302FH         LINE#         1439
  C:302FH         LINE#         1440
  C:302FH         LINE#         1441
  -------         ENDPROC       FUN_TIMERMOVE
  -------         PROC          _FUN_FLSETTING
  X:02DEH         SYMBOL        par_gospeed
  X:02DFH         SYMBOL        par_turnspeed
  X:02E0H         SYMBOL        par_cachespeed
  -------         DO            
BL51 BANKED LINKER/LOCATER V6.22                                                      11/11/2015  19:46:16  PAGE 30


  X:02E1H         SYMBOL        ellipsis_40
  X:0309H         SYMBOL        loc_argp
  D:0007H         SYMBOL        loc_step
  D:0006H         SYMBOL        loc_con
  -------         ENDDO         
  C:5E27H         LINE#         1442
  C:5E32H         LINE#         1444
  C:5E34H         LINE#         1446
  C:5E40H         LINE#         1447
  C:5E42H         LINE#         1448
  C:5E47H         LINE#         1449
  C:5E56H         LINE#         1450
  C:5E6AH         LINE#         1451
  C:5E6CH         LINE#         1452
  C:5E79H         LINE#         1455
  C:5E7FH         LINE#         1456
  C:5E8DH         LINE#         1457
  C:5E95H         LINE#         1458
  C:5E9DH         LINE#         1459
  C:5EA5H         LINE#         1460
  C:5EA9H         LINE#         1461
  -------         ENDPROC       _FUN_FLSETTING
  -------         PROC          _FUN_FOLLINE
  D:0007H         SYMBOL        par_con
  X:0364H         SYMBOL        par_speed
  -------         DO            
  X:0365H         SYMBOL        loc_con
  X:0366H         SYMBOL        loc_sdr
  X:0367H         SYMBOL        loc_sdl
  X:0368H         SYMBOL        loc_online
  -------         ENDDO         
  C:4EC3H         LINE#         1462
  C:4EC8H         LINE#         1463
  C:4ECBH         LINE#         1466
  C:4ED4H         LINE#         1467
  C:4EECH         LINE#         1468
  C:4EF2H         LINE#         1469
  C:4EFCH         LINE#         1470
  C:4EFEH         LINE#         1471
  C:4F05H         LINE#         1472
  C:4F08H         LINE#         1473
  C:4F0EH         LINE#         1474
  C:4F10H         LINE#         1475
  C:4F10H         LINE#         1477
  C:4F1CH         LINE#         1478
  C:4F22H         LINE#         1479
  C:4F2EH         LINE#         1480
  C:4F46H         LINE#         1481
  C:4F46H         LINE#         1482
  C:4F4CH         LINE#         1483
  C:4F64H         LINE#         1484
  C:4F72H         LINE#         1485
  C:4F72H         LINE#         1486
  C:4F78H         LINE#         1487
  C:4F8AH         LINE#         1488
  C:4FA8H         LINE#         1489
  C:4FA8H         LINE#         1490
BL51 BANKED LINKER/LOCATER V6.22                                                      11/11/2015  19:46:16  PAGE 31


  C:4FAEH         LINE#         1491
  C:4FCCH         LINE#         1492
  C:4FDEH         LINE#         1493
  C:4FDEH         LINE#         1494
  C:4FE4H         LINE#         1495
  C:4FF6H         LINE#         1496
  C:5014H         LINE#         1497
  C:5014H         LINE#         1498
  C:501AH         LINE#         1499
  C:5038H         LINE#         1500
  C:504AH         LINE#         1501
  C:504AH         LINE#         1502
  C:5054H         LINE#         1503
  C:505EH         LINE#         1504
  C:5063H         LINE#         1505
  C:5063H         LINE#         1506
  C:5066H         LINE#         1507
  -------         ENDPROC       _FUN_FOLLINE
  -------         PROC          _FUN_TURN
  D:0007H         SYMBOL        par_model
  X:037EH         SYMBOL        par_speed
  C:5EAAH         LINE#         1509
  C:5EAFH         LINE#         1510
  C:5EBFH         LINE#         1511
  C:5EBFH         LINE#         1512
  C:5EC9H         LINE#         1513
  C:5ECFH         LINE#         1514
  C:5ECFH         LINE#         1515
  C:5ED1H         LINE#         1516
  C:5ED1H         LINE#         1517
  C:5ED4H         LINE#         1518
  C:5EDEH         LINE#         1519
  C:5EE1H         LINE#         1520
  C:5EE3H         LINE#         1521
  C:5EE3H         LINE#         1522
  C:5EEDH         LINE#         1523
  C:5EF9H         LINE#         1524
  C:5EFCH         LINE#         1525
  C:5EFEH         LINE#         1526
  C:5EFEH         LINE#         1527
  C:5F01H         LINE#         1528
  C:5F0BH         LINE#         1529
  C:5F18H         LINE#         1530
  C:5F18H         LINE#         1531
  C:5F18H         LINE#         1532
  C:5F1EH         LINE#         1533
  -------         ENDPROC       _FUN_TURN
  -------         PROC          _FUN_QC
  D:0007H         SYMBOL        par_time
  X:0371H         SYMBOL        par_speed
  -------         DO            
  X:0372H         SYMBOL        loc_sdr
  X:0373H         SYMBOL        loc_sdl
  -------         ENDDO         
  C:47D3H         LINE#         1535
  C:47D8H         LINE#         1537
  C:47F5H         LINE#         1538
BL51 BANKED LINKER/LOCATER V6.22                                                      11/11/2015  19:46:16  PAGE 32


  C:4814H         LINE#         1540
  C:4820H         LINE#         1541
  C:4826H         LINE#         1542
  C:483FH         LINE#         1543
  C:485BH         LINE#         1544
  C:485BH         LINE#         1545
  C:4861H         LINE#         1546
  C:487DH         LINE#         1547
  C:4898H         LINE#         1548
  C:4898H         LINE#         1549
  C:489EH         LINE#         1550
  C:48BAH         LINE#         1551
  C:48D6H         LINE#         1552
  C:48D6H         LINE#         1553
  C:48DCH         LINE#         1554
  C:48F8H         LINE#         1555
  C:4914H         LINE#         1556
  C:4914H         LINE#         1557
  C:491AH         LINE#         1558
  C:4935H         LINE#         1559
  C:4951H         LINE#         1560
  C:4951H         LINE#         1561
  C:4957H         LINE#         1562
  C:4973H         LINE#         1563
  C:498EH         LINE#         1564
  C:498EH         LINE#         1565
  C:4998H         LINE#         1566
  C:49A2H         LINE#         1567
  C:49A7H         LINE#         1568
  C:49AAH         LINE#         1569
  -------         ENDPROC       _FUN_QC
  -------         PROC          FUN_STOPE2PROM
  C:000EH         LINE#         1571
  C:000EH         LINE#         1572
  C:0011H         LINE#         1573
  C:0013H         LINE#         1574
  C:0015H         LINE#         1575
  C:0018H         LINE#         1576
  C:001AH         LINE#         1577
  -------         ENDPROC       FUN_STOPE2PROM
  -------         PROC          _FUN_READE2PROM
  D:0006H         SYMBOL        par_add
  -------         DO            
  D:0007H         SYMBOL        loc_dat
  -------         ENDDO         
  C:626AH         LINE#         1578
  C:626AH         LINE#         1580
  C:626DH         LINE#         1581
  C:6270H         LINE#         1582
  C:6272H         LINE#         1583
  C:6275H         LINE#         1584
  C:6278H         LINE#         1585
  C:627BH         LINE#         1586
  C:6284H         LINE#         1587
  C:6286H         LINE#         1588
  C:6289H         LINE#         1589
  C:6289H         LINE#         1590
BL51 BANKED LINKER/LOCATER V6.22                                                      11/11/2015  19:46:16  PAGE 33


  -------         ENDPROC       _FUN_READE2PROM
  -------         PROC          _FUN_WRITEE2PROM
  D:0006H         SYMBOL        par_add
  D:0005H         SYMBOL        par_dat
  C:6249H         LINE#         1591
  C:6249H         LINE#         1592
  C:624CH         LINE#         1593
  C:624FH         LINE#         1594
  C:6251H         LINE#         1595
  C:6254H         LINE#         1596
  C:6258H         LINE#         1597
  C:625BH         LINE#         1598
  C:625EH         LINE#         1599
  C:6267H         LINE#         1600
  -------         ENDPROC       _FUN_WRITEE2PROM
  -------         PROC          _FUN_CLEANE2PROM
  D:0006H         SYMBOL        par_add
  C:628AH         LINE#         1602
  C:628AH         LINE#         1603
  C:628DH         LINE#         1604
  C:6290H         LINE#         1605
  C:6292H         LINE#         1606
  C:6295H         LINE#         1607
  C:6298H         LINE#         1608
  C:629BH         LINE#         1609
  C:62A4H         LINE#         1610
  -------         ENDPROC       _FUN_CLEANE2PROM
  -------         PROC          FUN_CALIBRATION
  -------         DO            
  X:0369H         SYMBOL        loc_time
  -------         ENDDO         
  C:49B1H         LINE#         1612
  C:49B1H         LINE#         1615
  C:49B6H         LINE#         1616
  C:49BBH         LINE#         1617
  C:49C9H         LINE#         1618
  C:49CEH         LINE#         1619
  C:49D3H         LINE#         1620
  C:49F8H         LINE#         1621
  C:4A1CH         LINE#         1622
  C:4A42H         LINE#         1623
  C:4A4AH         LINE#         1624
  C:4A71H         LINE#         1625
  C:4A99H         LINE#         1626
  C:4AC1H         LINE#         1627
  C:4AE9H         LINE#         1628
  C:4B11H         LINE#         1629
  C:4B39H         LINE#         1630
  C:4B5FH         LINE#         1631
  C:4B65H         LINE#         1632
  -------         ENDPROC       FUN_CALIBRATION
  -------         PROC          FUN_PORT
  C:6368H         LINE#         1633
  C:6368H         LINE#         1635
  C:636BH         LINE#         1636
  C:636EH         LINE#         1637
  C:6371H         LINE#         1638
BL51 BANKED LINKER/LOCATER V6.22                                                      11/11/2015  19:46:16  PAGE 34


  C:6374H         LINE#         1639
  C:6377H         LINE#         1640
  C:637AH         LINE#         1641
  -------         ENDPROC       FUN_PORT
  -------         PROC          FUN_TEST
  C:5648H         LINE#         1642
  C:5648H         LINE#         1643
  C:564DH         LINE#         1644
  C:5650H         LINE#         1645
  C:5655H         LINE#         1646
  C:5658H         LINE#         1647
  C:565DH         LINE#         1648
  C:5660H         LINE#         1649
  C:5665H         LINE#         1650
  C:5668H         LINE#         1652
  C:566EH         LINE#         1653
  C:5673H         LINE#         1654
  C:5676H         LINE#         1655
  C:567BH         LINE#         1656
  C:567EH         LINE#         1657
  C:5683H         LINE#         1658
  C:5686H         LINE#         1659
  C:568BH         LINE#         1660
  C:568EH         LINE#         1662
  C:5693H         LINE#         1663
  C:5696H         LINE#         1664
  C:569BH         LINE#         1665
  C:569EH         LINE#         1666
  C:56A3H         LINE#         1667
  C:56A6H         LINE#         1668
  C:56ABH         LINE#         1669
  C:56AEH         LINE#         1670
  C:56B3H         LINE#         1671
  C:56B6H         LINE#         1672
  C:56BBH         LINE#         1673
  C:56BEH         LINE#         1674
  C:56C3H         LINE#         1675
  C:56C6H         LINE#         1676
  C:56CBH         LINE#         1677
  C:56CEH         LINE#         1678
  C:56D3H         LINE#         1680
  C:56DBH         LINE#         1681
  C:56E1H         LINE#         1682
  C:56E6H         LINE#         1683
  C:56E9H         LINE#         1684
  C:56EEH         LINE#         1685
  C:56F1H         LINE#         1686
  C:56F6H         LINE#         1687
  C:56F9H         LINE#         1688
  C:56FEH         LINE#         1689
  C:5701H         LINE#         1690
  C:5709H         LINE#         1692
  C:5710H         LINE#         1693
  C:5713H         LINE#         1694
  C:571AH         LINE#         1695
  C:571DH         LINE#         1697
  C:5724H         LINE#         1698
BL51 BANKED LINKER/LOCATER V6.22                                                      11/11/2015  19:46:16  PAGE 35


  C:5727H         LINE#         1699
  C:572EH         LINE#         1700
  C:5731H         LINE#         1702
  C:5738H         LINE#         1703
  C:573FH         LINE#         1704
  C:5742H         LINE#         1705
[...]
  C:06D3H         LINE#         2880
  C:06DDH         LINE#         2881
  C:06E2H         LINE#         2882
  C:06E2H         LINE#         2884
  C:06E2H         LINE#         2885
  C:06EDH         LINE#         2887
  C:06F3H         LINE#         2888
  C:06F9H         LINE#         2889
  C:06F9H         LINE#         2890
  C:06FFH         LINE#         2891
  C:0704H         LINE#         2892
  C:0704H         LINE#         2894
  C:0710H         LINE#         2895
  C:0739H         LINE#         2896
  C:074FH         LINE#         2897
  C:0752H         LINE#         2898
  C:0752H         LINE#         2899
  C:0752H         LINE#         2900
  C:075EH         LINE#         2901
  C:0785H         LINE#         2902
  C:079BH         LINE#         2903
  C:079EH         LINE#         2904
  C:079EH         LINE#         2905
  C:079EH         LINE#         2906
  C:07ADH         LINE#         2907
  C:07D6H         LINE#         2908
  C:07ECH         LINE#         2909
  C:07EFH         LINE#         2910
  C:07EFH         LINE#         2911
  C:081BH         LINE#         2912
  C:0831H         LINE#         2913
  C:0834H         LINE#         2914
  C:0834H         LINE#         2915
  C:0834H         LINE#         2918
  C:0843H         LINE#         2919
  C:08A8H         LINE#         2922
  C:08A8H         LINE#         2923
  C:08E5H         LINE#         2925
  C:08E5H         LINE#         2926
  C:08FBH         LINE#         2927
BL51 BANKED LINKER/LOCATER V6.22                                                      11/11/2015  19:46:16  PAGE 57


  C:08FEH         LINE#         2928
  C:08FEH         LINE#         2929
  C:093BH         LINE#         2931
  C:093BH         LINE#         2932
  C:0951H         LINE#         2933
  C:0954H         LINE#         2934
  C:0954H         LINE#         2935
  C:0954H         LINE#         2936
  C:09BDH         LINE#         2939
  C:09BDH         LINE#         2940
  C:09FAH         LINE#         2942
  C:09FAH         LINE#         2943
  C:0A10H         LINE#         2944
  C:0A12H         LINE#         2945
  C:0A12H         LINE#         2946
  C:0A4FH         LINE#         2948
  C:0A4FH         LINE#         2949
  C:0A67H         LINE#         2950
  C:0A6AH         LINE#         2951
  C:0A6AH         LINE#         2952
  C:0A6AH         LINE#         2953
  C:0A6AH         LINE#         2956
  C:0A86H         LINE#         2957
  C:0AB8H         LINE#         2958
  C:0AD0H         LINE#         2959
  C:0AD3H         LINE#         2960
  C:0AD3H         LINE#         2961
  C:0B09H         LINE#         2962
  C:0B21H         LINE#         2963
  C:0B24H         LINE#         2964
  C:0B24H         LINE#         2965
  C:0B24H         LINE#         2968
  C:0B3FH         LINE#         2969
  C:0B71H         LINE#         2970
  C:0B89H         LINE#         2971
  C:0B8CH         LINE#         2972
  C:0B8CH         LINE#         2973
  C:0BC1H         LINE#         2974
  C:0BD9H         LINE#         2975
  C:0BDCH         LINE#         2976
  C:0BDCH         LINE#         2977
  C:0BDCH         LINE#         2978
  C:0BDCH         LINE#         2979
  C:0BE7H         LINE#         2981
  C:0BEDH         LINE#         2982
  C:0BF3H         LINE#         2983
  C:0BF3H         LINE#         2984
  C:0BF9H         LINE#         2985
  C:0BFEH         LINE#         2986
  C:0BFEH         LINE#         2988
  C:0C0AH         LINE#         2989
  C:0C33H         LINE#         2990
  C:0C4BH         LINE#         2991
  C:0C4EH         LINE#         2992
  C:0C4EH         LINE#         2993
  C:0C4EH         LINE#         2994
  C:0C5AH         LINE#         2995
BL51 BANKED LINKER/LOCATER V6.22                                                      11/11/2015  19:46:16  PAGE 58


  C:0C81H         LINE#         2996
  C:0C99H         LINE#         2997
  C:0C9CH         LINE#         2998
  C:0C9CH         LINE#         2999
  C:0C9CH         LINE#         3000
  C:0CABH         LINE#         3001
  C:0CD4H         LINE#         3002
  C:0CECH         LINE#         3003
  C:0CEFH         LINE#         3004
  C:0CEFH         LINE#         3005
  C:0D1BH         LINE#         3006
  C:0D33H         LINE#         3007
  C:0D36H         LINE#         3008
  C:0D36H         LINE#         3009
  C:0D36H         LINE#         3012
  C:0D45H         LINE#         3013
  C:0DAAH         LINE#         3016
  C:0DAAH         LINE#         3017
  C:0DE7H         LINE#         3019
  C:0DE7H         LINE#         3020
  C:0DFFH         LINE#         3021
  C:0E02H         LINE#         3022
  C:0E02H         LINE#         3023
  C:0E3FH         LINE#         3025
  C:0E3FH         LINE#         3026
  C:0E57H         LINE#         3027
  C:0E5AH         LINE#         3028
  C:0E5AH         LINE#         3029
  C:0E5AH         LINE#         3030
  C:0EC3H         LINE#         3033
  C:0EC3H         LINE#         3034
  C:0F00H         LINE#         3036
  C:0F00H         LINE#         3037
  C:0F18H         LINE#         3038
  C:0F1BH         LINE#         3039
  C:0F1BH         LINE#         3040
  C:0F58H         LINE#         3042
  C:0F58H         LINE#         3043
  C:0F70H         LINE#         3044
  C:0F73H         LINE#         3045
  C:0F73H         LINE#         3046
  C:0F73H         LINE#         3047
  C:0F73H         LINE#         3050
  C:0F8FH         LINE#         3051
  C:0FC1H         LINE#         3052
  C:0FD9H         LINE#         3053
  C:0FDCH         LINE#         3054
  C:0FDCH         LINE#         3055
  C:1012H         LINE#         3056
  C:102AH         LINE#         3057
  C:102DH         LINE#         3058
  C:102DH         LINE#         3059
  C:102DH         LINE#         3062
  C:1048H         LINE#         3063
  C:107AH         LINE#         3064
  C:1092H         LINE#         3065
  C:1094H         LINE#         3066
BL51 BANKED LINKER/LOCATER V6.22                                                      11/11/2015  19:46:16  PAGE 59


  C:1094H         LINE#         3067
  C:10CFH         LINE#         3068
  C:10EAH         LINE#         3069
  C:10EDH         LINE#         3070
  C:10EDH         LINE#         3071
  C:10EDH         LINE#         3072
  C:10EDH         LINE#         3073
  C:10EDH         LINE#         3074
  -------         ENDPROC       _FUN_ZDZJ
  -------         PROC          L?1445
  -------         ENDPROC       L?1445
  -------         PROC          _FUN_ZJZT
  X:0376H         SYMBOL        par_motor
  X:0377H         SYMBOL        par_model
  C:520EH         LINE#         3075
  C:5218H         LINE#         3076
  C:521FH         LINE#         3077
  C:5248H         LINE#         3078
  C:5248H         LINE#         3079
  C:5258H         LINE#         3080
  C:5258H         LINE#         3081
  C:525FH         LINE#         3082
  C:5262H         LINE#         3083
  C:5262H         LINE#         3084
  C:5265H         LINE#         3085
  C:5265H         LINE#         3086
  C:5275H         LINE#         3087
  C:5275H         LINE#         3088
  C:527CH         LINE#         3089
  C:527FH         LINE#         3090
  C:527FH         LINE#         3091
  C:5282H         LINE#         3092
  C:5282H         LINE#         3093
  C:5292H         LINE#         3094
  C:5292H         LINE#         3095
  C:5299H         LINE#         3096
  C:529CH         LINE#         3097
  C:529CH         LINE#         3098
  C:529EH         LINE#         3099
  C:529EH         LINE#         3100
  C:52AEH         LINE#         3101
  C:52AEH         LINE#         3102
  C:52B5H         LINE#         3103
  C:52B8H         LINE#         3104
  C:52B8H         LINE#         3105
  C:52BAH         LINE#         3106
  C:52BAH         LINE#         3107
  C:52CAH         LINE#         3108
  C:52CAH         LINE#         3109
  C:52D1H         LINE#         3110
  C:52D8H         LINE#         3111
  C:52DAH         LINE#         3112
  C:52DCH         LINE#         3113
  C:52DCH         LINE#         3114
  C:52ECH         LINE#         3115
  C:52ECH         LINE#         3116
  C:52F3H         LINE#         3117
BL51 BANKED LINKER/LOCATER V6.22                                                      11/11/2015  19:46:16  PAGE 60


  C:52FAH         LINE#         3118
  C:52FCH         LINE#         3119
  C:52FEH         LINE#         3120
  C:52FEH         LINE#         3121
  C:530EH         LINE#         3122
  C:530EH         LINE#         3123
  C:5315H         LINE#         3124
  C:531CH         LINE#         3125
  C:531EH         LINE#         3126
  C:5320H         LINE#         3127
  C:5320H         LINE#         3128
  C:532DH         LINE#         3129
  C:532DH         LINE#         3130
  C:5334H         LINE#         3131
  C:533BH         LINE#         3132
  C:5340H         LINE#         3133
  C:5340H         LINE#         3134
  C:5340H         LINE#         3135
  C:5340H         LINE#         3136
  C:5340H         LINE#         3137
  C:5340H         LINE#         3138
  C:5348H         LINE#         3139
  C:535AH         LINE#         3140
  C:535AH         LINE#         3141
  C:535AH         LINE#         3142
  C:535CH         LINE#         3143
  C:535CH         LINE#         3144
  C:535EH         LINE#         3145
  C:5360H         LINE#         3146
  C:5360H         LINE#         3147
  C:5362H         LINE#         3148
  C:5364H         LINE#         3149
  C:5364H         LINE#         3150
  C:5366H         LINE#         3151
  C:5368H         LINE#         3152
  C:5368H         LINE#         3153
  C:536AH         LINE#         3154
  C:536CH         LINE#         3155
  C:536CH         LINE#         3156
  C:5377H         LINE#         3157
  C:537BH         LINE#         3158
  C:5386H         LINE#         3159
  C:538BH         LINE#         3160
  C:538BH         LINE#         3161
  C:538BH         LINE#         3162
  C:538BH         LINE#         3163
  -------         ENDPROC       _FUN_ZJZT
  -------         PROC          _FUN_NAJIAN
  X:035CH         SYMBOL        par_now
  X:035DH         SYMBOL        par_next
  X:035EH         SYMBOL        par_high
  X:0361H         SYMBOL        par_data
  C:5764H         LINE#         3164
  C:5777H         LINE#         3166
  C:5790H         LINE#         3419
  C:5819H         LINE#         3420
  C:5858H         LINE#         3421
BL51 BANKED LINKER/LOCATER V6.22                                                      11/11/2015  19:46:16  PAGE 61


  C:5871H         LINE#         3422
  -------         ENDPROC       _FUN_NAJIAN
  -------         PROC          FUN_ZHUAJIAN
  C:5A49H         LINE#         3424
  C:5A49H         LINE#         3425
  C:5A4EH         LINE#         3426
  C:5A53H         LINE#         3427
  C:5A58H         LINE#         3428
  C:5A60H         LINE#         3429
  C:5A65H         LINE#         3431
  C:5A6CH         LINE#         3432
  C:5A73H         LINE#         3433
  C:5A7AH         LINE#         3434
  C:5A81H         LINE#         3435
  C:5A99H         LINE#         3436
  C:5AA5H         LINE#         3437
  C:5AACH         LINE#         3438
  C:5AB5H         LINE#         3439
  C:5ABCH         LINE#         3440
  C:5ABEH         LINE#         3441
  C:5ABEH         LINE#         3442
  C:5ABEH         LINE#         3443
  C:5ABEH         LINE#         3444
  C:5AC0H         LINE#         3445
  C:5ACCH         LINE#         3446
  C:5AD3H         LINE#         3447
  C:5ADCH         LINE#         3448
  C:5AE3H         LINE#         3449
  C:5AEAH         LINE#         3450
  C:5AF3H         LINE#         3451
  C:5AFAH         LINE#         3452
  C:5B03H         LINE#         3453
  C:5B03H         LINE#         3454
  C:5B0AH         LINE#         3455
  C:5B0DH         LINE#         3456
  -------         ENDPROC       FUN_ZHUAJIAN
  -------         PROC          FUN_BACK90
  C:619BH         LINE#         3458
  C:619BH         LINE#         3459
  C:61A2H         LINE#         3460
  C:61A5H         LINE#         3462
  C:61ACH         LINE#         3463
  C:61B3H         LINE#         3464
  C:61BCH         LINE#         3466
  C:61C3H         LINE#         3467
  C:61C6H         LINE#         3468
  -------         ENDPROC       FUN_BACK90
  -------         PROC          _FUN_START
  X:02A5H         SYMBOL        par_x
  X:02A6H         SYMBOL        par_y
  X:02A7H         SYMBOL        par_ctfx
  X:02A8H         SYMBOL        par_szzt
  X:02A9H         SYMBOL        par_sjwz
  X:02AAH         SYMBOL        par_pywz
  X:02ABH         SYMBOL        par_hzfx
  C:587FH         LINE#         3470
  C:588AH         LINE#         3471
BL51 BANKED LINKER/LOCATER V6.22                                                      11/11/2015  19:46:16  PAGE 62


  C:588AH         LINE#         3472
  C:588DH         LINE#         3473
  C:5890H         LINE#         3474
  C:5892H         LINE#         3475
  C:5894H         LINE#         3476
  C:5897H         LINE#         3477
  C:589AH         LINE#         3478
  C:589DH         LINE#         3480
  C:589FH         LINE#         3481
  C:58A1H         LINE#         3482
  C:58A3H         LINE#         3483
  C:58A5H         LINE#         3485
  C:58A8H         LINE#         3486
  C:58AAH         LINE#         3488
  C:58ADH         LINE#         3490
  C:58B0H         LINE#         3491
  C:58B3H         LINE#         3492
  C:58B5H         LINE#         3493
  C:58B7H         LINE#         3494
  C:58C0H         LINE#         3496
  C:58CDH         LINE#         3497
  C:58DCH         LINE#         3498
  C:58E1H         LINE#         3499
  C:58E5H         LINE#         3501
  C:58EDH         LINE#         3502
  C:58F5H         LINE#         3503
  C:58FDH         LINE#         3504
  C:5905H         LINE#         3505
  C:590DH         LINE#         3506
  C:5915H         LINE#         3507
  C:591DH         LINE#         3509
  C:5922H         LINE#         3510
  C:5928H         LINE#         3511
  C:592FH         LINE#         3512
  C:5936H         LINE#         3513
  C:593DH         LINE#         3514
  C:5944H         LINE#         3517
  C:594DH         LINE#         3518
  -------         ENDPROC       _FUN_START
  -------         PROC          FUN_STOP
  C:611EH         LINE#         3523
  C:611EH         LINE#         3524
  C:6120H         LINE#         3525
  C:6125H         LINE#         3526
  C:612BH         LINE#         3527
  C:6132H         LINE#         3528
  C:6139H         LINE#         3529
  C:6140H         LINE#         3530
  C:6147H         LINE#         3531
  C:615EH         LINE#         3532
  -------         ENDPROC       FUN_STOP
  -------         PROC          _DEB_OUTSTEP
  X:0378H         SYMBOL        par_model
  -------         DO            
  X:0379H         SYMBOL        loc_con
  -------         ENDDO         
  C:5964H         LINE#         3535
BL51 BANKED LINKER/LOCATER V6.22                                                      11/11/2015  19:46:16  PAGE 63


  C:5969H         LINE#         3537
  C:597BH         LINE#         3546
  C:5A3EH         LINE#         3547
  C:5A48H         LINE#         3548
  -------         ENDPROC       _DEB_OUTSTEP
  -------         ENDMOD        8023

  -------         MODULE        ?C?FPMUL
  C:21B6H         PUBLIC        ?C?FPMUL
  -------         ENDMOD        ?C?FPMUL

  -------         MODULE        ?C?FCAST
  C:22C6H         PUBLIC        ?C?FCASTC
  C:22C1H         PUBLIC        ?C?FCASTI
  C:22BCH         PUBLIC        ?C?FCASTL
  -------         ENDMOD        ?C?FCAST

  -------         MODULE        ?C?CASTF
  C:22FAH         PUBLIC        ?C?CASTF
  -------         ENDMOD        ?C?CASTF

  -------         MODULE        PRINTF
  X:02ACH         PUBLIC        ?_PRINTF?BYTE
  X:02ACH         PUBLIC        ?_SPRINTF?BYTE
  C:35B1H         PUBLIC        _PRINTF
  C:35ABH         PUBLIC        _SPRINTF
  -------         ENDMOD        PRINTF

  -------         MODULE        ?C?FPROUND
  C:237BH         PUBLIC        ?C?FPROUND
  -------         ENDMOD        ?C?FPROUND

  -------         MODULE        ?C?FPCONVERT
  C:23B8H         PUBLIC        ?C?FPCONVERT
  -------         ENDMOD        ?C?FPCONVERT

  -------         MODULE        ?C?FPADD
  C:24C4H         PUBLIC        ?C?FPADD
  C:24C0H         PUBLIC        ?C?FPSUB
  -------         ENDMOD        ?C?FPADD

  -------         MODULE        ?C?FPDIV
  C:25B8H         PUBLIC        ?C?FPDIV
  -------         ENDMOD        ?C?FPDIV

  -------         MODULE        ?C?FTNPWR
  C:2685H         PUBLIC        ?C?FTNPWR
  -------         ENDMOD        ?C?FTNPWR

  -------         MODULE        ?C?COPY
  C:2795H         PUBLIC        ?C?COPY
  -------         ENDMOD        ?C?COPY

  -------         MODULE        ?C?CLDPTR
  C:27BBH         PUBLIC        ?C?CLDPTR
  -------         ENDMOD        ?C?CLDPTR

BL51 BANKED LINKER/LOCATER V6.22                                                      11/11/2015  19:46:16  PAGE 64


  -------         MODULE        ?C?CLDOPTR
  C:27D4H         PUBLIC        ?C?CLDOPTR
  -------         ENDMOD        ?C?CLDOPTR

  -------         MODULE        ?C?CILDOPTR
  C:2801H         PUBLIC        ?C?CILDOPTR
  -------         ENDMOD        ?C?CILDOPTR

  -------         MODULE        ?C?CSTPTR
  C:2834H         PUBLIC        ?C?CSTPTR
  -------         ENDMOD        ?C?CSTPTR

  -------         MODULE        ?C?CSTOPTR
  C:2846H         PUBLIC        ?C?CSTOPTR
  -------         ENDMOD        ?C?CSTOPTR

  -------         MODULE        ?C?IMUL
  C:2868H         PUBLIC        ?C?IMUL
  -------         ENDMOD        ?C?IMUL

  -------         MODULE        ?C?UIDIV
  C:287AH         PUBLIC        ?C?UIDIV
  -------         ENDMOD        ?C?UIDIV

  -------         MODULE        ?C?SIDIV
  C:28CFH         PUBLIC        ?C?SIDIV
  -------         ENDMOD        ?C?SIDIV

  -------         MODULE        ?C?IILDX
  C:2905H         PUBLIC        ?C?IILDX
  -------         ENDMOD        ?C?IILDX

  -------         MODULE        ?C?ILDIX
  C:291BH         PUBLIC        ?C?ILDIX
  -------         ENDMOD        ?C?ILDIX

  -------         MODULE        ?C?ULDIV
  C:296DH         PUBLIC        ?C?ULDIV
  -------         ENDMOD        ?C?ULDIV

  -------         MODULE        ?C?LNEG
  C:29FFH         PUBLIC        ?C?LNEG
  -------         ENDMOD        ?C?LNEG

  -------         MODULE        ?C?ULCMP
  C:2A0DH         PUBLIC        ?C?ULCMP
  -------         ENDMOD        ?C?ULCMP

  -------         MODULE        ?C?LSTXDATA
  C:2A1EH         PUBLIC        ?C?LSTXDATA
  -------         ENDMOD        ?C?LSTXDATA

  -------         MODULE        ?C?LSTKXDATA
  C:2A2AH         PUBLIC        ?C?LSTKXDATA
  -------         ENDMOD        ?C?LSTKXDATA

  -------         MODULE        ?C?OFFXADD
BL51 BANKED LINKER/LOCATER V6.22                                                      11/11/2015  19:46:16  PAGE 65


  C:2A5BH         PUBLIC        ?C?OFFXADD
  -------         ENDMOD        ?C?OFFXADD

  -------         MODULE        ?C?PLDIXDATA
  C:2A67H         PUBLIC        ?C?PLDIXDATA
  -------         ENDMOD        ?C?PLDIXDATA

  -------         MODULE        ?C?PSTXDATA
  C:2A7EH         PUBLIC        ?C?PSTXDATA
  -------         ENDMOD        ?C?PSTXDATA

  -------         MODULE        ?C?CCASE
  C:2A87H         PUBLIC        ?C?CCASE
  -------         ENDMOD        ?C?CCASE

  -------         MODULE        PUTCHAR
  C:61FCH         PUBLIC        _PUTCHAR
  -------         ENDMOD        PUTCHAR

  -------         MODULE        CABS
  C:63A5H         PUBLIC        _CABS
  -------         ENDMOD        CABS

  -------         MODULE        ?C?MEMSET
  C:2AADH         PUBLIC        ?C?MEMSET
  -------         ENDMOD        ?C?MEMSET

Program Size: data=35.1 xdata=897 code=25521
LINK/LOCATE RUN COMPLETE.  0 WARNING(S),  0 ERROR(S)
