BL51 BANKED LINKER/LOCATER V6.22                                                        10/07/2015  12:30:44  PAGE 1


BL51 BANKED LINKER/LOCATER V6.22, INVOKED BY:
D:\MYPROGRAM\KEIL\C51\BIN\BL51.EXE STARTUP.obj, perfect.obj, ..\8023.LIB TO perfect RAMSIZE (256) DISABLEWARNING (16)


MEMORY MODEL: SMALL WITH FLOATING POINT ARITHMETIC


INPUT MODULES INCLUDED:
  STARTUP.obj (?C_STARTUP)
  perfect.obj (PERFECT)
  ..\8023.LIB (8023)
  D:\MYPROGRAM\KEIL\C51\LIB\C51FPS.LIB (?C?FPMUL)
  D:\MYPROGRAM\KEIL\C51\LIB\C51FPS.LIB (?C?FCAST)
  D:\MYPROGRAM\KEIL\C51\LIB\C51FPS.LIB (?C?CASTF)
  D:\MYPROGRAM\KEIL\C51\LIB\C51FPS.LIB (PRINTF)
  D:\MYPROGRAM\KEIL\C51\LIB\C51FPS.LIB (?C?FPGETOPN)
  D:\MYPROGRAM\KEIL\C51\LIB\C51FPS.LIB (?C?FPROUND)
  D:\MYPROGRAM\KEIL\C51\LIB\C51FPS.LIB (?C?FPCONVERT)
  D:\MYPROGRAM\KEIL\C51\LIB\C51FPS.LIB (?C?FPADD)
  D:\MYPROGRAM\KEIL\C51\LIB\C51FPS.LIB (?C?FPDIV)
  D:\MYPROGRAM\KEIL\C51\LIB\C51FPS.LIB (?C?FTNPWR)
  D:\MYPROGRAM\KEIL\C51\LIB\C51S.LIB (?C_INIT)
  D:\MYPROGRAM\KEIL\C51\LIB\C51S.LIB (?C?CLDPTR)
  D:\MYPROGRAM\KEIL\C51\LIB\C51S.LIB (?C?CLDOPTR)
  D:\MYPROGRAM\KEIL\C51\LIB\C51S.LIB (?C?CILDOPTR)
  D:\MYPROGRAM\KEIL\C51\LIB\C51S.LIB (?C?CSTPTR)
  D:\MYPROGRAM\KEIL\C51\LIB\C51S.LIB (?C?IMUL)
  D:\MYPROGRAM\KEIL\C51\LIB\C51S.LIB (?C?UIDIV)
  D:\MYPROGRAM\KEIL\C51\LIB\C51S.LIB (?C?SIDIV)
  D:\MYPROGRAM\KEIL\C51\LIB\C51S.LIB (?C?IILDX)
  D:\MYPROGRAM\KEIL\C51\LIB\C51S.LIB (?C?ULDIV)
  D:\MYPROGRAM\KEIL\C51\LIB\C51S.LIB (?C?LNEG)
  D:\MYPROGRAM\KEIL\C51\LIB\C51S.LIB (?C?ULCMP)
  D:\MYPROGRAM\KEIL\C51\LIB\C51S.LIB (?C?LSTXDATA)
  D:\MYPROGRAM\KEIL\C51\LIB\C51S.LIB (?C?LSTKXDATA)
  D:\MYPROGRAM\KEIL\C51\LIB\C51S.LIB (?C?PLDIIDATA)
  D:\MYPROGRAM\KEIL\C51\LIB\C51S.LIB (?C?CCASE)
  D:\MYPROGRAM\KEIL\C51\LIB\C51S.LIB (PUTCHAR)
  D:\MYPROGRAM\KEIL\C51\LIB\C51S.LIB (CABS)
  D:\MYPROGRAM\KEIL\C51\LIB\C51S.LIB (?C?MEMSET)


LINK MAP OF MODULE:  perfect (?C_STARTUP)


            TYPE    BASE      LENGTH    RELOCATION   SEGMENT NAME
            -----------------------------------------------------

            * * * * * * *   D A T A   M E M O R Y   * * * * * * *
            REG     0000H     0008H     ABSOLUTE     "REG BANK 0"
            REG     0008H     0008H     ABSOLUTE     "REG BANK 1"
            DATA    0010H     0008H     UNIT         ?DT?_FUN_ZDZJ?8023
            DATA    0018H     0008H     UNIT         ?DT?_FUN_NAJIAN?8023
            BIT     0020H.0   0001H.1   UNIT         _BIT_GROUP_
                    0021H.1   0000H.7                *** GAP ***
            DATA    0022H     0021H     UNIT         _DATA_GROUP_
            DATA    0043H     0013H     UNIT         ?DT?_FUN_MIN?8023
            DATA    0056H     0005H     UNIT         ?DT?8023
BL51 BANKED LINKER/LOCATER V6.22                                                      10/07/2015  12:30:44  PAGE 2


            DATA    005BH     0005H     UNIT         ?DT?_FUN_FOLLINE?8023
            DATA    0060H     0004H     UNIT         ?DT?FUN_CALIBRATION?8023
            DATA    0064H     0003H     UNIT         ?DT?_FUN_QC?8023
            DATA    0067H     0002H     UNIT         ?DT?_FUN_PYHZ?8023
            DATA    0069H     0002H     UNIT         ?DT?_FUN_ZJZT?8023
            DATA    006BH     0001H     UNIT         ?DT?_FUN_SZ?8023
            DATA    006CH     0001H     UNIT         ?DT?_FUN_PY?8023
            DATA    006DH     0001H     UNIT         ?DT?_FUN_SJ?8023
            DATA    006EH     0001H     UNIT         ?DT?_FUN_HZ?8023
            DATA    006FH     0001H     UNIT         ?DT?_FUN_TURN?8023
            IDATA   0070H     0001H     UNIT         ?STACK

            * * * * * * *  X D A T A   M E M O R Y  * * * * * * *
            XDATA   0000H     0096H     UNIT         ?XD?8023
            XDATA   0096H     0059H     UNIT         ?XD?_FUN_ZDZJ?8023
            XDATA   00EFH     000BH     UNIT         _XDATA_GROUP_
            XDATA   00FAH     0001H     UNIT         ?XD?_FUN_NAJIAN?8023

            * * * * * * *   C O D E   M E M O R Y   * * * * * * *
            CODE    0000H     0003H     ABSOLUTE     
            CODE    0003H     0003H     ABSOLUTE     
            CODE    0006H     0001H     UNIT         ?PR?INT0INTERRUPT?PERFECT
            CODE    0007H     0001H     UNIT         ?PR?FUN_COORDINATE?8023
                    0008H     0003H                  *** GAP ***
            CODE    000BH     0003H     ABSOLUTE     
            CODE    000EH     000DH     UNIT         ?PR?FUN_STOPE2PROM?8023
            CODE    001BH     0003H     ABSOLUTE     
            CODE    001EH     0FFAH     UNIT         ?PR?_FUN_ZDZJ?8023
            CODE    1018H     07C9H     UNIT         ?C?LIB_CODE
            CODE    17E1H     06C6H     UNIT         ?PR?_FUN_NAJIAN?8023
            CODE    1EA7H     050EH     UNIT         ?PR?FUN_TIMERMOVE?8023
            CODE    23B5H     046FH     UNIT         ?PR?PRINTF?PRINTF
            CODE    2824H     02B4H     UNIT         ?PR?_FUN_SJHZ?8023
            CODE    2AD8H     01FDH     UNIT         ?PR?_FUN_MOTORS?8023
            CODE    2CD5H     0189H     UNIT         ?PR?_FUN_QC?8023
            CODE    2E5EH     0176H     UNIT         ?PR?_FUN_ZJZT?8023
            CODE    2FD4H     0174H     UNIT         ?PR?_FUN_FOLLINE?8023
            CODE    3148H     016AH     UNIT         ?PR?FUN_CALIBRATION?8023
            CODE    32B2H     0158H     UNIT         ?PR?_FUN_HZ?8023
            CODE    340AH     0146H     UNIT         ?PR?_FUN_SJ?8023
            CODE    3550H     013BH     UNIT         ?PR?_FUN_PYHZ?8023
            CODE    368BH     011CH     UNIT         ?PR?FUN_TEST?8023
            CODE    37A7H     0115H     UNIT         ?PR?_FUN_PY?8023
            CODE    38BCH     0107H     UNIT         ?PR?_FUN_MOTORSRL?8023
            CODE    39C3H     00CBH     UNIT         ?PR?FUN_ZHUAJIAN?8023
            CODE    3A8EH     009DH     UNIT         ?PR?FUN_JTJP?8023
            CODE    3B2BH     008CH     UNIT         ?C_C51STARTUP
            CODE    3BB7H     0077H     UNIT         ?PR?_FUN_TURN?8023
            CODE    3C2EH     0071H     UNIT         ?PR?_FUN_START?8023
            CODE    3C9FH     0068H     UNIT         ?PR?_FUN_DELAY?8023
            CODE    3D07H     0060H     UNIT         ?PR?_FUN_MIN?8023
            CODE    3D67H     003DH     UNIT         ?PR?FUN_STOP?8023
            CODE    3DA4H     003CH     UNIT         ?PR?_FUN_SZ?8023
            CODE    3DE0H     0031H     UNIT         ?PR?FUN_BACK?8023
            CODE    3E11H     0031H     UNIT         ?C_INITSEG
            CODE    3E42H     0027H     UNIT         ?PR?PUTCHAR?PUTCHAR
            CODE    3E69H     0026H     UNIT         ?PR?FUN_TIMER0?8023
BL51 BANKED LINKER/LOCATER V6.22                                                      10/07/2015  12:30:44  PAGE 3


            CODE    3E8FH     001FH     UNIT         ?PR?_FUN_READE2PROM?8023
            CODE    3EAEH     001EH     UNIT         ?PR?MAIN?PERFECT
            CODE    3ECCH     001EH     UNIT         ?PR?_FUN_WRITEE2PROM?8023
            CODE    3EEAH     001CH     UNIT         ?PR?_FUN_CLEANE2PROM?8023
            CODE    3F06H     001BH     UNIT         ?PR?TIMER0INTERRUPT?PERFECT
            CODE    3F21H     001BH     UNIT         ?PR?TIMER1INTERRUPT?PERFECT
            CODE    3F3CH     001AH     UNIT         ?PR?_FUN_PWMR?8023
            CODE    3F56H     001AH     UNIT         ?PR?_FUN_PWML?8023
            CODE    3F70H     0018H     UNIT         ?PR?FUN_WAIT?8023
            CODE    3F88H     0016H     UNIT         ?PR?FUN_TIMER0INIT?8023
            CODE    3F9EH     0016H     UNIT         ?PR?FUN_TIMER1INIT?8023
            CODE    3FB4H     0013H     UNIT         ?PR?FUN_PORT?8023
            CODE    3FC7H     000BH     UNIT         ?PR?FUN_PWMINIT?8023
            CODE    3FD2H     0009H     UNIT         ?CO?8023
            CODE    3FDBH     0008H     UNIT         ?PR?_CABS?CABS
            CODE    3FE3H     0007H     UNIT         ?PR?FUN_TIMER1?8023



OVERLAY MAP OF MODULE:   perfect (?C_STARTUP)


SEGMENT                                BIT_GROUP          DATA_GROUP          XDATA_GROUP
  +--> CALLED SEGMENT               START    LENGTH     START    LENGTH     START    LENGTH
-------------------------------------------------------------------------------------------
?C_C51STARTUP                       -----    -----      -----    -----      -----    -----
  +--> ?PR?MAIN?PERFECT
  +--> ?C_INITSEG

?PR?MAIN?PERFECT                    -----    -----      -----    -----      -----    -----
  +--> ?PR?_FUN_START?8023
  +--> ?PR?_FUN_SJHZ?8023
  +--> ?PR?FUN_STOP?8023

?PR?_FUN_START?8023                 -----    -----      0022H    0007H      -----    -----
  +--> ?PR?FUN_PWMINIT?8023
  +--> ?PR?FUN_TIMER0INIT?8023
  +--> ?PR?FUN_TIMER1INIT?8023
  +--> ?PR?_FUN_MOTORS?8023
  +--> ?PR?FUN_WAIT?8023

?PR?_FUN_MOTORS?8023                -----    -----      0029H    0001H      -----    -----
  +--> ?PR?_CABS?CABS
  +--> ?PR?_FUN_PWML?8023
  +--> ?PR?_FUN_PWMR?8023

?PR?FUN_WAIT?8023                   -----    -----      -----    -----      -----    -----
  +--> ?PR?_FUN_DELAY?8023

?PR?_FUN_DELAY?8023                 -----    -----      0029H    0003H      -----    -----

?PR?_FUN_SJHZ?8023                  -----    -----      0022H    0002H      00EFH    000BH
  +--> ?PR?_FUN_MOTORS?8023
  +--> ?PR?_FUN_DELAY?8023

?PR?FUN_STOP?8023                   -----    -----      -----    -----      -----    -----
  +--> ?PR?_FUN_MOTORS?8023
BL51 BANKED LINKER/LOCATER V6.22                                                      10/07/2015  12:30:44  PAGE 4


  +--> ?CO?8023
  +--> ?PR?PRINTF?PRINTF

?PR?PRINTF?PRINTF                   0020H.0  0001H.1    0022H    001CH      -----    -----
  +--> ?PR?PUTCHAR?PUTCHAR

*** NEW ROOT ***************************************************

?PR?TIMER0INTERRUPT?PERFECT         -----    -----      -----    -----      -----    -----
  +--> ?PR?FUN_TIMER0?8023

?PR?FUN_TIMER0?8023                 -----    -----      -----    -----      -----    -----
  +--> ?PR?FUN_TIMERMOVE?8023

?PR?FUN_TIMERMOVE?8023              -----    -----      003EH    0004H      -----    -----
  +--> ?PR?_FUN_MOTORSRL?8023

?PR?_FUN_MOTORSRL?8023              -----    -----      0042H    0001H      -----    -----
  +--> ?PR?_CABS?CABS
  +--> ?PR?_FUN_PWML?8023
  +--> ?PR?_FUN_PWMR?8023

*** NEW ROOT ***************************************************

?PR?TIMER1INTERRUPT?PERFECT         -----    -----      -----    -----      -----    -----
  +--> ?PR?FUN_TIMER1?8023



SYMBOL TABLE OF MODULE:  perfect (?C_STARTUP)

  VALUE           TYPE          NAME
  ----------------------------------

  -------         MODULE        ?C_STARTUP
  C:3B2BH         SEGMENT       ?C_C51STARTUP
  I:0070H         SEGMENT       ?STACK
  C:0000H         PUBLIC        ?C_STARTUP
  D:00E0H         SYMBOL        ACC
  D:00F0H         SYMBOL        B
  D:0083H         SYMBOL        DPH
  D:0082H         SYMBOL        DPL
  N:0000H         SYMBOL        IBPSTACK
  N:0100H         SYMBOL        IBPSTACKTOP
  N:0080H         SYMBOL        IDATALEN
  C:3B2EH         SYMBOL        IDATALOOP
  N:0000H         SYMBOL        PBPSTACK
  N:0100H         SYMBOL        PBPSTACKTOP
  N:0000H         SYMBOL        PDATALEN
  N:0000H         SYMBOL        PDATASTART
  N:0000H         SYMBOL        PPAGE
  N:0000H         SYMBOL        PPAGEENABLE
  D:00A0H         SYMBOL        PPAGE_SFR
  D:0081H         SYMBOL        SP
  C:3B2BH         SYMBOL        STARTUP1
  N:0000H         SYMBOL        XBPSTACK
  N:0000H         SYMBOL        XBPSTACKTOP
BL51 BANKED LINKER/LOCATER V6.22                                                      10/07/2015  12:30:44  PAGE 5


  N:0000H         SYMBOL        XDATALEN
  N:0000H         SYMBOL        XDATASTART
  C:0000H         LINE#         126
  C:3B2BH         LINE#         133
  C:3B2DH         LINE#         134
  C:3B2EH         LINE#         135
  C:3B2FH         LINE#         136
  C:3B31H         LINE#         185
  C:3B34H         LINE#         196
  -------         ENDMOD        ?C_STARTUP

  -------         MODULE        PERFECT
  C:0000H         SYMBOL        _ICE_DUMMY_
  D:0080H         PUBLIC        P0
  D:0090H         PUBLIC        P1
  D:00A0H         PUBLIC        P2
  D:00B0H         PUBLIC        P3
  D:00C0H         PUBLIC        P4
  D:00C8H         PUBLIC        P5
  C:3F06H         PUBLIC        Timer0Interrupt
  C:3F21H         PUBLIC        Timer1Interrupt
  D:00A8H         PUBLIC        IE
  D:00B8H         PUBLIC        IP
  D:00D8H         PUBLIC        CCON
  C:3EAEH         PUBLIC        main
  C:0006H         PUBLIC        Int0Interrupt
  D:0098H         PUBLIC        SCON
  D:0088H         PUBLIC        TCON
  D:00D0H         PUBLIC        PSW
  -------         PROC          MAIN
  C:3EAEH         LINE#         3
  C:3EAEH         LINE#         4
  C:3EC2H         LINE#         18
  C:3EC9H         LINE#         278
  -------         ENDPROC       MAIN
  -------         PROC          INT0INTERRUPT
  C:0006H         LINE#         280
  C:0006H         LINE#         282
  -------         ENDPROC       INT0INTERRUPT
  -------         PROC          TIMER0INTERRUPT
  C:3F06H         LINE#         283
  C:3F13H         LINE#         284
  C:3F16H         LINE#         285
  -------         ENDPROC       TIMER0INTERRUPT
  -------         PROC          TIMER1INTERRUPT
  C:3F21H         LINE#         286
  C:3F2EH         LINE#         287
  C:3F31H         LINE#         288
  -------         ENDPROC       TIMER1INTERRUPT
  -------         ENDMOD        PERFECT

  -------         MODULE        8023
  C:0000H         SYMBOL        _ICE_DUMMY_
  D:0092H         PUBLIC        P1M0
  D:0093H         PUBLIC        P0M1
  C:2E63H         PUBLIC        _fun_zjzt
  C:2CD5H         PUBLIC        _fun_qc
BL51 BANKED LINKER/LOCATER V6.22                                                      10/07/2015  12:30:44  PAGE 6


  C:3E69H         PUBLIC        fun_timer0
  D:0096H         PUBLIC        P2M0
  D:0091H         PUBLIC        P1M1
  D:0080H         PUBLIC        P0
  C:3FE3H         PUBLIC        fun_timer1
  D:0095H         PUBLIC        P2M1
  D:0090H         PUBLIC        P1
  D:00A0H         PUBLIC        P2
  X:0000H         PUBLIC        str_tfl
  B:0090H.2       PUBLIC        out_pwmr
  D:00B0H         PUBLIC        P3
  D:00C0H         PUBLIC        P4
  D:00C8H         PUBLIC        P5
  B:00A8H.7       PUBLIC        EA
  C:340AH         PUBLIC        _fun_sj
  C:1EA7H         PUBLIC        fun_timermove
  C:39C3H         PUBLIC        fun_zhuajian
  C:3EEAH         PUBLIC        _fun_cleane2prom
  B:00B0H.6       PUBLIC        in_hpy
  D:00F9H         PUBLIC        CH
  C:32B2H         PUBLIC        _fun_hz
  D:00A8H         PUBLIC        IE
  D:00E9H         PUBLIC        CL
  D:00C5H         PUBLIC        IAP_CMD
  X:004CH         PUBLIC        str_now
  D:00FAH         PUBLIC        CCAP0H
  D:00FBH         PUBLIC        CCAP1H
  B:00B0H.5       PUBLIC        in_qpy
  C:37A7H         PUBLIC        _fun_py
  D:00EAH         PUBLIC        CCAP0L
  B:00D8H.6       PUBLIC        CR
  D:00EBH         PUBLIC        CCAP1L
  D:00DAH         PUBLIC        CCAPM0
  D:00DBH         PUBLIC        CCAPM1
  C:2FD4H         PUBLIC        _fun_folline
  C:3DA4H         PUBLIC        _fun_sz
  D:00B8H         PUBLIC        IP
  B:00A0H.5       PUBLIC        in_hz
  D:0097H         PUBLIC        CLK_DIV
  C:17E1H         PUBLIC        _fun_najian
  D:00C3H         PUBLIC        IAP_ADDRH
  B:00B0H.4       PUBLIC        in_j
  C:3E8FH         PUBLIC        _fun_reade2prom
  D:00C4H         PUBLIC        IAP_ADDRL
  D:00D9H         PUBLIC        CMOD
  D:00D8H         PUBLIC        CCON
  B:00B0H.3       PUBLIC        in_s
  B:00A0H.0       PUBLIC        out_dir1
  B:00A0H.2       PUBLIC        out_dir2
  D:0087H         PUBLIC        PCON
  C:3ECCH         PUBLIC        _fun_writee2prom
  C:38C5H         PUBLIC        _fun_motorsrl
  D:0098H         PUBLIC        SCON
  D:0089H         PUBLIC        TMOD
  D:0088H         PUBLIC        TCON
  C:3F88H         PUBLIC        fun_timer0init
  C:3FC7H         PUBLIC        fun_pwminit
BL51 BANKED LINKER/LOCATER V6.22                                                      10/07/2015  12:30:44  PAGE 7


  C:3F9EH         PUBLIC        fun_timer1init
  C:3148H         PUBLIC        fun_calibration
  C:3CA5H         PUBLIC        _fun_delay
  C:3DE0H         PUBLIC        fun_back
  B:00A0H.1       PUBLIC        out_en1
  B:00A0H.3       PUBLIC        out_en2
  D:008EH         PUBLIC        AUXR
  X:0059H         PUBLIC        str_begin
  D:00C7H         PUBLIC        IAP_CONTR
  B:0080H.7       PUBLIC        in_ls1
  B:00A8H.1       PUBLIC        ET0
  B:0080H.6       PUBLIC        in_ls2
  B:0088H.5       PUBLIC        TF0
  B:00A8H.3       PUBLIC        ET1
  B:0080H.5       PUBLIC        in_ls3
  B:0088H.7       PUBLIC        TF1
  B:0080H.4       PUBLIC        in_ls4
  D:008CH         PUBLIC        TH0
  C:000EH         PUBLIC        fun_stope2prom
  B:0080H.3       PUBLIC        in_ls5
  D:008DH         PUBLIC        TH1
  B:0080H.2       PUBLIC        in_ls6
  D:0057H         PUBLIC        var_timer
  B:0080H.1       PUBLIC        in_ls7
  B:0080H.0       PUBLIC        in_ls8
  D:008AH         PUBLIC        TL0
  D:008BH         PUBLIC        TL1
  C:2ADCH         PUBLIC        _fun_motors
  B:0090H.6       PUBLIC        out_switchselect
  D:00C2H         PUBLIC        IAP_DATA
  B:0088H.4       PUBLIC        TR0
  B:0088H.6       PUBLIC        TR1
  C:0007H         PUBLIC        fun_coordinate
  D:00F2H         PUBLIC        PCA_PWM0
  B:00A0H.4       PUBLIC        in_wz1
  D:00F3H         PUBLIC        PCA_PWM1
  C:3C2EH         PUBLIC        _fun_start
  B:00A0H.5       PUBLIC        in_wz2
  B:00A0H.6       PUBLIC        in_wz3
  B:00A0H.7       PUBLIC        in_wz4
  B:00A0H.4       PUBLIC        in_wz5
  C:3F70H         PUBLIC        fun_wait
  C:3A8EH         PUBLIC        fun_jtjp
  D:009CH         PUBLIC        BRT
  B:00B0H.2       PUBLIC        in_start
  C:2824H         PUBLIC        _fun_sjhz
  C:368BH         PUBLIC        fun_test
  C:3F56H         PUBLIC        _fun_pwml
  C:001EH         PUBLIC        _fun_zdzj
  C:3D2DH         PUBLIC        _fun_min
  C:3FB4H         PUBLIC        fun_port
  X:0066H         PUBLIC        str_cod
  D:00C6H         PUBLIC        IAP_TRIG
  C:3D67H         PUBLIC        fun_stop
  C:3F3CH         PUBLIC        _fun_pwmr
  B:0090H.7       PUBLIC        out_motorselect
  C:3BB7H         PUBLIC        _fun_turn
BL51 BANKED LINKER/LOCATER V6.22                                                      10/07/2015  12:30:44  PAGE 8


  C:3554H         PUBLIC        _fun_pyhz
  D:00D0H         PUBLIC        PSW
  X:0089H         PUBLIC        str_next
  B:0090H.5       PUBLIC        out_pwml
  D:0094H         PUBLIC        P0M0
  C:3C9FH         SYMBOL        L?1045
  C:3CA1H         SYMBOL        L?1046
  -------         PROC          L?1044
  -------         ENDPROC       L?1044
  C:3C9FH         SYMBOL        L?1045
  C:3CA1H         SYMBOL        L?1046
  -------         PROC          _FUN_DELAY
  D:0006H         SYMBOL        par_value
  D:0005H         SYMBOL        par_model
  -------         DO            
  D:0006H         SYMBOL        loc_con
  -------         DO            
  D:0029H         SYMBOL        loc_i
  D:002AH         SYMBOL        loc_j
  D:0029H         SYMBOL        loc_i
  D:002AH         SYMBOL        loc_j
  D:002BH         SYMBOL        loc_k
  -------         ENDDO         
  -------         DO            
  D:0029H         SYMBOL        loc_i
  D:002AH         SYMBOL        loc_j
  D:002BH         SYMBOL        loc_k
  -------         ENDDO         
  -------         ENDDO         
  C:3CA5H         LINE#         29
  C:3CA5H         LINE#         30
  C:3CA5H         LINE#         31
  C:3CB1H         LINE#         32
  C:3CB1H         LINE#         36
  C:3CC0H         LINE#         37
  C:3CC1H         LINE#         38
  C:3CC2H         LINE#         39
  C:3CC4H         LINE#         42
  C:3CC4H         LINE#         46
  C:3CD3H         LINE#         48
  C:3CD4H         LINE#         49
  C:3CD5H         LINE#         50
  C:3CD8H         LINE#         51
  C:3CDBH         LINE#         52
  C:3CDBH         LINE#         53
  C:3CDEH         LINE#         54
  C:3CE1H         LINE#         55
  C:3CE3H         LINE#         58
  C:3CE3H         LINE#         62
  C:3CF2H         LINE#         64
  C:3CF5H         LINE#         65
  C:3CF8H         LINE#         66
  C:3CFBH         LINE#         67
  C:3CFBH         LINE#         68
  C:3CFBH         LINE#         69
  C:3CFEH         LINE#         70
  C:3D01H         LINE#         71
BL51 BANKED LINKER/LOCATER V6.22                                                      10/07/2015  12:30:44  PAGE 9


  C:3D04H         LINE#         72
  C:3D06H         LINE#         75
  C:3D06H         LINE#         76
  C:3D06H         LINE#         77
  -------         ENDPROC       _FUN_DELAY
  -------         PROC          FUN_TIMER0INIT
  C:3F88H         LINE#         78
  C:3F88H         LINE#         82
  C:3F8BH         LINE#         83
  C:3F8EH         LINE#         84
  C:3F91H         LINE#         85
  C:3F94H         LINE#         86
  C:3F97H         LINE#         87
  C:3F99H         LINE#         88
  C:3F9BH         LINE#         89
  C:3F9DH         LINE#         90
  -------         ENDPROC       FUN_TIMER0INIT
  -------         PROC          FUN_TIMER1INIT
  C:3F9EH         LINE#         91
  C:3F9EH         LINE#         95
  C:3FA1H         LINE#         96
  C:3FA4H         LINE#         97
  C:3FA7H         LINE#         98
  C:3FAAH         LINE#         99
  C:3FADH         LINE#         100
  C:3FAFH         LINE#         101
  C:3FB1H         LINE#         102
  C:3FB3H         LINE#         103
  -------         ENDPROC       FUN_TIMER1INIT
  -------         PROC          FUN_TIMER0
  C:3E69H         LINE#         104
  C:3E69H         LINE#         105
  C:3E6CH         LINE#         106
  C:3E6FH         LINE#         107
  C:3E84H         LINE#         108
  C:3E8BH         LINE#         109
  C:3E8EH         LINE#         110
  -------         ENDPROC       FUN_TIMER0
  -------         PROC          FUN_TIMER1
  C:3FE3H         LINE#         111
  C:3FE3H         LINE#         112
  C:3FE6H         LINE#         113
  C:3FE9H         LINE#         114
  -------         ENDPROC       FUN_TIMER1
  -------         PROC          FUN_WAIT
  C:3F70H         LINE#         115
  C:3F70H         LINE#         119
  C:3F73H         LINE#         120
  C:3F7CH         LINE#         121
  C:3F7FH         LINE#         122
  -------         ENDPROC       FUN_WAIT
  -------         PROC          FUN_PWMINIT
  C:3FC7H         LINE#         125
  C:3FC7H         LINE#         129
  C:3FCAH         LINE#         130
  C:3FCCH         LINE#         131
  C:3FCEH         LINE#         132
BL51 BANKED LINKER/LOCATER V6.22                                                      10/07/2015  12:30:44  PAGE 10


  C:3FD1H         LINE#         133
  -------         ENDPROC       FUN_PWMINIT
  -------         PROC          _FUN_PWMR
  D:0007H         SYMBOL        par_value
  C:3F3CH         LINE#         134
  C:3F3CH         LINE#         135
  C:3F4FH         LINE#         136
  C:3F52H         LINE#         137
  C:3F55H         LINE#         138
  -------         ENDPROC       _FUN_PWMR
  -------         PROC          _FUN_PWML
  D:0007H         SYMBOL        par_value
  C:3F56H         LINE#         139
  C:3F56H         LINE#         140
  C:3F69H         LINE#         141
  C:3F6CH         LINE#         142
  C:3F6FH         LINE#         143
  -------         ENDPROC       _FUN_PWML
  C:2AD8H         SYMBOL        L?1050
  -------         PROC          L?1049
  -------         ENDPROC       L?1049
  C:2AD8H         SYMBOL        L?1050
  -------         PROC          _FUN_MOTORS
  D:0007H         SYMBOL        par_model
  D:0029H         SYMBOL        par_speed
  C:2ADCH         LINE#         144
  C:2ADEH         LINE#         145
  C:2AE7H         LINE#         146
  C:2AECH         LINE#         147
  C:2AF5H         LINE#         148
  C:2AF8H         LINE#         149
  C:2B26H         LINE#         150
  C:2B26H         LINE#         151
  C:2B2EH         LINE#         154
  C:2B34H         LINE#         155
  C:2B38H         LINE#         156
  C:2B38H         LINE#         157
  C:2B3BH         LINE#         158
  C:2B44H         LINE#         159
  C:2B48H         LINE#         160
  C:2B4AH         LINE#         161
  C:2B56H         LINE#         162
  C:2B62H         LINE#         163
  C:2B62H         LINE#         164
  C:2B63H         LINE#         165
  C:2B63H         LINE#         166
  C:2B6BH         LINE#         169
  C:2B71H         LINE#         170
  C:2B75H         LINE#         171
  C:2B76H         LINE#         172
  C:2B78H         LINE#         173
  C:2B81H         LINE#         174
  C:2B85H         LINE#         175
  C:2B87H         LINE#         176
  C:2B93H         LINE#         177
  C:2B95H         LINE#         178
  C:2B95H         LINE#         179
BL51 BANKED LINKER/LOCATER V6.22                                                      10/07/2015  12:30:44  PAGE 11


  C:2B97H         LINE#         180
  C:2B97H         LINE#         181
  C:2BA4H         LINE#         184
  C:2BAFH         LINE#         185
  C:2BB3H         LINE#         186
  C:2BB5H         LINE#         187
  C:2BBBH         LINE#         188
  C:2BC2H         LINE#         189
  C:2BC3H         LINE#         190
  C:2BCCH         LINE#         191
  C:2BCEH         LINE#         192
  C:2BD5H         LINE#         193
  C:2BDCH         LINE#         194
  C:2BDDH         LINE#         195
  C:2BE9H         LINE#         196
  C:2BEBH         LINE#         197
  C:2BF5H         LINE#         198
  C:2BFFH         LINE#         199
  C:2BFFH         LINE#         200
  C:2C00H         LINE#         201
  C:2C00H         LINE#         202
  C:2C08H         LINE#         205
  C:2C0EH         LINE#         206
  C:2C12H         LINE#         207
  C:2C14H         LINE#         208
  C:2C16H         LINE#         209
  C:2C1FH         LINE#         210
  C:2C21H         LINE#         211
  C:2C23H         LINE#         212
  C:2C2FH         LINE#         213
  C:2C31H         LINE#         214
  C:2C31H         LINE#         215
  C:2C33H         LINE#         216
  C:2C33H         LINE#         217
  C:2C3BH         LINE#         220
  C:2C41H         LINE#         221
  C:2C45H         LINE#         222
  C:2C47H         LINE#         223
  C:2C49H         LINE#         224
  C:2C52H         LINE#         225
  C:2C54H         LINE#         226
  C:2C56H         LINE#         227
  C:2C5FH         LINE#         228
  C:2C61H         LINE#         229
  C:2C61H         LINE#         230
  C:2C63H         LINE#         231
  C:2C63H         LINE#         232
  C:2C6BH         LINE#         235
  C:2C71H         LINE#         236
  C:2C75H         LINE#         237
  C:2C7BH         LINE#         238
  C:2C7CH         LINE#         239
  C:2C85H         LINE#         240
  C:2C8BH         LINE#         241
  C:2C8CH         LINE#         242
  C:2C95H         LINE#         243
  C:2C9BH         LINE#         244
BL51 BANKED LINKER/LOCATER V6.22                                                      10/07/2015  12:30:44  PAGE 12


  C:2C9BH         LINE#         245
  C:2C9CH         LINE#         246
  C:2C9CH         LINE#         247
  C:2CA4H         LINE#         250
  C:2CAAH         LINE#         251
  C:2CAEH         LINE#         252
  C:2CB4H         LINE#         253
  C:2CB5H         LINE#         254
  C:2CBEH         LINE#         255
  C:2CC4H         LINE#         256
  C:2CC5H         LINE#         257
  C:2CCEH         LINE#         258
  C:2CD4H         LINE#         259
  C:2CD4H         LINE#         260
  C:2CD4H         LINE#         261
  C:2CD4H         LINE#         262
  C:2CD4H         LINE#         263
  C:2CD4H         LINE#         264
  -------         ENDPROC       _FUN_MOTORS
  -------         PROC          L?1054
  -------         ENDPROC       L?1054
  -------         PROC          _FUN_MOTORSRL
  D:0007H         SYMBOL        par_model
  D:0042H         SYMBOL        par_speed
  C:38C5H         LINE#         265
  C:38C7H         LINE#         266
  C:38D0H         LINE#         267
  C:38D5H         LINE#         268
  C:38DEH         LINE#         269
  C:38E1H         LINE#         270
  C:38F0H         LINE#         271
  C:38F0H         LINE#         272
  C:38F8H         LINE#         275
  C:38FEH         LINE#         276
  C:3902H         LINE#         277
  C:3902H         LINE#         278
  C:3904H         LINE#         279
  C:390DH         LINE#         280
  C:3911H         LINE#         281
  C:3913H         LINE#         282
  C:391FH         LINE#         283
  C:392BH         LINE#         284
  C:392BH         LINE#         285
  C:392CH         LINE#         286
  C:392CH         LINE#         287
  C:3934H         LINE#         290
  C:393AH         LINE#         291
  C:393EH         LINE#         292
  C:393FH         LINE#         293
  C:3941H         LINE#         294
  C:394AH         LINE#         295
  C:394EH         LINE#         296
  C:3950H         LINE#         297
  C:3959H         LINE#         298
  C:395BH         LINE#         299
  C:395BH         LINE#         300
  C:395DH         LINE#         301
BL51 BANKED LINKER/LOCATER V6.22                                                      10/07/2015  12:30:44  PAGE 13


  C:395DH         LINE#         302
  C:396AH         LINE#         305
  C:3975H         LINE#         306
  C:3979H         LINE#         307
  C:397BH         LINE#         308
  C:3981H         LINE#         309
  C:3988H         LINE#         310
  C:3989H         LINE#         311
  C:3992H         LINE#         312
  C:3994H         LINE#         313
  C:399BH         LINE#         314
  C:39A2H         LINE#         315
  C:39A3H         LINE#         316
  C:39ACH         LINE#         317
  C:39AEH         LINE#         318
  C:39B8H         LINE#         319
  C:39C2H         LINE#         320
  C:39C2H         LINE#         321
  C:39C2H         LINE#         322
  C:39C2H         LINE#         323
  C:39C2H         LINE#         324
  C:39C2H         LINE#         325
  -------         ENDPROC       _FUN_MOTORSRL
  -------         PROC          _FUN_SZ
  D:006BH         SYMBOL        par_model
  C:3DA4H         LINE#         326
  C:3DA6H         LINE#         327
  C:3DAEH         LINE#         329
  C:3DB3H         LINE#         333
  C:3DBAH         LINE#         334
  C:3DBFH         LINE#         337
  C:3DBFH         LINE#         341
  C:3DC6H         LINE#         342
  C:3DC9H         LINE#         344
  C:3DC9H         LINE#         345
  C:3DD2H         LINE#         346
  C:3DD9H         LINE#         347
  C:3DDFH         LINE#         348
  -------         ENDPROC       _FUN_SZ
  -------         PROC          _FUN_PY
  D:006CH         SYMBOL        par_model
  C:37A7H         LINE#         349
  C:37A9H         LINE#         350
  C:37B4H         LINE#         352
  C:37D0H         LINE#         353
  C:37D0H         LINE#         357
  C:37D3H         LINE#         358
  C:37D6H         LINE#         359
  C:37D6H         LINE#         361
  C:37D9H         LINE#         362
  C:37D9H         LINE#         366
  C:37EEH         LINE#         367
  C:37EEH         LINE#         368
  C:37F5H         LINE#         369
  C:37F8H         LINE#         370
  C:37FBH         LINE#         371
  C:37FBH         LINE#         372
BL51 BANKED LINKER/LOCATER V6.22                                                      10/07/2015  12:30:44  PAGE 14


  C:37FEH         LINE#         373
  C:3801H         LINE#         374
  C:3804H         LINE#         375
  C:3804H         LINE#         376
  C:3807H         LINE#         377
  C:380AH         LINE#         378
  C:380DH         LINE#         379
  C:380DH         LINE#         380
  C:3810H         LINE#         381
  C:3813H         LINE#         382
  C:3816H         LINE#         383
  C:3816H         LINE#         385
  C:3816H         LINE#         386
  C:3816H         LINE#         390
  C:382CH         LINE#         391
  C:382CH         LINE#         392
  C:3833H         LINE#         393
  C:3836H         LINE#         394
  C:3838H         LINE#         395
  C:3838H         LINE#         396
  C:383FH         LINE#         397
  C:3842H         LINE#         398
  C:3844H         LINE#         399
  C:3844H         LINE#         400
  C:3847H         LINE#         401
  C:384AH         LINE#         402
  C:384CH         LINE#         403
  C:384CH         LINE#         404
  C:384FH         LINE#         405
  C:3852H         LINE#         406
  C:3854H         LINE#         407
  C:3854H         LINE#         409
  C:3854H         LINE#         410
  C:3854H         LINE#         414
  C:3867H         LINE#         415
  C:3867H         LINE#         416
  C:386EH         LINE#         417
  C:3871H         LINE#         418
  C:3873H         LINE#         419
  C:3873H         LINE#         420
  C:387AH         LINE#         421
  C:387DH         LINE#         422
  C:387FH         LINE#         423
  C:387FH         LINE#         424
  C:3886H         LINE#         425
  C:3889H         LINE#         426
  C:388BH         LINE#         427
  C:388BH         LINE#         428
  C:388EH         LINE#         429
  C:3896H         LINE#         430
  C:3898H         LINE#         431
  C:3898H         LINE#         433
  C:3898H         LINE#         434
  C:3898H         LINE#         438
  C:389FH         LINE#         439
  C:38A2H         LINE#         440
  C:38AEH         LINE#         442
BL51 BANKED LINKER/LOCATER V6.22                                                      10/07/2015  12:30:44  PAGE 15


  C:38AEH         LINE#         443
  C:38AEH         LINE#         444
  C:38AEH         LINE#         445
  C:38AEH         LINE#         446
  C:38B5H         LINE#         447
  C:38BBH         LINE#         448
  -------         ENDPROC       _FUN_PY
  -------         PROC          _FUN_SJ
  D:006DH         SYMBOL        par_model
  C:340AH         LINE#         449
  C:340CH         LINE#         450
  C:3417H         LINE#         452
  C:3419H         LINE#         453
  C:344EH         LINE#         454
  C:344EH         LINE#         458
  C:3455H         LINE#         459
  C:3457H         LINE#         460
  C:345AH         LINE#         461
  C:345AH         LINE#         463
  C:345DH         LINE#         464
  C:345DH         LINE#         468
  C:3468H         LINE#         469
  C:346AH         LINE#         470
  C:346AH         LINE#         471
  C:346DH         LINE#         472
  C:346DH         LINE#         473
  C:3472H         LINE#         474
  C:3474H         LINE#         475
  C:3474H         LINE#         476
  C:3474H         LINE#         478
  C:3477H         LINE#         479
  C:3477H         LINE#         483
  C:348DH         LINE#         484
  C:348FH         LINE#         485
  C:3492H         LINE#         486
  C:3492H         LINE#         488
  C:3495H         LINE#         489
  C:3495H         LINE#         493
  C:34A0H         LINE#         494
  C:34A5H         LINE#         495
  C:34A7H         LINE#         496
  C:34A7H         LINE#         497
  C:34A9H         LINE#         498
  C:34A9H         LINE#         499
  C:34AEH         LINE#         500
  C:34B0H         LINE#         501
  C:34B0H         LINE#         502
  C:34B0H         LINE#         504
  C:34B2H         LINE#         505
  C:34B2H         LINE#         509
  C:34C8H         LINE#         510
  C:34CAH         LINE#         511
  C:34CDH         LINE#         512
  C:34CDH         LINE#         514
  C:34CFH         LINE#         515
  C:34CFH         LINE#         519
  C:34DAH         LINE#         520
BL51 BANKED LINKER/LOCATER V6.22                                                      10/07/2015  12:30:44  PAGE 16


  C:34DFH         LINE#         521
  C:34E1H         LINE#         522
  C:34E1H         LINE#         523
  C:34E3H         LINE#         524
  C:34E3H         LINE#         525
  C:34E8H         LINE#         526
  C:34EAH         LINE#         527
  C:34EAH         LINE#         528
  C:34EAH         LINE#         530
  C:34ECH         LINE#         531
  C:34ECH         LINE#         535
  C:3502H         LINE#         536
  C:3504H         LINE#         537
  C:3507H         LINE#         538
  C:3507H         LINE#         540
  C:3509H         LINE#         541
  C:3509H         LINE#         545
  C:3514H         LINE#         546
  C:3519H         LINE#         547
  C:351BH         LINE#         548
  C:351BH         LINE#         549
  C:351DH         LINE#         550
  C:351DH         LINE#         551
  C:3524H         LINE#         552
  C:3527H         LINE#         553
  C:3527H         LINE#         555
  C:3529H         LINE#         556
  C:3529H         LINE#         560
  C:3530H         LINE#         561
  C:3532H         LINE#         562
  C:3535H         LINE#         563
  C:3542H         LINE#         565
  C:3542H         LINE#         566
  C:3542H         LINE#         567
  C:3542H         LINE#         568
  C:3542H         LINE#         569
  C:3549H         LINE#         570
  C:354FH         LINE#         571
  -------         ENDPROC       _FUN_SJ
  -------         PROC          _FUN_HZ
  D:006EH         SYMBOL        par_model
  C:32B2H         LINE#         572
  C:32B4H         LINE#         573
  C:32C0H         LINE#         575
  C:32C2H         LINE#         576
  C:32DBH         LINE#         577
  C:32DBH         LINE#         581
  C:32EAH         LINE#         582
  C:32EAH         LINE#         583
  C:32F1H         LINE#         584
  C:32F4H         LINE#         585
  C:32F7H         LINE#         586
  C:32FAH         LINE#         587
  C:32FDH         LINE#         588
  C:32FDH         LINE#         589
  C:3300H         LINE#         590
  C:3300H         LINE#         591
BL51 BANKED LINKER/LOCATER V6.22                                                      10/07/2015  12:30:44  PAGE 17


  C:3307H         LINE#         592
  C:330AH         LINE#         593
  C:330DH         LINE#         594
  C:330DH         LINE#         595
  C:3310H         LINE#         596
  C:3310H         LINE#         597
  C:3317H         LINE#         598
  C:331AH         LINE#         599
  C:331DH         LINE#         600
  C:331DH         LINE#         601
  C:3320H         LINE#         602
  C:3320H         LINE#         603
  C:3320H         LINE#         604
  C:3320H         LINE#         606
  C:3320H         LINE#         607
  C:3320H         LINE#         611
  C:3332H         LINE#         612
  C:3332H         LINE#         613
  C:3339H         LINE#         614
  C:333CH         LINE#         615
  C:333FH         LINE#         616
  C:3342H         LINE#         617
  C:3345H         LINE#         618
  C:3345H         LINE#         619
  C:3348H         LINE#         620
  C:3348H         LINE#         621
  C:334FH         LINE#         622
  C:3352H         LINE#         623
  C:3355H         LINE#         624
  C:3355H         LINE#         625
  C:3358H         LINE#         626
  C:3358H         LINE#         627
  C:335FH         LINE#         628
  C:3362H         LINE#         629
  C:3365H         LINE#         630
  C:3365H         LINE#         631
  C:3368H         LINE#         632
  C:3368H         LINE#         633
  C:3368H         LINE#         634
  C:3368H         LINE#         636
  C:3368H         LINE#         637
  C:3368H         LINE#         641
  C:337BH         LINE#         642
  C:337BH         LINE#         643
  C:3382H         LINE#         644
  C:3385H         LINE#         645
  C:3388H         LINE#         646
  C:3388H         LINE#         647
  C:338BH         LINE#         648
  C:338BH         LINE#         649
  C:3392H         LINE#         650
  C:3395H         LINE#         651
  C:3398H         LINE#         652
  C:3398H         LINE#         653
  C:339AH         LINE#         654
  C:339AH         LINE#         655
  C:33A1H         LINE#         656
BL51 BANKED LINKER/LOCATER V6.22                                                      10/07/2015  12:30:44  PAGE 18


  C:33A4H         LINE#         657
  C:33A7H         LINE#         658
  C:33AAH         LINE#         659
  C:33ADH         LINE#         660
  C:33ADH         LINE#         661
  C:33AFH         LINE#         662
  C:33AFH         LINE#         663
  C:33AFH         LINE#         664
  C:33AFH         LINE#         666
  C:33AFH         LINE#         667
  C:33AFH         LINE#         671
  C:33BEH         LINE#         672
  C:33BEH         LINE#         673
  C:33C5H         LINE#         674
  C:33C8H         LINE#         675
  C:33CBH         LINE#         676
  C:33CBH         LINE#         677
  C:33CDH         LINE#         678
  C:33CDH         LINE#         679
  C:33D4H         LINE#         680
  C:33D7H         LINE#         681
  C:33DAH         LINE#         682
  C:33DAH         LINE#         683
  C:33DCH         LINE#         684
  C:33DCH         LINE#         685
  C:33E3H         LINE#         686
  C:33E6H         LINE#         687
  C:33E9H         LINE#         688
  C:33ECH         LINE#         689
  C:33EFH         LINE#         690
  C:33FCH         LINE#         691
  C:33FCH         LINE#         692
  C:33FCH         LINE#         693
  C:33FCH         LINE#         694
  C:33FCH         LINE#         696
  C:33FCH         LINE#         697
  C:33FCH         LINE#         698
  C:33FCH         LINE#         699
  C:33FCH         LINE#         700
  C:3403H         LINE#         701
  C:3409H         LINE#         702
  -------         ENDPROC       _FUN_HZ
  C:3550H         SYMBOL        L?1056
  -------         PROC          L?1055
  -------         ENDPROC       L?1055
  C:3550H         SYMBOL        L?1056
  -------         PROC          _FUN_PYHZ
  D:0067H         SYMBOL        par_pymodel
  D:0068H         SYMBOL        par_hzmodel
  C:3554H         LINE#         703
  C:3558H         LINE#         704
  C:3568H         LINE#         705
  C:3568H         LINE#         706
  C:3577H         LINE#         707
  C:3577H         LINE#         708
  C:3577H         LINE#         709
  C:3579H         LINE#         710
BL51 BANKED LINKER/LOCATER V6.22                                                      10/07/2015  12:30:44  PAGE 19


  C:3579H         LINE#         711
  C:3579H         LINE#         712
  C:357BH         LINE#         713
  C:357BH         LINE#         714
  C:357BH         LINE#         715
  C:357DH         LINE#         716
  C:357DH         LINE#         717
  C:357DH         LINE#         718
  C:357DH         LINE#         719
  C:357DH         LINE#         720
  C:357DH         LINE#         721
  C:358BH         LINE#         722
  C:358BH         LINE#         723
  C:358BH         LINE#         724
  C:358DH         LINE#         725
  C:358DH         LINE#         726
  C:358DH         LINE#         727
  C:358FH         LINE#         728
  C:358FH         LINE#         729
  C:358FH         LINE#         730
  C:3591H         LINE#         731
  C:3591H         LINE#         732
  C:3591H         LINE#         733
  C:3591H         LINE#         734
  C:3591H         LINE#         735
  C:3591H         LINE#         736
  C:35A0H         LINE#         737
  C:35A0H         LINE#         738
  C:35A0H         LINE#         739
  C:35A2H         LINE#         740
  C:35A2H         LINE#         741
  C:35A2H         LINE#         742
  C:35A4H         LINE#         743
  C:35A4H         LINE#         744
  C:35A4H         LINE#         745
  C:35A6H         LINE#         746
  C:35A6H         LINE#         747
  C:35A6H         LINE#         748
  C:35A6H         LINE#         749
  C:35A6H         LINE#         750
  C:35A6H         LINE#         751
  C:35B5H         LINE#         752
  C:35B5H         LINE#         753
  C:35B7H         LINE#         754
  C:35B9H         LINE#         755
  C:35B9H         LINE#         756
  C:35BBH         LINE#         757
  C:35BDH         LINE#         758
  C:35BDH         LINE#         759
  C:35C4H         LINE#         760
  C:35C4H         LINE#         761
  C:35C4H         LINE#         762
  C:35C4H         LINE#         763
  C:35C4H         LINE#         764
  C:35C4H         LINE#         765
  C:35C4H         LINE#         766
  C:35C4H         LINE#         767
BL51 BANKED LINKER/LOCATER V6.22                                                      10/07/2015  12:30:44  PAGE 20


  C:35C4H         LINE#         768
  C:35C9H         LINE#         769
  C:35CBH         LINE#         770
  C:35DEH         LINE#         771
  C:35DEH         LINE#         772
  C:35F0H         LINE#         773
  C:35F0H         LINE#         774
  C:35F3H         LINE#         775
  C:35F6H         LINE#         776
  C:35F9H         LINE#         777
  C:35F9H         LINE#         778
  C:35FBH         LINE#         779
  C:35FBH         LINE#         780
  C:35FEH         LINE#         781
  C:35FEH         LINE#         782
  C:3600H         LINE#         783
  C:3600H         LINE#         784
  C:3603H         LINE#         785
  C:3603H         LINE#         786
  C:3605H         LINE#         787
  C:3605H         LINE#         788
  C:3605H         LINE#         789
  C:3605H         LINE#         790
  C:3605H         LINE#         791
  C:3605H         LINE#         792
  C:3614H         LINE#         793
  C:3614H         LINE#         794
  C:3617H         LINE#         795
  C:361AH         LINE#         796
  C:361DH         LINE#         797
  C:361DH         LINE#         798
  C:361FH         LINE#         799
  C:361FH         LINE#         800
  C:3622H         LINE#         801
  C:3622H         LINE#         802
  C:3624H         LINE#         803
  C:3624H         LINE#         804
  C:3627H         LINE#         805
  C:3627H         LINE#         806
  C:3629H         LINE#         807
  C:3629H         LINE#         808
  C:3629H         LINE#         809
  C:3629H         LINE#         810
  C:3629H         LINE#         811
  C:3629H         LINE#         812
  C:3639H         LINE#         813
  C:3639H         LINE#         814
  C:363CH         LINE#         815
  C:363CH         LINE#         816
  C:363EH         LINE#         817
  C:363EH         LINE#         818
  C:3641H         LINE#         819
  C:3641H         LINE#         820
  C:3643H         LINE#         821
  C:3643H         LINE#         822
  C:3646H         LINE#         823
  C:3649H         LINE#         824
BL51 BANKED LINKER/LOCATER V6.22                                                      10/07/2015  12:30:44  PAGE 21


  C:364CH         LINE#         825
  C:364CH         LINE#         826
  C:364EH         LINE#         827
  C:364EH         LINE#         828
  C:364EH         LINE#         829
  C:364EH         LINE#         830
  C:364EH         LINE#         831
  C:364EH         LINE#         832
  C:365DH         LINE#         833
  C:365DH         LINE#         834
  C:3660H         LINE#         835
  C:3660H         LINE#         836
  C:3662H         LINE#         837
  C:3662H         LINE#         838
  C:3665H         LINE#         839
  C:3665H         LINE#         840
  C:3667H         LINE#         841
  C:3667H         LINE#         842
  C:366AH         LINE#         843
  C:366DH         LINE#         844
  C:3670H         LINE#         845
  C:367DH         LINE#         846
  C:367DH         LINE#         847
  C:367DH         LINE#         848
  C:367DH         LINE#         849
  C:367DH         LINE#         850
  C:367DH         LINE#         851
  C:367DH         LINE#         852
  C:367DH         LINE#         853
  C:367DH         LINE#         854
  C:3684H         LINE#         855
  C:368AH         LINE#         856
  -------         ENDPROC       _FUN_PYHZ
  -------         PROC          _FUN_SJHZ
  D:0022H         SYMBOL        par_sjmodel
  D:0023H         SYMBOL        par_hzmodel
  -------         DO            
  X:00EFH         SYMBOL        loc_sjdelay
  X:00F3H         SYMBOL        loc_hzdelay
  X:00F7H         SYMBOL        loc_sjcgq
  X:00F8H         SYMBOL        loc_hzcgq
  X:00F9H         SYMBOL        loc_hzflag
  -------         ENDDO         
  C:2824H         LINE#         857
  C:2828H         LINE#         858
  C:2832H         LINE#         859
  C:283CH         LINE#         860
  C:2841H         LINE#         861
  C:2843H         LINE#         862
  C:2845H         LINE#         863
  C:2851H         LINE#         864
  C:2861H         LINE#         865
  C:2861H         LINE#         866
  C:286DH         LINE#         867
  C:286DH         LINE#         868
  C:286DH         LINE#         869
  C:286DH         LINE#         870
BL51 BANKED LINKER/LOCATER V6.22                                                      10/07/2015  12:30:44  PAGE 22


  C:286FH         LINE#         871
  C:286FH         LINE#         872
  C:286FH         LINE#         873
  C:286FH         LINE#         874
  C:2871H         LINE#         875
  C:2871H         LINE#         876
  C:2871H         LINE#         877
  C:2871H         LINE#         878
  C:2873H         LINE#         879
  C:2873H         LINE#         880
  C:2873H         LINE#         881
  C:2873H         LINE#         882
  C:2873H         LINE#         883
  C:2873H         LINE#         884
  C:2882H         LINE#         885
  C:2882H         LINE#         886
  C:2882H         LINE#         887
  C:2882H         LINE#         888
  C:2884H         LINE#         889
  C:2884H         LINE#         890
  C:2884H         LINE#         891
  C:2884H         LINE#         892
  C:2886H         LINE#         893
  C:2886H         LINE#         894
  C:2886H         LINE#         895
  C:2886H         LINE#         896
  C:2888H         LINE#         897
  C:2888H         LINE#         898
  C:2888H         LINE#         899
  C:2888H         LINE#         900
  C:2888H         LINE#         901
  C:2888H         LINE#         902
  C:2898H         LINE#         903
  C:2898H         LINE#         904
  C:2898H         LINE#         905
  C:2898H         LINE#         906
  C:289AH         LINE#         907
  C:289AH         LINE#         908
  C:289AH         LINE#         909
  C:289AH         LINE#         910
  C:289CH         LINE#         911
  C:289CH         LINE#         912
  C:289EH         LINE#         913
  C:289EH         LINE#         914
  C:28A0H         LINE#         915
  C:28A0H         LINE#         916
  C:28A0H         LINE#         917
  C:28A0H         LINE#         918
  C:28A0H         LINE#         919
  C:28A0H         LINE#         920
  C:28AFH         LINE#         921
  C:28AFH         LINE#         922
  C:28B1H         LINE#         923
  C:28B1H         LINE#         924
  C:28B3H         LINE#         925
  C:28B3H         LINE#         926
  C:28BAH         LINE#         927
BL51 BANKED LINKER/LOCATER V6.22                                                      10/07/2015  12:30:44  PAGE 23


  C:28C0H         LINE#         928
  C:28C2H         LINE#         929
  C:28C2H         LINE#         930
  C:28C9H         LINE#         931
  C:28CFH         LINE#         932
  C:28CFH         LINE#         933
  C:28CFH         LINE#         934
  C:28CFH         LINE#         935
  C:28CFH         LINE#         936
  C:28CFH         LINE#         937
  C:28CFH         LINE#         938
  C:28CFH         LINE#         939
  C:28CFH         LINE#         940
  C:28E7H         LINE#         941
  C:28E7H         LINE#         942
  C:28F0H         LINE#         943
  C:2901H         LINE#         944
  C:2904H         LINE#         945
  C:2907H         LINE#         946
  C:2916H         LINE#         947
  C:2922H         LINE#         948
  C:2957H         LINE#         949
  C:2957H         LINE#         950
  C:2959H         LINE#         951
  C:2962H         LINE#         952
  C:2968H         LINE#         953
  C:2968H         LINE#         954
  C:2968H         LINE#         955
  C:2968H         LINE#         956
  C:296BH         LINE#         957
  C:296BH         LINE#         958
  C:296DH         LINE#         959
  C:2976H         LINE#         960
  C:2984H         LINE#         961
  C:2984H         LINE#         962
  C:2984H         LINE#         963
  C:2984H         LINE#         964
  C:2986H         LINE#         965
  C:2986H         LINE#         966
  C:2988H         LINE#         967
  C:2991H         LINE#         968
  C:2997H         LINE#         969
  C:2997H         LINE#         970
  C:2997H         LINE#         971
  C:2997H         LINE#         972
  C:2999H         LINE#         973
  C:2999H         LINE#         974
  C:299BH         LINE#         975
  C:29A4H         LINE#         976
  C:29ADH         LINE#         977
  C:29ADH         LINE#         978
  C:29ADH         LINE#         979
  C:29ADH         LINE#         980
  C:29AFH         LINE#         981
  C:29AFH         LINE#         982
  C:29B1H         LINE#         983
  C:29BAH         LINE#         984
BL51 BANKED LINKER/LOCATER V6.22                                                      10/07/2015  12:30:44  PAGE 24


  C:29C0H         LINE#         985
  C:29C0H         LINE#         986
  C:29C0H         LINE#         987
  C:29C0H         LINE#         988
  C:29C2H         LINE#         989
  C:29C2H         LINE#         990
  C:29C4H         LINE#         991
  C:29CDH         LINE#         992
  C:29D6H         LINE#         993
  C:29D6H         LINE#         994
  C:29D6H         LINE#         995
  C:29D6H         LINE#         996
  C:29D8H         LINE#         997
  C:29D8H         LINE#         998
  C:29DAH         LINE#         999
  C:29E3H         LINE#         1000
  C:29E9H         LINE#         1001
  C:29E9H         LINE#         1002
  C:29E9H         LINE#         1003
  C:29E9H         LINE#         1004
  C:29EBH         LINE#         1005
  C:29EBH         LINE#         1006
  C:29EDH         LINE#         1007
  C:29F6H         LINE#         1008
  C:2A01H         LINE#         1009
  C:2A04H         LINE#         1010
  C:2A04H         LINE#         1011
  C:2A04H         LINE#         1012
  C:2A06H         LINE#         1013
  C:2A06H         LINE#         1014
  C:2A08H         LINE#         1015
  C:2A11H         LINE#         1016
  C:2A14H         LINE#         1017
  C:2A32H         LINE#         1018
  C:2A38H         LINE#         1019
  C:2A38H         LINE#         1020
  C:2A3AH         LINE#         1021
  C:2A3AH         LINE#         1022
  C:2A3AH         LINE#         1023
  C:2A3AH         LINE#         1024
  C:2A3AH         LINE#         1025
  C:2A3EH         LINE#         1026
  C:2A5AH         LINE#         1027
  C:2A61H         LINE#         1028
  C:2A66H         LINE#         1029
  C:2A6CH         LINE#         1030
  C:2A6CH         LINE#         1031
  C:2A6CH         LINE#         1032
  C:2A8BH         LINE#         1033
  C:2A91H         LINE#         1034
  C:2A93H         LINE#         1035
  C:2A9CH         LINE#         1036
  C:2A9FH         LINE#         1037
  C:2AA3H         LINE#         1038
  C:2AA6H         LINE#         1039
  C:2AB1H         LINE#         1040
  C:2AB7H         LINE#         1041
BL51 BANKED LINKER/LOCATER V6.22                                                      10/07/2015  12:30:44  PAGE 25


  C:2ABAH         LINE#         1042
  C:2ABAH         LINE#         1043
  C:2ABDH         LINE#         1044
  C:2ABDH         LINE#         1045
  C:2AC4H         LINE#         1046
  C:2ACEH         LINE#         1047
  C:2AD4H         LINE#         1048
  C:2AD4H         LINE#         1049
  C:2AD4H         LINE#         1050
  C:2AD7H         LINE#         1051
  -------         ENDPROC       _FUN_SJHZ
  -------         PROC          FUN_JTJP
  C:3A8EH         LINE#         1052
  C:3A8EH         LINE#         1053
  C:3A8EH         LINE#         1054
  C:3AACH         LINE#         1055
  C:3AB5H         LINE#         1056
  C:3ABCH         LINE#         1058
  C:3ABCH         LINE#         1059
  C:3AC2H         LINE#         1060
  C:3AC9H         LINE#         1061
  C:3ACBH         LINE#         1062
  C:3ACDH         LINE#         1063
  C:3AD3H         LINE#         1064
  C:3ADAH         LINE#         1065
  C:3ADCH         LINE#         1066
  C:3ADEH         LINE#         1067
  C:3ADEH         LINE#         1068
  C:3AE1H         LINE#         1069
  C:3AE8H         LINE#         1070
  C:3AEAH         LINE#         1071
  C:3AECH         LINE#         1072
  C:3AEFH         LINE#         1073
  C:3AF6H         LINE#         1074
  C:3AF8H         LINE#         1075
  C:3AFAH         LINE#         1076
  C:3AFAH         LINE#         1077
  C:3B00H         LINE#         1078
  C:3B07H         LINE#         1079
  C:3B0EH         LINE#         1080
  C:3B0EH         LINE#         1081
  C:3B1AH         LINE#         1082
  C:3B21H         LINE#         1083
  C:3B28H         LINE#         1084
  C:3B28H         LINE#         1085
  C:3B28H         LINE#         1086
  C:3B28H         LINE#         1087
  -------         ENDPROC       FUN_JTJP
  -------         PROC          FUN_TIMERMOVE
  -------         DO            
  D:0056H         SYMBOL        loc_con
  D:003EH         SYMBOL        loc_sdl
  D:0040H         SYMBOL        loc_sdr
  -------         ENDDO         
  C:1EA7H         LINE#         1089
  C:1EA7H         LINE#         1092
  C:1ECCH         LINE#         1093
BL51 BANKED LINKER/LOCATER V6.22                                                      10/07/2015  12:30:44  PAGE 26


  C:1ECCH         LINE#         1094
  C:1ED3H         LINE#         1095
  C:1ED9H         LINE#         1096
  C:1EE8H         LINE#         1097
  C:1EF6H         LINE#         1098
  C:1EF7H         LINE#         1099
  C:1EF7H         LINE#         1100
  C:1F0DH         LINE#         1101
  C:1F25H         LINE#         1102
  C:1F2BH         LINE#         1103
  C:1F2FH         LINE#         1104
  C:1F32H         LINE#         1105
  C:1F39H         LINE#         1106
  C:1F3CH         LINE#         1107
  C:1F4FH         LINE#         1108
  C:1F4FH         LINE#         1109
  C:1F4FH         LINE#         1110
  C:1F5FH         LINE#         1111
  C:1F65H         LINE#         1112
  C:1F7BH         LINE#         1113
  C:1F96H         LINE#         1114
  C:1F96H         LINE#         1115
  C:1F9CH         LINE#         1116
  C:1FB7H         LINE#         1117
  C:1FCDH         LINE#         1118
  C:1FCDH         LINE#         1119
  C:1FD3H         LINE#         1120
  C:1FF0H         LINE#         1121
  C:2010H         LINE#         1122
  C:2010H         LINE#         1123
  C:2016H         LINE#         1124
  C:2038H         LINE#         1125
  C:2053H         LINE#         1126
  C:2053H         LINE#         1127
  C:2059H         LINE#         1128
  C:2076H         LINE#         1129
  C:2096H         LINE#         1130
  C:2096H         LINE#         1131
  C:209FH         LINE#         1132
  C:20C1H         LINE#         1133
  C:20DCH         LINE#         1134
  C:20DCH         LINE#         1135
  C:20DCH         LINE#         1136
  C:20DCH         LINE#         1137
  C:20DCH         LINE#         1138
  C:20DFH         LINE#         1139
  C:20DFH         LINE#         1140
  C:20E9H         LINE#         1141
  C:20EDH         LINE#         1142
  C:20EDH         LINE#         1143
  C:20F0H         LINE#         1144
  C:20F0H         LINE#         1145
  C:2105H         LINE#         1146
  C:2105H         LINE#         1147
  C:2125H         LINE#         1148
  C:2125H         LINE#         1149
  C:212FH         LINE#         1150
BL51 BANKED LINKER/LOCATER V6.22                                                      10/07/2015  12:30:44  PAGE 27


  C:2135H         LINE#         1151
  C:2135H         LINE#         1152
  C:2137H         LINE#         1153
  C:2137H         LINE#         1154
  C:213AH         LINE#         1155
  C:2144H         LINE#         1156
  C:2147H         LINE#         1157
  C:2149H         LINE#         1158
  C:2149H         LINE#         1159
  C:2153H         LINE#         1160
  C:215FH         LINE#         1161
  C:2162H         LINE#         1162
  C:2164H         LINE#         1163
  C:2164H         LINE#         1164
  C:2167H         LINE#         1165
  C:2171H         LINE#         1166
  C:218FH         LINE#         1167
  C:218FH         LINE#         1168
  C:218FH         LINE#         1169
  C:2191H         LINE#         1170
  C:2192H         LINE#         1171
  C:2192H         LINE#         1172
  C:21B1H         LINE#         1173
  C:21B3H         LINE#         1174
  C:21B4H         LINE#         1175
  C:21B4H         LINE#         1176
  C:21C0H         LINE#         1177
  C:21C0H         LINE#         1178
  C:21C0H         LINE#         1179
  C:21C0H         LINE#         1180
  C:21C0H         LINE#         1181
  C:21C0H         LINE#         1182
  C:21C2H         LINE#         1183
  C:21C2H         LINE#         1184
  C:21C2H         LINE#         1185
  C:21C2H         LINE#         1186
  C:21CDH         LINE#         1187
  C:21CDH         LINE#         1188
  C:2206H         LINE#         1189
  C:2208H         LINE#         1190
  C:2209H         LINE#         1191
  C:2209H         LINE#         1192
  C:2225H         LINE#         1193
  C:222CH         LINE#         1194
  C:2236H         LINE#         1195
  C:2240H         LINE#         1196
  C:2243H         LINE#         1197
  C:2244H         LINE#         1198
  C:2244H         LINE#         1199
  C:2254H         LINE#         1200
  C:225AH         LINE#         1201
  C:2272H         LINE#         1202
  C:228BH         LINE#         1203
  C:228BH         LINE#         1204
  C:2291H         LINE#         1205
  C:22AAH         LINE#         1206
  C:22C2H         LINE#         1207
BL51 BANKED LINKER/LOCATER V6.22                                                      10/07/2015  12:30:44  PAGE 28


  C:22C2H         LINE#         1208
  C:22C8H         LINE#         1209
  C:22E1H         LINE#         1210
  C:22FBH         LINE#         1211
  C:22FBH         LINE#         1212
  C:2301H         LINE#         1213
  C:231BH         LINE#         1214
  C:2334H         LINE#         1215
  C:2334H         LINE#         1216
  C:233AH         LINE#         1217
  C:2353H         LINE#         1218
  C:236DH         LINE#         1219
  C:236DH         LINE#         1220
  C:2373H         LINE#         1221
  C:238DH         LINE#         1222
  C:23A6H         LINE#         1223
  C:23A6H         LINE#         1224
  C:23ADH         LINE#         1225
  C:23B4H         LINE#         1226
  C:23B4H         LINE#         1227
  C:23B4H         LINE#         1228
  C:23B4H         LINE#         1229
  C:23B4H         LINE#         1230
  C:23B4H         LINE#         1232
  C:23B4H         LINE#         1233
  C:23B4H         LINE#         1235
  C:23B4H         LINE#         1236
  C:23B4H         LINE#         1237
  -------         ENDPROC       FUN_TIMERMOVE
  -------         PROC          _FUN_FOLLINE
  D:0007H         SYMBOL        par_con
  D:005BH         SYMBOL        par_speed
  -------         DO            
  D:005CH         SYMBOL        loc_con
  D:005DH         SYMBOL        loc_sdr
  D:005EH         SYMBOL        loc_sdl
  D:005FH         SYMBOL        loc_online
  -------         ENDDO         
  C:2FD4H         LINE#         1238
  C:2FD6H         LINE#         1239
  C:2FD8H         LINE#         1242
  C:2FDFH         LINE#         1243
  C:2FF7H         LINE#         1244
  C:2FFAH         LINE#         1245
  C:3001H         LINE#         1246
  C:3003H         LINE#         1247
  C:3008H         LINE#         1248
  C:300BH         LINE#         1249
  C:300DH         LINE#         1250
  C:300FH         LINE#         1251
  C:300FH         LINE#         1252
  C:3015H         LINE#         1253
  C:301BH         LINE#         1254
  C:3028H         LINE#         1255
  C:303EH         LINE#         1256
  C:303EH         LINE#         1257
  C:3044H         LINE#         1258
BL51 BANKED LINKER/LOCATER V6.22                                                      10/07/2015  12:30:44  PAGE 29


  C:305AH         LINE#         1259
  C:3067H         LINE#         1260
  C:3067H         LINE#         1261
  C:306DH         LINE#         1262
  C:307EH         LINE#         1263
  C:3098H         LINE#         1264
  C:3098H         LINE#         1265
  C:309EH         LINE#         1266
  C:30B8H         LINE#         1267
  C:30C9H         LINE#         1268
  C:30C9H         LINE#         1269
  C:30CFH         LINE#         1270
  C:30E0H         LINE#         1271
  C:30FAH         LINE#         1272
  C:30FAH         LINE#         1273
  C:3100H         LINE#         1274
  C:311AH         LINE#         1275
  C:312BH         LINE#         1276
  C:312BH         LINE#         1277
  C:3132H         LINE#         1278
  C:3139H         LINE#         1279
  C:313EH         LINE#         1280
  C:313EH         LINE#         1281
  C:3141H         LINE#         1282
  -------         ENDPROC       _FUN_FOLLINE
  -------         PROC          _FUN_TURN
  D:0007H         SYMBOL        par_model
  D:006FH         SYMBOL        par_speed
  C:3BB7H         LINE#         1284
  C:3BB9H         LINE#         1285
  C:3BC9H         LINE#         1286
  C:3BC9H         LINE#         1287
  C:3BD0H         LINE#         1288
  C:3BD5H         LINE#         1289
  C:3BD5H         LINE#         1290
  C:3BD7H         LINE#         1291
  C:3BD7H         LINE#         1292
  C:3BE1H         LINE#         1293
  C:3BE8H         LINE#         1294
  C:3BEBH         LINE#         1295
  C:3BEDH         LINE#         1296
  C:3BEDH         LINE#         1297
  C:3BF4H         LINE#         1298
  C:3BFEH         LINE#         1299
  C:3C01H         LINE#         1300
  C:3C03H         LINE#         1301
  C:3C03H         LINE#         1302
  C:3C0DH         LINE#         1303
  C:3C14H         LINE#         1304
  C:3C21H         LINE#         1305
  C:3C21H         LINE#         1306
  C:3C21H         LINE#         1307
  C:3C27H         LINE#         1308
  -------         ENDPROC       _FUN_TURN
  -------         PROC          _FUN_QC
  D:0007H         SYMBOL        par_time
  D:0064H         SYMBOL        par_speed
BL51 BANKED LINKER/LOCATER V6.22                                                      10/07/2015  12:30:44  PAGE 30


  -------         DO            
  D:0065H         SYMBOL        loc_sdr
  D:0066H         SYMBOL        loc_sdl
  -------         ENDDO         
  C:2CD5H         LINE#         1310
  C:2CD7H         LINE#         1312
  C:2CF4H         LINE#         1313
  C:2D13H         LINE#         1314
  C:2D19H         LINE#         1315
  C:2D1FH         LINE#         1316
  C:2D34H         LINE#         1317
  C:2D4AH         LINE#         1318
  C:2D4AH         LINE#         1319
  C:2D50H         LINE#         1320
  C:2D66H         LINE#         1321
  C:2D7BH         LINE#         1322
  C:2D7BH         LINE#         1323
  C:2D81H         LINE#         1324
  C:2D97H         LINE#         1325
  C:2DADH         LINE#         1326
  C:2DADH         LINE#         1327
  C:2DB3H         LINE#         1328
  C:2DC9H         LINE#         1329
  C:2DDFH         LINE#         1330
  C:2DDFH         LINE#         1331
  C:2DE5H         LINE#         1332
  C:2DFAH         LINE#         1333
  C:2E10H         LINE#         1334
  C:2E10H         LINE#         1335
  C:2E16H         LINE#         1336
  C:2E2CH         LINE#         1337
  C:2E41H         LINE#         1338
  C:2E41H         LINE#         1339
  C:2E48H         LINE#         1340
  C:2E4FH         LINE#         1341
  C:2E54H         LINE#         1342
  C:2E57H         LINE#         1343
  -------         ENDPROC       _FUN_QC
  -------         PROC          FUN_STOPE2PROM
  C:000EH         LINE#         1345
  C:000EH         LINE#         1346
  C:0011H         LINE#         1347
  C:0013H         LINE#         1348
  C:0015H         LINE#         1349
  C:0018H         LINE#         1350
  C:001AH         LINE#         1351
  -------         ENDPROC       FUN_STOPE2PROM
  -------         PROC          _FUN_READE2PROM
  D:0006H         SYMBOL        par_add
  -------         DO            
  D:0007H         SYMBOL        loc_dat
  -------         ENDDO         
  C:3E8FH         LINE#         1352
  C:3E8FH         LINE#         1354
  C:3E92H         LINE#         1355
  C:3E95H         LINE#         1356
  C:3E97H         LINE#         1357
BL51 BANKED LINKER/LOCATER V6.22                                                      10/07/2015  12:30:44  PAGE 31


  C:3E99H         LINE#         1358
  C:3E9CH         LINE#         1359
  C:3E9FH         LINE#         1360
  C:3EA8H         LINE#         1361
  C:3EAAH         LINE#         1362
  C:3EADH         LINE#         1363
  C:3EADH         LINE#         1364
  -------         ENDPROC       _FUN_READE2PROM
  -------         PROC          _FUN_WRITEE2PROM
  D:0006H         SYMBOL        par_add
  D:0005H         SYMBOL        par_dat
  C:3ECCH         LINE#         1365
  C:3ECCH         LINE#         1366
  C:3ECFH         LINE#         1367
  C:3ED2H         LINE#         1368
  C:3ED4H         LINE#         1369
  C:3ED6H         LINE#         1370
  C:3ED8H         LINE#         1371
  C:3EDBH         LINE#         1372
  C:3EDEH         LINE#         1373
  C:3EE7H         LINE#         1374
  -------         ENDPROC       _FUN_WRITEE2PROM
  -------         PROC          _FUN_CLEANE2PROM
  D:0006H         SYMBOL        par_add
  C:3EEAH         LINE#         1376
  C:3EEAH         LINE#         1377
  C:3EEDH         LINE#         1378
  C:3EF0H         LINE#         1379
  C:3EF2H         LINE#         1380
  C:3EF4H         LINE#         1381
  C:3EF7H         LINE#         1382
  C:3EFAH         LINE#         1383
  C:3F03H         LINE#         1384
  -------         ENDPROC       _FUN_CLEANE2PROM
  -------         PROC          FUN_CALIBRATION
  -------         DO            
  D:0060H         SYMBOL        loc_time
  -------         ENDDO         
  C:3148H         LINE#         1386
  C:3148H         LINE#         1389
  C:314DH         LINE#         1390
  C:3152H         LINE#         1391
  C:315EH         LINE#         1392
  C:3163H         LINE#         1393
  C:3168H         LINE#         1394
  C:3181H         LINE#         1395
  C:31A0H         LINE#         1396
  C:31B8H         LINE#         1397
  C:31C0H         LINE#         1398
  C:31E1H         LINE#         1399
  C:3203H         LINE#         1400
  C:3225H         LINE#         1401
  C:3247H         LINE#         1402
  C:3269H         LINE#         1403
  C:328BH         LINE#         1404
  C:32ABH         LINE#         1405
  C:32B1H         LINE#         1406
BL51 BANKED LINKER/LOCATER V6.22                                                      10/07/2015  12:30:44  PAGE 32


  -------         ENDPROC       FUN_CALIBRATION
  -------         PROC          FUN_PORT
  C:3FB4H         LINE#         1407
  C:3FB4H         LINE#         1409
  C:3FB7H         LINE#         1410
  C:3FBAH         LINE#         1411
  C:3FBDH         LINE#         1412
  C:3FC0H         LINE#         1413
  C:3FC3H         LINE#         1414
  C:3FC6H         LINE#         1415
  -------         ENDPROC       FUN_PORT
  -------         PROC          FUN_TEST
  C:368BH         LINE#         1416
  C:368BH         LINE#         1417
  C:3690H         LINE#         1418
  C:3693H         LINE#         1419
  C:3698H         LINE#         1420
  C:369BH         LINE#         1421
  C:36A0H         LINE#         1422
  C:36A3H         LINE#         1423
  C:36A8H         LINE#         1424
  C:36ABH         LINE#         1426
  C:36B1H         LINE#         1427
  C:36B6H         LINE#         1428
  C:36B9H         LINE#         1429
  C:36BEH         LINE#         1430
  C:36C1H         LINE#         1431
  C:36C6H         LINE#         1432
  C:36C9H         LINE#         1433
  C:36CEH         LINE#         1434
  C:36D1H         LINE#         1436
  C:36D6H         LINE#         1437
  C:36D9H         LINE#         1438
  C:36DEH         LINE#         1439
  C:36E1H         LINE#         1440
  C:36E6H         LINE#         1441
  C:36E9H         LINE#         1442
  C:36EEH         LINE#         1443
  C:36F1H         LINE#         1444
  C:36F6H         LINE#         1445
  C:36F9H         LINE#         1446
  C:36FEH         LINE#         1447
  C:3701H         LINE#         1448
  C:3706H         LINE#         1449
  C:3709H         LINE#         1450
  C:370EH         LINE#         1451
  C:3711H         LINE#         1452
  C:3716H         LINE#         1454
  C:371EH         LINE#         1455
  C:3724H         LINE#         1456
  C:3729H         LINE#         1457
  C:372CH         LINE#         1458
  C:3731H         LINE#         1459
  C:3734H         LINE#         1460
  C:3739H         LINE#         1461
  C:373CH         LINE#         1462
  C:3741H         LINE#         1463
BL51 BANKED LINKER/LOCATER V6.22                                                      10/07/2015  12:30:44  PAGE 33


  C:3744H         LINE#         1464
  C:374CH         LINE#         1466
  C:3753H         LINE#         1467
  C:3756H         LINE#         1468
  C:375DH         LINE#         1469
  C:3760H         LINE#         1471
  C:3767H         LINE#         1472
  C:376AH         LINE#         1473
  C:3771H         LINE#         1474
  C:3774H         LINE#         1476
  C:377BH         LINE#         1477
  C:3782H         LINE#         1478
  C:3785H         LINE#         1479
  C:378CH         LINE#         1480
  C:378FH         LINE#         1482
  C:3796H         LINE#         1483
  C:379DH         LINE#         1484
  C:37A0H         LINE#         1485
  -------         ENDPROC       FUN_TEST
  C:3D28H         SYMBOL        L?1048
  -------         PROC          L?1047
  -------         ENDPROC       L?1047
  C:3D28H         SYMBOL        L?1048
  -------         PROC          _FUN_MIN
  D:0043H         SYMBOL        par_num
  -------         DO            
  D:0044H         SYMBOL        ellipsis_15
  D:0053H         SYMBOL        loc_argp
  D:0007H         SYMBOL        loc_min
  D:0006H         SYMBOL        loc_shu
  -------         ENDDO         
  C:3D2DH         LINE#         1487
  C:3D2FH         LINE#         1489
  C:3D2FH         LINE#         1491
  C:3D38H         LINE#         1492
  C:3D4AH         LINE#         1493
  C:3D4AH         LINE#         1494
  C:3D4FH         LINE#         1495
  C:3D51H         LINE#         1496
  C:3D63H         LINE#         1497
  C:3D66H         LINE#         1499
  C:3D66H         LINE#         1500
  -------         ENDPROC       _FUN_MIN
  -------         PROC          FUN_COORDINATE
  C:0007H         LINE#         1501
  C:0007H         LINE#         1503
  -------         ENDPROC       FUN_COORDINATE
  -------         PROC          _FUN_ZDZJ
  D:0010H         SYMBOL        par_04
  D:0014H         SYMBOL        par_37
  -------         DO            
  X:0096H         SYMBOL        str_pass
  X:00BEH         SYMBOL        str_end
  X:00E6H         SYMBOL        loc_high
  X:00EEH         SYMBOL        loc_xh1
  -------         ENDDO         
  C:001EH         LINE#         1504
BL51 BANKED LINKER/LOCATER V6.22                                                      10/07/2015  12:30:44  PAGE 34


  C:0026H         LINE#         1509
  C:0035H         LINE#         1510
  C:0044H         LINE#         1511
  C:0053H         LINE#         1514
  C:0074H         LINE#         1515
  C:0095H         LINE#         1516
  C:00B6H         LINE#         1517
  C:00D6H         LINE#         1518
  C:00F6H         LINE#         1519
  C:0115H         LINE#         1520
  C:0134H         LINE#         1521
  C:014AH         LINE#         1523
  C:016BH         LINE#         1524
  C:018CH         LINE#         1525
  C:01ADH         LINE#         1526
  C:01CDH         LINE#         1527
  C:01EDH         LINE#         1528
  C:020CH         LINE#         1529
  C:022BH         LINE#         1530
  C:0241H         LINE#         1532
  C:0247H         LINE#         1533
  C:024AH         LINE#         1534
  C:024DH         LINE#         1535
  C:0250H         LINE#         1536
  C:0255H         LINE#         1537
  C:0258H         LINE#         1538
  C:025BH         LINE#         1539
  C:025EH         LINE#         1541
  C:0271H         LINE#         1542
  C:0297H         LINE#         1543
  C:02ABH         LINE#         1544
  C:02D1H         LINE#         1545
  C:02D7H         LINE#         1546
  C:02FDH         LINE#         1547
  C:0303H         LINE#         1548
  C:0329H         LINE#         1549
  C:032FH         LINE#         1550
  C:0355H         LINE#         1551
  C:035BH         LINE#         1552
  C:0381H         LINE#         1553
  C:0386H         LINE#         1554
  C:03ACH         LINE#         1555
  C:03B1H         LINE#         1556
  C:03D7H         LINE#         1557
  C:03EBH         LINE#         1559
  C:0411H         LINE#         1560
  C:0417H         LINE#         1561
  C:043DH         LINE#         1562
  C:0443H         LINE#         1563
  C:0469H         LINE#         1564
  C:046FH         LINE#         1565
  C:0495H         LINE#         1566
  C:049BH         LINE#         1567
  C:04C1H         LINE#         1568
  C:04C7H         LINE#         1569
  C:04EDH         LINE#         1570
  C:04F2H         LINE#         1571
BL51 BANKED LINKER/LOCATER V6.22                                                      10/07/2015  12:30:44  PAGE 35


  C:0518H         LINE#         1572
  C:051DH         LINE#         1573
  C:0543H         LINE#         1574
  C:0557H         LINE#         1575
  C:0560H         LINE#         1577
  C:056FH         LINE#         1578
  C:0575H         LINE#         1579
  C:0591H         LINE#         1580
  C:05ADH         LINE#         1581
  C:05B7H         LINE#         1582
  C:05C7H         LINE#         1583
  C:05D3H         LINE#         1584
  C:05DFH         LINE#         1585
  C:05E7H         LINE#         1586
  C:05F1H         LINE#         1587
  C:05F6H         LINE#         1594
  C:05F6H         LINE#         1596
  C:0659H         LINE#         1603
  C:0659H         LINE#         1604
  C:0664H         LINE#         1605
  C:0669H         LINE#         1606
  C:066EH         LINE#         1607
  C:0675H         LINE#         1608
  C:067FH         LINE#         1609
  C:0684H         LINE#         1610
  C:0684H         LINE#         1612
  C:0684H         LINE#         1613
  C:068FH         LINE#         1615
  C:0695H         LINE#         1616
  C:069BH         LINE#         1617
  C:069BH         LINE#         1618
  C:06A1H         LINE#         1619
  C:06A6H         LINE#         1620
  C:06A6H         LINE#         1622
  C:06B2H         LINE#         1623
[...]


  C:2F1BH         LINE#         1837
  C:2F22H         LINE#         1838
  C:2F29H         LINE#         1839
  C:2F2BH         LINE#         1840
  C:2F2DH         LINE#         1841
  C:2F2DH         LINE#         1842
  C:2F3DH         LINE#         1843
  C:2F3DH         LINE#         1844
  C:2F44H         LINE#         1845
  C:2F4BH         LINE#         1846
  C:2F4DH         LINE#         1847
  C:2F4FH         LINE#         1848
  C:2F4FH         LINE#         1849
  C:2F5CH         LINE#         1850
  C:2F5CH         LINE#         1851
  C:2F63H         LINE#         1852
  C:2F6AH         LINE#         1853
  C:2F6CH         LINE#         1854
  C:2F6EH         LINE#         1855
  C:2F6EH         LINE#         1856
  C:2F7BH         LINE#         1857
  C:2F7BH         LINE#         1858
  C:2F82H         LINE#         1859
  C:2F89H         LINE#         1860
  C:2F8EH         LINE#         1861
  C:2F8EH         LINE#         1862
  C:2F8EH         LINE#         1863
  C:2F8EH         LINE#         1864
  C:2F8EH         LINE#         1865
  C:2F8EH         LINE#         1866
  C:2F94H         LINE#         1867
  C:2FA6H         LINE#         1868
  C:2FA6H         LINE#         1869
  C:2FA6H         LINE#         1870
  C:2FA8H         LINE#         1871
  C:2FA8H         LINE#         1872
  C:2FAAH         LINE#         1873
  C:2FACH         LINE#         1874
  C:2FACH         LINE#         1875
  C:2FAEH         LINE#         1876
  C:2FB0H         LINE#         1877
  C:2FB0H         LINE#         1878
  C:2FB2H         LINE#         1879
  C:2FB4H         LINE#         1880
  C:2FB4H         LINE#         1881
  C:2FB6H         LINE#         1882
  C:2FB8H         LINE#         1883
  C:2FB8H         LINE#         1884
  C:2FC1H         LINE#         1885
  C:2FC5H         LINE#         1886
  C:2FCEH         LINE#         1887
  C:2FD3H         LINE#         1888
  C:2FD3H         LINE#         1889
  C:2FD3H         LINE#         1890
  C:2FD3H         LINE#         1891
  -------         ENDPROC       _FUN_ZJZT
  -------         PROC          _FUN_NAJIAN
BL51 BANKED LINKER/LOCATER V6.22                                                      10/07/2015  12:30:44  PAGE 40


  D:0018H         SYMBOL        par_now
  D:0019H         SYMBOL        par_next
  D:001AH         SYMBOL        par_high
  D:001DH         SYMBOL        par_data
  -------         DO            
  X:00FAH         SYMBOL        loc_high
  -------         ENDDO         
  C:17E1H         LINE#         1892
  C:17EBH         LINE#         1897
  C:182DH         LINE#         1899
  C:1841H         LINE#         1900
  C:1849H         LINE#         1901
  C:1868H         LINE#         1902
  C:1873H         LINE#         1903
  C:1873H         LINE#         1904
  C:1875H         LINE#         1905
  C:1890H         LINE#         1906
  C:1898H         LINE#         1907
  C:18C2H         LINE#         1908
  C:18CAH         LINE#         1909
  C:1915H         LINE#         1910
  C:1915H         LINE#         1912
  C:191CH         LINE#         1914
  C:1931H         LINE#         1916
  C:1936H         LINE#         1918
  C:195FH         LINE#         1919
  C:195FH         LINE#         1920
  C:198DH         LINE#         1921
  C:198DH         LINE#         1922
  C:198DH         LINE#         1923
  C:1990H         LINE#         1924
  C:1990H         LINE#         1925
  C:1990H         LINE#         1926
  C:1993H         LINE#         1927
  C:1993H         LINE#         1928
  C:19AFH         LINE#         1929
  C:19B2H         LINE#         1930
  C:19B2H         LINE#         1931
  C:19CEH         LINE#         1932
  C:19D1H         LINE#         1933
  C:19D1H         LINE#         1934
  C:19D1H         LINE#         1935
  C:19D4H         LINE#         1936
  C:19D4H         LINE#         1937
  C:19D4H         LINE#         1938
  C:19D7H         LINE#         1939
  C:19D7H         LINE#         1940
  C:19F3H         LINE#         1941
  C:19F6H         LINE#         1942
  C:19F6H         LINE#         1943
  C:19F6H         LINE#         1944
  C:19F6H         LINE#         1945
  C:19F6H         LINE#         1946
  C:19F6H         LINE#         1947
  C:1A1FH         LINE#         1948
  C:1A1FH         LINE#         1949
  C:1A1FH         LINE#         1950
BL51 BANKED LINKER/LOCATER V6.22                                                      10/07/2015  12:30:44  PAGE 41


  C:1A22H         LINE#         1951
  C:1A22H         LINE#         1952
  C:1A22H         LINE#         1953
  C:1A25H         LINE#         1954
  C:1A25H         LINE#         1955
  C:1A25H         LINE#         1956
  C:1A28H         LINE#         1957
  C:1A28H         LINE#         1958
  C:1A28H         LINE#         1959
  C:1A2BH         LINE#         1960
  C:1A2BH         LINE#         1961
  C:1A2BH         LINE#         1962
  C:1A2EH         LINE#         1963
  C:1A2EH         LINE#         1964
  C:1A2EH         LINE#         1965
  C:1A31H         LINE#         1966
  C:1A31H         LINE#         1967
  C:1A31H         LINE#         1968
  C:1A34H         LINE#         1969
  C:1A34H         LINE#         1970
  C:1A34H         LINE#         1971
  C:1A34H         LINE#         1972
  C:1A34H         LINE#         1973
  C:1A34H         LINE#         1974
  C:1A5DH         LINE#         1975
  C:1A5DH         LINE#         1976
  C:1A5DH         LINE#         1977
  C:1A60H         LINE#         1978
  C:1A60H         LINE#         1979
  C:1A60H         LINE#         1980
  C:1A63H         LINE#         1981
  C:1A63H         LINE#         1982
  C:1A63H         LINE#         1983
  C:1A66H         LINE#         1984
  C:1A66H         LINE#         1985
  C:1A66H         LINE#         1986
  C:1A69H         LINE#         1987
  C:1A69H         LINE#         1988
  C:1A69H         LINE#         1989
  C:1A6CH         LINE#         1990
  C:1A6CH         LINE#         1991
  C:1A6CH         LINE#         1992
  C:1A6FH         LINE#         1993
  C:1A6FH         LINE#         1994
  C:1A6FH         LINE#         1995
  C:1A72H         LINE#         1996
  C:1A72H         LINE#         1997
  C:1A72H         LINE#         1998
  C:1A72H         LINE#         1999
  C:1A72H         LINE#         2000
  C:1A72H         LINE#         2001
  C:1A9BH         LINE#         2002
  C:1A9BH         LINE#         2003
  C:1AB7H         LINE#         2004
  C:1ABAH         LINE#         2005
  C:1ABAH         LINE#         2006
  C:1ABAH         LINE#         2007
BL51 BANKED LINKER/LOCATER V6.22                                                      10/07/2015  12:30:44  PAGE 42


  C:1ABDH         LINE#         2008
  C:1ABDH         LINE#         2009
  C:1ABDH         LINE#         2010
  C:1AC0H         LINE#         2011
  C:1AC0H         LINE#         2012
  C:1AE4H         LINE#         2013
  C:1AE7H         LINE#         2014
  C:1AE7H         LINE#         2015
  C:1AE7H         LINE#         2016
  C:1AEAH         LINE#         2017
  C:1AEAH         LINE#         2018
  C:1AEAH         LINE#         2019
  C:1AEDH         LINE#         2020
  C:1AEDH         LINE#         2021
  C:1B11H         LINE#         2022
  C:1B14H         LINE#         2023
  C:1B14H         LINE#         2024
  C:1B14H         LINE#         2025
  C:1B14H         LINE#         2026
  C:1B14H         LINE#         2027
  C:1B14H         LINE#         2028
  C:1B3DH         LINE#         2029
  C:1B3DH         LINE#         2030
  C:1B61H         LINE#         2031
  C:1B64H         LINE#         2032
  C:1B64H         LINE#         2033
  C:1B64H         LINE#         2034
  C:1B67H         LINE#         2035
  C:1B67H         LINE#         2036
  C:1B67H         LINE#         2037
  C:1B6AH         LINE#         2038
  C:1B6AH         LINE#         2039
  C:1B8EH         LINE#         2040
  C:1B91H         LINE#         2041
  C:1B91H         LINE#         2042
  C:1B91H         LINE#         2043
  C:1B94H         LINE#         2044
  C:1B94H         LINE#         2045
  C:1B94H         LINE#         2046
  C:1B97H         LINE#         2047
  C:1B97H         LINE#         2048
  C:1BBBH         LINE#         2049
  C:1BBEH         LINE#         2050
  C:1BBEH         LINE#         2051
  C:1BBEH         LINE#         2052
  C:1BBEH         LINE#         2053
  C:1BBEH         LINE#         2054
  C:1BBEH         LINE#         2055
  C:1BE7H         LINE#         2056
  C:1BE7H         LINE#         2057
  C:1BE7H         LINE#         2058
  C:1BE9H         LINE#         2059
  C:1BE9H         LINE#         2060
  C:1BE9H         LINE#         2061
  C:1BECH         LINE#         2062
  C:1BECH         LINE#         2063
  C:1BECH         LINE#         2064
BL51 BANKED LINKER/LOCATER V6.22                                                      10/07/2015  12:30:44  PAGE 43


  C:1BEFH         LINE#         2065
  C:1BEFH         LINE#         2066
  C:1BEFH         LINE#         2067
  C:1BF1H         LINE#         2068
  C:1BF1H         LINE#         2069
  C:1BF1H         LINE#         2070
  C:1BF4H         LINE#         2071
  C:1BF4H         LINE#         2072
  C:1BF4H         LINE#         2073
  C:1BF7H         LINE#         2074
  C:1BF7H         LINE#         2075
  C:1BF7H         LINE#         2076
  C:1BFAH         LINE#         2077
  C:1BFAH         LINE#         2078
  C:1BFAH         LINE#         2079
  C:1BFAH         LINE#         2080
  C:1BFAH         LINE#         2081
  C:1BFAH         LINE#         2082
  C:1C23H         LINE#         2083
  C:1C23H         LINE#         2084
  C:1C3FH         LINE#         2085
  C:1C42H         LINE#         2086
  C:1C42H         LINE#         2087
  C:1C42H         LINE#         2088
  C:1C45H         LINE#         2089
  C:1C45H         LINE#         2090
  C:1C45H         LINE#         2091
  C:1C48H         LINE#         2092
  C:1C48H         LINE#         2093
  C:1C64H         LINE#         2094
  C:1C67H         LINE#         2095
  C:1C67H         LINE#         2096
  C:1C83H         LINE#         2097
  C:1C86H         LINE#         2098
  C:1C86H         LINE#         2099
  C:1C86H         LINE#         2100
  C:1C89H         LINE#         2101
  C:1C89H         LINE#         2102
  C:1C89H         LINE#         2103
  C:1C8CH         LINE#         2104
  C:1C8CH         LINE#         2105
  C:1C8CH         LINE#         2106
  C:1C8CH         LINE#         2107
  C:1C8CH         LINE#         2108
  C:1C8CH         LINE#         2109
  C:1CB2H         LINE#         2110
  C:1CB2H         LINE#         2111
  C:1CD6H         LINE#         2112
  C:1CD9H         LINE#         2113
  C:1CD9H         LINE#         2114
  C:1CF5H         LINE#         2115
  C:1CF8H         LINE#         2116
  C:1CF8H         LINE#         2117
  C:1D14H         LINE#         2118
  C:1D16H         LINE#         2119
  C:1D16H         LINE#         2120
  C:1D3AH         LINE#         2121
BL51 BANKED LINKER/LOCATER V6.22                                                      10/07/2015  12:30:44  PAGE 44


  C:1D3CH         LINE#         2122
  C:1D3CH         LINE#         2123
  C:1D73H         LINE#         2124
  C:1D75H         LINE#         2125
  C:1D75H         LINE#         2126
  C:1DA4H         LINE#         2127
  C:1DA6H         LINE#         2128
  C:1DA6H         LINE#         2129
  C:1DD9H         LINE#         2130
  C:1DD9H         LINE#         2131
  C:1DD9H         LINE#         2132
  C:1DD9H         LINE#         2133
  C:1DD9H         LINE#         2134
  C:1DD9H         LINE#         2135
  C:1DD9H         LINE#         2136
  C:1DD9H         LINE#         2137
  C:1DD9H         LINE#         2139
  C:1DE0H         LINE#         2141
  C:1DF2H         LINE#         2143
  C:1DF7H         LINE#         2147
  C:1E5FH         LINE#         2148
  C:1E8DH         LINE#         2149
  C:1E9CH         LINE#         2150
  -------         ENDPROC       _FUN_NAJIAN
  -------         PROC          FUN_ZHUAJIAN
  C:39C3H         LINE#         2152
  C:39C3H         LINE#         2153
  C:39C8H         LINE#         2154
  C:39CDH         LINE#         2155
  C:39D2H         LINE#         2156
  C:39DAH         LINE#         2157
  C:39DFH         LINE#         2159
  C:39E6H         LINE#         2160
  C:39EDH         LINE#         2161
  C:39F4H         LINE#         2162
  C:39FBH         LINE#         2163
  C:3A13H         LINE#         2164
  C:3A1FH         LINE#         2165
  C:3A26H         LINE#         2166
  C:3A2FH         LINE#         2167
  C:3A36H         LINE#         2168
  C:3A38H         LINE#         2169
  C:3A38H         LINE#         2170
  C:3A38H         LINE#         2171
  C:3A38H         LINE#         2172
  C:3A3AH         LINE#         2173
  C:3A46H         LINE#         2174
  C:3A4DH         LINE#         2175
  C:3A56H         LINE#         2176
  C:3A5DH         LINE#         2177
  C:3A64H         LINE#         2178
  C:3A6DH         LINE#         2179
  C:3A74H         LINE#         2180
  C:3A7DH         LINE#         2181
  C:3A7DH         LINE#         2182
  C:3A84H         LINE#         2183
  C:3A87H         LINE#         2184
BL51 BANKED LINKER/LOCATER V6.22                                                      10/07/2015  12:30:44  PAGE 45


  -------         ENDPROC       FUN_ZHUAJIAN
  -------         PROC          FUN_BACK
  C:3DE0H         LINE#         2186
  C:3DE0H         LINE#         2187
  C:3DE7H         LINE#         2188
  C:3DEAH         LINE#         2190
  C:3DF1H         LINE#         2191
  C:3DF8H         LINE#         2192
  C:3E01H         LINE#         2194
  C:3E08H         LINE#         2195
  -------         ENDPROC       FUN_BACK
  -------         PROC          _FUN_START
  D:0007H         SYMBOL        par_x
  D:0005H         SYMBOL        par_y
  D:0003H         SYMBOL        par_ctfx
  D:0025H         SYMBOL        par_szzt
  D:0026H         SYMBOL        par_sjwz
  D:0027H         SYMBOL        par_pywz
  D:0028H         SYMBOL        par_hzfx
  C:3C2EH         LINE#         2197
  C:3C2EH         LINE#         2198
  C:3C31H         LINE#         2199
  C:3C34H         LINE#         2200
  C:3C36H         LINE#         2201
  C:3C38H         LINE#         2202
  C:3C3BH         LINE#         2203
  C:3C3EH         LINE#         2204
  C:3C41H         LINE#         2206
  C:3C43H         LINE#         2207
  C:3C45H         LINE#         2208
  C:3C47H         LINE#         2209
  C:3C49H         LINE#         2215
  C:3C4CH         LINE#         2216
  C:3C4FH         LINE#         2217
  C:3C52H         LINE#         2219
  C:3C57H         LINE#         2220
  C:3C5AH         LINE#         2221
  C:3C5FH         LINE#         2222
  C:3C63H         LINE#         2223
  C:3C67H         LINE#         2224
  C:3C6BH         LINE#         2225
  C:3C6FH         LINE#         2227
  C:3C74H         LINE#         2228
  C:3C7AH         LINE#         2229
  C:3C81H         LINE#         2230
  C:3C88H         LINE#         2231
  C:3C8FH         LINE#         2232
  C:3C96H         LINE#         2234
  C:3C98H         LINE#         2235
  C:3C9AH         LINE#         2236
  C:3C9CH         LINE#         2241
  -------         ENDPROC       _FUN_START
  -------         PROC          FUN_STOP
  C:3D67H         LINE#         2244
  C:3D67H         LINE#         2245
  C:3D69H         LINE#         2246
  C:3D6EH         LINE#         2247
BL51 BANKED LINKER/LOCATER V6.22                                                      10/07/2015  12:30:44  PAGE 46


  C:3D74H         LINE#         2248
  C:3D7BH         LINE#         2249
  C:3D82H         LINE#         2250
  C:3D89H         LINE#         2251
  C:3D90H         LINE#         2252
  C:3DA2H         LINE#         2253
  -------         ENDPROC       FUN_STOP
  -------         ENDMOD        8023

  -------         MODULE        ?C?FPMUL
  C:1018H         PUBLIC        ?C?FPMUL
  -------         ENDMOD        ?C?FPMUL

  -------         MODULE        ?C?FCAST
  C:1128H         PUBLIC        ?C?FCASTC
  C:1123H         PUBLIC        ?C?FCASTI
  C:111EH         PUBLIC        ?C?FCASTL
  -------         ENDMOD        ?C?FCAST

  -------         MODULE        ?C?CASTF
  C:115CH         PUBLIC        ?C?CASTF
  -------         ENDMOD        ?C?CASTF

  -------         MODULE        PRINTF
  D:0022H         PUBLIC        ?_PRINTF?BYTE
  D:0022H         PUBLIC        ?_SPRINTF?BYTE
  C:2417H         PUBLIC        _PRINTF
  C:2411H         PUBLIC        _SPRINTF
  -------         ENDMOD        PRINTF

  -------         MODULE        ?C?FPROUND
  C:11DDH         PUBLIC        ?C?FPROUND
  -------         ENDMOD        ?C?FPROUND

  -------         MODULE        ?C?FPCONVERT
  C:120CH         PUBLIC        ?C?FPCONVERT
  -------         ENDMOD        ?C?FPCONVERT

  -------         MODULE        ?C?FPADD
  C:1316H         PUBLIC        ?C?FPADD
  C:1312H         PUBLIC        ?C?FPSUB
  -------         ENDMOD        ?C?FPADD

  -------         MODULE        ?C?FPDIV
  C:140AH         PUBLIC        ?C?FPDIV
  -------         ENDMOD        ?C?FPDIV

  -------         MODULE        ?C?FTNPWR
  C:14D7H         PUBLIC        ?C?FTNPWR
  -------         ENDMOD        ?C?FTNPWR

  -------         MODULE        ?C?CLDPTR
  C:1517H         PUBLIC        ?C?CLDPTR
  -------         ENDMOD        ?C?CLDPTR

  -------         MODULE        ?C?CLDOPTR
  C:1530H         PUBLIC        ?C?CLDOPTR
BL51 BANKED LINKER/LOCATER V6.22                                                      10/07/2015  12:30:44  PAGE 47


  -------         ENDMOD        ?C?CLDOPTR

  -------         MODULE        ?C?CILDOPTR
  C:155DH         PUBLIC        ?C?CILDOPTR
  -------         ENDMOD        ?C?CILDOPTR

  -------         MODULE        ?C?CSTPTR
  C:1590H         PUBLIC        ?C?CSTPTR
  -------         ENDMOD        ?C?CSTPTR

  -------         MODULE        ?C?IMUL
  C:15A2H         PUBLIC        ?C?IMUL
  -------         ENDMOD        ?C?IMUL

  -------         MODULE        ?C?UIDIV
  C:15B4H         PUBLIC        ?C?UIDIV
  -------         ENDMOD        ?C?UIDIV

  -------         MODULE        ?C?SIDIV
  C:1609H         PUBLIC        ?C?SIDIV
  -------         ENDMOD        ?C?SIDIV

  -------         MODULE        ?C?IILDX
  C:163FH         PUBLIC        ?C?IILDX
  -------         ENDMOD        ?C?IILDX

  -------         MODULE        ?C?ULDIV
  C:1691H         PUBLIC        ?C?ULDIV
  -------         ENDMOD        ?C?ULDIV

  -------         MODULE        ?C?LNEG
  C:1723H         PUBLIC        ?C?LNEG
  -------         ENDMOD        ?C?LNEG

  -------         MODULE        ?C?ULCMP
  C:1731H         PUBLIC        ?C?ULCMP
  -------         ENDMOD        ?C?ULCMP

  -------         MODULE        ?C?LSTXDATA
  C:1742H         PUBLIC        ?C?LSTXDATA
  -------         ENDMOD        ?C?LSTXDATA

  -------         MODULE        ?C?LSTKXDATA
  C:174EH         PUBLIC        ?C?LSTKXDATA
  -------         ENDMOD        ?C?LSTKXDATA

  -------         MODULE        ?C?PLDIIDATA
  C:177FH         PUBLIC        ?C?PLDIIDATA
  -------         ENDMOD        ?C?PLDIIDATA

  -------         MODULE        ?C?CCASE
  C:178FH         PUBLIC        ?C?CCASE
  -------         ENDMOD        ?C?CCASE

  -------         MODULE        PUTCHAR
  C:3E42H         PUBLIC        _PUTCHAR
  -------         ENDMOD        PUTCHAR
BL51 BANKED LINKER/LOCATER V6.22                                                      10/07/2015  12:30:44  PAGE 48



  -------         MODULE        CABS
  C:3FDBH         PUBLIC        _CABS
  -------         ENDMOD        CABS

  -------         MODULE        ?C?MEMSET
  C:17B5H         PUBLIC        ?C?MEMSET
  -------         ENDMOD        ?C?MEMSET

Program Size: data=112.1 xdata=251 code=16359
LINK/LOCATE RUN COMPLETE.  0 WARNING(S),  0 ERROR(S)
