BL51 BANKED LINKER/LOCATER V6.22                                                        09/30/2015  11:18:22  PAGE 1


BL51 BANKED LINKER/LOCATER V6.22, INVOKED BY:
D:\MYPROGRAM\KEIL\C51\BIN\BL51.EXE STARTUP.obj, perfect.obj, ..\8023.LIB TO perfect RAMSIZE (256) DISABLEWARNING (16)


MEMORY MODEL: SMALL WITH FLOATING POINT ARITHMETIC


INPUT MODULES INCLUDED:
  STARTUP.obj (?C_STARTUP)
  perfect.obj (PERFECT)
  ..\8023.LIB (8023)
  D:\MYPROGRAM\KEIL\C51\LIB\C51FPS.LIB (?C?FPMUL)
  D:\MYPROGRAM\KEIL\C51\LIB\C51FPS.LIB (?C?FCAST)
  D:\MYPROGRAM\KEIL\C51\LIB\C51FPS.LIB (?C?CASTF)
  D:\MYPROGRAM\KEIL\C51\LIB\C51FPS.LIB (PRINTF)
  D:\MYPROGRAM\KEIL\C51\LIB\C51FPS.LIB (?C?FPGETOPN)
  D:\MYPROGRAM\KEIL\C51\LIB\C51FPS.LIB (?C?FPROUND)
  D:\MYPROGRAM\KEIL\C51\LIB\C51FPS.LIB (?C?FPCONVERT)
  D:\MYPROGRAM\KEIL\C51\LIB\C51FPS.LIB (?C?FPADD)
  D:\MYPROGRAM\KEIL\C51\LIB\C51FPS.LIB (?C?FPDIV)
  D:\MYPROGRAM\KEIL\C51\LIB\C51FPS.LIB (?C?FTNPWR)
  D:\MYPROGRAM\KEIL\C51\LIB\C51S.LIB (?C_INIT)
  D:\MYPROGRAM\KEIL\C51\LIB\C51S.LIB (?C?CLDPTR)
  D:\MYPROGRAM\KEIL\C51\LIB\C51S.LIB (?C?CLDOPTR)
  D:\MYPROGRAM\KEIL\C51\LIB\C51S.LIB (?C?CILDOPTR)
  D:\MYPROGRAM\KEIL\C51\LIB\C51S.LIB (?C?CSTPTR)
  D:\MYPROGRAM\KEIL\C51\LIB\C51S.LIB (?C?IMUL)
  D:\MYPROGRAM\KEIL\C51\LIB\C51S.LIB (?C?UIDIV)
  D:\MYPROGRAM\KEIL\C51\LIB\C51S.LIB (?C?SIDIV)
  D:\MYPROGRAM\KEIL\C51\LIB\C51S.LIB (?C?IILDX)
  D:\MYPROGRAM\KEIL\C51\LIB\C51S.LIB (?C?ULDIV)
  D:\MYPROGRAM\KEIL\C51\LIB\C51S.LIB (?C?LNEG)
  D:\MYPROGRAM\KEIL\C51\LIB\C51S.LIB (?C?ULCMP)
  D:\MYPROGRAM\KEIL\C51\LIB\C51S.LIB (?C?LSTXDATA)
  D:\MYPROGRAM\KEIL\C51\LIB\C51S.LIB (?C?LSTKXDATA)
  D:\MYPROGRAM\KEIL\C51\LIB\C51S.LIB (?C?PLDIIDATA)
  D:\MYPROGRAM\KEIL\C51\LIB\C51S.LIB (?C?CCASE)
  D:\MYPROGRAM\KEIL\C51\LIB\C51S.LIB (PUTCHAR)
  D:\MYPROGRAM\KEIL\C51\LIB\C51S.LIB (CABS)
  D:\MYPROGRAM\KEIL\C51\LIB\C51S.LIB (?C?MEMSET)


LINK MAP OF MODULE:  perfect (?C_STARTUP)


            TYPE    BASE      LENGTH    RELOCATION   SEGMENT NAME
            -----------------------------------------------------

            * * * * * * *   D A T A   M E M O R Y   * * * * * * *
            REG     0000H     0008H     ABSOLUTE     "REG BANK 0"
            REG     0008H     0008H     ABSOLUTE     "REG BANK 1"
            DATA    0010H     0008H     UNIT         ?DT?_FUN_ZDZJ?8023
            DATA    0018H     0008H     UNIT         ?DT?_FUN_NAJIAN?8023
            BIT     0020H.0   0001H.1   UNIT         _BIT_GROUP_
                    0021H.1   0000H.7                *** GAP ***
            DATA    0022H     0021H     UNIT         _DATA_GROUP_
            DATA    0043H     0013H     UNIT         ?DT?_FUN_MIN?8023
            DATA    0056H     0005H     UNIT         ?DT?8023
BL51 BANKED LINKER/LOCATER V6.22                                                      09/30/2015  11:18:22  PAGE 2


            DATA    005BH     0004H     UNIT         ?DT?FUN_CALIBRATION?8023
            DATA    005FH     0002H     UNIT         ?DT?_FUN_PYHZ?8023
            DATA    0061H     0002H     UNIT         ?DT?_FUN_ZJZT?8023
            DATA    0063H     0001H     UNIT         ?DT?_FUN_SZ?8023
            DATA    0064H     0001H     UNIT         ?DT?_FUN_PY?8023
            DATA    0065H     0001H     UNIT         ?DT?_FUN_SJ?8023
            DATA    0066H     0001H     UNIT         ?DT?_FUN_HZ?8023
            IDATA   0067H     0001H     UNIT         ?STACK

            * * * * * * *  X D A T A   M E M O R Y  * * * * * * *
            XDATA   0000H     0096H     UNIT         ?XD?8023
            XDATA   0096H     0059H     UNIT         ?XD?_FUN_ZDZJ?8023
            XDATA   00EFH     0001H     UNIT         ?XD?_FUN_NAJIAN?8023

            * * * * * * *   C O D E   M E M O R Y   * * * * * * *
            CODE    0000H     0003H     ABSOLUTE     
            CODE    0003H     0003H     ABSOLUTE     
            CODE    0006H     0001H     UNIT         ?PR?INT0INTERRUPT?PERFECT
            CODE    0007H     0001H     UNIT         ?PR?FUN_COORDINATE?8023
                    0008H     0003H                  *** GAP ***
            CODE    000BH     0003H     ABSOLUTE     
            CODE    000EH     000DH     UNIT         ?PR?FUN_STOPE2PROM?8023
            CODE    001BH     0003H     ABSOLUTE     
            CODE    001EH     0FFAH     UNIT         ?PR?_FUN_ZDZJ?8023
            CODE    1018H     07C9H     UNIT         ?C?LIB_CODE
            CODE    17E1H     06C6H     UNIT         ?PR?_FUN_NAJIAN?8023
            CODE    1EA7H     050EH     UNIT         ?PR?FUN_TIMERMOVE?8023
            CODE    23B5H     046FH     UNIT         ?PR?PRINTF?PRINTF
            CODE    2824H     023DH     UNIT         ?PR?_FUN_PYHZ?8023
            CODE    2A61H     01FDH     UNIT         ?PR?_FUN_MOTORS?8023
            CODE    2C5EH     0189H     UNIT         ?PR?_FUN_QC?8023
            CODE    2DE7H     0176H     UNIT         ?PR?_FUN_ZJZT?8023
            CODE    2F5DH     0174H     UNIT         ?PR?_FUN_FOLLINE?8023
            CODE    30D1H     016AH     UNIT         ?PR?FUN_CALIBRATION?8023
            CODE    323BH     0158H     UNIT         ?PR?_FUN_HZ?8023
            CODE    3393H     0146H     UNIT         ?PR?_FUN_SJ?8023
            CODE    34D9H     011CH     UNIT         ?PR?FUN_TEST?8023
            CODE    35F5H     0115H     UNIT         ?PR?_FUN_PY?8023
            CODE    370AH     0107H     UNIT         ?PR?_FUN_MOTORSRL?8023
            CODE    3811H     0101H     UNIT         ?PR?MAIN?PERFECT
            CODE    3912H     00CBH     UNIT         ?PR?FUN_ZHUAJIAN?8023
            CODE    39DDH     009DH     UNIT         ?PR?FUN_JTJP?8023
            CODE    3A7AH     008CH     UNIT         ?C_C51STARTUP
            CODE    3B06H     0077H     UNIT         ?PR?_FUN_TURN?8023
            CODE    3B7DH     0071H     UNIT         ?PR?_FUN_START?8023
            CODE    3BEEH     0068H     UNIT         ?PR?_FUN_DELAY?8023
            CODE    3C56H     0060H     UNIT         ?PR?_FUN_MIN?8023
            CODE    3CB6H     003DH     UNIT         ?PR?FUN_STOP?8023
            CODE    3CF3H     003CH     UNIT         ?PR?_FUN_SZ?8023
            CODE    3D2FH     0031H     UNIT         ?PR?FUN_BACK?8023
            CODE    3D60H     0031H     UNIT         ?C_INITSEG
            CODE    3D91H     0027H     UNIT         ?PR?PUTCHAR?PUTCHAR
            CODE    3DB8H     0026H     UNIT         ?PR?FUN_TIMER0?8023
            CODE    3DDEH     001FH     UNIT         ?PR?_FUN_READE2PROM?8023
            CODE    3DFDH     001EH     UNIT         ?PR?_FUN_WRITEE2PROM?8023
            CODE    3E1BH     001CH     UNIT         ?PR?_FUN_CLEANE2PROM?8023
            CODE    3E37H     001BH     UNIT         ?PR?TIMER0INTERRUPT?PERFECT
BL51 BANKED LINKER/LOCATER V6.22                                                      09/30/2015  11:18:22  PAGE 3


            CODE    3E52H     001BH     UNIT         ?PR?TIMER1INTERRUPT?PERFECT
            CODE    3E6DH     001AH     UNIT         ?PR?_FUN_PWMR?8023
            CODE    3E87H     001AH     UNIT         ?PR?_FUN_PWML?8023
            CODE    3EA1H     0018H     UNIT         ?PR?FUN_WAIT?8023
            CODE    3EB9H     0016H     UNIT         ?PR?FUN_TIMER0INIT?8023
            CODE    3ECFH     0016H     UNIT         ?PR?FUN_TIMER1INIT?8023
            CODE    3EE5H     0013H     UNIT         ?PR?FUN_PORT?8023
            CODE    3EF8H     000BH     UNIT         ?PR?FUN_PWMINIT?8023
            CODE    3F03H     0009H     UNIT         ?CO?8023
            CODE    3F0CH     0008H     UNIT         ?PR?_CABS?CABS
            CODE    3F14H     0007H     UNIT         ?PR?FUN_TIMER1?8023



OVERLAY MAP OF MODULE:   perfect (?C_STARTUP)


SEGMENT                                BIT_GROUP          DATA_GROUP 
  +--> CALLED SEGMENT               START    LENGTH     START    LENGTH
-----------------------------------------------------------------------
?C_C51STARTUP                       -----    -----      -----    -----
  +--> ?PR?MAIN?PERFECT
  +--> ?C_INITSEG

?PR?MAIN?PERFECT                    -----    -----      -----    -----
  +--> ?PR?_FUN_START?8023
  +--> ?PR?_FUN_FOLLINE?8023
  +--> ?PR?_FUN_TURN?8023
  +--> ?PR?_FUN_DELAY?8023
  +--> ?PR?FUN_STOP?8023

?PR?_FUN_START?8023                 -----    -----      0022H    0007H
  +--> ?PR?FUN_PWMINIT?8023
  +--> ?PR?FUN_TIMER0INIT?8023
  +--> ?PR?FUN_TIMER1INIT?8023
  +--> ?PR?_FUN_MOTORS?8023
  +--> ?PR?FUN_WAIT?8023

?PR?_FUN_MOTORS?8023                -----    -----      002AH    0001H
  +--> ?PR?_CABS?CABS
  +--> ?PR?_FUN_PWML?8023
  +--> ?PR?_FUN_PWMR?8023

?PR?FUN_WAIT?8023                   -----    -----      -----    -----
  +--> ?PR?_FUN_DELAY?8023

?PR?_FUN_DELAY?8023                 -----    -----      002AH    0003H

?PR?_FUN_FOLLINE?8023               -----    -----      0022H    0005H
  +--> ?PR?_FUN_MOTORS?8023
  +--> ?PR?_FUN_DELAY?8023
  +--> ?PR?_FUN_QC?8023

?PR?_FUN_QC?8023                    -----    -----      0027H    0003H
  +--> ?PR?_FUN_MOTORS?8023
  +--> ?PR?_FUN_DELAY?8023

BL51 BANKED LINKER/LOCATER V6.22                                                      09/30/2015  11:18:22  PAGE 4


?PR?_FUN_TURN?8023                  -----    -----      0022H    0001H
  +--> ?PR?_FUN_MOTORS?8023
  +--> ?PR?_FUN_DELAY?8023

?PR?FUN_STOP?8023                   -----    -----      -----    -----
  +--> ?PR?_FUN_MOTORS?8023
  +--> ?CO?8023
  +--> ?PR?PRINTF?PRINTF

?PR?PRINTF?PRINTF                   0020H.0  0001H.1    0022H    001CH
  +--> ?PR?PUTCHAR?PUTCHAR

*** NEW ROOT ***************************************************

?PR?TIMER0INTERRUPT?PERFECT         -----    -----      -----    -----
  +--> ?PR?FUN_TIMER0?8023

?PR?FUN_TIMER0?8023                 -----    -----      -----    -----
  +--> ?PR?FUN_TIMERMOVE?8023

?PR?FUN_TIMERMOVE?8023              -----    -----      003EH    0004H
  +--> ?PR?_FUN_MOTORSRL?8023

?PR?_FUN_MOTORSRL?8023              -----    -----      0042H    0001H
  +--> ?PR?_CABS?CABS
  +--> ?PR?_FUN_PWML?8023
  +--> ?PR?_FUN_PWMR?8023

*** NEW ROOT ***************************************************

?PR?TIMER1INTERRUPT?PERFECT         -----    -----      -----    -----
  +--> ?PR?FUN_TIMER1?8023



SYMBOL TABLE OF MODULE:  perfect (?C_STARTUP)

  VALUE           TYPE          NAME
  ----------------------------------

  -------         MODULE        ?C_STARTUP
  C:3A7AH         SEGMENT       ?C_C51STARTUP
  I:0067H         SEGMENT       ?STACK
  C:0000H         PUBLIC        ?C_STARTUP
  D:00E0H         SYMBOL        ACC
  D:00F0H         SYMBOL        B
  D:0083H         SYMBOL        DPH
  D:0082H         SYMBOL        DPL
  N:0000H         SYMBOL        IBPSTACK
  N:0100H         SYMBOL        IBPSTACKTOP
  N:0080H         SYMBOL        IDATALEN
  C:3A7DH         SYMBOL        IDATALOOP
  N:0000H         SYMBOL        PBPSTACK
  N:0100H         SYMBOL        PBPSTACKTOP
  N:0000H         SYMBOL        PDATALEN
  N:0000H         SYMBOL        PDATASTART
  N:0000H         SYMBOL        PPAGE
BL51 BANKED LINKER/LOCATER V6.22                                                      09/30/2015  11:18:22  PAGE 5


  N:0000H         SYMBOL        PPAGEENABLE
  D:00A0H         SYMBOL        PPAGE_SFR
  D:0081H         SYMBOL        SP
  C:3A7AH         SYMBOL        STARTUP1
  N:0000H         SYMBOL        XBPSTACK
  N:0000H         SYMBOL        XBPSTACKTOP
  N:0000H         SYMBOL        XDATALEN
  N:0000H         SYMBOL        XDATASTART
  C:0000H         LINE#         126
  C:3A7AH         LINE#         133
  C:3A7CH         LINE#         134
  C:3A7DH         LINE#         135
  C:3A7EH         LINE#         136
  C:3A80H         LINE#         185
  C:3A83H         LINE#         196
  -------         ENDMOD        ?C_STARTUP

  -------         MODULE        PERFECT
  C:0000H         SYMBOL        _ICE_DUMMY_
  D:0080H         PUBLIC        P0
  D:0090H         PUBLIC        P1
  D:00A0H         PUBLIC        P2
  D:00B0H         PUBLIC        P3
  D:00C0H         PUBLIC        P4
  D:00C8H         PUBLIC        P5
  C:3E37H         PUBLIC        Timer0Interrupt
  C:3E52H         PUBLIC        Timer1Interrupt
  D:00A8H         PUBLIC        IE
  D:00B8H         PUBLIC        IP
  D:00D8H         PUBLIC        CCON
  C:3811H         PUBLIC        main
  C:0006H         PUBLIC        Int0Interrupt
  D:0098H         PUBLIC        SCON
  D:0088H         PUBLIC        TCON
  D:00D0H         PUBLIC        PSW
  -------         PROC          MAIN
  C:3811H         LINE#         3
  C:3811H         LINE#         4
  C:3825H         LINE#         18
  C:382CH         LINE#         19
  C:3833H         LINE#         20
  C:383AH         LINE#         21
  C:3841H         LINE#         22
  C:3848H         LINE#         23
  C:3851H         LINE#         25
  C:3858H         LINE#         26
  C:385FH         LINE#         27
  C:3866H         LINE#         28
  C:386DH         LINE#         29
  C:3874H         LINE#         30
  C:387DH         LINE#         32
  C:3884H         LINE#         33
  C:388BH         LINE#         34
  C:3892H         LINE#         35
  C:3899H         LINE#         36
  C:38A0H         LINE#         37
  C:38A7H         LINE#         38
BL51 BANKED LINKER/LOCATER V6.22                                                      09/30/2015  11:18:22  PAGE 6


  C:38B0H         LINE#         40
  C:38B7H         LINE#         41
  C:38BEH         LINE#         42
  C:38C5H         LINE#         43
  C:38CCH         LINE#         44
  C:38D3H         LINE#         45
  C:38DCH         LINE#         47
  C:38E3H         LINE#         48
  C:38ECH         LINE#         50
  C:38F3H         LINE#         51
  C:38FAH         LINE#         52
  C:3901H         LINE#         53
  C:3908H         LINE#         54
  C:390FH         LINE#         313
  -------         ENDPROC       MAIN
  -------         PROC          INT0INTERRUPT
  C:0006H         LINE#         315
  C:0006H         LINE#         317
  -------         ENDPROC       INT0INTERRUPT
  -------         PROC          TIMER0INTERRUPT
  C:3E37H         LINE#         318
  C:3E44H         LINE#         319
  C:3E47H         LINE#         320
  -------         ENDPROC       TIMER0INTERRUPT
  -------         PROC          TIMER1INTERRUPT
  C:3E52H         LINE#         321
  C:3E5FH         LINE#         322
  C:3E62H         LINE#         323
  -------         ENDPROC       TIMER1INTERRUPT
  -------         ENDMOD        PERFECT

  -------         MODULE        8023
  C:0000H         SYMBOL        _ICE_DUMMY_
  D:0092H         PUBLIC        P1M0
  D:0093H         PUBLIC        P0M1
  C:2DECH         PUBLIC        _fun_zjzt
  C:2C5EH         PUBLIC        _fun_qc
  C:3DB8H         PUBLIC        fun_timer0
  D:0096H         PUBLIC        P2M0
  D:0091H         PUBLIC        P1M1
  D:0080H         PUBLIC        P0
  C:3F14H         PUBLIC        fun_timer1
  D:0095H         PUBLIC        P2M1
  D:0090H         PUBLIC        P1
  D:00A0H         PUBLIC        P2
  X:0000H         PUBLIC        str_tfl
  B:0090H.2       PUBLIC        out_pwmr
  D:00B0H         PUBLIC        P3
  D:00C0H         PUBLIC        P4
  D:00C8H         PUBLIC        P5
  B:00A8H.7       PUBLIC        EA
  C:3393H         PUBLIC        _fun_sj
  C:1EA7H         PUBLIC        fun_timermove
  C:3912H         PUBLIC        fun_zhuajian
  C:3E1BH         PUBLIC        _fun_cleane2prom
  B:00B0H.6       PUBLIC        in_hpy
  D:00F9H         PUBLIC        CH
BL51 BANKED LINKER/LOCATER V6.22                                                      09/30/2015  11:18:22  PAGE 7


  C:323BH         PUBLIC        _fun_hz
  D:00A8H         PUBLIC        IE
  D:00E9H         PUBLIC        CL
  D:00C5H         PUBLIC        IAP_CMD
  X:004CH         PUBLIC        str_now
  D:00FAH         PUBLIC        CCAP0H
  D:00FBH         PUBLIC        CCAP1H
  B:00B0H.5       PUBLIC        in_qpy
  C:35F5H         PUBLIC        _fun_py
  D:00EAH         PUBLIC        CCAP0L
  B:00D8H.6       PUBLIC        CR
  D:00EBH         PUBLIC        CCAP1L
  D:00DAH         PUBLIC        CCAPM0
  D:00DBH         PUBLIC        CCAPM1
  C:2F5DH         PUBLIC        _fun_folline
  C:3CF3H         PUBLIC        _fun_sz
  D:00B8H         PUBLIC        IP
  B:00A0H.5       PUBLIC        in_hz
  D:0097H         PUBLIC        CLK_DIV
  C:17E1H         PUBLIC        _fun_najian
  D:00C3H         PUBLIC        IAP_ADDRH
  B:00B0H.4       PUBLIC        in_j
  C:3DDEH         PUBLIC        _fun_reade2prom
  D:00C4H         PUBLIC        IAP_ADDRL
  D:00D9H         PUBLIC        CMOD
  D:00D8H         PUBLIC        CCON
  B:00B0H.3       PUBLIC        in_s
  B:00A0H.0       PUBLIC        out_dir1
  B:00A0H.2       PUBLIC        out_dir2
  D:0087H         PUBLIC        PCON
  C:3DFDH         PUBLIC        _fun_writee2prom
  C:3713H         PUBLIC        _fun_motorsrl
  D:0098H         PUBLIC        SCON
  D:0089H         PUBLIC        TMOD
  D:0088H         PUBLIC        TCON
  C:3EB9H         PUBLIC        fun_timer0init
  C:3EF8H         PUBLIC        fun_pwminit
  C:3ECFH         PUBLIC        fun_timer1init
  C:30D1H         PUBLIC        fun_calibration
  C:3BF4H         PUBLIC        _fun_delay
  C:3D2FH         PUBLIC        fun_back
  B:00A0H.1       PUBLIC        out_en1
  B:00A0H.3       PUBLIC        out_en2
  D:008EH         PUBLIC        AUXR
  X:0059H         PUBLIC        str_begin
  D:00C7H         PUBLIC        IAP_CONTR
  B:0080H.7       PUBLIC        in_ls1
  B:00A8H.1       PUBLIC        ET0
  B:0080H.6       PUBLIC        in_ls2
  B:0088H.5       PUBLIC        TF0
  B:00A8H.3       PUBLIC        ET1
  B:0080H.5       PUBLIC        in_ls3
  B:0088H.7       PUBLIC        TF1
  B:0080H.4       PUBLIC        in_ls4
  D:008CH         PUBLIC        TH0
  C:000EH         PUBLIC        fun_stope2prom
  B:0080H.3       PUBLIC        in_ls5
BL51 BANKED LINKER/LOCATER V6.22                                                      09/30/2015  11:18:22  PAGE 8


  D:008DH         PUBLIC        TH1
  B:0080H.2       PUBLIC        in_ls6
  D:0057H         PUBLIC        var_timer
  B:0080H.1       PUBLIC        in_ls7
  B:0080H.0       PUBLIC        in_ls8
  D:008AH         PUBLIC        TL0
  D:008BH         PUBLIC        TL1
  C:2A65H         PUBLIC        _fun_motors
  B:0090H.6       PUBLIC        out_switchselect
  D:00C2H         PUBLIC        IAP_DATA
  B:0088H.4       PUBLIC        TR0
  B:0088H.6       PUBLIC        TR1
  C:0007H         PUBLIC        fun_coordinate
  D:00F2H         PUBLIC        PCA_PWM0
  B:00A0H.4       PUBLIC        in_wz1
  D:00F3H         PUBLIC        PCA_PWM1
  C:3B7DH         PUBLIC        _fun_start
  B:00A0H.5       PUBLIC        in_wz2
  B:00A0H.6       PUBLIC        in_wz3
  B:00A0H.7       PUBLIC        in_wz4
  B:00A0H.4       PUBLIC        in_wz5
  C:3EA1H         PUBLIC        fun_wait
  C:39DDH         PUBLIC        fun_jtjp
  D:009CH         PUBLIC        BRT
  B:00B0H.2       PUBLIC        in_start
  C:34D9H         PUBLIC        fun_test
  C:3E87H         PUBLIC        _fun_pwml
  C:001EH         PUBLIC        _fun_zdzj
  C:3C7CH         PUBLIC        _fun_min
  C:3EE5H         PUBLIC        fun_port
  X:0066H         PUBLIC        str_cod
  D:00C6H         PUBLIC        IAP_TRIG
  C:3CB6H         PUBLIC        fun_stop
  C:3E6DH         PUBLIC        _fun_pwmr
  B:0090H.7       PUBLIC        out_motorselect
  C:3B06H         PUBLIC        _fun_turn
  C:2828H         PUBLIC        _fun_pyhz
  D:00D0H         PUBLIC        PSW
  X:0089H         PUBLIC        str_next
  B:0090H.5       PUBLIC        out_pwml
  D:0094H         PUBLIC        P0M0
  C:3BEEH         SYMBOL        L?0995
  C:3BF0H         SYMBOL        L?0996
  -------         PROC          L?0994
  -------         ENDPROC       L?0994
  C:3BEEH         SYMBOL        L?0995
  C:3BF0H         SYMBOL        L?0996
  -------         PROC          _FUN_DELAY
  D:0006H         SYMBOL        par_value
  D:0005H         SYMBOL        par_model
  -------         DO            
  D:0006H         SYMBOL        loc_con
  -------         DO            
  D:002AH         SYMBOL        loc_i
  D:002BH         SYMBOL        loc_j
  D:002AH         SYMBOL        loc_i
  D:002BH         SYMBOL        loc_j
BL51 BANKED LINKER/LOCATER V6.22                                                      09/30/2015  11:18:22  PAGE 9


  D:002CH         SYMBOL        loc_k
  -------         ENDDO         
  -------         DO            
  D:002AH         SYMBOL        loc_i
  D:002BH         SYMBOL        loc_j
  D:002CH         SYMBOL        loc_k
  -------         ENDDO         
  -------         ENDDO         
  C:3BF4H         LINE#         29
  C:3BF4H         LINE#         30
  C:3BF4H         LINE#         31
  C:3C00H         LINE#         32
  C:3C00H         LINE#         36
  C:3C0FH         LINE#         37
  C:3C10H         LINE#         38
  C:3C11H         LINE#         39
  C:3C13H         LINE#         42
  C:3C13H         LINE#         46
  C:3C22H         LINE#         48
  C:3C23H         LINE#         49
  C:3C24H         LINE#         50
  C:3C27H         LINE#         51
  C:3C2AH         LINE#         52
  C:3C2AH         LINE#         53
  C:3C2DH         LINE#         54
  C:3C30H         LINE#         55
  C:3C32H         LINE#         58
  C:3C32H         LINE#         62
  C:3C41H         LINE#         64
  C:3C44H         LINE#         65
  C:3C47H         LINE#         66
  C:3C4AH         LINE#         67
  C:3C4AH         LINE#         68
  C:3C4AH         LINE#         69
  C:3C4DH         LINE#         70
  C:3C50H         LINE#         71
  C:3C53H         LINE#         72
  C:3C55H         LINE#         75
  C:3C55H         LINE#         76
  C:3C55H         LINE#         77
  -------         ENDPROC       _FUN_DELAY
  -------         PROC          FUN_TIMER0INIT
  C:3EB9H         LINE#         78
  C:3EB9H         LINE#         82
  C:3EBCH         LINE#         83
  C:3EBFH         LINE#         84
  C:3EC2H         LINE#         85
  C:3EC5H         LINE#         86
  C:3EC8H         LINE#         87
  C:3ECAH         LINE#         88
  C:3ECCH         LINE#         89
  C:3ECEH         LINE#         90
  -------         ENDPROC       FUN_TIMER0INIT
  -------         PROC          FUN_TIMER1INIT
  C:3ECFH         LINE#         91
  C:3ECFH         LINE#         95
  C:3ED2H         LINE#         96
BL51 BANKED LINKER/LOCATER V6.22                                                      09/30/2015  11:18:22  PAGE 10


  C:3ED5H         LINE#         97
  C:3ED8H         LINE#         98
  C:3EDBH         LINE#         99
  C:3EDEH         LINE#         100
  C:3EE0H         LINE#         101
  C:3EE2H         LINE#         102
  C:3EE4H         LINE#         103
  -------         ENDPROC       FUN_TIMER1INIT
  -------         PROC          FUN_TIMER0
  C:3DB8H         LINE#         104
  C:3DB8H         LINE#         105
  C:3DBBH         LINE#         106
  C:3DBEH         LINE#         107
  C:3DD3H         LINE#         108
  C:3DDAH         LINE#         109
  C:3DDDH         LINE#         110
  -------         ENDPROC       FUN_TIMER0
  -------         PROC          FUN_TIMER1
  C:3F14H         LINE#         111
  C:3F14H         LINE#         112
  C:3F17H         LINE#         113
  C:3F1AH         LINE#         114
  -------         ENDPROC       FUN_TIMER1
  -------         PROC          FUN_WAIT
  C:3EA1H         LINE#         115
  C:3EA1H         LINE#         119
  C:3EA4H         LINE#         120
  C:3EADH         LINE#         121
  C:3EB0H         LINE#         122
  -------         ENDPROC       FUN_WAIT
  -------         PROC          FUN_PWMINIT
  C:3EF8H         LINE#         125
  C:3EF8H         LINE#         129
  C:3EFBH         LINE#         130
  C:3EFDH         LINE#         131
  C:3EFFH         LINE#         132
  C:3F02H         LINE#         133
  -------         ENDPROC       FUN_PWMINIT
  -------         PROC          _FUN_PWMR
  D:0007H         SYMBOL        par_value
  C:3E6DH         LINE#         134
  C:3E6DH         LINE#         135
  C:3E80H         LINE#         136
  C:3E83H         LINE#         137
  C:3E86H         LINE#         138
  -------         ENDPROC       _FUN_PWMR
  -------         PROC          _FUN_PWML
  D:0007H         SYMBOL        par_value
  C:3E87H         LINE#         139
  C:3E87H         LINE#         140
  C:3E9AH         LINE#         141
  C:3E9DH         LINE#         142
  C:3EA0H         LINE#         143
  -------         ENDPROC       _FUN_PWML
  C:2A61H         SYMBOL        L?0998
  -------         PROC          L?0997
  -------         ENDPROC       L?0997
BL51 BANKED LINKER/LOCATER V6.22                                                      09/30/2015  11:18:22  PAGE 11


  C:2A61H         SYMBOL        L?0998
  -------         PROC          _FUN_MOTORS
  D:0007H         SYMBOL        par_model
  D:002AH         SYMBOL        par_speed
  C:2A65H         LINE#         144
  C:2A67H         LINE#         145
  C:2A70H         LINE#         146
  C:2A75H         LINE#         147
  C:2A7EH         LINE#         148
  C:2A81H         LINE#         149
  C:2AAFH         LINE#         150
  C:2AAFH         LINE#         151
  C:2AB7H         LINE#         154
  C:2ABDH         LINE#         155
  C:2AC1H         LINE#         156
  C:2AC1H         LINE#         157
  C:2AC4H         LINE#         158
  C:2ACDH         LINE#         159
  C:2AD1H         LINE#         160
  C:2AD3H         LINE#         161
  C:2ADFH         LINE#         162
  C:2AEBH         LINE#         163
  C:2AEBH         LINE#         164
  C:2AECH         LINE#         165
  C:2AECH         LINE#         166
  C:2AF4H         LINE#         169
  C:2AFAH         LINE#         170
  C:2AFEH         LINE#         171
  C:2AFFH         LINE#         172
  C:2B01H         LINE#         173
  C:2B0AH         LINE#         174
  C:2B0EH         LINE#         175
  C:2B10H         LINE#         176
  C:2B1CH         LINE#         177
  C:2B1EH         LINE#         178
  C:2B1EH         LINE#         179
  C:2B20H         LINE#         180
  C:2B20H         LINE#         181
  C:2B2DH         LINE#         184
  C:2B38H         LINE#         185
  C:2B3CH         LINE#         186
  C:2B3EH         LINE#         187
  C:2B44H         LINE#         188
  C:2B4BH         LINE#         189
  C:2B4CH         LINE#         190
  C:2B55H         LINE#         191
  C:2B57H         LINE#         192
  C:2B5EH         LINE#         193
  C:2B65H         LINE#         194
  C:2B66H         LINE#         195
  C:2B72H         LINE#         196
  C:2B74H         LINE#         197
  C:2B7EH         LINE#         198
  C:2B88H         LINE#         199
  C:2B88H         LINE#         200
  C:2B89H         LINE#         201
  C:2B89H         LINE#         202
BL51 BANKED LINKER/LOCATER V6.22                                                      09/30/2015  11:18:22  PAGE 12


  C:2B91H         LINE#         205
  C:2B97H         LINE#         206
  C:2B9BH         LINE#         207
  C:2B9DH         LINE#         208
  C:2B9FH         LINE#         209
  C:2BA8H         LINE#         210
  C:2BAAH         LINE#         211
  C:2BACH         LINE#         212
  C:2BB8H         LINE#         213
  C:2BBAH         LINE#         214
  C:2BBAH         LINE#         215
  C:2BBCH         LINE#         216
  C:2BBCH         LINE#         217
  C:2BC4H         LINE#         220
  C:2BCAH         LINE#         221
  C:2BCEH         LINE#         222
  C:2BD0H         LINE#         223
  C:2BD2H         LINE#         224
  C:2BDBH         LINE#         225
  C:2BDDH         LINE#         226
  C:2BDFH         LINE#         227
  C:2BE8H         LINE#         228
  C:2BEAH         LINE#         229
  C:2BEAH         LINE#         230
  C:2BECH         LINE#         231
  C:2BECH         LINE#         232
  C:2BF4H         LINE#         235
  C:2BFAH         LINE#         236
  C:2BFEH         LINE#         237
  C:2C04H         LINE#         238
  C:2C05H         LINE#         239
  C:2C0EH         LINE#         240
  C:2C14H         LINE#         241
  C:2C15H         LINE#         242
  C:2C1EH         LINE#         243
  C:2C24H         LINE#         244
  C:2C24H         LINE#         245
  C:2C25H         LINE#         246
  C:2C25H         LINE#         247
  C:2C2DH         LINE#         250
  C:2C33H         LINE#         251
  C:2C37H         LINE#         252
  C:2C3DH         LINE#         253
  C:2C3EH         LINE#         254
  C:2C47H         LINE#         255
  C:2C4DH         LINE#         256
  C:2C4EH         LINE#         257
  C:2C57H         LINE#         258
  C:2C5DH         LINE#         259
  C:2C5DH         LINE#         260
  C:2C5DH         LINE#         261
  C:2C5DH         LINE#         262
  C:2C5DH         LINE#         263
  C:2C5DH         LINE#         264
  -------         ENDPROC       _FUN_MOTORS
  -------         PROC          L?1004
  -------         ENDPROC       L?1004
BL51 BANKED LINKER/LOCATER V6.22                                                      09/30/2015  11:18:22  PAGE 13


  -------         PROC          _FUN_MOTORSRL
  D:0007H         SYMBOL        par_model
  D:0042H         SYMBOL        par_speed
  C:3713H         LINE#         265
  C:3715H         LINE#         266
  C:371EH         LINE#         267
  C:3723H         LINE#         268
  C:372CH         LINE#         269
  C:372FH         LINE#         270
  C:373EH         LINE#         271
  C:373EH         LINE#         272
  C:3746H         LINE#         275
  C:374CH         LINE#         276
  C:3750H         LINE#         277
  C:3750H         LINE#         278
  C:3752H         LINE#         279
  C:375BH         LINE#         280
  C:375FH         LINE#         281
  C:3761H         LINE#         282
  C:376DH         LINE#         283
  C:3779H         LINE#         284
  C:3779H         LINE#         285
  C:377AH         LINE#         286
  C:377AH         LINE#         287
  C:3782H         LINE#         290
  C:3788H         LINE#         291
  C:378CH         LINE#         292
  C:378DH         LINE#         293
  C:378FH         LINE#         294
  C:3798H         LINE#         295
  C:379CH         LINE#         296
  C:379EH         LINE#         297
  C:37A7H         LINE#         298
  C:37A9H         LINE#         299
  C:37A9H         LINE#         300
  C:37ABH         LINE#         301
  C:37ABH         LINE#         302
  C:37B8H         LINE#         305
  C:37C3H         LINE#         306
  C:37C7H         LINE#         307
  C:37C9H         LINE#         308
  C:37CFH         LINE#         309
  C:37D6H         LINE#         310
  C:37D7H         LINE#         311
  C:37E0H         LINE#         312
  C:37E2H         LINE#         313
  C:37E9H         LINE#         314
  C:37F0H         LINE#         315
  C:37F1H         LINE#         316
  C:37FAH         LINE#         317
  C:37FCH         LINE#         318
  C:3806H         LINE#         319
  C:3810H         LINE#         320
  C:3810H         LINE#         321
  C:3810H         LINE#         322
  C:3810H         LINE#         323
  C:3810H         LINE#         324
BL51 BANKED LINKER/LOCATER V6.22                                                      09/30/2015  11:18:22  PAGE 14


  C:3810H         LINE#         325
  -------         ENDPROC       _FUN_MOTORSRL
  -------         PROC          _FUN_SZ
  D:0063H         SYMBOL        par_model
  C:3CF3H         LINE#         326
  C:3CF5H         LINE#         327
  C:3CFDH         LINE#         329
  C:3D02H         LINE#         333
  C:3D09H         LINE#         334
  C:3D0EH         LINE#         337
  C:3D0EH         LINE#         341
  C:3D15H         LINE#         342
  C:3D18H         LINE#         344
  C:3D18H         LINE#         345
  C:3D21H         LINE#         346
  C:3D28H         LINE#         347
  C:3D2EH         LINE#         348
  -------         ENDPROC       _FUN_SZ
  -------         PROC          _FUN_PY
  D:0064H         SYMBOL        par_model
  C:35F5H         LINE#         349
  C:35F7H         LINE#         350
  C:3602H         LINE#         352
  C:361EH         LINE#         353
  C:361EH         LINE#         357
  C:3621H         LINE#         358
  C:3624H         LINE#         359
  C:3624H         LINE#         361
  C:3627H         LINE#         362
  C:3627H         LINE#         366
  C:363CH         LINE#         367
  C:363CH         LINE#         368
  C:3643H         LINE#         369
  C:3646H         LINE#         370
  C:3649H         LINE#         371
  C:3649H         LINE#         372
  C:364CH         LINE#         373
  C:364FH         LINE#         374
  C:3652H         LINE#         375
  C:3652H         LINE#         376
  C:3655H         LINE#         377
  C:3658H         LINE#         378
  C:365BH         LINE#         379
  C:365BH         LINE#         380
  C:365EH         LINE#         381
  C:3661H         LINE#         382
  C:3664H         LINE#         383
  C:3664H         LINE#         385
  C:3664H         LINE#         386
  C:3664H         LINE#         390
  C:367AH         LINE#         391
  C:367AH         LINE#         392
  C:3681H         LINE#         393
  C:3684H         LINE#         394
  C:3686H         LINE#         395
  C:3686H         LINE#         396
  C:368DH         LINE#         397
BL51 BANKED LINKER/LOCATER V6.22                                                      09/30/2015  11:18:22  PAGE 15


  C:3690H         LINE#         398
  C:3692H         LINE#         399
  C:3692H         LINE#         400
  C:3695H         LINE#         401
  C:3698H         LINE#         402
  C:369AH         LINE#         403
  C:369AH         LINE#         404
  C:369DH         LINE#         405
  C:36A0H         LINE#         406
  C:36A2H         LINE#         407
  C:36A2H         LINE#         409
  C:36A2H         LINE#         410
  C:36A2H         LINE#         414
  C:36B5H         LINE#         415
  C:36B5H         LINE#         416
  C:36BCH         LINE#         417
  C:36BFH         LINE#         418
  C:36C1H         LINE#         419
  C:36C1H         LINE#         420
  C:36C8H         LINE#         421
  C:36CBH         LINE#         422
  C:36CDH         LINE#         423
  C:36CDH         LINE#         424
  C:36D4H         LINE#         425
  C:36D7H         LINE#         426
  C:36D9H         LINE#         427
  C:36D9H         LINE#         428
  C:36DCH         LINE#         429
  C:36E4H         LINE#         430
  C:36E6H         LINE#         431
  C:36E6H         LINE#         433
  C:36E6H         LINE#         434
  C:36E6H         LINE#         438
  C:36EDH         LINE#         439
  C:36F0H         LINE#         440
  C:36FCH         LINE#         442
  C:36FCH         LINE#         443
  C:36FCH         LINE#         444
  C:36FCH         LINE#         445
  C:36FCH         LINE#         446
  C:3703H         LINE#         447
  C:3709H         LINE#         448
  -------         ENDPROC       _FUN_PY
  -------         PROC          _FUN_SJ
  D:0065H         SYMBOL        par_model
  C:3393H         LINE#         449
  C:3395H         LINE#         450
  C:33A0H         LINE#         452
  C:33A2H         LINE#         453
  C:33D7H         LINE#         454
  C:33D7H         LINE#         458
  C:33DEH         LINE#         459
  C:33E0H         LINE#         460
  C:33E3H         LINE#         461
  C:33E3H         LINE#         463
  C:33E6H         LINE#         464
  C:33E6H         LINE#         468
BL51 BANKED LINKER/LOCATER V6.22                                                      09/30/2015  11:18:22  PAGE 16


  C:33F1H         LINE#         469
  C:33F3H         LINE#         470
  C:33F3H         LINE#         471
  C:33F6H         LINE#         472
  C:33F6H         LINE#         473
  C:33FBH         LINE#         474
  C:33FDH         LINE#         475
  C:33FDH         LINE#         476
  C:33FDH         LINE#         478
  C:3400H         LINE#         479
  C:3400H         LINE#         483
  C:3416H         LINE#         484
  C:3418H         LINE#         485
  C:341BH         LINE#         486
  C:341BH         LINE#         488
  C:341EH         LINE#         489
  C:341EH         LINE#         493
  C:3429H         LINE#         494
  C:342EH         LINE#         495
  C:3430H         LINE#         496
  C:3430H         LINE#         497
  C:3432H         LINE#         498
  C:3432H         LINE#         499
  C:3437H         LINE#         500
  C:3439H         LINE#         501
  C:3439H         LINE#         502
  C:3439H         LINE#         504
  C:343BH         LINE#         505
  C:343BH         LINE#         509
  C:3451H         LINE#         510
  C:3453H         LINE#         511
  C:3456H         LINE#         512
  C:3456H         LINE#         514
  C:3458H         LINE#         515
  C:3458H         LINE#         519
  C:3463H         LINE#         520
  C:3468H         LINE#         521
  C:346AH         LINE#         522
  C:346AH         LINE#         523
  C:346CH         LINE#         524
  C:346CH         LINE#         525
  C:3471H         LINE#         526
  C:3473H         LINE#         527
  C:3473H         LINE#         528
  C:3473H         LINE#         530
  C:3475H         LINE#         531
  C:3475H         LINE#         535
  C:348BH         LINE#         536
  C:348DH         LINE#         537
  C:3490H         LINE#         538
  C:3490H         LINE#         540
  C:3492H         LINE#         541
  C:3492H         LINE#         545
  C:349DH         LINE#         546
  C:34A2H         LINE#         547
  C:34A4H         LINE#         548
  C:34A4H         LINE#         549
BL51 BANKED LINKER/LOCATER V6.22                                                      09/30/2015  11:18:22  PAGE 17


  C:34A6H         LINE#         550
  C:34A6H         LINE#         551
  C:34ADH         LINE#         552
  C:34B0H         LINE#         553
  C:34B0H         LINE#         555
  C:34B2H         LINE#         556
  C:34B2H         LINE#         560
  C:34B9H         LINE#         561
  C:34BBH         LINE#         562
  C:34BEH         LINE#         563
  C:34CBH         LINE#         565
  C:34CBH         LINE#         566
  C:34CBH         LINE#         567
  C:34CBH         LINE#         568
  C:34CBH         LINE#         569
  C:34D2H         LINE#         570
  C:34D8H         LINE#         571
  -------         ENDPROC       _FUN_SJ
  -------         PROC          _FUN_HZ
  D:0066H         SYMBOL        par_model
  C:323BH         LINE#         572
  C:323DH         LINE#         573
  C:3249H         LINE#         575
  C:324BH         LINE#         576
  C:3264H         LINE#         577
  C:3264H         LINE#         581
  C:3273H         LINE#         582
  C:3273H         LINE#         583
  C:327AH         LINE#         584
  C:327DH         LINE#         585
  C:3280H         LINE#         586
  C:3283H         LINE#         587
  C:3286H         LINE#         588
  C:3286H         LINE#         589
  C:3289H         LINE#         590
  C:3289H         LINE#         591
  C:3290H         LINE#         592
  C:3293H         LINE#         593
  C:3296H         LINE#         594
  C:3296H         LINE#         595
  C:3299H         LINE#         596
  C:3299H         LINE#         597
  C:32A0H         LINE#         598
  C:32A3H         LINE#         599
  C:32A6H         LINE#         600
  C:32A6H         LINE#         601
  C:32A9H         LINE#         602
  C:32A9H         LINE#         603
  C:32A9H         LINE#         604
  C:32A9H         LINE#         606
  C:32A9H         LINE#         607
  C:32A9H         LINE#         611
  C:32BBH         LINE#         612
  C:32BBH         LINE#         613
  C:32C2H         LINE#         614
  C:32C5H         LINE#         615
  C:32C8H         LINE#         616
BL51 BANKED LINKER/LOCATER V6.22                                                      09/30/2015  11:18:22  PAGE 18


  C:32CBH         LINE#         617
  C:32CEH         LINE#         618
  C:32CEH         LINE#         619
  C:32D1H         LINE#         620
  C:32D1H         LINE#         621
  C:32D8H         LINE#         622
  C:32DBH         LINE#         623
  C:32DEH         LINE#         624
  C:32DEH         LINE#         625
  C:32E1H         LINE#         626
  C:32E1H         LINE#         627
  C:32E1H         LINE#         628
  C:32E8H         LINE#         629
  C:32EBH         LINE#         630
  C:32EEH         LINE#         631
  C:32EEH         LINE#         632
  C:32F1H         LINE#         633
  C:32F1H         LINE#         634
  C:32F1H         LINE#         635
  C:32F1H         LINE#         637
  C:32F1H         LINE#         638
  C:32F1H         LINE#         642
  C:3304H         LINE#         643
  C:3304H         LINE#         644
  C:330BH         LINE#         645
  C:330EH         LINE#         646
  C:3311H         LINE#         647
  C:3311H         LINE#         648
  C:3314H         LINE#         649
  C:3314H         LINE#         650
  C:3314H         LINE#         651
  C:331BH         LINE#         652
  C:331EH         LINE#         653
  C:3321H         LINE#         654
  C:3321H         LINE#         655
  C:3323H         LINE#         656
  C:3323H         LINE#         657
  C:3323H         LINE#         658
  C:332AH         LINE#         659
  C:332DH         LINE#         660
  C:3330H         LINE#         661
  C:3333H         LINE#         662
  C:3336H         LINE#         663
  C:3336H         LINE#         664
  C:3338H         LINE#         665
  C:3338H         LINE#         666
  C:3338H         LINE#         667
  C:3338H         LINE#         669
  C:3338H         LINE#         670
  C:3338H         LINE#         674
  C:3347H         LINE#         675
  C:3347H         LINE#         676
  C:334EH         LINE#         677
  C:3351H         LINE#         678
  C:3354H         LINE#         679
  C:3354H         LINE#         680
  C:3356H         LINE#         681
BL51 BANKED LINKER/LOCATER V6.22                                                      09/30/2015  11:18:22  PAGE 19


  C:3356H         LINE#         682
  C:335DH         LINE#         683
  C:3360H         LINE#         684
  C:3363H         LINE#         685
  C:3363H         LINE#         686
  C:3365H         LINE#         687
  C:3365H         LINE#         688
  C:336CH         LINE#         689
  C:336FH         LINE#         690
  C:3372H         LINE#         691
  C:3375H         LINE#         692
  C:3378H         LINE#         693
  C:3385H         LINE#         694
  C:3385H         LINE#         695
  C:3385H         LINE#         696
  C:3385H         LINE#         697
  C:3385H         LINE#         699
  C:3385H         LINE#         700
  C:3385H         LINE#         701
  C:3385H         LINE#         702
  C:3385H         LINE#         703
  C:338CH         LINE#         704
  C:3392H         LINE#         705
  -------         ENDPROC       _FUN_HZ
  C:2824H         SYMBOL        L?1006
  -------         PROC          L?1005
  -------         ENDPROC       L?1005
  C:2824H         SYMBOL        L?1006
  -------         PROC          _FUN_PYHZ
  D:005FH         SYMBOL        par_pymodel
  D:0060H         SYMBOL        par_hzmodel
  C:2828H         LINE#         706
  C:282CH         LINE#         707
  C:283CH         LINE#         708
  C:283CH         LINE#         709
  C:284BH         LINE#         710
  C:284BH         LINE#         711
  C:284BH         LINE#         712
  C:284DH         LINE#         713
  C:284DH         LINE#         714
  C:284DH         LINE#         715
  C:284FH         LINE#         716
  C:284FH         LINE#         717
  C:284FH         LINE#         718
  C:2851H         LINE#         719
  C:2851H         LINE#         720
  C:2851H         LINE#         721
  C:2851H         LINE#         722
  C:2851H         LINE#         723
  C:2851H         LINE#         724
  C:285FH         LINE#         725
  C:285FH         LINE#         726
  C:285FH         LINE#         727
  C:2861H         LINE#         728
  C:2861H         LINE#         729
  C:2861H         LINE#         730
  C:2863H         LINE#         731
BL51 BANKED LINKER/LOCATER V6.22                                                      09/30/2015  11:18:22  PAGE 20


  C:2863H         LINE#         732
  C:2863H         LINE#         733
  C:2865H         LINE#         734
  C:2865H         LINE#         735
  C:2865H         LINE#         736
  C:2865H         LINE#         737
  C:2865H         LINE#         738
  C:2865H         LINE#         739
  C:2874H         LINE#         740
  C:2874H         LINE#         741
  C:2874H         LINE#         742
  C:2876H         LINE#         743
  C:2876H         LINE#         744
  C:2876H         LINE#         745
  C:2878H         LINE#         746
  C:2878H         LINE#         747
  C:2878H         LINE#         748
  C:287AH         LINE#         749
  C:287AH         LINE#         750
  C:287AH         LINE#         751
  C:287AH         LINE#         752
  C:287AH         LINE#         753
  C:287AH         LINE#         754
  C:2889H         LINE#         755
  C:2889H         LINE#         756
  C:288BH         LINE#         757
  C:288DH         LINE#         758
  C:288DH         LINE#         759
  C:288FH         LINE#         760
  C:2891H         LINE#         761
  C:2891H         LINE#         762
  C:2898H         LINE#         763
  C:2898H         LINE#         764
  C:2898H         LINE#         765
  C:2898H         LINE#         766
  C:2898H         LINE#         767
  C:2898H         LINE#         768
  C:2898H         LINE#         769
  C:2898H         LINE#         770
  C:2898H         LINE#         771
  C:28B4H         LINE#         772
  C:28B4H         LINE#         773
  C:28B7H         LINE#         774
  C:28BAH         LINE#         775
  C:28BAH         LINE#         776
  C:28BDH         LINE#         777
  C:28BDH         LINE#         778
  C:28D2H         LINE#         779
  C:28D2H         LINE#         780
  C:28D9H         LINE#         781
  C:28DCH         LINE#         782
  C:28DFH         LINE#         783
  C:28DFH         LINE#         784
  C:28E2H         LINE#         785
  C:28E5H         LINE#         786
  C:28E8H         LINE#         787
  C:28E8H         LINE#         788
BL51 BANKED LINKER/LOCATER V6.22                                                      09/30/2015  11:18:22  PAGE 21


  C:28EBH         LINE#         789
  C:28EEH         LINE#         790
  C:28F1H         LINE#         791
  C:28F1H         LINE#         792
  C:28F4H         LINE#         793
  C:28F7H         LINE#         794
  C:28FAH         LINE#         795
  C:28FAH         LINE#         796
  C:28FAH         LINE#         797
  C:28FAH         LINE#         798
  C:2910H         LINE#         799
  C:2910H         LINE#         800
  C:2917H         LINE#         801
  C:291AH         LINE#         802
  C:291CH         LINE#         803
  C:291CH         LINE#         804
  C:2923H         LINE#         805
  C:2926H         LINE#         806
  C:2928H         LINE#         807
  C:2928H         LINE#         808
  C:292BH         LINE#         809
  C:292EH         LINE#         810
  C:2930H         LINE#         811
  C:2930H         LINE#         812
  C:2933H         LINE#         813
  C:2936H         LINE#         814
  C:2938H         LINE#         815
  C:2938H         LINE#         816
  C:2938H         LINE#         817
  C:2938H         LINE#         818
  C:294BH         LINE#         819
  C:294BH         LINE#         820
  C:2952H         LINE#         821
  C:2955H         LINE#         822
  C:2957H         LINE#         823
  C:2957H         LINE#         824
  C:295EH         LINE#         825
  C:2961H         LINE#         826
  C:2963H         LINE#         827
  C:2963H         LINE#         828
  C:296AH         LINE#         829
  C:296DH         LINE#         830
  C:296FH         LINE#         831
  C:296FH         LINE#         832
  C:2972H         LINE#         833
  C:297AH         LINE#         834
  C:297CH         LINE#         835
  C:297CH         LINE#         836
  C:297CH         LINE#         837
  C:297CH         LINE#         838
  C:2983H         LINE#         839
  C:2986H         LINE#         840
  C:2992H         LINE#         841
  C:2992H         LINE#         842
  C:2992H         LINE#         843
  C:2992H         LINE#         844
  C:2992H         LINE#         845
BL51 BANKED LINKER/LOCATER V6.22                                                      09/30/2015  11:18:22  PAGE 22


  C:2999H         LINE#         846
  C:299BH         LINE#         847
  C:29A1H         LINE#         848
  C:29B4H         LINE#         849
  C:29B4H         LINE#         850
  C:29C6H         LINE#         851
  C:29C6H         LINE#         852
  C:29C9H         LINE#         853
  C:29CCH         LINE#         854
  C:29CFH         LINE#         855
  C:29CFH         LINE#         856
  C:29D1H         LINE#         857
  C:29D1H         LINE#         858
  C:29D4H         LINE#         859
  C:29D4H         LINE#         860
  C:29D6H         LINE#         861
  C:29D6H         LINE#         862
  C:29D9H         LINE#         863
  C:29D9H         LINE#         864
  C:29DBH         LINE#         865
  C:29DBH         LINE#         866
  C:29DBH         LINE#         867
  C:29DBH         LINE#         868
  C:29DBH         LINE#         869
  C:29DBH         LINE#         870
  C:29EAH         LINE#         871
  C:29EAH         LINE#         872
  C:29EDH         LINE#         873
  C:29F0H         LINE#         874
  C:29F3H         LINE#         875
  C:29F3H         LINE#         876
  C:29F5H         LINE#         877
  C:29F5H         LINE#         878
  C:29F8H         LINE#         879
  C:29F8H         LINE#         880
  C:29FAH         LINE#         881
  C:29FAH         LINE#         882
  C:29FDH         LINE#         883
  C:29FDH         LINE#         884
  C:29FFH         LINE#         885
  C:29FFH         LINE#         886
  C:29FFH         LINE#         887
  C:29FFH         LINE#         888
  C:29FFH         LINE#         889
  C:29FFH         LINE#         890
  C:2A0FH         LINE#         891
  C:2A0FH         LINE#         892
  C:2A12H         LINE#         893
  C:2A12H         LINE#         894
  C:2A14H         LINE#         895
  C:2A14H         LINE#         896
  C:2A17H         LINE#         897
  C:2A17H         LINE#         898
  C:2A19H         LINE#         899
  C:2A19H         LINE#         900
  C:2A1CH         LINE#         901
  C:2A1FH         LINE#         902
BL51 BANKED LINKER/LOCATER V6.22                                                      09/30/2015  11:18:22  PAGE 23


  C:2A22H         LINE#         903
  C:2A22H         LINE#         904
  C:2A24H         LINE#         905
  C:2A24H         LINE#         906
  C:2A24H         LINE#         907
  C:2A24H         LINE#         908
  C:2A24H         LINE#         909
  C:2A24H         LINE#         910
  C:2A33H         LINE#         911
  C:2A33H         LINE#         912
  C:2A36H         LINE#         913
  C:2A36H         LINE#         914
  C:2A38H         LINE#         915
  C:2A38H         LINE#         916
  C:2A3BH         LINE#         917
  C:2A3BH         LINE#         918
  C:2A3DH         LINE#         919
  C:2A3DH         LINE#         920
  C:2A40H         LINE#         921
  C:2A43H         LINE#         922
  C:2A46H         LINE#         923
  C:2A53H         LINE#         924
  C:2A53H         LINE#         925
  C:2A53H         LINE#         926
  C:2A53H         LINE#         927
  C:2A53H         LINE#         928
  C:2A53H         LINE#         929
  C:2A53H         LINE#         930
  C:2A53H         LINE#         931
  C:2A53H         LINE#         932
  C:2A5AH         LINE#         933
  C:2A60H         LINE#         934
  -------         ENDPROC       _FUN_PYHZ
  -------         PROC          FUN_JTJP
  C:39DDH         LINE#         1078
  C:39DDH         LINE#         1079
  C:39DDH         LINE#         1080
  C:39FBH         LINE#         1081
  C:3A04H         LINE#         1082
  C:3A0BH         LINE#         1084
  C:3A0BH         LINE#         1085
  C:3A11H         LINE#         1086
  C:3A18H         LINE#         1087
  C:3A1AH         LINE#         1088
  C:3A1CH         LINE#         1089
  C:3A22H         LINE#         1090
  C:3A29H         LINE#         1091
  C:3A2BH         LINE#         1092
  C:3A2DH         LINE#         1093
  C:3A2DH         LINE#         1094
  C:3A30H         LINE#         1095
  C:3A37H         LINE#         1096
  C:3A39H         LINE#         1097
  C:3A3BH         LINE#         1098
  C:3A3EH         LINE#         1099
  C:3A45H         LINE#         1100
  C:3A47H         LINE#         1101
BL51 BANKED LINKER/LOCATER V6.22                                                      09/30/2015  11:18:22  PAGE 24


  C:3A49H         LINE#         1102
  C:3A49H         LINE#         1103
  C:3A4FH         LINE#         1104
  C:3A56H         LINE#         1105
  C:3A5DH         LINE#         1106
  C:3A5DH         LINE#         1107
  C:3A69H         LINE#         1108
  C:3A70H         LINE#         1109
  C:3A77H         LINE#         1110
  C:3A77H         LINE#         1111
  C:3A77H         LINE#         1112
  C:3A77H         LINE#         1113
  -------         ENDPROC       FUN_JTJP
  -------         PROC          FUN_TIMERMOVE
  -------         DO            
  D:0056H         SYMBOL        loc_con
  D:003EH         SYMBOL        loc_sdl
  D:0040H         SYMBOL        loc_sdr
  -------         ENDDO         
  C:1EA7H         LINE#         1115
  C:1EA7H         LINE#         1118
  C:1ECCH         LINE#         1119
  C:1ECCH         LINE#         1120
  C:1ED3H         LINE#         1121
  C:1ED9H         LINE#         1122
  C:1EE8H         LINE#         1123
  C:1EF6H         LINE#         1124
  C:1EF7H         LINE#         1125
  C:1EF7H         LINE#         1126
  C:1F0DH         LINE#         1127
  C:1F25H         LINE#         1128
  C:1F2BH         LINE#         1129
  C:1F2FH         LINE#         1130
  C:1F32H         LINE#         1131
  C:1F39H         LINE#         1132
  C:1F3CH         LINE#         1133
  C:1F4FH         LINE#         1134
  C:1F4FH         LINE#         1135
  C:1F4FH         LINE#         1136
  C:1F5FH         LINE#         1137
  C:1F65H         LINE#         1138
  C:1F7BH         LINE#         1139
  C:1F96H         LINE#         1140
  C:1F96H         LINE#         1141
  C:1F9CH         LINE#         1142
  C:1FB7H         LINE#         1143
  C:1FCDH         LINE#         1144
  C:1FCDH         LINE#         1145
  C:1FD3H         LINE#         1146
  C:1FF0H         LINE#         1147
  C:2010H         LINE#         1148
  C:2010H         LINE#         1149
  C:2016H         LINE#         1150
  C:2038H         LINE#         1151
  C:2053H         LINE#         1152
  C:2053H         LINE#         1153
  C:2059H         LINE#         1154
BL51 BANKED LINKER/LOCATER V6.22                                                      09/30/2015  11:18:22  PAGE 25


  C:2076H         LINE#         1155
  C:2096H         LINE#         1156
  C:2096H         LINE#         1157
  C:209FH         LINE#         1158
  C:20C1H         LINE#         1159
  C:20DCH         LINE#         1160
  C:20DCH         LINE#         1161
  C:20DCH         LINE#         1162
  C:20DCH         LINE#         1163
  C:20DCH         LINE#         1164
  C:20DFH         LINE#         1165
  C:20DFH         LINE#         1166
  C:20E9H         LINE#         1167
  C:20EDH         LINE#         1168
  C:20EDH         LINE#         1169
  C:20F0H         LINE#         1170
  C:20F0H         LINE#         1171
  C:2105H         LINE#         1172
  C:2105H         LINE#         1173
  C:2125H         LINE#         1174
  C:2125H         LINE#         1175
  C:212FH         LINE#         1176
  C:2135H         LINE#         1177
  C:2135H         LINE#         1178
  C:2137H         LINE#         1179
  C:2137H         LINE#         1180
  C:213AH         LINE#         1181
  C:2144H         LINE#         1182
  C:2147H         LINE#         1183
  C:2149H         LINE#         1184
  C:2149H         LINE#         1185
  C:2153H         LINE#         1186
  C:215FH         LINE#         1187
  C:2162H         LINE#         1188
  C:2164H         LINE#         1189
  C:2164H         LINE#         1190
  C:2167H         LINE#         1191
  C:2171H         LINE#         1192
  C:218FH         LINE#         1193
  C:218FH         LINE#         1194
  C:218FH         LINE#         1195
  C:2191H         LINE#         1196
  C:2192H         LINE#         1197
  C:2192H         LINE#         1198
  C:21B1H         LINE#         1199
  C:21B3H         LINE#         1200
  C:21B4H         LINE#         1201
  C:21B4H         LINE#         1202
  C:21C0H         LINE#         1203
  C:21C0H         LINE#         1204
  C:21C0H         LINE#         1205
  C:21C0H         LINE#         1206
  C:21C0H         LINE#         1207
  C:21C0H         LINE#         1208
  C:21C2H         LINE#         1209
  C:21C2H         LINE#         1210
  C:21C2H         LINE#         1211
BL51 BANKED LINKER/LOCATER V6.22                                                      09/30/2015  11:18:22  PAGE 26


  C:21C2H         LINE#         1212
  C:21CDH         LINE#         1213
  C:21CDH         LINE#         1214
  C:2206H         LINE#         1215
  C:2208H         LINE#         1216
  C:2209H         LINE#         1217
  C:2209H         LINE#         1218
  C:2225H         LINE#         1219
  C:222CH         LINE#         1220
  C:2236H         LINE#         1221
  C:2240H         LINE#         1222
  C:2243H         LINE#         1223
  C:2244H         LINE#         1224
  C:2244H         LINE#         1225
  C:2254H         LINE#         1226
  C:225AH         LINE#         1227
  C:2272H         LINE#         1228
  C:228BH         LINE#         1229
  C:228BH         LINE#         1230
  C:2291H         LINE#         1231
  C:22AAH         LINE#         1232
  C:22C2H         LINE#         1233
  C:22C2H         LINE#         1234
  C:22C8H         LINE#         1235
  C:22E1H         LINE#         1236
  C:22FBH         LINE#         1237
  C:22FBH         LINE#         1238
  C:2301H         LINE#         1239
  C:231BH         LINE#         1240
  C:2334H         LINE#         1241
  C:2334H         LINE#         1242
  C:233AH         LINE#         1243
  C:2353H         LINE#         1244
  C:236DH         LINE#         1245
  C:236DH         LINE#         1246
  C:2373H         LINE#         1247
  C:238DH         LINE#         1248
  C:23A6H         LINE#         1249
  C:23A6H         LINE#         1250
  C:23ADH         LINE#         1251
  C:23B4H         LINE#         1252
  C:23B4H         LINE#         1253
  C:23B4H         LINE#         1254
  C:23B4H         LINE#         1255
  C:23B4H         LINE#         1256
  C:23B4H         LINE#         1258
  C:23B4H         LINE#         1259
  C:23B4H         LINE#         1261
  C:23B4H         LINE#         1262
  C:23B4H         LINE#         1263
  -------         ENDPROC       FUN_TIMERMOVE
  -------         PROC          _FUN_FOLLINE
  D:0007H         SYMBOL        par_con
  D:0022H         SYMBOL        par_speed
  -------         DO            
  D:0023H         SYMBOL        loc_con
  D:0024H         SYMBOL        loc_sdr
BL51 BANKED LINKER/LOCATER V6.22                                                      09/30/2015  11:18:22  PAGE 27


  D:0025H         SYMBOL        loc_sdl
  D:0026H         SYMBOL        loc_online
  -------         ENDDO         
  C:2F5DH         LINE#         1264
  C:2F5FH         LINE#         1265
  C:2F61H         LINE#         1268
  C:2F68H         LINE#         1269
  C:2F80H         LINE#         1270
  C:2F83H         LINE#         1271
  C:2F8AH         LINE#         1272
  C:2F8CH         LINE#         1273
  C:2F91H         LINE#         1274
  C:2F94H         LINE#         1275
  C:2F96H         LINE#         1276
  C:2F98H         LINE#         1277
  C:2F98H         LINE#         1278
  C:2F9EH         LINE#         1279
  C:2FA4H         LINE#         1280
  C:2FB1H         LINE#         1281
  C:2FC7H         LINE#         1282
  C:2FC7H         LINE#         1283
  C:2FCDH         LINE#         1284
  C:2FE3H         LINE#         1285
  C:2FF0H         LINE#         1286
  C:2FF0H         LINE#         1287
  C:2FF6H         LINE#         1288
  C:3007H         LINE#         1289
  C:3021H         LINE#         1290
  C:3021H         LINE#         1291
  C:3027H         LINE#         1292
  C:3041H         LINE#         1293
  C:3052H         LINE#         1294
  C:3052H         LINE#         1295
  C:3058H         LINE#         1296
  C:3069H         LINE#         1297
  C:3083H         LINE#         1298
  C:3083H         LINE#         1299
  C:3089H         LINE#         1300
  C:30A3H         LINE#         1301
  C:30B4H         LINE#         1302
  C:30B4H         LINE#         1303
  C:30BBH         LINE#         1304
  C:30C2H         LINE#         1305
  C:30C7H         LINE#         1306
  C:30C7H         LINE#         1307
  C:30CAH         LINE#         1308
  -------         ENDPROC       _FUN_FOLLINE
  -------         PROC          _FUN_TURN
  D:0007H         SYMBOL        par_model
  D:0022H         SYMBOL        par_speed
  C:3B06H         LINE#         1310
  C:3B08H         LINE#         1311
  C:3B18H         LINE#         1312
  C:3B18H         LINE#         1313
  C:3B1FH         LINE#         1314
  C:3B24H         LINE#         1315
  C:3B24H         LINE#         1316
BL51 BANKED LINKER/LOCATER V6.22                                                      09/30/2015  11:18:22  PAGE 28


  C:3B26H         LINE#         1317
  C:3B26H         LINE#         1318
  C:3B30H         LINE#         1319
  C:3B37H         LINE#         1320
  C:3B3AH         LINE#         1321
  C:3B3CH         LINE#         1322
  C:3B3CH         LINE#         1323
  C:3B43H         LINE#         1324
  C:3B4DH         LINE#         1325
  C:3B50H         LINE#         1326
  C:3B52H         LINE#         1327
  C:3B52H         LINE#         1328
  C:3B5CH         LINE#         1329
  C:3B63H         LINE#         1330
  C:3B70H         LINE#         1331
  C:3B70H         LINE#         1332
  C:3B70H         LINE#         1333
  C:3B76H         LINE#         1334
  -------         ENDPROC       _FUN_TURN
  -------         PROC          _FUN_QC
  D:0007H         SYMBOL        par_time
  D:0027H         SYMBOL        par_speed
  -------         DO            
  D:0028H         SYMBOL        loc_sdr
  D:0029H         SYMBOL        loc_sdl
  -------         ENDDO         
  C:2C5EH         LINE#         1336
  C:2C60H         LINE#         1338
  C:2C7DH         LINE#         1339
  C:2C9CH         LINE#         1340
  C:2CA2H         LINE#         1341
  C:2CA8H         LINE#         1342
  C:2CBDH         LINE#         1343
  C:2CD3H         LINE#         1344
  C:2CD3H         LINE#         1345
  C:2CD9H         LINE#         1346
  C:2CEFH         LINE#         1347
  C:2D04H         LINE#         1348
  C:2D04H         LINE#         1349
  C:2D0AH         LINE#         1350
  C:2D20H         LINE#         1351
  C:2D36H         LINE#         1352
  C:2D36H         LINE#         1353
  C:2D3CH         LINE#         1354
  C:2D52H         LINE#         1355
  C:2D68H         LINE#         1356
  C:2D68H         LINE#         1357
  C:2D6EH         LINE#         1358
  C:2D83H         LINE#         1359
  C:2D99H         LINE#         1360
  C:2D99H         LINE#         1361
  C:2D9FH         LINE#         1362
  C:2DB5H         LINE#         1363
  C:2DCAH         LINE#         1364
  C:2DCAH         LINE#         1365
  C:2DD1H         LINE#         1366
  C:2DD8H         LINE#         1367
BL51 BANKED LINKER/LOCATER V6.22                                                      09/30/2015  11:18:22  PAGE 29


  C:2DDDH         LINE#         1368
  C:2DE0H         LINE#         1369
  -------         ENDPROC       _FUN_QC
  -------         PROC          FUN_STOPE2PROM
  C:000EH         LINE#         1371
  C:000EH         LINE#         1372
  C:0011H         LINE#         1373
  C:0013H         LINE#         1374
  C:0015H         LINE#         1375
  C:0018H         LINE#         1376
  C:001AH         LINE#         1377
  -------         ENDPROC       FUN_STOPE2PROM
  -------         PROC          _FUN_READE2PROM
  D:0006H         SYMBOL        par_add
  -------         DO            
  D:0007H         SYMBOL        loc_dat
  -------         ENDDO         
  C:3DDEH         LINE#         1378
  C:3DDEH         LINE#         1380
  C:3DE1H         LINE#         1381
  C:3DE4H         LINE#         1382
  C:3DE6H         LINE#         1383
  C:3DE8H         LINE#         1384
  C:3DEBH         LINE#         1385
  C:3DEEH         LINE#         1386
  C:3DF7H         LINE#         1387
  C:3DF9H         LINE#         1388
  C:3DFCH         LINE#         1389
  C:3DFCH         LINE#         1390
  -------         ENDPROC       _FUN_READE2PROM
  -------         PROC          _FUN_WRITEE2PROM
  D:0006H         SYMBOL        par_add
  D:0005H         SYMBOL        par_dat
  C:3DFDH         LINE#         1391
  C:3DFDH         LINE#         1392
  C:3E00H         LINE#         1393
  C:3E03H         LINE#         1394
  C:3E05H         LINE#         1395
  C:3E07H         LINE#         1396
  C:3E09H         LINE#         1397
  C:3E0CH         LINE#         1398
  C:3E0FH         LINE#         1399
  C:3E18H         LINE#         1400
  -------         ENDPROC       _FUN_WRITEE2PROM
  -------         PROC          _FUN_CLEANE2PROM
  D:0006H         SYMBOL        par_add
  C:3E1BH         LINE#         1402
  C:3E1BH         LINE#         1403
  C:3E1EH         LINE#         1404
  C:3E21H         LINE#         1405
  C:3E23H         LINE#         1406
  C:3E25H         LINE#         1407
  C:3E28H         LINE#         1408
  C:3E2BH         LINE#         1409
  C:3E34H         LINE#         1410
  -------         ENDPROC       _FUN_CLEANE2PROM
  -------         PROC          FUN_CALIBRATION
BL51 BANKED LINKER/LOCATER V6.22                                                      09/30/2015  11:18:22  PAGE 30


  -------         DO            
  D:005BH         SYMBOL        loc_time
  -------         ENDDO         
  C:30D1H         LINE#         1412
  C:30D1H         LINE#         1415
  C:30D6H         LINE#         1416
  C:30DBH         LINE#         1417
  C:30E7H         LINE#         1418
  C:30ECH         LINE#         1419
  C:30F1H         LINE#         1420
  C:310AH         LINE#         1421
  C:3129H         LINE#         1422
  C:3141H         LINE#         1423
  C:3149H         LINE#         1424
  C:316AH         LINE#         1425
  C:318CH         LINE#         1426
  C:31AEH         LINE#         1427
  C:31D0H         LINE#         1428
  C:31F2H         LINE#         1429
  C:3214H         LINE#         1430
  C:3234H         LINE#         1431
  C:323AH         LINE#         1432
  -------         ENDPROC       FUN_CALIBRATION
  -------         PROC          FUN_PORT
  C:3EE5H         LINE#         1433
  C:3EE5H         LINE#         1435
  C:3EE8H         LINE#         1436
  C:3EEBH         LINE#         1437
  C:3EEEH         LINE#         1438
  C:3EF1H         LINE#         1439
  C:3EF4H         LINE#         1440
  C:3EF7H         LINE#         1441
  -------         ENDPROC       FUN_PORT
  -------         PROC          FUN_TEST
  C:34D9H         LINE#         1442
  C:34D9H         LINE#         1443
  C:34DEH         LINE#         1444
  C:34E1H         LINE#         1445
  C:34E6H         LINE#         1446
  C:34E9H         LINE#         1447
  C:34EEH         LINE#         1448
  C:34F1H         LINE#         1449
  C:34F6H         LINE#         1450
  C:34F9H         LINE#         1452
  C:34FFH         LINE#         1453
  C:3504H         LINE#         1454
  C:3507H         LINE#         1455
  C:350CH         LINE#         1456
  C:350FH         LINE#         1457
  C:3514H         LINE#         1458
  C:3517H         LINE#         1459
  C:351CH         LINE#         1460
  C:351FH         LINE#         1462
  C:3524H         LINE#         1463
  C:3527H         LINE#         1464
  C:352CH         LINE#         1465
  C:352FH         LINE#         1466
BL51 BANKED LINKER/LOCATER V6.22                                                      09/30/2015  11:18:22  PAGE 31


  C:3534H         LINE#         1467
  C:3537H         LINE#         1468
  C:353CH         LINE#         1469
  C:353FH         LINE#         1470
  C:3544H         LINE#         1471
  C:3547H         LINE#         1472
  C:354CH         LINE#         1473
  C:354FH         LINE#         1474
  C:3554H         LINE#         1475
  C:3557H         LINE#         1476
  C:355CH         LINE#         1477
  C:355FH         LINE#         1478
  C:3564H         LINE#         1480
  C:356CH         LINE#         1481
  C:3572H         LINE#         1482
  C:3577H         LINE#         1483
  C:357AH         LINE#         1484
  C:357FH         LINE#         1485
  C:3582H         LINE#         1486
  C:3587H         LINE#         1487
  C:358AH         LINE#         1488
  C:358FH         LINE#         1489
  C:3592H         LINE#         1490
  C:359AH         LINE#         1492
  C:35A1H         LINE#         1493
  C:35A4H         LINE#         1494
  C:35ABH         LINE#         1495
  C:35AEH         LINE#         1497
  C:35B5H         LINE#         1498
  C:35B8H         LINE#         1499
  C:35BFH         LINE#         1500
  C:35C2H         LINE#         1502
  C:35C9H         LINE#         1503
  C:35D0H         LINE#         1504
  C:35D3H         LINE#         1505
  C:35DAH         LINE#         1506
  C:35DDH         LINE#         1508
  C:35E4H         LINE#         1509
  C:35EBH         LINE#         1510
  C:35EEH         LINE#         1511
  -------         ENDPROC       FUN_TEST
  C:3C77H         SYMBOL        L?1000
  -------         PROC          L?0999
  -------         ENDPROC       L?0999
  C:3C77H         SYMBOL        L?1000
  -------         PROC          _FUN_MIN
  D:0043H         SYMBOL        par_num
  -------         DO            
  D:0044H         SYMBOL        ellipsis_15
  D:0053H         SYMBOL        loc_argp
  D:0007H         SYMBOL        loc_min
  D:0006H         SYMBOL        loc_shu
  -------         ENDDO         
  C:3C7CH         LINE#         1513
  C:3C7EH         LINE#         1515
  C:3C7EH         LINE#         1517
  C:3C87H         LINE#         1518
BL51 BANKED LINKER/LOCATER V6.22                                                      09/30/2015  11:18:22  PAGE 32


  C:3C99H         LINE#         1519
  C:3C99H         LINE#         1520
  C:3C9EH         LINE#         1521
  C:3CA0H         LINE#         1522
  C:3CB2H         LINE#         1523
  C:3CB5H         LINE#         1525
  C:3CB5H         LINE#         1526
  -------         ENDPROC       _FUN_MIN
  -------         PROC          FUN_COORDINATE
  C:0007H         LINE#         1527
  C:0007H         LINE#         1529
  -------         ENDPROC       FUN_COORDINATE
  -------         PROC          _FUN_ZDZJ
  D:0010H         SYMBOL        par_04
  D:0014H         SYMBOL        par_37
  -------         DO            
  X:0096H         SYMBOL        str_pass
  X:00BEH         SYMBOL        str_end
  X:00E6H         SYMBOL        loc_high
  X:00EEH         SYMBOL        loc_xh1
  -------         ENDDO         
  C:001EH         LINE#         1530
  C:0026H         LINE#         1535
  C:0035H         LINE#         1536
  C:0044H         LINE#         1537
  C:0053H         LINE#         1540
  C:0074H         LINE#         1541
  C:0095H         LINE#         1542
  C:00B6H         LINE#         1543
  C:00D6H         LINE#         1544
  C:00F6H         LINE#         1545
  C:0115H         LINE#         1546
  C:0134H         LINE#         1547
  C:014AH         LINE#         1549
  C:016BH         LINE#         1550
  C:018CH         LINE#         1551
  C:01ADH         LINE#         1552
  C:01CDH         LINE#         1553
  C:01EDH         LINE#         1554
  C:020CH         LINE#         1555
  C:022BH         LINE#         1556
  C:0241H         LINE#         1558
  C:0247H         LINE#         1559
  C:024AH         LINE#         1560
  C:024DH         LINE#         1561
  C:0250H         LINE#         1562
  C:0255H         LINE#         1563
  C:0258H         LINE#         1564
  C:025BH         LINE#         1565
  C:025EH         LINE#         1567
  C:0271H         LINE#         1568
  C:0297H         LINE#         1569
  C:02ABH         LINE#         1570
  C:02D1H         LINE#         1571
  C:02D7H         LINE#         1572
  C:02FDH         LINE#         1573
  C:0303H         LINE#         1574
BL51 BANKED LINKER/LOCATER V6.22                                                      09/30/2015  11:18:22  PAGE 33


  C:0329H         LINE#         1575
  C:032FH         LINE#         1576
  C:0355H         LINE#         1577
  C:035BH         LINE#         1578
  C:0381H         LINE#         1579
  C:0386H         LINE#         1580
  C:03ACH         LINE#         1581
  C:03B1H         LINE#         1582
  C:03D7H         LINE#         1583
  C:03EBH         LINE#         1585
  C:0411H         LINE#         1586
  C:0417H         LINE#         1587
  C:043DH         LINE#         1588
  C:0443H         LINE#         1589
  C:0469H         LINE#         1590
  C:046FH         LINE#         1591
  C:0495H         LINE#         1592
  C:049BH         LINE#         1593
  C:04C1H         LINE#         1594
  C:04C7H         LINE#         1595
  C:04EDH         LINE#         1596
  C:04F2H         LINE#         1597
  C:0518H         LINE#         1598
  C:051DH         LINE#         1599
  C:0543H         LINE#         1600
  C:0557H         LINE#         1601
  C:0560H         LINE#         1603
  C:056FH         LINE#         1604
  C:0575H         LINE#         1605
  C:0591H         LINE#         1606
  C:05ADH         LINE#         1607
  C:05B7H         LINE#         1608
  C:05C7H         LINE#         1609
  C:05D3H         LINE#         1610
  C:05DFH         LINE#         1611
  C:05E7H         LINE#         1612
  C:05F1H         LINE#         1613
  C:05F6H         LINE#         1620
  C:05F6H         LINE#         1622
  C:0659H         LINE#         1629
  C:0659H         LINE#         1630
  C:0664H         LINE#         1631
  C:0669H         LINE#         1632
  C:066EH         LINE#         1633
  C:0675H         LINE#         1634
  C:067FH         LINE#         1635
  C:0684H         LINE#         1636
  C:0684H         LINE#         1638
  C:0684H         LINE#         1639
  C:068FH         LINE#         1641
  C:0695H         LINE#         1642
  C:069BH         LINE#         1643
  C:069BH         LINE#         1644
  C:06A1H         LINE#         1645
  C:06A6H         LINE#         1646
  C:06A6H         LINE#         1648
  C:06B2H         LINE#         1649
BL51 BANKED LINKER/LOCATER V6.22                                                      09/30/2015  11:18:22  PAGE 34


  C:06DBH         LINE#         1650
  C:06ECH         LINE#         1651
  C:06EFH         LINE#         1652
  C:06EFH         LINE#         1653
  C:06EFH         LINE#         1654
  C:06FBH         LINE#         1655
  C:0722H         LINE#         1656
  C:0733H         LINE#         1657
  C:0736H         LINE#         1658
  C:0736H         LINE#         1659
  C:0736H         LINE#         1660
  C:0745H         LINE#         1661
  C:076EH         LINE#         1662
  C:077FH         LINE#         1663
  C:0782H         LINE#         1664
  C:0782H         LINE#         1665
  C:07AEH         LINE#         1666
  C:07BFH         LINE#         1667
  C:07C2H         LINE#         1668
  C:07C2H         LINE#         1669
  C:07C2H         LINE#         1672
  C:07D1H         LINE#         1673
  C:0836H         LINE#         1676
  C:0836H         LINE#         1677
  C:0873H         LINE#         1679
  C:0873H         LINE#         1680
  C:0884H         LINE#         1681
  C:0887H         LINE#         1682
  C:0887H         LINE#         1683
  C:08C4H         LINE#         1685
  C:08C4H         LINE#         1686
  C:08D5H         LINE#         1687
  C:08D8H         LINE#         1688
  C:08D8H         LINE#         1689
  C:08D8H         LINE#         1690
  C:0941H         LINE#         1693
  C:0941H         LINE#         1694
  C:097EH         LINE#         1696
  C:097EH         LINE#         1697
  C:098FH         LINE#         1698
  C:0991H         LINE#         1699
  C:0991H         LINE#         1700
  C:09CEH         LINE#         1702
  C:09CEH         LINE#         1703
  C:09E1H         LINE#         1704
  C:09E4H         LINE#         1705
  C:09E4H         LINE#         1706
  C:09E4H         LINE#         1707
  C:09E4H         LINE#         1710
  C:0A00H         LINE#         1711
  C:0A32H         LINE#         1712
  C:0A45H         LINE#         1713
  C:0A48H         LINE#         1714
  C:0A48H         LINE#         1715
  C:0A7EH         LINE#         1716
  C:0A91H         LINE#         1717
  C:0A94H         LINE#         1718
BL51 BANKED LINKER/LOCATER V6.22                                                      09/30/2015  11:18:22  PAGE 35


  C:0A94H         LINE#         1719
  C:0A94H         LINE#         1722
  C:0AAFH         LINE#         1723
  C:0AE1H         LINE#         1724
  C:0AF4H         LINE#         1725
  C:0AF7H         LINE#         1726
  C:0AF7H         LINE#         1727
  C:0B2CH         LINE#         1728
  C:0B3FH         LINE#         1729
  C:0B42H         LINE#         1730
  C:0B42H         LINE#         1731
  C:0B42H         LINE#         1732
  C:0B42H         LINE#         1733
  C:0B4DH         LINE#         1735
  C:0B53H         LINE#         1736
  C:0B59H         LINE#         1737
  C:0B59H         LINE#         1738
  C:0B5FH         LINE#         1739
  C:0B64H         LINE#         1740
  C:0B64H         LINE#         1742
  C:0B70H         LINE#         1743
  C:0B99H         LINE#         1744
  C:0BACH         LINE#         1745
  C:0BAFH         LINE#         1746
  C:0BAFH         LINE#         1747
  C:0BAFH         LINE#         1748
  C:0BBBH         LINE#         1749
  C:0BE2H         LINE#         1750
  C:0BF5H         LINE#         1751
  C:0BF8H         LINE#         1752
  C:0BF8H         LINE#         1753
  C:0BF8H         LINE#         1754
  C:0C07H         LINE#         1755
  C:0C30H         LINE#         1756
  C:0C43H         LINE#         1757
  C:0C46H         LINE#         1758
  C:0C46H         LINE#         1759
  C:0C72H         LINE#         1760
  C:0C85H         LINE#         1761
  C:0C88H         LINE#         1762
  C:0C88H         LINE#         1763
  C:0C88H         LINE#         1766
  C:0C97H         LINE#         1767
  C:0CFCH         LINE#         1770
  C:0CFCH         LINE#         1771
  C:0D39H         LINE#         1773
  C:0D39H         LINE#         1774
  C:0D4CH         LINE#         1775
  C:0D4FH         LINE#         1776
  C:0D4FH         LINE#         1777
  C:0D8CH         LINE#         1779
  C:0D8CH         LINE#         1780
  C:0D9FH         LINE#         1781
[...]
  C:2EA4H         LINE#         1863
  C:2EABH         LINE#         1864
  C:2EB2H         LINE#         1865
  C:2EB4H         LINE#         1866
  C:2EB6H         LINE#         1867
  C:2EB6H         LINE#         1868
  C:2EC6H         LINE#         1869
  C:2EC6H         LINE#         1870
  C:2ECDH         LINE#         1871
  C:2ED4H         LINE#         1872
  C:2ED6H         LINE#         1873
  C:2ED8H         LINE#         1874
  C:2ED8H         LINE#         1875
  C:2EE5H         LINE#         1876
  C:2EE5H         LINE#         1877
  C:2EECH         LINE#         1878
  C:2EF3H         LINE#         1879
  C:2EF5H         LINE#         1880
  C:2EF7H         LINE#         1881
  C:2EF7H         LINE#         1882
  C:2F04H         LINE#         1883
  C:2F04H         LINE#         1884
  C:2F0BH         LINE#         1885
  C:2F12H         LINE#         1886
  C:2F17H         LINE#         1887
  C:2F17H         LINE#         1888
  C:2F17H         LINE#         1889
  C:2F17H         LINE#         1890
  C:2F17H         LINE#         1891
  C:2F17H         LINE#         1892
  C:2F1DH         LINE#         1893
  C:2F2FH         LINE#         1894
  C:2F2FH         LINE#         1895
  C:2F2FH         LINE#         1896
  C:2F31H         LINE#         1897
BL51 BANKED LINKER/LOCATER V6.22                                                      09/30/2015  11:18:22  PAGE 38


  C:2F31H         LINE#         1898
  C:2F33H         LINE#         1899
  C:2F35H         LINE#         1900
  C:2F35H         LINE#         1901
  C:2F37H         LINE#         1902
  C:2F39H         LINE#         1903
  C:2F39H         LINE#         1904
  C:2F3BH         LINE#         1905
  C:2F3DH         LINE#         1906
  C:2F3DH         LINE#         1907
  C:2F3FH         LINE#         1908
  C:2F41H         LINE#         1909
  C:2F41H         LINE#         1910
  C:2F4AH         LINE#         1911
  C:2F4EH         LINE#         1912
  C:2F57H         LINE#         1913
  C:2F5CH         LINE#         1914
  C:2F5CH         LINE#         1915
  C:2F5CH         LINE#         1916
  C:2F5CH         LINE#         1917
  -------         ENDPROC       _FUN_ZJZT
  -------         PROC          _FUN_NAJIAN
  D:0018H         SYMBOL        par_now
  D:0019H         SYMBOL        par_next
  D:001AH         SYMBOL        par_high
  D:001DH         SYMBOL        par_data
  -------         DO            
  X:00EFH         SYMBOL        loc_high
  -------         ENDDO         
  C:17E1H         LINE#         1918
  C:17EBH         LINE#         1923
  C:182DH         LINE#         1925
  C:1841H         LINE#         1926
  C:1849H         LINE#         1927
  C:1868H         LINE#         1928
  C:1873H         LINE#         1929
  C:1873H         LINE#         1930
  C:1875H         LINE#         1931
  C:1890H         LINE#         1932
  C:1898H         LINE#         1933
  C:18C2H         LINE#         1934
  C:18CAH         LINE#         1935
  C:1915H         LINE#         1936
  C:1915H         LINE#         1938
  C:191CH         LINE#         1940
  C:1931H         LINE#         1942
  C:1936H         LINE#         1944
  C:195FH         LINE#         1945
  C:195FH         LINE#         1946
  C:198DH         LINE#         1947
  C:198DH         LINE#         1948
  C:198DH         LINE#         1949
  C:1990H         LINE#         1950
  C:1990H         LINE#         1951
  C:1990H         LINE#         1952
  C:1993H         LINE#         1953
  C:1993H         LINE#         1954
BL51 BANKED LINKER/LOCATER V6.22                                                      09/30/2015  11:18:22  PAGE 39


  C:19AFH         LINE#         1955
  C:19B2H         LINE#         1956
  C:19B2H         LINE#         1957
  C:19CEH         LINE#         1958
  C:19D1H         LINE#         1959
  C:19D1H         LINE#         1960
  C:19D1H         LINE#         1961
  C:19D4H         LINE#         1962
  C:19D4H         LINE#         1963
  C:19D4H         LINE#         1964
  C:19D7H         LINE#         1965
  C:19D7H         LINE#         1966
  C:19F3H         LINE#         1967
  C:19F6H         LINE#         1968
  C:19F6H         LINE#         1969
  C:19F6H         LINE#         1970
  C:19F6H         LINE#         1971
  C:19F6H         LINE#         1972
  C:19F6H         LINE#         1973
  C:1A1FH         LINE#         1974
  C:1A1FH         LINE#         1975
  C:1A1FH         LINE#         1976
  C:1A22H         LINE#         1977
  C:1A22H         LINE#         1978
  C:1A22H         LINE#         1979
  C:1A25H         LINE#         1980
  C:1A25H         LINE#         1981
  C:1A25H         LINE#         1982
  C:1A28H         LINE#         1983
  C:1A28H         LINE#         1984
  C:1A28H         LINE#         1985
  C:1A2BH         LINE#         1986
  C:1A2BH         LINE#         1987
  C:1A2BH         LINE#         1988
  C:1A2EH         LINE#         1989
  C:1A2EH         LINE#         1990
  C:1A2EH         LINE#         1991
  C:1A31H         LINE#         1992
  C:1A31H         LINE#         1993
  C:1A31H         LINE#         1994
  C:1A34H         LINE#         1995
  C:1A34H         LINE#         1996
  C:1A34H         LINE#         1997
  C:1A34H         LINE#         1998
  C:1A34H         LINE#         1999
  C:1A34H         LINE#         2000
  C:1A5DH         LINE#         2001
  C:1A5DH         LINE#         2002
  C:1A5DH         LINE#         2003
  C:1A60H         LINE#         2004
  C:1A60H         LINE#         2005
  C:1A60H         LINE#         2006
  C:1A63H         LINE#         2007
  C:1A63H         LINE#         2008
  C:1A63H         LINE#         2009
  C:1A66H         LINE#         2010
  C:1A66H         LINE#         2011
BL51 BANKED LINKER/LOCATER V6.22                                                      09/30/2015  11:18:22  PAGE 40


  C:1A66H         LINE#         2012
  C:1A69H         LINE#         2013
  C:1A69H         LINE#         2014
  C:1A69H         LINE#         2015
  C:1A6CH         LINE#         2016
  C:1A6CH         LINE#         2017
  C:1A6CH         LINE#         2018
  C:1A6FH         LINE#         2019
  C:1A6FH         LINE#         2020
  C:1A6FH         LINE#         2021
  C:1A72H         LINE#         2022
  C:1A72H         LINE#         2023
  C:1A72H         LINE#         2024
  C:1A72H         LINE#         2025
  C:1A72H         LINE#         2026
  C:1A72H         LINE#         2027
  C:1A9BH         LINE#         2028
  C:1A9BH         LINE#         2029
  C:1AB7H         LINE#         2030
  C:1ABAH         LINE#         2031
  C:1ABAH         LINE#         2032
  C:1ABAH         LINE#         2033
  C:1ABDH         LINE#         2034
  C:1ABDH         LINE#         2035
  C:1ABDH         LINE#         2036
  C:1AC0H         LINE#         2037
  C:1AC0H         LINE#         2038
  C:1AE4H         LINE#         2039
  C:1AE7H         LINE#         2040
  C:1AE7H         LINE#         2041
  C:1AE7H         LINE#         2042
  C:1AEAH         LINE#         2043
  C:1AEAH         LINE#         2044
  C:1AEAH         LINE#         2045
  C:1AEDH         LINE#         2046
  C:1AEDH         LINE#         2047
  C:1B11H         LINE#         2048
  C:1B14H         LINE#         2049
  C:1B14H         LINE#         2050
  C:1B14H         LINE#         2051
  C:1B14H         LINE#         2052
  C:1B14H         LINE#         2053
  C:1B14H         LINE#         2054
  C:1B3DH         LINE#         2055
  C:1B3DH         LINE#         2056
  C:1B61H         LINE#         2057
  C:1B64H         LINE#         2058
  C:1B64H         LINE#         2059
  C:1B64H         LINE#         2060
  C:1B67H         LINE#         2061
  C:1B67H         LINE#         2062
  C:1B67H         LINE#         2063
  C:1B6AH         LINE#         2064
  C:1B6AH         LINE#         2065
  C:1B8EH         LINE#         2066
  C:1B91H         LINE#         2067
  C:1B91H         LINE#         2068
BL51 BANKED LINKER/LOCATER V6.22                                                      09/30/2015  11:18:22  PAGE 41


  C:1B91H         LINE#         2069
  C:1B94H         LINE#         2070
  C:1B94H         LINE#         2071
  C:1B94H         LINE#         2072
  C:1B97H         LINE#         2073
  C:1B97H         LINE#         2074
  C:1BBBH         LINE#         2075
  C:1BBEH         LINE#         2076
  C:1BBEH         LINE#         2077
  C:1BBEH         LINE#         2078
  C:1BBEH         LINE#         2079
  C:1BBEH         LINE#         2080
  C:1BBEH         LINE#         2081
  C:1BE7H         LINE#         2082
  C:1BE7H         LINE#         2083
  C:1BE7H         LINE#         2084
  C:1BE9H         LINE#         2085
  C:1BE9H         LINE#         2086
  C:1BE9H         LINE#         2087
  C:1BECH         LINE#         2088
  C:1BECH         LINE#         2089
  C:1BECH         LINE#         2090
  C:1BEFH         LINE#         2091
  C:1BEFH         LINE#         2092
  C:1BEFH         LINE#         2093
  C:1BF1H         LINE#         2094
  C:1BF1H         LINE#         2095
  C:1BF1H         LINE#         2096
  C:1BF4H         LINE#         2097
  C:1BF4H         LINE#         2098
  C:1BF4H         LINE#         2099
  C:1BF7H         LINE#         2100
  C:1BF7H         LINE#         2101
  C:1BF7H         LINE#         2102
  C:1BFAH         LINE#         2103
  C:1BFAH         LINE#         2104
  C:1BFAH         LINE#         2105
  C:1BFAH         LINE#         2106
  C:1BFAH         LINE#         2107
  C:1BFAH         LINE#         2108
  C:1C23H         LINE#         2109
  C:1C23H         LINE#         2110
  C:1C3FH         LINE#         2111
  C:1C42H         LINE#         2112
  C:1C42H         LINE#         2113
  C:1C42H         LINE#         2114
  C:1C45H         LINE#         2115
  C:1C45H         LINE#         2116
  C:1C45H         LINE#         2117
  C:1C48H         LINE#         2118
  C:1C48H         LINE#         2119
  C:1C64H         LINE#         2120
  C:1C67H         LINE#         2121
  C:1C67H         LINE#         2122
  C:1C83H         LINE#         2123
  C:1C86H         LINE#         2124
  C:1C86H         LINE#         2125
BL51 BANKED LINKER/LOCATER V6.22                                                      09/30/2015  11:18:22  PAGE 42


  C:1C86H         LINE#         2126
  C:1C89H         LINE#         2127
  C:1C89H         LINE#         2128
  C:1C89H         LINE#         2129
  C:1C8CH         LINE#         2130
  C:1C8CH         LINE#         2131
  C:1C8CH         LINE#         2132
  C:1C8CH         LINE#         2133
  C:1C8CH         LINE#         2134
  C:1C8CH         LINE#         2135
  C:1CB2H         LINE#         2136
  C:1CB2H         LINE#         2137
  C:1CD6H         LINE#         2138
  C:1CD9H         LINE#         2139
  C:1CD9H         LINE#         2140
  C:1CF5H         LINE#         2141
  C:1CF8H         LINE#         2142
  C:1CF8H         LINE#         2143
  C:1D14H         LINE#         2144
  C:1D16H         LINE#         2145
  C:1D16H         LINE#         2146
  C:1D3AH         LINE#         2147
  C:1D3CH         LINE#         2148
  C:1D3CH         LINE#         2149
  C:1D73H         LINE#         2150
  C:1D75H         LINE#         2151
  C:1D75H         LINE#         2152
  C:1DA4H         LINE#         2153
  C:1DA6H         LINE#         2154
  C:1DA6H         LINE#         2155
  C:1DD9H         LINE#         2156
  C:1DD9H         LINE#         2157
  C:1DD9H         LINE#         2158
  C:1DD9H         LINE#         2159
  C:1DD9H         LINE#         2160
  C:1DD9H         LINE#         2161
  C:1DD9H         LINE#         2162
  C:1DD9H         LINE#         2163
  C:1DD9H         LINE#         2165
  C:1DE0H         LINE#         2167
  C:1DF2H         LINE#         2169
  C:1DF7H         LINE#         2173
  C:1E5FH         LINE#         2174
  C:1E8DH         LINE#         2175
  C:1E9CH         LINE#         2176
  -------         ENDPROC       _FUN_NAJIAN
  -------         PROC          FUN_ZHUAJIAN
  C:3912H         LINE#         2178
  C:3912H         LINE#         2179
  C:3917H         LINE#         2180
  C:391CH         LINE#         2181
  C:3921H         LINE#         2182
  C:3929H         LINE#         2183
  C:392EH         LINE#         2185
  C:3935H         LINE#         2186
  C:393CH         LINE#         2187
  C:3943H         LINE#         2188
BL51 BANKED LINKER/LOCATER V6.22                                                      09/30/2015  11:18:22  PAGE 43


  C:394AH         LINE#         2189
  C:3962H         LINE#         2190
  C:396EH         LINE#         2191
  C:3975H         LINE#         2192
  C:397EH         LINE#         2193
  C:3985H         LINE#         2194
  C:3987H         LINE#         2195
  C:3987H         LINE#         2196
  C:3987H         LINE#         2197
  C:3987H         LINE#         2198
  C:3989H         LINE#         2199
  C:3995H         LINE#         2200
  C:399CH         LINE#         2201
  C:39A5H         LINE#         2202
  C:39ACH         LINE#         2203
  C:39B3H         LINE#         2204
  C:39BCH         LINE#         2205
  C:39C3H         LINE#         2206
  C:39CCH         LINE#         2207
  C:39CCH         LINE#         2208
  C:39D3H         LINE#         2209
  C:39D6H         LINE#         2210
  -------         ENDPROC       FUN_ZHUAJIAN
  -------         PROC          FUN_BACK
  C:3D2FH         LINE#         2212
  C:3D2FH         LINE#         2213
  C:3D36H         LINE#         2214
  C:3D39H         LINE#         2216
  C:3D40H         LINE#         2217
  C:3D47H         LINE#         2218
  C:3D50H         LINE#         2220
  C:3D57H         LINE#         2221
  -------         ENDPROC       FUN_BACK
  -------         PROC          _FUN_START
  D:0007H         SYMBOL        par_x
  D:0005H         SYMBOL        par_y
  D:0003H         SYMBOL        par_ctfx
  D:0025H         SYMBOL        par_szzt
  D:0026H         SYMBOL        par_sjwz
  D:0027H         SYMBOL        par_pywz
  D:0028H         SYMBOL        par_hzfx
  C:3B7DH         LINE#         2223
  C:3B7DH         LINE#         2224
  C:3B80H         LINE#         2225
  C:3B83H         LINE#         2226
  C:3B85H         LINE#         2227
  C:3B87H         LINE#         2228
  C:3B8AH         LINE#         2229
  C:3B8DH         LINE#         2230
  C:3B90H         LINE#         2232
  C:3B92H         LINE#         2233
  C:3B94H         LINE#         2234
  C:3B96H         LINE#         2235
  C:3B98H         LINE#         2241
  C:3B9BH         LINE#         2242
  C:3B9EH         LINE#         2243
  C:3BA1H         LINE#         2245
BL51 BANKED LINKER/LOCATER V6.22                                                      09/30/2015  11:18:22  PAGE 44


  C:3BA6H         LINE#         2246
  C:3BA9H         LINE#         2247
  C:3BAEH         LINE#         2248
  C:3BB2H         LINE#         2249
  C:3BB6H         LINE#         2250
  C:3BBAH         LINE#         2251
  C:3BBEH         LINE#         2253
  C:3BC3H         LINE#         2254
  C:3BC9H         LINE#         2255
  C:3BD0H         LINE#         2256
  C:3BD7H         LINE#         2257
  C:3BDEH         LINE#         2258
  C:3BE5H         LINE#         2260
  C:3BE7H         LINE#         2261
  C:3BE9H         LINE#         2262
  C:3BEBH         LINE#         2267
  -------         ENDPROC       _FUN_START
  -------         PROC          FUN_STOP
  C:3CB6H         LINE#         2270
  C:3CB6H         LINE#         2271
  C:3CB8H         LINE#         2272
  C:3CBDH         LINE#         2273
  C:3CC3H         LINE#         2274
  C:3CCAH         LINE#         2275
  C:3CD1H         LINE#         2276
  C:3CD8H         LINE#         2277
  C:3CDFH         LINE#         2278
  C:3CF1H         LINE#         2279
  -------         ENDPROC       FUN_STOP
  -------         ENDMOD        8023

  -------         MODULE        ?C?FPMUL
  C:1018H         PUBLIC        ?C?FPMUL
  -------         ENDMOD        ?C?FPMUL

  -------         MODULE        ?C?FCAST
  C:1128H         PUBLIC        ?C?FCASTC
  C:1123H         PUBLIC        ?C?FCASTI
  C:111EH         PUBLIC        ?C?FCASTL
  -------         ENDMOD        ?C?FCAST

  -------         MODULE        ?C?CASTF
  C:115CH         PUBLIC        ?C?CASTF
  -------         ENDMOD        ?C?CASTF

  -------         MODULE        PRINTF
  D:0022H         PUBLIC        ?_PRINTF?BYTE
  D:0022H         PUBLIC        ?_SPRINTF?BYTE
  C:2417H         PUBLIC        _PRINTF
  C:2411H         PUBLIC        _SPRINTF
  -------         ENDMOD        PRINTF

  -------         MODULE        ?C?FPROUND
  C:11DDH         PUBLIC        ?C?FPROUND
  -------         ENDMOD        ?C?FPROUND

  -------         MODULE        ?C?FPCONVERT
BL51 BANKED LINKER/LOCATER V6.22                                                      09/30/2015  11:18:22  PAGE 45


  C:120CH         PUBLIC        ?C?FPCONVERT
  -------         ENDMOD        ?C?FPCONVERT

  -------         MODULE        ?C?FPADD
  C:1316H         PUBLIC        ?C?FPADD
  C:1312H         PUBLIC        ?C?FPSUB
  -------         ENDMOD        ?C?FPADD

  -------         MODULE        ?C?FPDIV
  C:140AH         PUBLIC        ?C?FPDIV
  -------         ENDMOD        ?C?FPDIV

  -------         MODULE        ?C?FTNPWR
  C:14D7H         PUBLIC        ?C?FTNPWR
  -------         ENDMOD        ?C?FTNPWR

  -------         MODULE        ?C?CLDPTR
  C:1517H         PUBLIC        ?C?CLDPTR
  -------         ENDMOD        ?C?CLDPTR

  -------         MODULE        ?C?CLDOPTR
  C:1530H         PUBLIC        ?C?CLDOPTR
  -------         ENDMOD        ?C?CLDOPTR

  -------         MODULE        ?C?CILDOPTR
  C:155DH         PUBLIC        ?C?CILDOPTR
  -------         ENDMOD        ?C?CILDOPTR

  -------         MODULE        ?C?CSTPTR
  C:1590H         PUBLIC        ?C?CSTPTR
  -------         ENDMOD        ?C?CSTPTR

  -------         MODULE        ?C?IMUL
  C:15A2H         PUBLIC        ?C?IMUL
  -------         ENDMOD        ?C?IMUL

  -------         MODULE        ?C?UIDIV
  C:15B4H         PUBLIC        ?C?UIDIV
  -------         ENDMOD        ?C?UIDIV

  -------         MODULE        ?C?SIDIV
  C:1609H         PUBLIC        ?C?SIDIV
  -------         ENDMOD        ?C?SIDIV

  -------         MODULE        ?C?IILDX
  C:163FH         PUBLIC        ?C?IILDX
  -------         ENDMOD        ?C?IILDX

  -------         MODULE        ?C?ULDIV
  C:1691H         PUBLIC        ?C?ULDIV
  -------         ENDMOD        ?C?ULDIV

  -------         MODULE        ?C?LNEG
  C:1723H         PUBLIC        ?C?LNEG
  -------         ENDMOD        ?C?LNEG

  -------         MODULE        ?C?ULCMP
BL51 BANKED LINKER/LOCATER V6.22                                                      09/30/2015  11:18:22  PAGE 46


  C:1731H         PUBLIC        ?C?ULCMP
  -------         ENDMOD        ?C?ULCMP

  -------         MODULE        ?C?LSTXDATA
  C:1742H         PUBLIC        ?C?LSTXDATA
  -------         ENDMOD        ?C?LSTXDATA

  -------         MODULE        ?C?LSTKXDATA
  C:174EH         PUBLIC        ?C?LSTKXDATA
  -------         ENDMOD        ?C?LSTKXDATA

  -------         MODULE        ?C?PLDIIDATA
  C:177FH         PUBLIC        ?C?PLDIIDATA
  -------         ENDMOD        ?C?PLDIIDATA

  -------         MODULE        ?C?CCASE
  C:178FH         PUBLIC        ?C?CCASE
  -------         ENDMOD        ?C?CCASE

  -------         MODULE        PUTCHAR
  C:3D91H         PUBLIC        _PUTCHAR
  -------         ENDMOD        PUTCHAR

  -------         MODULE        CABS
  C:3F0CH         PUBLIC        _CABS
  -------         ENDMOD        CABS

  -------         MODULE        ?C?MEMSET
  C:17B5H         PUBLIC        ?C?MEMSET
  -------         ENDMOD        ?C?MEMSET

Program Size: data=103.1 xdata=240 code=16152
LINK/LOCATE RUN COMPLETE.  0 WARNING(S),  0 ERROR(S)
