BL51 BANKED LINKER/LOCATER V6.22                                                        11/16/2015  01:23:46  PAGE 1


BL51 BANKED LINKER/LOCATER V6.22, INVOKED BY:
D:\MYPROGRAM\KEIL\C51\BIN\BL51.EXE STARTUP.obj, perfect.obj, ..\8023.LIB TO perfect RAMSIZE (256) DISABLEWARNING (16)


MEMORY MODEL: LARGE WITH FLOATING POINT ARITHMETIC


INPUT MODULES INCLUDED:
  STARTUP.obj (?C_STARTUP)
  perfect.obj (PERFECT)
  ..\8023.LIB (8023)
  D:\MYPROGRAM\KEIL\C51\LIB\C51FPL.LIB (?C?FPMUL)
  D:\MYPROGRAM\KEIL\C51\LIB\C51FPL.LIB (?C?FCAST)
  D:\MYPROGRAM\KEIL\C51\LIB\C51FPL.LIB (?C?CASTF)
  D:\MYPROGRAM\KEIL\C51\LIB\C51FPL.LIB (PRINTF)
  D:\MYPROGRAM\KEIL\C51\LIB\C51FPL.LIB (?C?FPGETOPN)
  D:\MYPROGRAM\KEIL\C51\LIB\C51FPL.LIB (?C?FPROUND)
  D:\MYPROGRAM\KEIL\C51\LIB\C51FPL.LIB (?C?FPCONVERT)
  D:\MYPROGRAM\KEIL\C51\LIB\C51FPL.LIB (?C?FPADD)
  D:\MYPROGRAM\KEIL\C51\LIB\C51FPL.LIB (?C?FPDIV)
  D:\MYPROGRAM\KEIL\C51\LIB\C51FPL.LIB (?C?FTNPWR)
  D:\MYPROGRAM\KEIL\C51\LIB\C51L.LIB (?C_INIT)
  D:\MYPROGRAM\KEIL\C51\LIB\C51L.LIB (?C?COPY)
  D:\MYPROGRAM\KEIL\C51\LIB\C51L.LIB (?C?CLDPTR)
  D:\MYPROGRAM\KEIL\C51\LIB\C51L.LIB (?C?CLDOPTR)
  D:\MYPROGRAM\KEIL\C51\LIB\C51L.LIB (?C?CILDOPTR)
  D:\MYPROGRAM\KEIL\C51\LIB\C51L.LIB (?C?CSTPTR)
  D:\MYPROGRAM\KEIL\C51\LIB\C51L.LIB (?C?CSTOPTR)
  D:\MYPROGRAM\KEIL\C51\LIB\C51L.LIB (?C?IMUL)
  D:\MYPROGRAM\KEIL\C51\LIB\C51L.LIB (?C?UIDIV)
  D:\MYPROGRAM\KEIL\C51\LIB\C51L.LIB (?C?SIDIV)
  D:\MYPROGRAM\KEIL\C51\LIB\C51L.LIB (?C?IILDX)
  D:\MYPROGRAM\KEIL\C51\LIB\C51L.LIB (?C?ILDIX)
  D:\MYPROGRAM\KEIL\C51\LIB\C51L.LIB (?C?ULDIV)
  D:\MYPROGRAM\KEIL\C51\LIB\C51L.LIB (?C?LNEG)
  D:\MYPROGRAM\KEIL\C51\LIB\C51L.LIB (?C?ULCMP)
  D:\MYPROGRAM\KEIL\C51\LIB\C51L.LIB (?C?LSTXDATA)
  D:\MYPROGRAM\KEIL\C51\LIB\C51L.LIB (?C?LSTKXDATA)
  D:\MYPROGRAM\KEIL\C51\LIB\C51L.LIB (?C?OFFXADD)
  D:\MYPROGRAM\KEIL\C51\LIB\C51L.LIB (?C?PLDIXDATA)
  D:\MYPROGRAM\KEIL\C51\LIB\C51L.LIB (?C?PSTXDATA)
  D:\MYPROGRAM\KEIL\C51\LIB\C51L.LIB (?C?CCASE)
  D:\MYPROGRAM\KEIL\C51\LIB\C51L.LIB (PUTCHAR)
  D:\MYPROGRAM\KEIL\C51\LIB\C51L.LIB (CABS)
  D:\MYPROGRAM\KEIL\C51\LIB\C51L.LIB (?C?MEMSET)


LINK MAP OF MODULE:  perfect (?C_STARTUP)


            TYPE    BASE      LENGTH    RELOCATION   SEGMENT NAME
            -----------------------------------------------------

            * * * * * * *   D A T A   M E M O R Y   * * * * * * *
            REG     0000H     0008H     ABSOLUTE     "REG BANK 0"
            REG     0008H     0008H     ABSOLUTE     "REG BANK 1"
            DATA    0010H     000BH     UNIT         _DATA_GROUP_
            DATA    001BH     0005H     UNIT         ?DT?8023
BL51 BANKED LINKER/LOCATER V6.22                                                      11/16/2015  01:23:46  PAGE 2


            BIT     0020H.0   0001H.1   UNIT         _BIT_GROUP_
                    0021H.1   0000H.7                *** GAP ***
            DATA    0022H     0001H     UNIT         ?DT?_FUN_PYSJHZ?8023
            IDATA   0023H     0001H     UNIT         ?STACK

            * * * * * * *  X D A T A   M E M O R Y  * * * * * * *
            XDATA   0000H     0244H     UNIT         ?XD?8023
            XDATA   0244H     0061H     UNIT         ?XD?_FUN_ZDZJ?8023
            XDATA   02A5H     0032H     UNIT         _XDATA_GROUP_
            XDATA   02D7H     002EH     UNIT         ?XD?_FUN_FLSETTING?8023
            XDATA   0305H     002CH     UNIT         ?XD?_FUN_MIN?8023
            XDATA   0331H     000EH     UNIT         ?XD?_FUN_PYSJHZ?8023
            XDATA   033FH     000DH     UNIT         ?XD?_FUN_SJHZ?8023
            XDATA   034CH     0009H     UNIT         ?XD?_FUN_NAJIAN?8023
            XDATA   0355H     0005H     UNIT         ?XD?_FUN_FOLLINE?8023
            XDATA   035AH     0004H     UNIT         ?XD?FUN_CALIBRATION?8023
            XDATA   035EH     0003H     UNIT         ?XD?_FUN_QC?8023
            XDATA   0361H     0002H     UNIT         ?XD?_FUN_PYHZ?8023
            XDATA   0363H     0002H     UNIT         ?XD?_FUN_ZJZT?8023
            XDATA   0365H     0001H     UNIT         ?XD?_FUN_SZ?8023
            XDATA   0366H     0001H     UNIT         ?XD?_FUN_PY?8023
            XDATA   0367H     0001H     UNIT         ?XD?_FUN_SJ?8023
            XDATA   0368H     0001H     UNIT         ?XD?_FUN_HZ?8023
            XDATA   0369H     0001H     UNIT         ?XD?_FUN_TURN?8023

            * * * * * * *   C O D E   M E M O R Y   * * * * * * *
            CODE    0000H     0003H     ABSOLUTE     
            CODE    0003H     0003H     ABSOLUTE     
            CODE    0006H     0001H     UNIT         ?PR?INT0INTERRUPT?PERFECT
                    0007H     0004H                  *** GAP ***
            CODE    000BH     0003H     ABSOLUTE     
            CODE    000EH     000DH     UNIT         ?PR?FUN_STOPE2PROM?8023
            CODE    001BH     0003H     ABSOLUTE     
            CODE    001EH     10D0H     UNIT         ?PR?_FUN_ZDZJ?8023
            CODE    10EEH     10C8H     UNIT         ?PR?_FUN_GETPUBLICY?8023
            CODE    21B6H     0DFDH     UNIT         ?PR?_FUN_NAJIAN?8023
            CODE    2FB3H     0923H     UNIT         ?C?LIB_CODE
            CODE    38D6H     05BFH     UNIT         ?PR?_FUN_COORDINATE?8023
            CODE    3E95H     0557H     UNIT         ?PR?FUN_TIMERMOVE?8023
            CODE    43ECH     0483H     UNIT         ?PR?PRINTF?PRINTF
            CODE    486FH     039AH     UNIT         ?PR?_FUN_PYSJHZ?8023
            CODE    4C09H     02C1H     UNIT         ?PR?_FUN_SJHZ?8023
            CODE    4ECAH     0251H     UNIT         ?PR?_FUN_SETXY?8023
            CODE    511BH     023EH     UNIT         ?PR?_FUN_MOTORS?8023
            CODE    5359H     01DEH     UNIT         ?PR?_FUN_QC?8023
            CODE    5537H     01B5H     UNIT         ?PR?FUN_CALIBRATION?8023
            CODE    56ECH     01AFH     UNIT         ?PR?_FUN_PBXY?8023
            CODE    589BH     01AEH     UNIT         ?PR?_FUN_MOTORSRL?8023
            CODE    5A49H     01AAH     UNIT         ?PR?_FUN_FOLLINE?8023
            CODE    5BF3H     0183H     UNIT         ?PR?_FUN_ZJZT?8023
            CODE    5D76H     0175H     UNIT         ?PR?_FUN_XYMOVE?8023
            CODE    5EEBH     015EH     UNIT         ?PR?_FUN_HZ?8023
            CODE    6049H     015AH     UNIT         ?PR?_FUN_SJ?8023
            CODE    61A3H     0147H     UNIT         ?PR?_FUN_PYHZ?8023
            CODE    62EAH     0137H     UNIT         ?PR?_FUN_PY?8023
            CODE    6421H     011CH     UNIT         ?PR?FUN_TEST?8023
            CODE    653DH     00D6H     UNIT         ?PR?_FUN_GO?8023
BL51 BANKED LINKER/LOCATER V6.22                                                      11/16/2015  01:23:46  PAGE 3


            CODE    6613H     00D3H     UNIT         ?PR?MAIN?PERFECT
            CODE    66E6H     00CBH     UNIT         ?PR?FUN_ZHUAJIAN?8023
            CODE    67B1H     00C8H     UNIT         ?PR?_FUN_START?8023
            CODE    6879H     00A3H     UNIT         ?PR?FUN_JTJP?8023
            CODE    691CH     009AH     UNIT         ?PR?_FUN_GETXY?8023
            CODE    69B6H     008CH     UNIT         ?C_C51STARTUP
            CODE    6A42H     0083H     UNIT         ?PR?_FUN_FLSETTING?8023
            CODE    6AC5H     007BH     UNIT         ?PR?_FUN_TURN?8023
            CODE    6B40H     007BH     UNIT         ?PR?_FUN_MIN?8023
            CODE    6BBBH     0075H     UNIT         ?PR?_FUN_DELAY?8023
            CODE    6C30H     0042H     UNIT         ?PR?_FUN_SZ?8023
            CODE    6C72H     0042H     UNIT         ?PR?FUN_STOP?8023
            CODE    6CB4H     0032H     UNIT         ?PR?FUN_BACK90?8023
            CODE    6CE6H     002FH     UNIT         ?C_INITSEG
            CODE    6D15H     0027H     UNIT         ?PR?PUTCHAR?PUTCHAR
            CODE    6D3CH     0026H     UNIT         ?PR?FUN_TIMER0?8023
            CODE    6D62H     0024H     UNIT         ?PR?FUN_MAINTFL?8023
            CODE    6D86H     0021H     UNIT         ?PR?_FUN_WRITEE2PROM?8023
            CODE    6DA7H     0020H     UNIT         ?PR?_FUN_READE2PROM?8023
            CODE    6DC7H     001DH     UNIT         ?PR?_FUN_CLEANE2PROM?8023
            CODE    6DE4H     001BH     UNIT         ?PR?TIMER0INTERRUPT?PERFECT
            CODE    6DFFH     001BH     UNIT         ?PR?TIMER1INTERRUPT?PERFECT
            CODE    6E1AH     001AH     UNIT         ?PR?FUN_WAIT?8023
            CODE    6E34H     001AH     UNIT         ?PR?_FUN_PWMR?8023
            CODE    6E4EH     001AH     UNIT         ?PR?_FUN_PWML?8023
            CODE    6E68H     0016H     UNIT         ?PR?FUN_TIMER0INIT?8023
            CODE    6E7EH     0016H     UNIT         ?PR?FUN_TIMER1INIT?8023
            CODE    6E94H     0016H     UNIT         ?PR?FUN_ZBTFL?8023
            CODE    6EAAH     0013H     UNIT         ?PR?FUN_PORT?8023
            CODE    6EBDH     000BH     UNIT         ?PR?FUN_PWMINIT?8023
            CODE    6EC8H     0009H     UNIT         ?CO?8023
            CODE    6ED1H     0008H     UNIT         ?PR?_CABS?CABS
            CODE    6ED9H     0007H     UNIT         ?PR?FUN_TIMER1?8023



OVERLAY MAP OF MODULE:   perfect (?C_STARTUP)


SEGMENT                                BIT_GROUP          DATA_GROUP          XDATA_GROUP
  +--> CALLED SEGMENT               START    LENGTH     START    LENGTH     START    LENGTH
-------------------------------------------------------------------------------------------
?C_C51STARTUP                       -----    -----      -----    -----      -----    -----
  +--> ?PR?MAIN?PERFECT
  +--> ?C_INITSEG

?PR?MAIN?PERFECT                    -----    -----      -----    -----      -----    -----
  +--> ?PR?_FUN_START?8023
  +--> ?PR?_FUN_SETXY?8023
  +--> ?PR?_FUN_GO?8023
  +--> ?PR?FUN_ZBTFL?8023
  +--> ?PR?_FUN_DELAY?8023
  +--> ?PR?FUN_STOP?8023

?PR?_FUN_START?8023                 -----    -----      -----    -----      02A5H    0007H
  +--> ?PR?FUN_PORT?8023
  +--> ?PR?FUN_PWMINIT?8023
BL51 BANKED LINKER/LOCATER V6.22                                                      11/16/2015  01:23:46  PAGE 4


  +--> ?PR?FUN_TIMER0INIT?8023
  +--> ?PR?FUN_TIMER1INIT?8023
  +--> ?PR?_FUN_MOTORS?8023
  +--> ?PR?FUN_WAIT?8023

?PR?_FUN_MOTORS?8023                -----    -----      -----    -----      02ACH    0001H
  +--> ?PR?_CABS?CABS
  +--> ?PR?_FUN_PWML?8023
  +--> ?PR?_FUN_PWMR?8023

?PR?FUN_WAIT?8023                   -----    -----      -----    -----      -----    -----
  +--> ?PR?_FUN_DELAY?8023

?PR?_FUN_DELAY?8023                 -----    -----      0010H    0007H      -----    -----

?PR?_FUN_SETXY?8023                 -----    -----      -----    -----      02A5H    001AH
  +--> ?PR?_FUN_PBXY?8023

?PR?_FUN_PBXY?8023                  -----    -----      -----    -----      02BFH    0004H

?PR?_FUN_GO?8023                    -----    -----      -----    -----      -----    -----
  +--> ?PR?_FUN_GETXY?8023
  +--> ?PR?_FUN_XYMOVE?8023
  +--> ?PR?_FUN_COORDINATE?8023

?PR?_FUN_GETXY?8023                 -----    -----      -----    -----      02A5H    0001H

?PR?_FUN_XYMOVE?8023                -----    -----      -----    -----      02A8H    0001H

?PR?_FUN_COORDINATE?8023            -----    -----      -----    -----      02A5H    0003H
  +--> ?PR?_FUN_GETPUBLICY?8023
  +--> ?PR?_FUN_XYMOVE?8023

?PR?_FUN_GETPUBLICY?8023            -----    -----      -----    -----      02A8H    0007H

?PR?FUN_ZBTFL?8023                  -----    -----      -----    -----      -----    -----
  +--> ?PR?FUN_MAINTFL?8023

?PR?FUN_MAINTFL?8023                -----    -----      -----    -----      -----    -----
  +--> ?PR?_FUN_DELAY?8023
  +--> ?PR?FUN_JTJP?8023

?PR?FUN_JTJP?8023                   -----    -----      -----    -----      -----    -----
  +--> ?PR?_FUN_DELAY?8023
  +--> ?PR?_FUN_MOTORS?8023

?PR?FUN_STOP?8023                   -----    -----      -----    -----      -----    -----
  +--> ?PR?_FUN_MOTORS?8023
  +--> ?CO?8023
  +--> ?PR?PRINTF?PRINTF

?PR?PRINTF?PRINTF                   0020H.0  0001H.1    0010H    0005H      02A5H    0030H
  +--> ?PR?PUTCHAR?PUTCHAR

*** NEW ROOT ***************************************************

?PR?TIMER0INTERRUPT?PERFECT         -----    -----      -----    -----      -----    -----
BL51 BANKED LINKER/LOCATER V6.22                                                      11/16/2015  01:23:46  PAGE 5


  +--> ?PR?FUN_TIMER0?8023

?PR?FUN_TIMER0?8023                 -----    -----      -----    -----      -----    -----
  +--> ?PR?FUN_TIMERMOVE?8023

?PR?FUN_TIMERMOVE?8023              -----    -----      0017H    0004H      -----    -----
  +--> ?PR?_FUN_MOTORSRL?8023

?PR?_FUN_MOTORSRL?8023              -----    -----      -----    -----      02D5H    0002H
  +--> ?PR?_CABS?CABS
  +--> ?PR?_FUN_PWML?8023
  +--> ?PR?_FUN_PWMR?8023

*** NEW ROOT ***************************************************

?PR?TIMER1INTERRUPT?PERFECT         -----    -----      -----    -----      -----    -----
  +--> ?PR?FUN_TIMER1?8023



SYMBOL TABLE OF MODULE:  perfect (?C_STARTUP)

  VALUE           TYPE          NAME
  ----------------------------------

  -------         MODULE        ?C_STARTUP
  C:69B6H         SEGMENT       ?C_C51STARTUP
  I:0023H         SEGMENT       ?STACK
  C:0000H         PUBLIC        ?C_STARTUP
  D:00E0H         SYMBOL        ACC
  D:00F0H         SYMBOL        B
  D:0083H         SYMBOL        DPH
  D:0082H         SYMBOL        DPL
  N:0000H         SYMBOL        IBPSTACK
  N:0100H         SYMBOL        IBPSTACKTOP
  N:0080H         SYMBOL        IDATALEN
  C:69B9H         SYMBOL        IDATALOOP
  N:0000H         SYMBOL        PBPSTACK
  N:0100H         SYMBOL        PBPSTACKTOP
  N:0000H         SYMBOL        PDATALEN
  N:0000H         SYMBOL        PDATASTART
  N:0000H         SYMBOL        PPAGE
  N:0000H         SYMBOL        PPAGEENABLE
  D:00A0H         SYMBOL        PPAGE_SFR
  D:0081H         SYMBOL        SP
  C:69B6H         SYMBOL        STARTUP1
  N:0000H         SYMBOL        XBPSTACK
  N:0000H         SYMBOL        XBPSTACKTOP
  N:0000H         SYMBOL        XDATALEN
  N:0000H         SYMBOL        XDATASTART
  C:0000H         LINE#         126
  C:69B6H         LINE#         133
  C:69B8H         LINE#         134
  C:69B9H         LINE#         135
  C:69BAH         LINE#         136
  C:69BCH         LINE#         185
  C:69BFH         LINE#         196
BL51 BANKED LINKER/LOCATER V6.22                                                      11/16/2015  01:23:46  PAGE 6


  -------         ENDMOD        ?C_STARTUP

  -------         MODULE        PERFECT
  C:0000H         SYMBOL        _ICE_DUMMY_
  D:0080H         PUBLIC        P0
  D:0090H         PUBLIC        P1
  D:00A0H         PUBLIC        P2
  D:00B0H         PUBLIC        P3
  D:00C0H         PUBLIC        P4
  D:00C8H         PUBLIC        P5
  C:6DE4H         PUBLIC        Timer0Interrupt
  C:6DFFH         PUBLIC        Timer1Interrupt
  D:00A8H         PUBLIC        IE
  D:00B8H         PUBLIC        IP
  D:00D8H         PUBLIC        CCON
  C:6613H         PUBLIC        main
  C:0006H         PUBLIC        Int0Interrupt
  D:0098H         PUBLIC        SCON
  D:0088H         PUBLIC        TCON
  D:00D0H         PUBLIC        PSW
  -------         PROC          MAIN
  C:6613H         LINE#         3
  C:6613H         LINE#         4
  C:662DH         LINE#         12
  C:668EH         LINE#         31
  C:6693H         LINE#         32
  C:6696H         LINE#         33
  C:669FH         LINE#         35
  C:66A4H         LINE#         36
  C:66A7H         LINE#         37
  C:66B0H         LINE#         39
  C:66B5H         LINE#         40
  C:66B8H         LINE#         41
  C:66C1H         LINE#         43
  C:66C6H         LINE#         44
  C:66C9H         LINE#         45
  C:66D2H         LINE#         47
  C:66D7H         LINE#         48
  C:66DAH         LINE#         49
  C:66E3H         LINE#         82
  -------         ENDPROC       MAIN
  -------         PROC          INT0INTERRUPT
  C:0006H         LINE#         84
  C:0006H         LINE#         86
  -------         ENDPROC       INT0INTERRUPT
  -------         PROC          TIMER0INTERRUPT
  C:6DE4H         LINE#         87
  C:6DF1H         LINE#         88
  C:6DF4H         LINE#         89
  -------         ENDPROC       TIMER0INTERRUPT
  -------         PROC          TIMER1INTERRUPT
  C:6DFFH         LINE#         90
  C:6E0CH         LINE#         91
  C:6E0FH         LINE#         92
  -------         ENDPROC       TIMER1INTERRUPT
  -------         ENDMOD        PERFECT

BL51 BANKED LINKER/LOCATER V6.22                                                      11/16/2015  01:23:46  PAGE 7


  -------         MODULE        8023
  C:0000H         SYMBOL        _ICE_DUMMY_
  D:0092H         PUBLIC        P1M0
  D:0093H         PUBLIC        P0M1
  C:5BF8H         PUBLIC        _fun_zjzt
  C:5359H         PUBLIC        _fun_qc
  C:6D3CH         PUBLIC        fun_timer0
  D:0096H         PUBLIC        P2M0
  D:0091H         PUBLIC        P1M1
  D:0080H         PUBLIC        P0
  C:6ED9H         PUBLIC        fun_timer1
  D:0095H         PUBLIC        P2M1
  D:0090H         PUBLIC        P1
  C:653DH         PUBLIC        _fun_go
  C:6A42H         PUBLIC        _fun_flsetting
  D:00A0H         PUBLIC        P2
  X:0000H         PUBLIC        str_tfl
  B:0090H.2       PUBLIC        out_pwmr
  D:00B0H         PUBLIC        P3
  D:00C0H         PUBLIC        P4
  D:00C8H         PUBLIC        P5
  B:00A8H.7       PUBLIC        EA
  C:6049H         PUBLIC        _fun_sj
  C:3E95H         PUBLIC        fun_timermove
  C:66E6H         PUBLIC        fun_zhuajian
  C:6DC7H         PUBLIC        _fun_cleane2prom
  B:00B0H.6       PUBLIC        in_hpy
  D:00F9H         PUBLIC        CH
  C:5EEBH         PUBLIC        _fun_hz
  D:00A8H         PUBLIC        IE
  D:00E9H         PUBLIC        CL
  D:00C5H         PUBLIC        IAP_CMD
  X:004CH         PUBLIC        str_now
  D:00FAH         PUBLIC        CCAP0H
  D:00FBH         PUBLIC        CCAP1H
  B:00B0H.5       PUBLIC        in_qpy
  C:62EAH         PUBLIC        _fun_py
  D:00EAH         PUBLIC        CCAP0L
  B:00D8H.6       PUBLIC        CR
  D:00EBH         PUBLIC        CCAP1L
  D:00DAH         PUBLIC        CCAPM0
  D:00DBH         PUBLIC        CCAPM1
  C:5A49H         PUBLIC        _fun_folline
  C:6C30H         PUBLIC        _fun_sz
  D:00B8H         PUBLIC        IP
  C:6D62H         PUBLIC        fun_maintfl
  B:00A0H.5       PUBLIC        in_hz
  B:0098H.1       PUBLIC        TI
  D:0097H         PUBLIC        CLK_DIV
  C:21B6H         PUBLIC        _fun_najian
  D:00C3H         PUBLIC        IAP_ADDRH
  B:00B0H.4       PUBLIC        in_j
  C:6DA7H         PUBLIC        _fun_reade2prom
  D:00C4H         PUBLIC        IAP_ADDRL
  D:00D9H         PUBLIC        CMOD
  D:00D8H         PUBLIC        CCON
  C:6CB4H         PUBLIC        fun_back90
BL51 BANKED LINKER/LOCATER V6.22                                                      11/16/2015  01:23:46  PAGE 8


  B:00B0H.3       PUBLIC        in_s
  B:00A0H.0       PUBLIC        out_dir1
  B:00A0H.2       PUBLIC        out_dir2
  D:0087H         PUBLIC        PCON
  C:6D86H         PUBLIC        _fun_writee2prom
  C:58ADH         PUBLIC        _fun_motorsrl
  D:0098H         PUBLIC        SCON
  D:0089H         PUBLIC        TMOD
  D:0088H         PUBLIC        TCON
  C:6E68H         PUBLIC        fun_timer0init
  C:6EBDH         PUBLIC        fun_pwminit
  C:6E7EH         PUBLIC        fun_timer1init
  C:5537H         PUBLIC        fun_calibration
  C:6BC1H         PUBLIC        _fun_delay
  B:00A0H.1       PUBLIC        out_en1
  B:00A0H.3       PUBLIC        out_en2
  D:008EH         PUBLIC        AUXR
  X:0059H         PUBLIC        str_begin
  D:00C7H         PUBLIC        IAP_CONTR
  B:0080H.7       PUBLIC        in_ls1
  B:00A8H.1       PUBLIC        ET0
  B:0080H.6       PUBLIC        in_ls2
  B:0088H.5       PUBLIC        TF0
  B:00A8H.3       PUBLIC        ET1
  B:0080H.5       PUBLIC        in_ls3
  B:0088H.7       PUBLIC        TF1
  B:0080H.4       PUBLIC        in_ls4
  D:008CH         PUBLIC        TH0
  C:000EH         PUBLIC        fun_stope2prom
  B:0080H.3       PUBLIC        in_ls5
  D:008DH         PUBLIC        TH1
  B:0080H.2       PUBLIC        in_ls6
  D:001CH         PUBLIC        var_timer
  B:0080H.1       PUBLIC        in_ls7
  C:6E94H         PUBLIC        fun_zbtfl
  B:0080H.0       PUBLIC        in_ls8
  D:008AH         PUBLIC        TL0
  D:008BH         PUBLIC        TL1
  C:5124H         PUBLIC        _fun_motors
  B:0090H.6       PUBLIC        out_switchselect
  D:00C2H         PUBLIC        IAP_DATA
  B:0088H.4       PUBLIC        TR0
  C:5D7AH         PUBLIC        _fun_xymove
  C:486FH         PUBLIC        _fun_pysjhz
  B:0088H.6       PUBLIC        TR1
  C:38D6H         PUBLIC        _fun_coordinate
  D:00F2H         PUBLIC        PCA_PWM0
  B:00A0H.4       PUBLIC        in_wz1
  D:00F3H         PUBLIC        PCA_PWM1
  C:67B1H         PUBLIC        _fun_start
  B:00A0H.5       PUBLIC        in_wz2
  B:00A0H.6       PUBLIC        in_wz3
  B:00A0H.7       PUBLIC        in_wz4
  C:691CH         PUBLIC        _fun_getxy
  B:00A0H.4       PUBLIC        in_wz5
  C:6E1AH         PUBLIC        fun_wait
  C:6879H         PUBLIC        fun_jtjp
BL51 BANKED LINKER/LOCATER V6.22                                                      11/16/2015  01:23:46  PAGE 9


  D:009CH         PUBLIC        BRT
  B:00B0H.2       PUBLIC        in_start
  C:10EEH         PUBLIC        _fun_getpublicy
  C:4ECAH         PUBLIC        _fun_setxy
  X:0066H         PUBLIC        str_zbfl
  C:4C09H         PUBLIC        _fun_sjhz
  C:6421H         PUBLIC        fun_test
  C:6E4EH         PUBLIC        _fun_pwml
  C:001EH         PUBLIC        _fun_zdzj
  C:56F5H         PUBLIC        _fun_pbxy
  C:6B81H         PUBLIC        _fun_min
  C:6EAAH         PUBLIC        fun_port
  X:0210H         PUBLIC        str_cod
  D:00C6H         PUBLIC        IAP_TRIG
  C:6C72H         PUBLIC        fun_stop
  C:6E34H         PUBLIC        _fun_pwmr
  B:0090H.7       PUBLIC        out_motorselect
  C:6AC5H         PUBLIC        _fun_turn
  C:61A7H         PUBLIC        _fun_pyhz
  D:00D0H         PUBLIC        PSW
  X:0237H         PUBLIC        str_next
  B:0090H.5       PUBLIC        out_pwml
  D:0094H         PUBLIC        P0M0
  C:6BBBH         SYMBOL        L?1672
  C:6BBDH         SYMBOL        L?1673
  -------         PROC          L?1671
  -------         ENDPROC       L?1671
  C:6BBBH         SYMBOL        L?1672
  C:6BBDH         SYMBOL        L?1673
  -------         PROC          _FUN_DELAY
  D:0006H         SYMBOL        par_value
  D:0005H         SYMBOL        par_model
  -------         DO            
  D:0015H         SYMBOL        loc_con
  -------         DO            
  D:0010H         SYMBOL        loc_i
  D:0011H         SYMBOL        loc_j
  D:0012H         SYMBOL        loc_i
  D:0013H         SYMBOL        loc_j
  D:0014H         SYMBOL        loc_k
  -------         ENDDO         
  -------         DO            
  D:0012H         SYMBOL        loc_i
  D:0013H         SYMBOL        loc_j
  D:0014H         SYMBOL        loc_k
  -------         ENDDO         
  -------         ENDDO         
  C:6BC1H         LINE#         32
  C:6BC1H         LINE#         33
  C:6BC5H         LINE#         34
  C:6BD1H         LINE#         35
  C:6BD1H         LINE#         36
  C:6BE3H         LINE#         37
  C:6BE4H         LINE#         38
  C:6BE5H         LINE#         39
  C:6BE7H         LINE#         41
  C:6BE7H         LINE#         42
BL51 BANKED LINKER/LOCATER V6.22                                                      11/16/2015  01:23:46  PAGE 10


  C:6BF9H         LINE#         44
  C:6BFAH         LINE#         45
  C:6BFBH         LINE#         46
  C:6BFEH         LINE#         47
  C:6C01H         LINE#         48
  C:6C01H         LINE#         49
  C:6C04H         LINE#         50
  C:6C07H         LINE#         51
  C:6C09H         LINE#         53
  C:6C09H         LINE#         54
  C:6C1BH         LINE#         56
  C:6C1EH         LINE#         57
  C:6C21H         LINE#         58
  C:6C24H         LINE#         59
  C:6C24H         LINE#         60
  C:6C24H         LINE#         61
  C:6C27H         LINE#         62
  C:6C2AH         LINE#         63
  C:6C2DH         LINE#         64
  C:6C2FH         LINE#         66
  C:6C2FH         LINE#         67
  C:6C2FH         LINE#         68
  -------         ENDPROC       _FUN_DELAY
  -------         PROC          FUN_TIMER0INIT
  C:6E68H         LINE#         69
  C:6E68H         LINE#         70
  C:6E6BH         LINE#         71
  C:6E6EH         LINE#         72
  C:6E71H         LINE#         73
  C:6E74H         LINE#         74
  C:6E77H         LINE#         75
  C:6E79H         LINE#         76
  C:6E7BH         LINE#         77
  C:6E7DH         LINE#         78
  -------         ENDPROC       FUN_TIMER0INIT
  -------         PROC          FUN_TIMER1INIT
  C:6E7EH         LINE#         79
  C:6E7EH         LINE#         80
  C:6E81H         LINE#         81
  C:6E84H         LINE#         82
  C:6E87H         LINE#         83
  C:6E8AH         LINE#         84
  C:6E8DH         LINE#         85
  C:6E8FH         LINE#         86
  C:6E91H         LINE#         87
  C:6E93H         LINE#         88
  -------         ENDPROC       FUN_TIMER1INIT
  -------         PROC          FUN_TIMER0
  C:6D3CH         LINE#         89
  C:6D3CH         LINE#         90
  C:6D3FH         LINE#         91
  C:6D42H         LINE#         92
  C:6D57H         LINE#         93
  C:6D5EH         LINE#         94
  C:6D61H         LINE#         95
  -------         ENDPROC       FUN_TIMER0
  -------         PROC          FUN_TIMER1
BL51 BANKED LINKER/LOCATER V6.22                                                      11/16/2015  01:23:46  PAGE 11


  C:6ED9H         LINE#         96
  C:6ED9H         LINE#         97
  C:6EDCH         LINE#         98
  C:6EDFH         LINE#         99
  -------         ENDPROC       FUN_TIMER1
  -------         PROC          FUN_WAIT
  C:6E1AH         LINE#         100
  C:6E1AH         LINE#         101
  C:6E1CH         LINE#         106
  C:6E1FH         LINE#         107
  C:6E28H         LINE#         108
  C:6E2BH         LINE#         109
  -------         ENDPROC       FUN_WAIT
  -------         PROC          FUN_PWMINIT
  C:6EBDH         LINE#         112
  C:6EBDH         LINE#         113
  C:6EC0H         LINE#         114
  C:6EC2H         LINE#         115
  C:6EC4H         LINE#         116
  C:6EC7H         LINE#         117
  -------         ENDPROC       FUN_PWMINIT
  -------         PROC          _FUN_PWMR
  D:0007H         SYMBOL        par_value
  C:6E34H         LINE#         118
  C:6E34H         LINE#         119
  C:6E47H         LINE#         120
  C:6E4AH         LINE#         121
  C:6E4DH         LINE#         122
  -------         ENDPROC       _FUN_PWMR
  -------         PROC          _FUN_PWML
  D:0007H         SYMBOL        par_value
  C:6E4EH         LINE#         123
  C:6E4EH         LINE#         124
  C:6E61H         LINE#         125
  C:6E64H         LINE#         126
  C:6E67H         LINE#         127
  -------         ENDPROC       _FUN_PWML
  -------         PROC          L?1680
  -------         ENDPROC       L?1680
  -------         PROC          _FUN_MOTORS
  D:0007H         SYMBOL        par_model
  X:02ACH         SYMBOL        par_speed
  C:5124H         LINE#         128
  C:5129H         LINE#         129
  C:5130H         LINE#         130
  C:5135H         LINE#         131
  C:5140H         LINE#         132
  C:5143H         LINE#         133
  C:5171H         LINE#         134
  C:5171H         LINE#         135
  C:517EH         LINE#         138
  C:5183H         LINE#         139
  C:518AH         LINE#         140
  C:518AH         LINE#         141
  C:518DH         LINE#         142
  C:5195H         LINE#         143
  C:519BH         LINE#         144
BL51 BANKED LINKER/LOCATER V6.22                                                      11/16/2015  01:23:46  PAGE 12


  C:519EH         LINE#         145
  C:51ADH         LINE#         146
  C:51B7H         LINE#         147
  C:51B7H         LINE#         148
  C:51B8H         LINE#         149
  C:51B8H         LINE#         150
  C:51C5H         LINE#         153
  C:51CAH         LINE#         154
  C:51D1H         LINE#         155
  C:51D1H         LINE#         156
  C:51D3H         LINE#         157
  C:51DBH         LINE#         158
  C:51E1H         LINE#         159
  C:51E3H         LINE#         160
  C:51F2H         LINE#         161
  C:51F4H         LINE#         162
  C:51F4H         LINE#         163
  C:51F6H         LINE#         164
  C:51F6H         LINE#         165
  C:5208H         LINE#         168
  C:5211H         LINE#         169
  C:5218H         LINE#         170
  C:521AH         LINE#         171
  C:5220H         LINE#         172
  C:5227H         LINE#         173
  C:5228H         LINE#         174
  C:5230H         LINE#         175
  C:5232H         LINE#         176
  C:523CH         LINE#         177
  C:5243H         LINE#         178
  C:5244H         LINE#         179
  C:5253H         LINE#         180
  C:5255H         LINE#         181
  C:525DH         LINE#         182
  C:526AH         LINE#         183
  C:526AH         LINE#         184
  C:526BH         LINE#         185
  C:526BH         LINE#         186
  C:5278H         LINE#         189
  C:527DH         LINE#         190
  C:5284H         LINE#         191
  C:5286H         LINE#         192
  C:5288H         LINE#         193
  C:5290H         LINE#         194
  C:5292H         LINE#         195
  C:5295H         LINE#         196
  C:52A0H         LINE#         197
  C:52A2H         LINE#         198
  C:52A2H         LINE#         199
  C:52A4H         LINE#         200
  C:52A4H         LINE#         201
  C:52B1H         LINE#         204
  C:52B6H         LINE#         205
  C:52BDH         LINE#         206
  C:52BFH         LINE#         207
  C:52C1H         LINE#         208
  C:52C9H         LINE#         209
BL51 BANKED LINKER/LOCATER V6.22                                                      11/16/2015  01:23:46  PAGE 13


  C:52CBH         LINE#         210
  C:52CEH         LINE#         211
  C:52D9H         LINE#         212
  C:52DBH         LINE#         213
  C:52DBH         LINE#         214
  C:52DDH         LINE#         215
  C:52DDH         LINE#         216
  C:52EAH         LINE#         219
  C:52EFH         LINE#         220
  C:52F6H         LINE#         221
  C:52FCH         LINE#         222
  C:52FDH         LINE#         223
  C:5305H         LINE#         224
  C:530BH         LINE#         225
  C:530CH         LINE#         226
  C:5314H         LINE#         227
  C:531AH         LINE#         228
  C:531AH         LINE#         229
  C:531BH         LINE#         230
  C:531BH         LINE#         231
  C:5328H         LINE#         234
  C:532DH         LINE#         235
  C:5334H         LINE#         236
  C:533AH         LINE#         237
  C:533BH         LINE#         238
  C:5343H         LINE#         239
  C:5349H         LINE#         240
  C:534AH         LINE#         241
  C:5352H         LINE#         242
  C:5358H         LINE#         243
  C:5358H         LINE#         244
  C:5358H         LINE#         245
  C:5358H         LINE#         246
  C:5358H         LINE#         247
  C:5358H         LINE#         248
  -------         ENDPROC       _FUN_MOTORS
  -------         PROC          L?1679
  -------         ENDPROC       L?1679
  -------         PROC          _FUN_MOTORSRL
  D:0007H         SYMBOL        par_model
  X:02D5H         SYMBOL        par_speed
  C:58ADH         LINE#         249
  C:58B5H         LINE#         250
  C:58BFH         LINE#         251
  C:58CAH         LINE#         252
  C:58DBH         LINE#         253
  C:58E2H         LINE#         254
  C:58F4H         LINE#         255
  C:58F4H         LINE#         256
  C:590DH         LINE#         259
  C:5912H         LINE#         260
  C:591DH         LINE#         261
  C:591DH         LINE#         262
  C:5920H         LINE#         263
  C:592BH         LINE#         264
  C:5932H         LINE#         265
  C:5935H         LINE#         266
BL51 BANKED LINKER/LOCATER V6.22                                                      11/16/2015  01:23:46  PAGE 14


  C:5948H         LINE#         267
  C:5952H         LINE#         268
  C:5952H         LINE#         269
  C:5953H         LINE#         270
  C:5953H         LINE#         271
  C:596CH         LINE#         274
  C:5971H         LINE#         275
  C:597CH         LINE#         276
  C:597CH         LINE#         277
  C:597FH         LINE#         278
  C:598AH         LINE#         279
  C:5991H         LINE#         280
  C:5994H         LINE#         281
  C:59A7H         LINE#         282
  C:59A9H         LINE#         283
  C:59A9H         LINE#         284
  C:59ACH         LINE#         285
  C:59ACH         LINE#         286
  C:59D6H         LINE#         289
  C:59E1H         LINE#         290
  C:59ECH         LINE#         291
  C:59EEH         LINE#         292
  C:59F4H         LINE#         293
  C:59FBH         LINE#         294
  C:59FCH         LINE#         295
  C:5A07H         LINE#         296
  C:5A09H         LINE#         297
  C:5A14H         LINE#         298
  C:5A1FH         LINE#         299
  C:5A20H         LINE#         300
  C:5A30H         LINE#         301
  C:5A32H         LINE#         302
  C:5A3AH         LINE#         303
  C:5A48H         LINE#         304
  C:5A48H         LINE#         305
  C:5A48H         LINE#         306
  C:5A48H         LINE#         307
  C:5A48H         LINE#         308
  C:5A48H         LINE#         309
  -------         ENDPROC       _FUN_MOTORSRL
  -------         PROC          _FUN_SZ
  X:0365H         SYMBOL        par_model
  C:6C30H         LINE#         310
  C:6C35H         LINE#         311
  C:6C3CH         LINE#         313
  C:6C43H         LINE#         317
  C:6C4AH         LINE#         318
  C:6C4FH         LINE#         321
  C:6C4FH         LINE#         325
  C:6C56H         LINE#         326
  C:6C59H         LINE#         328
  C:6C59H         LINE#         329
  C:6C62H         LINE#         330
  C:6C69H         LINE#         331
  C:6C71H         LINE#         332
  -------         ENDPROC       _FUN_SZ
  -------         PROC          _FUN_PY
BL51 BANKED LINKER/LOCATER V6.22                                                      11/16/2015  01:23:46  PAGE 15


  X:0366H         SYMBOL        par_model
  C:62EAH         LINE#         333
  C:62EFH         LINE#         334
  C:62F9H         LINE#         336
  C:6317H         LINE#         337
  C:6317H         LINE#         341
  C:631EH         LINE#         342
  C:6321H         LINE#         343
  C:6321H         LINE#         345
  C:6324H         LINE#         346
  C:6324H         LINE#         350
  C:6339H         LINE#         351
  C:6339H         LINE#         352
  C:6340H         LINE#         353
  C:6343H         LINE#         354
  C:6346H         LINE#         355
  C:6346H         LINE#         356
  C:634DH         LINE#         357
  C:6350H         LINE#         358
  C:6353H         LINE#         359
  C:6353H         LINE#         360
  C:635AH         LINE#         361
  C:635DH         LINE#         362
  C:6360H         LINE#         363
  C:6360H         LINE#         364
  C:6367H         LINE#         365
  C:636AH         LINE#         366
  C:636DH         LINE#         367
  C:636DH         LINE#         369
  C:636DH         LINE#         370
  C:636DH         LINE#         374
  C:6383H         LINE#         375
  C:6383H         LINE#         376
  C:638AH         LINE#         377
  C:638DH         LINE#         378
  C:638FH         LINE#         379
  C:638FH         LINE#         380
  C:6396H         LINE#         381
  C:6399H         LINE#         382
  C:639BH         LINE#         383
  C:639BH         LINE#         384
  C:63A2H         LINE#         385
  C:63A5H         LINE#         386
  C:63A7H         LINE#         387
  C:63A7H         LINE#         388
  C:63AEH         LINE#         389
  C:63B1H         LINE#         390
  C:63B3H         LINE#         391
  C:63B3H         LINE#         393
  C:63B3H         LINE#         394
  C:63B3H         LINE#         398
  C:63C6H         LINE#         399
  C:63C6H         LINE#         400
  C:63CDH         LINE#         401
  C:63D0H         LINE#         402
  C:63D2H         LINE#         403
  C:63D2H         LINE#         404
BL51 BANKED LINKER/LOCATER V6.22                                                      11/16/2015  01:23:46  PAGE 16


  C:63D9H         LINE#         405
  C:63DCH         LINE#         406
  C:63DEH         LINE#         407
  C:63DEH         LINE#         408
  C:63E5H         LINE#         409
  C:63E8H         LINE#         410
  C:63EAH         LINE#         411
  C:63EAH         LINE#         412
  C:63F1H         LINE#         413
  C:63F9H         LINE#         414
  C:63FBH         LINE#         415
  C:63FBH         LINE#         417
  C:63FBH         LINE#         418
  C:63FBH         LINE#         422
  C:6402H         LINE#         423
  C:6405H         LINE#         424
  C:6411H         LINE#         426
  C:6411H         LINE#         427
  C:6411H         LINE#         428
  C:6411H         LINE#         429
  C:6411H         LINE#         430
  C:6418H         LINE#         431
  C:6420H         LINE#         432
  -------         ENDPROC       _FUN_PY
  -------         PROC          _FUN_SJ
  X:0367H         SYMBOL        par_model
  C:6049H         LINE#         433
  C:604EH         LINE#         434
  C:6058H         LINE#         436
  C:605AH         LINE#         437
  C:6091H         LINE#         438
  C:6091H         LINE#         442
  C:6098H         LINE#         443
  C:609AH         LINE#         444
  C:609DH         LINE#         445
  C:609DH         LINE#         447
  C:60A0H         LINE#         448
  C:60A0H         LINE#         452
  C:60ADH         LINE#         453
  C:60AFH         LINE#         454
  C:60AFH         LINE#         455
  C:60B2H         LINE#         456
  C:60B2H         LINE#         457
  C:60B7H         LINE#         458
  C:60B9H         LINE#         459
  C:60B9H         LINE#         460
  C:60B9H         LINE#         462
  C:60BCH         LINE#         463
  C:60BCH         LINE#         467
  C:60D4H         LINE#         468
  C:60D6H         LINE#         469
  C:60D9H         LINE#         470
  C:60D9H         LINE#         472
  C:60DCH         LINE#         473
  C:60DCH         LINE#         477
  C:60E9H         LINE#         478
  C:60EEH         LINE#         479
BL51 BANKED LINKER/LOCATER V6.22                                                      11/16/2015  01:23:46  PAGE 17


  C:60F0H         LINE#         480
  C:60F0H         LINE#         481
  C:60F2H         LINE#         482
  C:60F2H         LINE#         483
  C:60F7H         LINE#         484
  C:60F9H         LINE#         485
  C:60F9H         LINE#         486
  C:60F9H         LINE#         488
  C:60FBH         LINE#         489
  C:60FBH         LINE#         493
  C:6113H         LINE#         494
  C:6115H         LINE#         495
  C:6118H         LINE#         496
  C:6118H         LINE#         498
  C:611AH         LINE#         499
  C:611AH         LINE#         503
  C:6127H         LINE#         504
  C:612CH         LINE#         505
  C:612EH         LINE#         506
  C:612EH         LINE#         507
  C:6130H         LINE#         508
  C:6130H         LINE#         509
  C:6135H         LINE#         510
  C:6137H         LINE#         511
  C:6137H         LINE#         512
  C:6137H         LINE#         514
  C:6139H         LINE#         515
  C:6139H         LINE#         519
  C:6151H         LINE#         520
  C:6153H         LINE#         521
  C:6156H         LINE#         522
  C:6156H         LINE#         524
  C:6158H         LINE#         525
  C:6158H         LINE#         529
  C:6165H         LINE#         530
  C:616AH         LINE#         531
  C:616CH         LINE#         532
  C:616CH         LINE#         533
  C:616EH         LINE#         534
  C:616EH         LINE#         535
  C:6175H         LINE#         536
  C:6178H         LINE#         537
  C:6178H         LINE#         539
  C:617AH         LINE#         540
  C:617AH         LINE#         544
  C:6181H         LINE#         545
  C:6183H         LINE#         546
  C:6186H         LINE#         547
  C:6193H         LINE#         549
  C:6193H         LINE#         550
  C:6193H         LINE#         551
  C:6193H         LINE#         552
  C:6193H         LINE#         553
  C:619AH         LINE#         554
  C:61A2H         LINE#         555
  -------         ENDPROC       _FUN_SJ
  -------         PROC          _FUN_HZ
BL51 BANKED LINKER/LOCATER V6.22                                                      11/16/2015  01:23:46  PAGE 18


  X:0368H         SYMBOL        par_model
  C:5EEBH         LINE#         556
  C:5EF0H         LINE#         557
  C:5EFBH         LINE#         559
  C:5EFDH         LINE#         560
  C:5F18H         LINE#         561
  C:5F18H         LINE#         565
  C:5F27H         LINE#         566
  C:5F27H         LINE#         567
  C:5F2EH         LINE#         568
  C:5F31H         LINE#         569
  C:5F34H         LINE#         570
  C:5F37H         LINE#         571
  C:5F3AH         LINE#         572
  C:5F3AH         LINE#         573
  C:5F3DH         LINE#         574
  C:5F3DH         LINE#         575
  C:5F44H         LINE#         576
  C:5F47H         LINE#         577
  C:5F4AH         LINE#         578
  C:5F4AH         LINE#         579
  C:5F4DH         LINE#         580
  C:5F4DH         LINE#         581
  C:5F54H         LINE#         582
  C:5F57H         LINE#         583
  C:5F5AH         LINE#         584
  C:5F5AH         LINE#         585
  C:5F5DH         LINE#         586
  C:5F5DH         LINE#         587
  C:5F5DH         LINE#         588
  C:5F5DH         LINE#         590
  C:5F5DH         LINE#         591
  C:5F5DH         LINE#         595
  C:5F6FH         LINE#         596
  C:5F6FH         LINE#         597
  C:5F76H         LINE#         598
  C:5F79H         LINE#         599
  C:5F7CH         LINE#         600
  C:5F7FH         LINE#         601
  C:5F82H         LINE#         602
  C:5F82H         LINE#         603
  C:5F85H         LINE#         604
  C:5F85H         LINE#         605
  C:5F8CH         LINE#         606
  C:5F8FH         LINE#         607
  C:5F92H         LINE#         608
  C:5F92H         LINE#         609
  C:5F95H         LINE#         610
  C:5F95H         LINE#         611
  C:5F9CH         LINE#         612
  C:5F9FH         LINE#         613
  C:5FA2H         LINE#         614
  C:5FA2H         LINE#         615
  C:5FA5H         LINE#         616
  C:5FA5H         LINE#         617
  C:5FA5H         LINE#         618
  C:5FA5H         LINE#         620
BL51 BANKED LINKER/LOCATER V6.22                                                      11/16/2015  01:23:46  PAGE 19


  C:5FA5H         LINE#         621
  C:5FA5H         LINE#         625
  C:5FB8H         LINE#         626
  C:5FB8H         LINE#         627
  C:5FBFH         LINE#         628
  C:5FC2H         LINE#         629
  C:5FC5H         LINE#         630
  C:5FC5H         LINE#         631
  C:5FC8H         LINE#         632
  C:5FC8H         LINE#         633
  C:5FCFH         LINE#         634
  C:5FD2H         LINE#         635
  C:5FD5H         LINE#         636
  C:5FD5H         LINE#         637
  C:5FD7H         LINE#         638
  C:5FD7H         LINE#         639
  C:5FDEH         LINE#         640
  C:5FE1H         LINE#         641
  C:5FE4H         LINE#         642
  C:5FE7H         LINE#         643
  C:5FEAH         LINE#         644
  C:5FEAH         LINE#         645
  C:5FECH         LINE#         646
  C:5FECH         LINE#         647
  C:5FECH         LINE#         648
  C:5FECH         LINE#         650
  C:5FECH         LINE#         651
  C:5FECH         LINE#         655
  C:5FFBH         LINE#         656
  C:5FFBH         LINE#         657
  C:6002H         LINE#         658
  C:6005H         LINE#         659
  C:6008H         LINE#         660
  C:6008H         LINE#         661
  C:600AH         LINE#         662
  C:600AH         LINE#         663
  C:6011H         LINE#         664
  C:6014H         LINE#         665
  C:6017H         LINE#         666
  C:6017H         LINE#         667
  C:6019H         LINE#         668
  C:6019H         LINE#         669
  C:6020H         LINE#         670
  C:6023H         LINE#         671
  C:6026H         LINE#         672
  C:6029H         LINE#         673
  C:602CH         LINE#         674
  C:6039H         LINE#         675
  C:6039H         LINE#         676
  C:6039H         LINE#         677
  C:6039H         LINE#         678
  C:6039H         LINE#         680
  C:6039H         LINE#         681
  C:6039H         LINE#         682
  C:6039H         LINE#         683
  C:6039H         LINE#         684
  C:6040H         LINE#         685
BL51 BANKED LINKER/LOCATER V6.22                                                      11/16/2015  01:23:46  PAGE 20


  C:6048H         LINE#         686
  -------         ENDPROC       _FUN_HZ
  C:61A3H         SYMBOL        L?1687
  -------         PROC          L?1686
  -------         ENDPROC       L?1686
  C:61A3H         SYMBOL        L?1687
  -------         PROC          _FUN_PYHZ
  X:0361H         SYMBOL        par_pymodel
  X:0362H         SYMBOL        par_hzmodel
  C:61A7H         LINE#         687
  C:61AFH         LINE#         688
  C:61BDH         LINE#         689
  C:61BDH         LINE#         690
  C:61CCH         LINE#         691
  C:61CCH         LINE#         692
  C:61CCH         LINE#         693
  C:61CEH         LINE#         694
  C:61CEH         LINE#         695
  C:61CEH         LINE#         696
  C:61D0H         LINE#         697
  C:61D0H         LINE#         698
  C:61D0H         LINE#         699
  C:61D2H         LINE#         700
  C:61D2H         LINE#         701
  C:61D2H         LINE#         702
  C:61D2H         LINE#         703
  C:61D2H         LINE#         704
  C:61D2H         LINE#         705
  C:61E0H         LINE#         706
  C:61E0H         LINE#         707
  C:61E0H         LINE#         708
  C:61E2H         LINE#         709
  C:61E2H         LINE#         710
  C:61E2H         LINE#         711
  C:61E4H         LINE#         712
  C:61E4H         LINE#         713
  C:61E4H         LINE#         714
  C:61E6H         LINE#         715
  C:61E6H         LINE#         716
  C:61E6H         LINE#         717
  C:61E6H         LINE#         718
  C:61E6H         LINE#         719
  C:61E6H         LINE#         720
  C:61F5H         LINE#         721
  C:61F5H         LINE#         722
  C:61F5H         LINE#         723
  C:61F7H         LINE#         724
  C:61F7H         LINE#         725
  C:61F7H         LINE#         726
  C:61F9H         LINE#         727
  C:61F9H         LINE#         728
  C:61F9H         LINE#         729
  C:61FBH         LINE#         730
  C:61FBH         LINE#         731
  C:61FBH         LINE#         732
  C:61FBH         LINE#         733
  C:61FBH         LINE#         734
BL51 BANKED LINKER/LOCATER V6.22                                                      11/16/2015  01:23:46  PAGE 21


  C:61FBH         LINE#         735
  C:620AH         LINE#         736
  C:620AH         LINE#         737
  C:620CH         LINE#         738
  C:620EH         LINE#         739
  C:620EH         LINE#         740
  C:6210H         LINE#         741
  C:6212H         LINE#         742
  C:6212H         LINE#         743
  C:6219H         LINE#         744
  C:6219H         LINE#         745
  C:6219H         LINE#         746
  C:6219H         LINE#         747
  C:6219H         LINE#         748
  C:6219H         LINE#         749
  C:6219H         LINE#         750
  C:6219H         LINE#         751
  C:6219H         LINE#         752
  C:6221H         LINE#         753
  C:6223H         LINE#         754
  C:6226H         LINE#         755
  C:623BH         LINE#         756
  C:623BH         LINE#         757
  C:624DH         LINE#         758
  C:624DH         LINE#         759
  C:6250H         LINE#         760
  C:6253H         LINE#         761
  C:6256H         LINE#         762
  C:6256H         LINE#         763
  C:6258H         LINE#         764
  C:6258H         LINE#         765
  C:625BH         LINE#         766
  C:625BH         LINE#         767
  C:625DH         LINE#         768
  C:625DH         LINE#         769
  C:6260H         LINE#         770
  C:6260H         LINE#         771
  C:6262H         LINE#         772
  C:6262H         LINE#         773
  C:6262H         LINE#         774
  C:6262H         LINE#         775
  C:6262H         LINE#         776
  C:6262H         LINE#         777
  C:6271H         LINE#         778
  C:6271H         LINE#         779
  C:6274H         LINE#         780
  C:6277H         LINE#         781
  C:627AH         LINE#         782
  C:627AH         LINE#         783
  C:627CH         LINE#         784
  C:627CH         LINE#         785
  C:627FH         LINE#         786
  C:627FH         LINE#         787
  C:6281H         LINE#         788
  C:6281H         LINE#         789
  C:6284H         LINE#         790
  C:6284H         LINE#         791
BL51 BANKED LINKER/LOCATER V6.22                                                      11/16/2015  01:23:46  PAGE 22


  C:6286H         LINE#         792
  C:6286H         LINE#         793
  C:6286H         LINE#         794
  C:6286H         LINE#         795
  C:6286H         LINE#         796
  C:6286H         LINE#         797
  C:6296H         LINE#         798
  C:6296H         LINE#         799
  C:6299H         LINE#         800
  C:6299H         LINE#         801
  C:629BH         LINE#         802
  C:629BH         LINE#         803
  C:629EH         LINE#         804
  C:629EH         LINE#         805
  C:62A0H         LINE#         806
  C:62A0H         LINE#         807
  C:62A3H         LINE#         808
  C:62A6H         LINE#         809
  C:62A9H         LINE#         810
  C:62A9H         LINE#         811
  C:62ABH         LINE#         812
  C:62ABH         LINE#         813
  C:62ABH         LINE#         814
  C:62ABH         LINE#         815
  C:62ABH         LINE#         816
  C:62ABH         LINE#         817
  C:62BAH         LINE#         818
  C:62BAH         LINE#         819
  C:62BDH         LINE#         820
  C:62BDH         LINE#         821
  C:62BFH         LINE#         822
  C:62BFH         LINE#         823
  C:62C2H         LINE#         824
  C:62C2H         LINE#         825
  C:62C4H         LINE#         826
  C:62C4H         LINE#         827
  C:62C7H         LINE#         828
  C:62CAH         LINE#         829
  C:62CDH         LINE#         830
  C:62DAH         LINE#         831
  C:62DAH         LINE#         832
  C:62DAH         LINE#         833
  C:62DAH         LINE#         834
  C:62DAH         LINE#         835
  C:62DAH         LINE#         836
  C:62DAH         LINE#         837
  C:62DAH         LINE#         838
  C:62DAH         LINE#         839
  C:62E1H         LINE#         840
  C:62E9H         LINE#         841
  -------         ENDPROC       _FUN_PYHZ
  -------         PROC          _FUN_SJHZ
  X:033FH         SYMBOL        par_sjmodel
  X:0340H         SYMBOL        par_hzmodel
  -------         DO            
  X:0341H         SYMBOL        loc_sjdelay
  X:0345H         SYMBOL        loc_hzdelay
BL51 BANKED LINKER/LOCATER V6.22                                                      11/16/2015  01:23:46  PAGE 23


  X:0349H         SYMBOL        loc_sjcgq
  X:034AH         SYMBOL        loc_hzcgq
  X:034BH         SYMBOL        loc_hzflag
  -------         ENDDO         
  C:4C09H         LINE#         842
  C:4C12H         LINE#         843
  C:4C1AH         LINE#         844
  C:4C24H         LINE#         845
  C:4C29H         LINE#         846
  C:4C2BH         LINE#         847
  C:4C2DH         LINE#         848
  C:4C38H         LINE#         849
  C:4C4AH         LINE#         850
  C:4C4AH         LINE#         851
  C:4C56H         LINE#         852
  C:4C56H         LINE#         853
  C:4C56H         LINE#         854
  C:4C56H         LINE#         855
  C:4C58H         LINE#         856
  C:4C58H         LINE#         857
  C:4C58H         LINE#         858
  C:4C58H         LINE#         859
  C:4C5AH         LINE#         860
  C:4C5AH         LINE#         861
  C:4C5AH         LINE#         862
  C:4C5AH         LINE#         863
  C:4C5CH         LINE#         864
  C:4C5CH         LINE#         865
  C:4C5CH         LINE#         866
  C:4C5CH         LINE#         867
  C:4C5CH         LINE#         868
  C:4C5CH         LINE#         869
  C:4C6BH         LINE#         870
  C:4C6BH         LINE#         871
  C:4C6BH         LINE#         872
  C:4C6BH         LINE#         873
  C:4C6DH         LINE#         874
  C:4C6DH         LINE#         875
  C:4C6DH         LINE#         876
  C:4C6DH         LINE#         877
  C:4C6FH         LINE#         878
  C:4C6FH         LINE#         879
  C:4C6FH         LINE#         880
  C:4C6FH         LINE#         881
  C:4C71H         LINE#         882
  C:4C71H         LINE#         883
  C:4C71H         LINE#         884
  C:4C71H         LINE#         885
  C:4C71H         LINE#         886
  C:4C71H         LINE#         887
  C:4C81H         LINE#         888
  C:4C81H         LINE#         889
  C:4C81H         LINE#         890
  C:4C81H         LINE#         891
  C:4C83H         LINE#         892
  C:4C83H         LINE#         893
  C:4C83H         LINE#         894
BL51 BANKED LINKER/LOCATER V6.22                                                      11/16/2015  01:23:46  PAGE 24


  C:4C83H         LINE#         895
  C:4C85H         LINE#         896
  C:4C85H         LINE#         897
  C:4C87H         LINE#         898
  C:4C87H         LINE#         899
  C:4C89H         LINE#         900
  C:4C89H         LINE#         901
  C:4C89H         LINE#         902
  C:4C89H         LINE#         903
  C:4C89H         LINE#         904
  C:4C89H         LINE#         905
  C:4C98H         LINE#         906
  C:4C98H         LINE#         907
  C:4C9AH         LINE#         908
  C:4C9AH         LINE#         909
  C:4C9CH         LINE#         910
  C:4C9CH         LINE#         911
  C:4CA3H         LINE#         912
  C:4CA9H         LINE#         913
  C:4CABH         LINE#         914
  C:4CABH         LINE#         915
  C:4CB2H         LINE#         916
  C:4CB8H         LINE#         917
  C:4CB8H         LINE#         918
  C:4CB8H         LINE#         919
  C:4CB8H         LINE#         920
  C:4CB8H         LINE#         921
  C:4CB8H         LINE#         922
  C:4CB8H         LINE#         923
  C:4CB8H         LINE#         924
  C:4CB8H         LINE#         925
  C:4CD0H         LINE#         926
  C:4CD0H         LINE#         927
  C:4CDDH         LINE#         928
  C:4CEDH         LINE#         929
  C:4CF0H         LINE#         930
  C:4CF3H         LINE#         931
  C:4D02H         LINE#         932
  C:4D0EH         LINE#         933
  C:4D45H         LINE#         934
  C:4D45H         LINE#         935
  C:4D47H         LINE#         936
  C:4D50H         LINE#         937
  C:4D56H         LINE#         938
  C:4D56H         LINE#         939
  C:4D56H         LINE#         940
  C:4D56H         LINE#         941
  C:4D59H         LINE#         942
  C:4D59H         LINE#         943
  C:4D5BH         LINE#         944
  C:4D64H         LINE#         945
  C:4D72H         LINE#         946
  C:4D72H         LINE#         947
  C:4D72H         LINE#         948
  C:4D72H         LINE#         949
  C:4D74H         LINE#         950
  C:4D74H         LINE#         951
BL51 BANKED LINKER/LOCATER V6.22                                                      11/16/2015  01:23:46  PAGE 25


  C:4D76H         LINE#         952
  C:4D7FH         LINE#         953
  C:4D85H         LINE#         954
  C:4D85H         LINE#         955
  C:4D85H         LINE#         956
  C:4D85H         LINE#         957
  C:4D87H         LINE#         958
  C:4D87H         LINE#         959
  C:4D89H         LINE#         960
  C:4D92H         LINE#         961
  C:4D9BH         LINE#         962
  C:4D9BH         LINE#         963
  C:4D9BH         LINE#         964
  C:4D9BH         LINE#         965
  C:4D9DH         LINE#         966
  C:4D9DH         LINE#         967
  C:4D9FH         LINE#         968
  C:4DA8H         LINE#         969
  C:4DAEH         LINE#         970
  C:4DAEH         LINE#         971
  C:4DAEH         LINE#         972
  C:4DAEH         LINE#         973
  C:4DB0H         LINE#         974
  C:4DB0H         LINE#         975
  C:4DB2H         LINE#         976
  C:4DBBH         LINE#         977
  C:4DC4H         LINE#         978
  C:4DC4H         LINE#         979
  C:4DC4H         LINE#         980
  C:4DC4H         LINE#         981
  C:4DC6H         LINE#         982
  C:4DC6H         LINE#         983
  C:4DC8H         LINE#         984
  C:4DD1H         LINE#         985
  C:4DD7H         LINE#         986
  C:4DD7H         LINE#         987
  C:4DD7H         LINE#         988
  C:4DD7H         LINE#         989
  C:4DD9H         LINE#         990
  C:4DD9H         LINE#         991
  C:4DDBH         LINE#         992
  C:4DE4H         LINE#         993
  C:4DEFH         LINE#         994
  C:4DF2H         LINE#         995
  C:4DF2H         LINE#         996
  C:4DF2H         LINE#         997
  C:4DF4H         LINE#         998
  C:4DF4H         LINE#         999
  C:4DF6H         LINE#         1000
  C:4DFFH         LINE#         1001
  C:4E02H         LINE#         1002
  C:4E20H         LINE#         1003
  C:4E26H         LINE#         1004
  C:4E26H         LINE#         1005
  C:4E28H         LINE#         1006
  C:4E28H         LINE#         1007
  C:4E28H         LINE#         1008
BL51 BANKED LINKER/LOCATER V6.22                                                      11/16/2015  01:23:46  PAGE 26


  C:4E28H         LINE#         1009
  C:4E28H         LINE#         1010
  C:4E2CH         LINE#         1011
  C:4E48H         LINE#         1012
  C:4E4FH         LINE#         1013
  C:4E54H         LINE#         1014
  C:4E5CH         LINE#         1015
  C:4E5CH         LINE#         1016
  C:4E5CH         LINE#         1017
  C:4E7BH         LINE#         1018
  C:4E81H         LINE#         1019
  C:4E83H         LINE#         1020
  C:4E8CH         LINE#         1021
  C:4E8FH         LINE#         1022
  C:4E93H         LINE#         1023
  C:4E96H         LINE#         1024
  C:4EA1H         LINE#         1025
  C:4EA7H         LINE#         1026
  C:4EAAH         LINE#         1027
  C:4EAAH         LINE#         1028
  C:4EADH         LINE#         1029
  C:4EADH         LINE#         1030
  C:4EB4H         LINE#         1031
  C:4EBEH         LINE#         1032
  C:4EC6H         LINE#         1033
  C:4EC6H         LINE#         1034
  C:4EC6H         LINE#         1035
  C:4EC9H         LINE#         1036
  -------         ENDPROC       _FUN_SJHZ
  -------         PROC          _FUN_PYSJHZ
  X:0331H         SYMBOL        par_pymodel
  X:0332H         SYMBOL        par_sjmodel
  X:0333H         SYMBOL        par_hzmodel
  -------         DO            
  X:0334H         SYMBOL        loc_sjdelay
  X:0338H         SYMBOL        loc_hzdelay
  X:033CH         SYMBOL        loc_sjcgq
  X:033DH         SYMBOL        loc_hzcgq
  X:033EH         SYMBOL        loc_hzflag
  B:0022H.0       SYMBOL        loc_pyflag
  -------         ENDDO         
  C:486FH         LINE#         1037
  C:487AH         LINE#         1038
  C:4882H         LINE#         1039
  C:488CH         LINE#         1040
  C:4891H         LINE#         1041
  C:4893H         LINE#         1042
  C:4895H         LINE#         1043
  C:4897H         LINE#         1044
  C:48A2H         LINE#         1045
  C:48B4H         LINE#         1046
  C:48B4H         LINE#         1047
  C:48C0H         LINE#         1048
  C:48C0H         LINE#         1049
  C:48C0H         LINE#         1050
  C:48C0H         LINE#         1051
  C:48C2H         LINE#         1052
BL51 BANKED LINKER/LOCATER V6.22                                                      11/16/2015  01:23:46  PAGE 27


  C:48C2H         LINE#         1053
  C:48C2H         LINE#         1054
  C:48C2H         LINE#         1055
  C:48C4H         LINE#         1056
  C:48C4H         LINE#         1057
  C:48C4H         LINE#         1058
  C:48C4H         LINE#         1059
  C:48C6H         LINE#         1060
  C:48C6H         LINE#         1061
  C:48C6H         LINE#         1062
  C:48C6H         LINE#         1063
  C:48C6H         LINE#         1064
  C:48C6H         LINE#         1065
  C:48D5H         LINE#         1066
  C:48D5H         LINE#         1067
  C:48D5H         LINE#         1068
  C:48D5H         LINE#         1069
  C:48D7H         LINE#         1070
  C:48D7H         LINE#         1071
  C:48D7H         LINE#         1072
  C:48D7H         LINE#         1073
  C:48D9H         LINE#         1074
  C:48D9H         LINE#         1075
  C:48D9H         LINE#         1076
  C:48D9H         LINE#         1077
  C:48DBH         LINE#         1078
  C:48DBH         LINE#         1079
  C:48DBH         LINE#         1080
  C:48DBH         LINE#         1081
  C:48DBH         LINE#         1082
  C:48DBH         LINE#         1083
  C:48EBH         LINE#         1084
  C:48EBH         LINE#         1085
  C:48EBH         LINE#         1086
  C:48EBH         LINE#         1087
  C:48EDH         LINE#         1088
  C:48EDH         LINE#         1089
  C:48EDH         LINE#         1090
  C:48EDH         LINE#         1091
  C:48EFH         LINE#         1092
  C:48EFH         LINE#         1093
  C:48F1H         LINE#         1094
  C:48F1H         LINE#         1095
  C:48F3H         LINE#         1096
  C:48F3H         LINE#         1097
  C:48F3H         LINE#         1098
  C:48F3H         LINE#         1099
  C:48F3H         LINE#         1100
  C:48F3H         LINE#         1101
  C:4902H         LINE#         1102
  C:4902H         LINE#         1103
  C:4904H         LINE#         1104
  C:4904H         LINE#         1105
  C:4906H         LINE#         1106
  C:4906H         LINE#         1107
  C:490DH         LINE#         1108
  C:4913H         LINE#         1109
BL51 BANKED LINKER/LOCATER V6.22                                                      11/16/2015  01:23:46  PAGE 28


  C:4915H         LINE#         1110
  C:4915H         LINE#         1111
  C:491CH         LINE#         1112
  C:4922H         LINE#         1113
  C:4922H         LINE#         1114
  C:4922H         LINE#         1115
  C:4922H         LINE#         1116
  C:4922H         LINE#         1117
  C:4922H         LINE#         1118
  C:4922H         LINE#         1119
  C:4922H         LINE#         1120
  C:4922H         LINE#         1121
  C:493AH         LINE#         1122
  C:493AH         LINE#         1123
  C:4947H         LINE#         1124
  C:4957H         LINE#         1125
  C:495AH         LINE#         1126
  C:495DH         LINE#         1127
  C:4972H         LINE#         1128
  C:4996H         LINE#         1129
  C:4996H         LINE#         1130
  C:49CDH         LINE#         1131
  C:49CDH         LINE#         1132
  C:49CFH         LINE#         1133
  C:49D8H         LINE#         1134
  C:49DEH         LINE#         1135
  C:49DEH         LINE#         1136
  C:49DEH         LINE#         1137
  C:49DEH         LINE#         1138
  C:49E1H         LINE#         1139
  C:49E1H         LINE#         1140
  C:49E3H         LINE#         1141
  C:49ECH         LINE#         1142
  C:49FAH         LINE#         1143
  C:49FAH         LINE#         1144
  C:49FAH         LINE#         1145
  C:49FAH         LINE#         1146
  C:49FDH         LINE#         1147
  C:49FDH         LINE#         1148
  C:49FFH         LINE#         1149
  C:4A08H         LINE#         1150
  C:4A0EH         LINE#         1151
  C:4A0EH         LINE#         1152
  C:4A0EH         LINE#         1153
  C:4A0EH         LINE#         1154
  C:4A11H         LINE#         1155
  C:4A11H         LINE#         1156
  C:4A13H         LINE#         1157
  C:4A1CH         LINE#         1158
  C:4A25H         LINE#         1159
  C:4A25H         LINE#         1160
  C:4A25H         LINE#         1161
  C:4A25H         LINE#         1162
  C:4A27H         LINE#         1163
  C:4A27H         LINE#         1164
  C:4A29H         LINE#         1165
  C:4A32H         LINE#         1166
BL51 BANKED LINKER/LOCATER V6.22                                                      11/16/2015  01:23:46  PAGE 29


  C:4A38H         LINE#         1167
  C:4A38H         LINE#         1168
  C:4A38H         LINE#         1169
  C:4A38H         LINE#         1170
  C:4A3AH         LINE#         1171
  C:4A3AH         LINE#         1172
  C:4A3CH         LINE#         1173
  C:4A45H         LINE#         1174
  C:4A4EH         LINE#         1175
  C:4A4EH         LINE#         1176
  C:4A4EH         LINE#         1177
  C:4A4EH         LINE#         1178
  C:4A50H         LINE#         1179
  C:4A50H         LINE#         1180
  C:4A52H         LINE#         1181
  C:4A5BH         LINE#         1182
  C:4A61H         LINE#         1183
  C:4A61H         LINE#         1184
  C:4A61H         LINE#         1185
  C:4A61H         LINE#         1186
  C:4A63H         LINE#         1187
  C:4A63H         LINE#         1188
  C:4A65H         LINE#         1189
  C:4A6EH         LINE#         1190
  C:4A7CH         LINE#         1191
  C:4A7FH         LINE#         1192
  C:4A7FH         LINE#         1193
  C:4A7FH         LINE#         1194
  C:4A81H         LINE#         1195
  C:4A81H         LINE#         1196
  C:4A83H         LINE#         1197
  C:4A8CH         LINE#         1198
  C:4A92H         LINE#         1199
  C:4AB0H         LINE#         1200
  C:4AB6H         LINE#         1201
  C:4AB6H         LINE#         1202
  C:4AB9H         LINE#         1203
  C:4AB9H         LINE#         1204
  C:4AB9H         LINE#         1205
  C:4AB9H         LINE#         1206
  C:4AB9H         LINE#         1207
  C:4AB9H         LINE#         1208
  C:4AD8H         LINE#         1209
  C:4ADFH         LINE#         1210
  C:4AE4H         LINE#         1211
  C:4AE7H         LINE#         1212
  C:4AEFH         LINE#         1213
  C:4AEFH         LINE#         1214
  C:4AF2H         LINE#         1215
  C:4AF2H         LINE#         1216
  C:4AF9H         LINE#         1217
  C:4AFDH         LINE#         1218
  C:4B04H         LINE#         1219
  C:4B0BH         LINE#         1220
  C:4B11H         LINE#         1221
  C:4B14H         LINE#         1222
  C:4B14H         LINE#         1223
BL51 BANKED LINKER/LOCATER V6.22                                                      11/16/2015  01:23:46  PAGE 30


  C:4B1FH         LINE#         1224
  C:4B3AH         LINE#         1225
  C:4B40H         LINE#         1226
  C:4B40H         LINE#         1227
  C:4B48H         LINE#         1228
  C:4B63H         LINE#         1229
  C:4B69H         LINE#         1230
  C:4B69H         LINE#         1231
  C:4B6BH         LINE#         1232
  C:4B6BH         LINE#         1233
  C:4B87H         LINE#         1234
  C:4B8EH         LINE#         1235
  C:4B93H         LINE#         1236
  C:4B9BH         LINE#         1237
  C:4B9BH         LINE#         1238
  C:4B9BH         LINE#         1239
  C:4B9BH         LINE#         1240
  C:4B9BH         LINE#         1241
  C:4B9BH         LINE#         1242
  C:4BBAH         LINE#         1243
  C:4BC0H         LINE#         1244
  C:4BC2H         LINE#         1245
  C:4BCBH         LINE#         1246
  C:4BCEH         LINE#         1247
  C:4BD2H         LINE#         1248
  C:4BD5H         LINE#         1249
  C:4BE0H         LINE#         1250
  C:4BE6H         LINE#         1251
  C:4BE9H         LINE#         1252
  C:4BE9H         LINE#         1253
  C:4BECH         LINE#         1254
  C:4BECH         LINE#         1255
  C:4BF3H         LINE#         1256
  C:4BFDH         LINE#         1257
  C:4C05H         LINE#         1258
  C:4C05H         LINE#         1259
  C:4C05H         LINE#         1260
  C:4C08H         LINE#         1261
  -------         ENDPROC       _FUN_PYSJHZ
  -------         PROC          FUN_JTJP
  C:6879H         LINE#         1262
  C:6879H         LINE#         1263
  C:6879H         LINE#         1264
  C:6897H         LINE#         1265
  C:68A0H         LINE#         1266
  C:68A7H         LINE#         1268
  C:68A7H         LINE#         1269
  C:68AAH         LINE#         1270
  C:68B1H         LINE#         1271
  C:68B3H         LINE#         1272
  C:68B5H         LINE#         1273
  C:68B8H         LINE#         1274
  C:68BFH         LINE#         1275
  C:68C6H         LINE#         1276
  C:68C6H         LINE#         1277
  C:68CCH         LINE#         1278
  C:68D3H         LINE#         1279
BL51 BANKED LINKER/LOCATER V6.22                                                      11/16/2015  01:23:46  PAGE 31


  C:68D5H         LINE#         1280
  C:68D7H         LINE#         1281
  C:68DDH         LINE#         1282
  C:68E4H         LINE#         1283
  C:68EBH         LINE#         1284
  C:68EBH         LINE#         1285
  C:68F1H         LINE#         1286
  C:68F8H         LINE#         1287
  C:68FAH         LINE#         1288
  C:68FCH         LINE#         1289
  C:6902H         LINE#         1290
  C:6909H         LINE#         1291
  C:6910H         LINE#         1292
  C:6910H         LINE#         1293
  C:6919H         LINE#         1294
  -------         ENDPROC       FUN_JTJP
  -------         PROC          FUN_TIMERMOVE
  -------         DO            
  D:001BH         SYMBOL        loc_con
  D:0017H         SYMBOL        loc_sdl
  D:0019H         SYMBOL        loc_sdr
  -------         ENDDO         
  C:3E95H         LINE#         1296
  C:3E95H         LINE#         1299
  C:3EBAH         LINE#         1300
  C:3EBAH         LINE#         1301
  C:3EC2H         LINE#         1302
  C:3EC8H         LINE#         1303
  C:3ED7H         LINE#         1304
  C:3EE5H         LINE#         1305
  C:3EE6H         LINE#         1306
  C:3EE6H         LINE#         1307
  C:3EFCH         LINE#         1308
  C:3F14H         LINE#         1309
  C:3F1AH         LINE#         1310
  C:3F22H         LINE#         1311
  C:3F25H         LINE#         1312
  C:3F2CH         LINE#         1313
  C:3F2FH         LINE#         1314
  C:3F42H         LINE#         1315
  C:3F42H         LINE#         1316
  C:3F42H         LINE#         1318
  C:3F52H         LINE#         1319
  C:3F58H         LINE#         1320
  C:3F73H         LINE#         1321
  C:3F8EH         LINE#         1322
  C:3F8EH         LINE#         1323
  C:3F94H         LINE#         1324
  C:3FAFH         LINE#         1325
  C:3FCAH         LINE#         1326
  C:3FCAH         LINE#         1327
  C:3FD0H         LINE#         1328
  C:3FF0H         LINE#         1329
  C:4010H         LINE#         1330
  C:4010H         LINE#         1331
  C:4016H         LINE#         1332
  C:4036H         LINE#         1333
BL51 BANKED LINKER/LOCATER V6.22                                                      11/16/2015  01:23:46  PAGE 32


  C:4056H         LINE#         1334
  C:4056H         LINE#         1335
  C:405CH         LINE#         1336
  C:407CH         LINE#         1337
  C:409CH         LINE#         1338
  C:409CH         LINE#         1339
  C:40A5H         LINE#         1340
  C:40C5H         LINE#         1341
  C:40E5H         LINE#         1342
  C:40E5H         LINE#         1343
  C:40E5H         LINE#         1344
  C:40E5H         LINE#         1345
  C:40E5H         LINE#         1346
  C:40E8H         LINE#         1347
  C:40E8H         LINE#         1348
  C:40F2H         LINE#         1349
  C:40F7H         LINE#         1350
  C:40F7H         LINE#         1351
  C:40FAH         LINE#         1352
  C:40FAH         LINE#         1353
  C:410FH         LINE#         1354
  C:410FH         LINE#         1355
  C:4132H         LINE#         1356
  C:4132H         LINE#         1357
  C:4140H         LINE#         1358
  C:414FH         LINE#         1359
  C:414FH         LINE#         1360
  C:4151H         LINE#         1361
  C:4151H         LINE#         1362
  C:4154H         LINE#         1363
  C:4162H         LINE#         1364
  C:4165H         LINE#         1365
  C:4167H         LINE#         1366
  C:4167H         LINE#         1367
  C:4175H         LINE#         1368
  C:418AH         LINE#         1369
  C:418DH         LINE#         1370
  C:418FH         LINE#         1371
  C:418FH         LINE#         1372
  C:4192H         LINE#         1373
  C:41A0H         LINE#         1374
  C:41BEH         LINE#         1375
  C:41BEH         LINE#         1376
  C:41BEH         LINE#         1377
  C:41C0H         LINE#         1378
  C:41C1H         LINE#         1379
  C:41C1H         LINE#         1380
  C:41E0H         LINE#         1381
  C:41E2H         LINE#         1382
  C:41E3H         LINE#         1383
  C:41E3H         LINE#         1384
  C:41ECH         LINE#         1385
  C:41ECH         LINE#         1386
  C:41ECH         LINE#         1387
  C:41ECH         LINE#         1388
  C:41ECH         LINE#         1389
  C:41ECH         LINE#         1390
BL51 BANKED LINKER/LOCATER V6.22                                                      11/16/2015  01:23:46  PAGE 33


  C:41EEH         LINE#         1391
  C:41EEH         LINE#         1392
  C:41EEH         LINE#         1393
  C:41EEH         LINE#         1394
  C:41F9H         LINE#         1395
  C:41F9H         LINE#         1396
  C:4232H         LINE#         1397
  C:4234H         LINE#         1398
  C:4235H         LINE#         1399
  C:4235H         LINE#         1400
  C:4251H         LINE#         1401
  C:4259H         LINE#         1402
  C:4263H         LINE#         1403
  C:426DH         LINE#         1404
  C:4270H         LINE#         1405
  C:4271H         LINE#         1406
  C:4271H         LINE#         1407
  C:4281H         LINE#         1408
  C:4287H         LINE#         1409
  C:42A0H         LINE#         1410
  C:42BAH         LINE#         1411
  C:42BAH         LINE#         1412
  C:42C0H         LINE#         1413
  C:42DAH         LINE#         1414
  C:42F3H         LINE#         1415
  C:42F3H         LINE#         1416
  C:42F9H         LINE#         1417
  C:4313H         LINE#         1418
  C:432DH         LINE#         1419
  C:432DH         LINE#         1420
  C:4333H         LINE#         1421
  C:434DH         LINE#         1422
  C:4367H         LINE#         1423
  C:4367H         LINE#         1424
  C:436DH         LINE#         1425
  C:4386H         LINE#         1426
  C:43A0H         LINE#         1427
  C:43A0H         LINE#         1428
  C:43A6H         LINE#         1429
  C:43C0H         LINE#         1430
  C:43D9H         LINE#         1431
  C:43D9H         LINE#         1432
  C:43E2H         LINE#         1433
  C:43EBH         LINE#         1434
  C:43EBH         LINE#         1435
  C:43EBH         LINE#         1436
  C:43EBH         LINE#         1437
  C:43EBH         LINE#         1438
  C:43EBH         LINE#         1439
  C:43EBH         LINE#         1440
  C:43EBH         LINE#         1441
  -------         ENDPROC       FUN_TIMERMOVE
  -------         PROC          _FUN_FLSETTING
  X:02D7H         SYMBOL        par_gospeed
  X:02D8H         SYMBOL        par_turnspeed
  X:02D9H         SYMBOL        par_cachespeed
  -------         DO            
BL51 BANKED LINKER/LOCATER V6.22                                                      11/16/2015  01:23:46  PAGE 34


  X:02DAH         SYMBOL        ellipsis_40
  X:0302H         SYMBOL        loc_argp
  D:0007H         SYMBOL        loc_step
  D:0006H         SYMBOL        loc_con
  -------         ENDDO         
  C:6A42H         LINE#         1442
  C:6A4DH         LINE#         1444
  C:6A4FH         LINE#         1446
  C:6A5BH         LINE#         1447
  C:6A5DH         LINE#         1448
  C:6A62H         LINE#         1449
  C:6A71H         LINE#         1450
  C:6A85H         LINE#         1451
  C:6A87H         LINE#         1452
  C:6A94H         LINE#         1455
  C:6A9AH         LINE#         1456
  C:6AA8H         LINE#         1457
  C:6AB0H         LINE#         1458
  C:6AB8H         LINE#         1459
  C:6AC0H         LINE#         1460
  C:6AC4H         LINE#         1461
  -------         ENDPROC       _FUN_FLSETTING
  -------         PROC          _FUN_FOLLINE
  D:0007H         SYMBOL        par_con
  X:0355H         SYMBOL        par_speed
  -------         DO            
  X:0356H         SYMBOL        loc_con
  X:0357H         SYMBOL        loc_sdr
  X:0358H         SYMBOL        loc_sdl
  X:0359H         SYMBOL        loc_online
  -------         ENDDO         
  C:5A49H         LINE#         1462
  C:5A4EH         LINE#         1463
  C:5A51H         LINE#         1466
  C:5A5AH         LINE#         1467
  C:5A72H         LINE#         1468
  C:5A78H         LINE#         1469
  C:5A82H         LINE#         1470
  C:5A84H         LINE#         1471
  C:5A8BH         LINE#         1472
  C:5A8EH         LINE#         1473
  C:5A94H         LINE#         1474
  C:5A96H         LINE#         1475
  C:5A96H         LINE#         1477
  C:5AA2H         LINE#         1478
  C:5AA8H         LINE#         1479
  C:5AB4H         LINE#         1480
  C:5ACCH         LINE#         1481
  C:5ACCH         LINE#         1482
  C:5AD2H         LINE#         1483
  C:5AEAH         LINE#         1484
  C:5AF8H         LINE#         1485
  C:5AF8H         LINE#         1486
  C:5AFEH         LINE#         1487
  C:5B10H         LINE#         1488
  C:5B2EH         LINE#         1489
  C:5B2EH         LINE#         1490
BL51 BANKED LINKER/LOCATER V6.22                                                      11/16/2015  01:23:46  PAGE 35


  C:5B34H         LINE#         1491
  C:5B52H         LINE#         1492
  C:5B64H         LINE#         1493
  C:5B64H         LINE#         1494
  C:5B6AH         LINE#         1495
  C:5B7CH         LINE#         1496
  C:5B9AH         LINE#         1497
  C:5B9AH         LINE#         1498
  C:5BA0H         LINE#         1499
  C:5BBEH         LINE#         1500
  C:5BD0H         LINE#         1501
  C:5BD0H         LINE#         1502
  C:5BDAH         LINE#         1503
  C:5BE4H         LINE#         1504
  C:5BE9H         LINE#         1505
  C:5BE9H         LINE#         1506
  C:5BECH         LINE#         1507
  -------         ENDPROC       _FUN_FOLLINE
  -------         PROC          _FUN_TURN
  D:0007H         SYMBOL        par_model
  X:0369H         SYMBOL        par_speed
  C:6AC5H         LINE#         1509
  C:6ACAH         LINE#         1510
[...]
  C:5D2AH         LINE#         2973
  C:5D2AH         LINE#         2974
  C:5D2AH         LINE#         2975
  C:5D2AH         LINE#         2976
  C:5D32H         LINE#         2977
  C:5D44H         LINE#         2978
  C:5D44H         LINE#         2979
  C:5D44H         LINE#         2980
  C:5D46H         LINE#         2981
  C:5D46H         LINE#         2982
  C:5D48H         LINE#         2983
  C:5D4AH         LINE#         2984
  C:5D4AH         LINE#         2985
  C:5D4CH         LINE#         2986
  C:5D4EH         LINE#         2987
  C:5D4EH         LINE#         2988
  C:5D50H         LINE#         2989
  C:5D52H         LINE#         2990
  C:5D52H         LINE#         2991
  C:5D54H         LINE#         2992
  C:5D56H         LINE#         2993
  C:5D56H         LINE#         2994
  C:5D61H         LINE#         2995
  C:5D65H         LINE#         2996
  C:5D70H         LINE#         2997
  C:5D75H         LINE#         2998
  C:5D75H         LINE#         2999
  C:5D75H         LINE#         3000
  C:5D75H         LINE#         3001
  -------         ENDPROC       _FUN_ZJZT
  -------         PROC          _FUN_NAJIAN
  X:034CH         SYMBOL        par_now
  X:034DH         SYMBOL        par_next
  X:034EH         SYMBOL        par_high
  X:0351H         SYMBOL        par_data
  -------         DO            
  X:0354H         SYMBOL        loc_high
BL51 BANKED LINKER/LOCATER V6.22                                                      11/16/2015  01:23:46  PAGE 62


  -------         ENDDO         
  C:21B6H         LINE#         3002
  C:21C7H         LINE#         3007
  C:2215H         LINE#         3009
  C:222AH         LINE#         3010
  C:2232H         LINE#         3011
  C:225AH         LINE#         3012
  C:2265H         LINE#         3013
  C:2265H         LINE#         3014
  C:2267H         LINE#         3015
  C:2282H         LINE#         3016
  C:228AH         LINE#         3017
  C:22BBH         LINE#         3018
  C:22C3H         LINE#         3019
  C:231DH         LINE#         3020
  C:231DH         LINE#         3022
  C:2327H         LINE#         3024
  C:2344H         LINE#         3026
  C:2349H         LINE#         3028
  C:2375H         LINE#         3029
  C:2375H         LINE#         3030
  C:23A6H         LINE#         3031
  C:23A6H         LINE#         3032
  C:23BCH         LINE#         3033
  C:23BFH         LINE#         3034
  C:23BFH         LINE#         3035
  C:23BFH         LINE#         3036
  C:23C1H         LINE#         3037
  C:23C1H         LINE#         3038
  C:23E9H         LINE#         3039
  C:23ECH         LINE#         3040
  C:23ECH         LINE#         3041
  C:2414H         LINE#         3042
  C:2417H         LINE#         3043
  C:2417H         LINE#         3044
  C:2417H         LINE#         3045
  C:2419H         LINE#         3046
  C:2419H         LINE#         3047
  C:2441H         LINE#         3048
  C:2444H         LINE#         3049
  C:2444H         LINE#         3050
  C:246CH         LINE#         3051
  C:246FH         LINE#         3052
  C:246FH         LINE#         3053
  C:246FH         LINE#         3054
  C:246FH         LINE#         3055
  C:246FH         LINE#         3056
  C:246FH         LINE#         3057
  C:249BH         LINE#         3058
  C:249BH         LINE#         3059
  C:24C2H         LINE#         3060
  C:24C5H         LINE#         3061
  C:24C5H         LINE#         3062
  C:24F0H         LINE#         3063
  C:24F3H         LINE#         3064
  C:24F3H         LINE#         3065
  C:251BH         LINE#         3066
BL51 BANKED LINKER/LOCATER V6.22                                                      11/16/2015  01:23:46  PAGE 63


  C:251EH         LINE#         3067
  C:251EH         LINE#         3068
  C:2546H         LINE#         3069
  C:2549H         LINE#         3070
  C:2549H         LINE#         3071
  C:2574H         LINE#         3072
  C:2577H         LINE#         3073
  C:2577H         LINE#         3074
  C:25A2H         LINE#         3075
  C:25A5H         LINE#         3076
  C:25A5H         LINE#         3077
  C:25CDH         LINE#         3078
  C:25D0H         LINE#         3079
  C:25D0H         LINE#         3080
  C:25D0H         LINE#         3081
  C:25D0H         LINE#         3082
  C:25D0H         LINE#         3083
  C:25D0H         LINE#         3084
  C:25FCH         LINE#         3085
  C:25FCH         LINE#         3086
  C:25FCH         LINE#         3087
  C:25FFH         LINE#         3088
  C:25FFH         LINE#         3089
  C:262AH         LINE#         3090
  C:262DH         LINE#         3091
  C:262DH         LINE#         3092
  C:2658H         LINE#         3093
  C:265BH         LINE#         3094
  C:265BH         LINE#         3095
  C:2683H         LINE#         3096
  C:2686H         LINE#         3097
  C:2686H         LINE#         3098
  C:26B1H         LINE#         3099
  C:26B4H         LINE#         3100
  C:26B4H         LINE#         3101
  C:26DFH         LINE#         3102
  C:26E2H         LINE#         3103
  C:26E2H         LINE#         3104
  C:270AH         LINE#         3105
  C:270DH         LINE#         3106
  C:270DH         LINE#         3107
  C:270DH         LINE#         3108
  C:270DH         LINE#         3109
  C:270DH         LINE#         3110
  C:270DH         LINE#         3111
  C:2739H         LINE#         3112
  C:2739H         LINE#         3113
  C:2761H         LINE#         3114
  C:2764H         LINE#         3115
  C:2764H         LINE#         3116
  C:278CH         LINE#         3117
  C:278FH         LINE#         3118
  C:278FH         LINE#         3119
  C:27BAH         LINE#         3120
  C:27BDH         LINE#         3121
  C:27BDH         LINE#         3122
  C:27EFH         LINE#         3123
BL51 BANKED LINKER/LOCATER V6.22                                                      11/16/2015  01:23:46  PAGE 64


  C:27F2H         LINE#         3124
  C:27F2H         LINE#         3125
  C:281AH         LINE#         3126
  C:281DH         LINE#         3127
  C:281DH         LINE#         3128
  C:2845H         LINE#         3129
  C:2848H         LINE#         3130
  C:2848H         LINE#         3131
  C:287AH         LINE#         3132
  C:287DH         LINE#         3133
  C:287DH         LINE#         3134
  C:287DH         LINE#         3135
  C:287DH         LINE#         3136
  C:287DH         LINE#         3137
  C:287DH         LINE#         3138
  C:28A9H         LINE#         3139
  C:28A9H         LINE#         3140
  C:28D1H         LINE#         3141
  C:28D4H         LINE#         3142
  C:28D4H         LINE#         3143
  C:28FCH         LINE#         3144
  C:28FFH         LINE#         3145
  C:28FFH         LINE#         3146
  C:2927H         LINE#         3147
  C:292AH         LINE#         3148
  C:292AH         LINE#         3149
  C:295CH         LINE#         3150
  C:295FH         LINE#         3151
  C:295FH         LINE#         3152
  C:298AH         LINE#         3153
  C:298DH         LINE#         3154
  C:298DH         LINE#         3155
  C:29B5H         LINE#         3156
  C:29B8H         LINE#         3157
  C:29B8H         LINE#         3158
  C:29EAH         LINE#         3159
  C:29EDH         LINE#         3160
  C:29EDH         LINE#         3161
  C:29EDH         LINE#         3162
  C:29EDH         LINE#         3163
  C:29EDH         LINE#         3164
  C:29EDH         LINE#         3165
  C:2A19H         LINE#         3166
  C:2A19H         LINE#         3167
  C:2A19H         LINE#         3168
  C:2A1CH         LINE#         3169
  C:2A1CH         LINE#         3170
  C:2A47H         LINE#         3171
  C:2A4AH         LINE#         3172
  C:2A4AH         LINE#         3173
  C:2A75H         LINE#         3174
  C:2A78H         LINE#         3175
  C:2A78H         LINE#         3176
  C:2AA0H         LINE#         3177
  C:2AA3H         LINE#         3178
  C:2AA3H         LINE#         3179
  C:2ACEH         LINE#         3180
BL51 BANKED LINKER/LOCATER V6.22                                                      11/16/2015  01:23:46  PAGE 65


  C:2AD1H         LINE#         3181
  C:2AD1H         LINE#         3182
  C:2AFCH         LINE#         3183
  C:2AFFH         LINE#         3184
  C:2AFFH         LINE#         3185
  C:2B27H         LINE#         3186
  C:2B2AH         LINE#         3187
  C:2B2AH         LINE#         3188
  C:2B2AH         LINE#         3189
  C:2B2AH         LINE#         3190
  C:2B2AH         LINE#         3191
  C:2B2AH         LINE#         3192
  C:2B56H         LINE#         3193
  C:2B56H         LINE#         3194
  C:2B87H         LINE#         3195
  C:2B8AH         LINE#         3196
  C:2B8AH         LINE#         3197
  C:2BB5H         LINE#         3198
  C:2BB8H         LINE#         3199
  C:2BB8H         LINE#         3200
  C:2BE3H         LINE#         3201
  C:2BE6H         LINE#         3202
  C:2BE6H         LINE#         3203
  C:2C1BH         LINE#         3204
  C:2C1EH         LINE#         3205
  C:2C1EH         LINE#         3206
  C:2C53H         LINE#         3207
  C:2C56H         LINE#         3208
  C:2C56H         LINE#         3209
  C:2C81H         LINE#         3210
  C:2C84H         LINE#         3211
  C:2C84H         LINE#         3212
  C:2CAFH         LINE#         3213
  C:2CB2H         LINE#         3214
  C:2CB2H         LINE#         3215
  C:2CB2H         LINE#         3216
  C:2CB2H         LINE#         3217
  C:2CB2H         LINE#         3218
  C:2CB2H         LINE#         3219
  C:2CDBH         LINE#         3220
  C:2CDBH         LINE#         3221
  C:2D16H         LINE#         3222
  C:2D19H         LINE#         3223
  C:2D19H         LINE#         3224
  C:2D4EH         LINE#         3225
  C:2D51H         LINE#         3226
  C:2D51H         LINE#         3227
  C:2D86H         LINE#         3228
  C:2D89H         LINE#         3229
  C:2D89H         LINE#         3230
  C:2DC8H         LINE#         3231
  C:2DCAH         LINE#         3232
  C:2DCAH         LINE#         3233
  C:2E12H         LINE#         3234
  C:2E14H         LINE#         3235
  C:2E14H         LINE#         3236
  C:2E52H         LINE#         3237
BL51 BANKED LINKER/LOCATER V6.22                                                      11/16/2015  01:23:46  PAGE 66


  C:2E54H         LINE#         3238
  C:2E54H         LINE#         3239
  C:2E9BH         LINE#         3240
  C:2E9BH         LINE#         3241
  C:2E9BH         LINE#         3242
  C:2E9BH         LINE#         3243
  C:2E9BH         LINE#         3244
  C:2E9BH         LINE#         3245
  C:2E9BH         LINE#         3246
  C:2E9BH         LINE#         3247
  C:2E9BH         LINE#         3249
  C:2EA5H         LINE#         3251
  C:2EBFH         LINE#         3253
  C:2EC4H         LINE#         3257
  C:2F4DH         LINE#         3258
  C:2F8CH         LINE#         3259
  C:2FA5H         LINE#         3260
  -------         ENDPROC       _FUN_NAJIAN
  -------         PROC          FUN_ZHUAJIAN
  C:66E6H         LINE#         3262
  C:66E6H         LINE#         3263
  C:66EBH         LINE#         3264
  C:66F0H         LINE#         3265
  C:66F5H         LINE#         3266
  C:66FDH         LINE#         3267
  C:6702H         LINE#         3269
  C:6709H         LINE#         3270
  C:6710H         LINE#         3271
  C:6717H         LINE#         3272
  C:671EH         LINE#         3273
  C:6736H         LINE#         3274
  C:6742H         LINE#         3275
  C:6749H         LINE#         3276
  C:6752H         LINE#         3277
  C:6759H         LINE#         3278
  C:675BH         LINE#         3279
  C:675BH         LINE#         3280
  C:675BH         LINE#         3281
  C:675BH         LINE#         3282
  C:675DH         LINE#         3283
  C:6769H         LINE#         3284
  C:6770H         LINE#         3285
  C:6779H         LINE#         3286
  C:6780H         LINE#         3287
  C:6787H         LINE#         3288
  C:6790H         LINE#         3289
  C:6797H         LINE#         3290
  C:67A0H         LINE#         3291
  C:67A0H         LINE#         3292
  C:67A7H         LINE#         3293
  C:67AAH         LINE#         3294
  -------         ENDPROC       FUN_ZHUAJIAN
  -------         PROC          FUN_BACK90
  C:6CB4H         LINE#         3296
  C:6CB4H         LINE#         3297
  C:6CBBH         LINE#         3298
  C:6CBEH         LINE#         3300
BL51 BANKED LINKER/LOCATER V6.22                                                      11/16/2015  01:23:46  PAGE 67


  C:6CC5H         LINE#         3301
  C:6CCCH         LINE#         3302
  C:6CD5H         LINE#         3304
  C:6CDCH         LINE#         3305
  C:6CDFH         LINE#         3306
  -------         ENDPROC       FUN_BACK90
  -------         PROC          _FUN_START
  X:02A5H         SYMBOL        par_x
  X:02A6H         SYMBOL        par_y
  X:02A7H         SYMBOL        par_ctfx
  X:02A8H         SYMBOL        par_szzt
  X:02A9H         SYMBOL        par_sjwz
  X:02AAH         SYMBOL        par_pywz
  X:02ABH         SYMBOL        par_hzfx
  C:67B1H         LINE#         3308
  C:67BCH         LINE#         3309
  C:67BCH         LINE#         3310
  C:67BFH         LINE#         3311
  C:67C2H         LINE#         3312
  C:67C4H         LINE#         3313
  C:67C6H         LINE#         3314
  C:67C9H         LINE#         3315
  C:67CCH         LINE#         3316
  C:67CFH         LINE#         3318
  C:67D1H         LINE#         3319
  C:67D3H         LINE#         3320
  C:67D5H         LINE#         3321
  C:67D7H         LINE#         3323
  C:67DAH         LINE#         3324
  C:67DCH         LINE#         3326
  C:67DFH         LINE#         3328
  C:67E2H         LINE#         3329
  C:67E5H         LINE#         3330
  C:67E7H         LINE#         3331
  C:67E9H         LINE#         3332
  C:67F2H         LINE#         3334
  C:67FFH         LINE#         3335
  C:680EH         LINE#         3336
  C:6813H         LINE#         3337
  C:6817H         LINE#         3339
  C:681FH         LINE#         3340
  C:6827H         LINE#         3341
  C:682FH         LINE#         3342
  C:6837H         LINE#         3343
  C:683FH         LINE#         3344
  C:6847H         LINE#         3345
  C:684FH         LINE#         3347
  C:6854H         LINE#         3348
  C:685AH         LINE#         3349
  C:6861H         LINE#         3350
  C:6868H         LINE#         3351
  C:686FH         LINE#         3352
  C:6876H         LINE#         3358
  -------         ENDPROC       _FUN_START
  -------         PROC          FUN_STOP
  C:6C72H         LINE#         3361
  C:6C72H         LINE#         3362
BL51 BANKED LINKER/LOCATER V6.22                                                      11/16/2015  01:23:46  PAGE 68


  C:6C74H         LINE#         3363
  C:6C79H         LINE#         3364
  C:6C7FH         LINE#         3365
  C:6C86H         LINE#         3366
  C:6C8DH         LINE#         3367
  C:6C94H         LINE#         3368
  C:6C9BH         LINE#         3369
  C:6CB2H         LINE#         3370
  -------         ENDPROC       FUN_STOP
  -------         ENDMOD        8023

  -------         MODULE        ?C?FPMUL
  C:2FB3H         PUBLIC        ?C?FPMUL
  -------         ENDMOD        ?C?FPMUL

  -------         MODULE        ?C?FCAST
  C:30C3H         PUBLIC        ?C?FCASTC
  C:30BEH         PUBLIC        ?C?FCASTI
  C:30B9H         PUBLIC        ?C?FCASTL
  -------         ENDMOD        ?C?FCAST

  -------         MODULE        ?C?CASTF
  C:30F7H         PUBLIC        ?C?CASTF
  -------         ENDMOD        ?C?CASTF

  -------         MODULE        PRINTF
  X:02A5H         PUBLIC        ?_PRINTF?BYTE
  X:02A5H         PUBLIC        ?_SPRINTF?BYTE
  C:4457H         PUBLIC        _PRINTF
  C:4451H         PUBLIC        _SPRINTF
  -------         ENDMOD        PRINTF

  -------         MODULE        ?C?FPROUND
  C:3178H         PUBLIC        ?C?FPROUND
  -------         ENDMOD        ?C?FPROUND

  -------         MODULE        ?C?FPCONVERT
  C:31B5H         PUBLIC        ?C?FPCONVERT
  -------         ENDMOD        ?C?FPCONVERT

  -------         MODULE        ?C?FPADD
  C:32C1H         PUBLIC        ?C?FPADD
  C:32BDH         PUBLIC        ?C?FPSUB
  -------         ENDMOD        ?C?FPADD

  -------         MODULE        ?C?FPDIV
  C:33B5H         PUBLIC        ?C?FPDIV
  -------         ENDMOD        ?C?FPDIV

  -------         MODULE        ?C?FTNPWR
  C:3482H         PUBLIC        ?C?FTNPWR
  -------         ENDMOD        ?C?FTNPWR

  -------         MODULE        ?C?COPY
  C:3592H         PUBLIC        ?C?COPY
  -------         ENDMOD        ?C?COPY

BL51 BANKED LINKER/LOCATER V6.22                                                      11/16/2015  01:23:46  PAGE 69


  -------         MODULE        ?C?CLDPTR
  C:35B8H         PUBLIC        ?C?CLDPTR
  -------         ENDMOD        ?C?CLDPTR

  -------         MODULE        ?C?CLDOPTR
  C:35D1H         PUBLIC        ?C?CLDOPTR
  -------         ENDMOD        ?C?CLDOPTR

  -------         MODULE        ?C?CILDOPTR
  C:35FEH         PUBLIC        ?C?CILDOPTR
  -------         ENDMOD        ?C?CILDOPTR

  -------         MODULE        ?C?CSTPTR
  C:3631H         PUBLIC        ?C?CSTPTR
  -------         ENDMOD        ?C?CSTPTR

  -------         MODULE        ?C?CSTOPTR
  C:3643H         PUBLIC        ?C?CSTOPTR
  -------         ENDMOD        ?C?CSTOPTR

  -------         MODULE        ?C?IMUL
  C:3665H         PUBLIC        ?C?IMUL
  -------         ENDMOD        ?C?IMUL

  -------         MODULE        ?C?UIDIV
  C:3677H         PUBLIC        ?C?UIDIV
  -------         ENDMOD        ?C?UIDIV

  -------         MODULE        ?C?SIDIV
  C:36CCH         PUBLIC        ?C?SIDIV
  -------         ENDMOD        ?C?SIDIV

  -------         MODULE        ?C?IILDX
  C:3702H         PUBLIC        ?C?IILDX
  -------         ENDMOD        ?C?IILDX

  -------         MODULE        ?C?ILDIX
  C:3718H         PUBLIC        ?C?ILDIX
  -------         ENDMOD        ?C?ILDIX

  -------         MODULE        ?C?ULDIV
  C:376AH         PUBLIC        ?C?ULDIV
  -------         ENDMOD        ?C?ULDIV

  -------         MODULE        ?C?LNEG
  C:37FCH         PUBLIC        ?C?LNEG
  -------         ENDMOD        ?C?LNEG

  -------         MODULE        ?C?ULCMP
  C:380AH         PUBLIC        ?C?ULCMP
  -------         ENDMOD        ?C?ULCMP

  -------         MODULE        ?C?LSTXDATA
  C:381BH         PUBLIC        ?C?LSTXDATA
  -------         ENDMOD        ?C?LSTXDATA

  -------         MODULE        ?C?LSTKXDATA
BL51 BANKED LINKER/LOCATER V6.22                                                      11/16/2015  01:23:46  PAGE 70


  C:3827H         PUBLIC        ?C?LSTKXDATA
  -------         ENDMOD        ?C?LSTKXDATA

  -------         MODULE        ?C?OFFXADD
  C:3858H         PUBLIC        ?C?OFFXADD
  -------         ENDMOD        ?C?OFFXADD

  -------         MODULE        ?C?PLDIXDATA
  C:3864H         PUBLIC        ?C?PLDIXDATA
  -------         ENDMOD        ?C?PLDIXDATA

  -------         MODULE        ?C?PSTXDATA
  C:387BH         PUBLIC        ?C?PSTXDATA
  -------         ENDMOD        ?C?PSTXDATA

  -------         MODULE        ?C?CCASE
  C:3884H         PUBLIC        ?C?CCASE
  -------         ENDMOD        ?C?CCASE

  -------         MODULE        PUTCHAR
  C:6D15H         PUBLIC        _PUTCHAR
  -------         ENDMOD        PUTCHAR

  -------         MODULE        CABS
  C:6ED1H         PUBLIC        _CABS
  -------         ENDMOD        CABS

  -------         MODULE        ?C?MEMSET
  C:38AAH         PUBLIC        ?C?MEMSET
  -------         ENDMOD        ?C?MEMSET

Program Size: data=35.1 xdata=874 code=28380
LINK/LOCATE RUN COMPLETE.  0 WARNING(S),  0 ERROR(S)
