BL51 BANKED LINKER/LOCATER V6.22                                                        10/21/2015  11:46:54  PAGE 1


BL51 BANKED LINKER/LOCATER V6.22, INVOKED BY:
D:\MYPROGRAM\KEIL\C51\BIN\BL51.EXE STARTUP.obj, perfect.obj, ..\8023.LIB TO perfect RAMSIZE (256) DISABLEWARNING (16)


MEMORY MODEL: LARGE WITH FLOATING POINT ARITHMETIC


INPUT MODULES INCLUDED:
  STARTUP.obj (?C_STARTUP)
  perfect.obj (PERFECT)
  ..\8023.LIB (8023)
  D:\MYPROGRAM\KEIL\C51\LIB\C51FPL.LIB (?C?FPMUL)
  D:\MYPROGRAM\KEIL\C51\LIB\C51FPL.LIB (?C?FCAST)
  D:\MYPROGRAM\KEIL\C51\LIB\C51FPL.LIB (?C?CASTF)
  D:\MYPROGRAM\KEIL\C51\LIB\C51FPL.LIB (PRINTF)
  D:\MYPROGRAM\KEIL\C51\LIB\C51FPL.LIB (?C?FPGETOPN)
  D:\MYPROGRAM\KEIL\C51\LIB\C51FPL.LIB (?C?FPROUND)
  D:\MYPROGRAM\KEIL\C51\LIB\C51FPL.LIB (?C?FPCONVERT)
  D:\MYPROGRAM\KEIL\C51\LIB\C51FPL.LIB (?C?FPADD)
  D:\MYPROGRAM\KEIL\C51\LIB\C51FPL.LIB (?C?FPDIV)
  D:\MYPROGRAM\KEIL\C51\LIB\C51FPL.LIB (?C?FTNPWR)
  D:\MYPROGRAM\KEIL\C51\LIB\C51L.LIB (?C_INIT)
  D:\MYPROGRAM\KEIL\C51\LIB\C51L.LIB (?C?CLDPTR)
  D:\MYPROGRAM\KEIL\C51\LIB\C51L.LIB (?C?CLDOPTR)
  D:\MYPROGRAM\KEIL\C51\LIB\C51L.LIB (?C?CILDPTR)
  D:\MYPROGRAM\KEIL\C51\LIB\C51L.LIB (?C?CILDOPTR)
  D:\MYPROGRAM\KEIL\C51\LIB\C51L.LIB (?C?CSTPTR)
  D:\MYPROGRAM\KEIL\C51\LIB\C51L.LIB (?C?CSTOPTR)
  D:\MYPROGRAM\KEIL\C51\LIB\C51L.LIB (?C?IMUL)
  D:\MYPROGRAM\KEIL\C51\LIB\C51L.LIB (?C?UIDIV)
  D:\MYPROGRAM\KEIL\C51\LIB\C51L.LIB (?C?SIDIV)
  D:\MYPROGRAM\KEIL\C51\LIB\C51L.LIB (?C?IILDX)
  D:\MYPROGRAM\KEIL\C51\LIB\C51L.LIB (?C?ILDIX)
  D:\MYPROGRAM\KEIL\C51\LIB\C51L.LIB (?C?ULDIV)
  D:\MYPROGRAM\KEIL\C51\LIB\C51L.LIB (?C?LNEG)
  D:\MYPROGRAM\KEIL\C51\LIB\C51L.LIB (?C?ULCMP)
  D:\MYPROGRAM\KEIL\C51\LIB\C51L.LIB (?C?LSTXDATA)
  D:\MYPROGRAM\KEIL\C51\LIB\C51L.LIB (?C?LSTKXDATA)
  D:\MYPROGRAM\KEIL\C51\LIB\C51L.LIB (?C?OFFXADD)
  D:\MYPROGRAM\KEIL\C51\LIB\C51L.LIB (?C?PLDIXDATA)
  D:\MYPROGRAM\KEIL\C51\LIB\C51L.LIB (?C?PSTXDATA)
  D:\MYPROGRAM\KEIL\C51\LIB\C51L.LIB (?C?CCASE)
  D:\MYPROGRAM\KEIL\C51\LIB\C51L.LIB (PUTCHAR)
  D:\MYPROGRAM\KEIL\C51\LIB\C51L.LIB (CABS)
  D:\MYPROGRAM\KEIL\C51\LIB\C51L.LIB (?C?MEMSET)


LINK MAP OF MODULE:  perfect (?C_STARTUP)


            TYPE    BASE      LENGTH    RELOCATION   SEGMENT NAME
            -----------------------------------------------------

            * * * * * * *   D A T A   M E M O R Y   * * * * * * *
            REG     0000H     0008H     ABSOLUTE     "REG BANK 0"
            REG     0008H     0008H     ABSOLUTE     "REG BANK 1"
            DATA    0010H     000BH     UNIT         _DATA_GROUP_
            DATA    001BH     0005H     UNIT         ?DT?8023
BL51 BANKED LINKER/LOCATER V6.22                                                      10/21/2015  11:46:54  PAGE 2


            BIT     0020H.0   0001H.1   UNIT         _BIT_GROUP_
                    0021H.1   0000H.7                *** GAP ***
            IDATA   0022H     0001H     UNIT         ?STACK

            * * * * * * *  X D A T A   M E M O R Y  * * * * * * *
            XDATA   0000H     0226H     UNIT         ?XD?8023
            XDATA   0226H     0061H     UNIT         ?XD?_FUN_ZDZJ?8023
            XDATA   0287H     0032H     UNIT         _XDATA_GROUP_
            XDATA   02B9H     002CH     UNIT         ?XD?_FUN_MIN?8023
            XDATA   02E5H     000DH     UNIT         ?XD?_FUN_SJHZ?8023
            XDATA   02F2H     0009H     UNIT         ?XD?_FUN_NAJIAN?8023
            XDATA   02FBH     0005H     UNIT         ?XD?_FUN_FOLLINE?8023
            XDATA   0300H     0004H     UNIT         ?XD?FUN_CALIBRATION?8023
            XDATA   0304H     0004H     UNIT         ?XD?_FUN_XYMOVE?8023
            XDATA   0308H     0003H     UNIT         ?XD?_FUN_PYSJHZ?8023
            XDATA   030BH     0003H     UNIT         ?XD?_FUN_QC?8023
            XDATA   030EH     0002H     UNIT         ?XD?_FUN_PYHZ?8023
            XDATA   0310H     0002H     UNIT         ?XD?_FUN_ZJZT?8023
            XDATA   0312H     0001H     UNIT         ?XD?_FUN_SZ?8023
            XDATA   0313H     0001H     UNIT         ?XD?_FUN_PY?8023
            XDATA   0314H     0001H     UNIT         ?XD?_FUN_SJ?8023
            XDATA   0315H     0001H     UNIT         ?XD?_FUN_HZ?8023
            XDATA   0316H     0001H     UNIT         ?XD?_FUN_TURN?8023
            XDATA   0317H     0001H     UNIT         ?XD?_FUN_RECORD?8023

            * * * * * * *   C O D E   M E M O R Y   * * * * * * *
            CODE    0000H     0003H     ABSOLUTE     
            CODE    0003H     0003H     ABSOLUTE     
            CODE    0006H     0001H     UNIT         ?PR?INT0INTERRUPT?PERFECT
            CODE    0007H     0001H     UNIT         ?PR?FUN_COORDINATE?8023
                    0008H     0003H                  *** GAP ***
            CODE    000BH     0003H     ABSOLUTE     
            CODE    000EH     000DH     UNIT         ?PR?FUN_STOPE2PROM?8023
            CODE    001BH     0003H     ABSOLUTE     
            CODE    001EH     10D0H     UNIT         ?PR?_FUN_ZDZJ?8023
            CODE    10EEH     0DFDH     UNIT         ?PR?_FUN_NAJIAN?8023
            CODE    1EEBH     084FH     UNIT         ?C?LIB_CODE
            CODE    273AH     0557H     UNIT         ?PR?FUN_TIMERMOVE?8023
            CODE    2C91H     0483H     UNIT         ?PR?PRINTF?PRINTF
            CODE    3114H     02C1H     UNIT         ?PR?_FUN_SJHZ?8023
            CODE    33D5H     023EH     UNIT         ?PR?_FUN_MOTORS?8023
            CODE    3613H     01DEH     UNIT         ?PR?_FUN_QC?8023
            CODE    37F1H     01C8H     UNIT         ?PR?_FUN_SETXY?8023
            CODE    39B9H     01B5H     UNIT         ?PR?FUN_CALIBRATION?8023
            CODE    3B6EH     01AEH     UNIT         ?PR?_FUN_MOTORSRL?8023
            CODE    3D1CH     01ABH     UNIT         ?PR?_FUN_PBXY?8023
            CODE    3EC7H     01AAH     UNIT         ?PR?_FUN_FOLLINE?8023
            CODE    4071H     018FH     UNIT         ?PR?_FUN_XYMOVE?8023
            CODE    4200H     0183H     UNIT         ?PR?_FUN_ZJZT?8023
            CODE    4383H     0171H     UNIT         ?PR?_FUN_RECORD?8023
            CODE    44F4H     015EH     UNIT         ?PR?_FUN_HZ?8023
            CODE    4652H     015AH     UNIT         ?PR?_FUN_SJ?8023
            CODE    47ACH     0147H     UNIT         ?PR?_FUN_PYHZ?8023
            CODE    48F3H     0137H     UNIT         ?PR?_FUN_PY?8023
            CODE    4A2AH     011CH     UNIT         ?PR?FUN_TEST?8023
            CODE    4B46H     00CBH     UNIT         ?PR?FUN_ZHUAJIAN?8023
            CODE    4C11H     00C8H     UNIT         ?PR?_FUN_START?8023
BL51 BANKED LINKER/LOCATER V6.22                                                      10/21/2015  11:46:54  PAGE 3


            CODE    4CD9H     00A7H     UNIT         ?PR?MAIN?PERFECT
            CODE    4D80H     009DH     UNIT         ?PR?FUN_JTJP?8023
            CODE    4E1DH     008CH     UNIT         ?C_C51STARTUP
            CODE    4EA9H     0083H     UNIT         ?PR?_FUN_FLSETTING?8023
            CODE    4F2CH     007BH     UNIT         ?PR?_FUN_TURN?8023
            CODE    4FA7H     007BH     UNIT         ?PR?_FUN_MIN?8023
            CODE    5022H     0075H     UNIT         ?PR?_FUN_DELAY?8023
            CODE    5097H     005BH     UNIT         ?PR?_FUN_GETXY?8023
            CODE    50F2H     0042H     UNIT         ?PR?_FUN_SZ?8023
            CODE    5134H     0042H     UNIT         ?PR?FUN_STOP?8023
            CODE    5176H     0032H     UNIT         ?PR?FUN_BACK?8023
            CODE    51A8H     002FH     UNIT         ?C_INITSEG
            CODE    51D7H     0027H     UNIT         ?PR?PUTCHAR?PUTCHAR
            CODE    51FEH     0026H     UNIT         ?PR?FUN_TIMER0?8023
            CODE    5224H     0021H     UNIT         ?PR?_FUN_WRITEE2PROM?8023
            CODE    5245H     0020H     UNIT         ?PR?_FUN_READE2PROM?8023
            CODE    5265H     001DH     UNIT         ?PR?_FUN_CLEANE2PROM?8023
            CODE    5282H     001BH     UNIT         ?PR?TIMER0INTERRUPT?PERFECT
            CODE    529DH     001BH     UNIT         ?PR?TIMER1INTERRUPT?PERFECT
            CODE    52B8H     001AH     UNIT         ?PR?FUN_WAIT?8023
            CODE    52D2H     001AH     UNIT         ?PR?_FUN_PWMR?8023
            CODE    52ECH     001AH     UNIT         ?PR?_FUN_PWML?8023
            CODE    5306H     0016H     UNIT         ?PR?FUN_TIMER0INIT?8023
            CODE    531CH     0016H     UNIT         ?PR?FUN_TIMER1INIT?8023
            CODE    5332H     0016H     UNIT         ?PR?_FUN_GO?8023
            CODE    5348H     0013H     UNIT         ?PR?FUN_PORT?8023
            CODE    535BH     000CH     UNIT         ?PR?_FUN_PYSJHZ?8023
            CODE    5367H     000BH     UNIT         ?PR?FUN_PWMINIT?8023
            CODE    5372H     0009H     UNIT         ?CO?8023
            CODE    537BH     0008H     UNIT         ?PR?_CABS?CABS
            CODE    5383H     0007H     UNIT         ?PR?FUN_TIMER1?8023



OVERLAY MAP OF MODULE:   perfect (?C_STARTUP)


SEGMENT                                BIT_GROUP          DATA_GROUP          XDATA_GROUP
  +--> CALLED SEGMENT               START    LENGTH     START    LENGTH     START    LENGTH
-------------------------------------------------------------------------------------------
?C_C51STARTUP                       -----    -----      -----    -----      -----    -----
  +--> ?PR?MAIN?PERFECT
  +--> ?C_INITSEG

?PR?MAIN?PERFECT                    -----    -----      -----    -----      -----    -----
  +--> ?PR?_FUN_START?8023
  +--> ?PR?_FUN_SETXY?8023
  +--> ?PR?_FUN_FLSETTING?8023
  +--> ?PR?_FUN_DELAY?8023
  +--> ?PR?FUN_STOP?8023

?PR?_FUN_START?8023                 -----    -----      -----    -----      0287H    0007H
  +--> ?PR?FUN_PORT?8023
  +--> ?PR?FUN_PWMINIT?8023
  +--> ?PR?FUN_TIMER0INIT?8023
  +--> ?PR?FUN_TIMER1INIT?8023
  +--> ?PR?_FUN_MOTORS?8023
BL51 BANKED LINKER/LOCATER V6.22                                                      10/21/2015  11:46:54  PAGE 4


  +--> ?PR?FUN_WAIT?8023

?PR?_FUN_MOTORS?8023                -----    -----      -----    -----      028EH    0001H
  +--> ?PR?_CABS?CABS
  +--> ?PR?_FUN_PWML?8023
  +--> ?PR?_FUN_PWMR?8023

?PR?FUN_WAIT?8023                   -----    -----      -----    -----      -----    -----
  +--> ?PR?_FUN_DELAY?8023

?PR?_FUN_DELAY?8023                 -----    -----      0010H    0007H      -----    -----

?PR?_FUN_SETXY?8023                 -----    -----      -----    -----      0287H    0019H
  +--> ?PR?_FUN_PBXY?8023

?PR?_FUN_PBXY?8023                  -----    -----      -----    -----      02A0H    0004H

?PR?_FUN_FLSETTING?8023             -----    -----      -----    -----      0287H    002EH

?PR?FUN_STOP?8023                   -----    -----      -----    -----      -----    -----
  +--> ?PR?_FUN_MOTORS?8023
  +--> ?CO?8023
  +--> ?PR?PRINTF?PRINTF

?PR?PRINTF?PRINTF                   0020H.0  0001H.1    0010H    0005H      0287H    0030H
  +--> ?PR?PUTCHAR?PUTCHAR

*** NEW ROOT ***************************************************

?PR?TIMER0INTERRUPT?PERFECT         -----    -----      -----    -----      -----    -----
  +--> ?PR?FUN_TIMER0?8023

?PR?FUN_TIMER0?8023                 -----    -----      -----    -----      -----    -----
  +--> ?PR?FUN_TIMERMOVE?8023

?PR?FUN_TIMERMOVE?8023              -----    -----      0017H    0004H      -----    -----
  +--> ?PR?_FUN_MOTORSRL?8023

?PR?_FUN_MOTORSRL?8023              -----    -----      -----    -----      02B7H    0002H
  +--> ?PR?_CABS?CABS
  +--> ?PR?_FUN_PWML?8023
  +--> ?PR?_FUN_PWMR?8023

*** NEW ROOT ***************************************************

?PR?TIMER1INTERRUPT?PERFECT         -----    -----      -----    -----      -----    -----
  +--> ?PR?FUN_TIMER1?8023



SYMBOL TABLE OF MODULE:  perfect (?C_STARTUP)

  VALUE           TYPE          NAME
  ----------------------------------

  -------         MODULE        ?C_STARTUP
  C:4E1DH         SEGMENT       ?C_C51STARTUP
BL51 BANKED LINKER/LOCATER V6.22                                                      10/21/2015  11:46:54  PAGE 5


  I:0022H         SEGMENT       ?STACK
  C:0000H         PUBLIC        ?C_STARTUP
  D:00E0H         SYMBOL        ACC
  D:00F0H         SYMBOL        B
  D:0083H         SYMBOL        DPH
  D:0082H         SYMBOL        DPL
  N:0000H         SYMBOL        IBPSTACK
  N:0100H         SYMBOL        IBPSTACKTOP
  N:0080H         SYMBOL        IDATALEN
  C:4E20H         SYMBOL        IDATALOOP
  N:0000H         SYMBOL        PBPSTACK
  N:0100H         SYMBOL        PBPSTACKTOP
  N:0000H         SYMBOL        PDATALEN
  N:0000H         SYMBOL        PDATASTART
  N:0000H         SYMBOL        PPAGE
  N:0000H         SYMBOL        PPAGEENABLE
  D:00A0H         SYMBOL        PPAGE_SFR
  D:0081H         SYMBOL        SP
  C:4E1DH         SYMBOL        STARTUP1
  N:0000H         SYMBOL        XBPSTACK
  N:0000H         SYMBOL        XBPSTACKTOP
  N:0000H         SYMBOL        XDATALEN
  N:0000H         SYMBOL        XDATASTART
  C:0000H         LINE#         126
  C:4E1DH         LINE#         133
  C:4E1FH         LINE#         134
  C:4E20H         LINE#         135
  C:4E21H         LINE#         136
  C:4E23H         LINE#         185
  C:4E26H         LINE#         196
  -------         ENDMOD        ?C_STARTUP

  -------         MODULE        PERFECT
  C:0000H         SYMBOL        _ICE_DUMMY_
  D:0080H         PUBLIC        P0
  D:0090H         PUBLIC        P1
  D:00A0H         PUBLIC        P2
  D:00B0H         PUBLIC        P3
  D:00C0H         PUBLIC        P4
  D:00C8H         PUBLIC        P5
  C:5282H         PUBLIC        Timer0Interrupt
  C:529DH         PUBLIC        Timer1Interrupt
  D:00A8H         PUBLIC        IE
  D:00B8H         PUBLIC        IP
  D:00D8H         PUBLIC        CCON
  C:4CD9H         PUBLIC        main
  C:0006H         PUBLIC        Int0Interrupt
  D:0098H         PUBLIC        SCON
  D:0088H         PUBLIC        TCON
  D:00D0H         PUBLIC        PSW
  -------         PROC          MAIN
  C:4CD9H         LINE#         2
  C:4CD9H         LINE#         3
  C:4CF3H         LINE#         11
  C:4D4CH         LINE#         26
  C:4D6BH         LINE#         28
  C:4D7DH         LINE#         105
BL51 BANKED LINKER/LOCATER V6.22                                                      10/21/2015  11:46:54  PAGE 6


  -------         ENDPROC       MAIN
  -------         PROC          INT0INTERRUPT
  C:0006H         LINE#         107
  C:0006H         LINE#         109
  -------         ENDPROC       INT0INTERRUPT
  -------         PROC          TIMER0INTERRUPT
  C:5282H         LINE#         110
  C:528FH         LINE#         111
  C:5292H         LINE#         112
  -------         ENDPROC       TIMER0INTERRUPT
  -------         PROC          TIMER1INTERRUPT
  C:529DH         LINE#         113
  C:52AAH         LINE#         114
  C:52ADH         LINE#         115
  -------         ENDPROC       TIMER1INTERRUPT
  -------         ENDMOD        PERFECT

  -------         MODULE        8023
  C:0000H         SYMBOL        _ICE_DUMMY_
  D:0092H         PUBLIC        P1M0
  D:0093H         PUBLIC        P0M1
  C:4205H         PUBLIC        _fun_zjzt
  C:3613H         PUBLIC        _fun_qc
  C:51FEH         PUBLIC        fun_timer0
  D:0096H         PUBLIC        P2M0
  D:0091H         PUBLIC        P1M1
  D:0080H         PUBLIC        P0
  C:5383H         PUBLIC        fun_timer1
  D:0095H         PUBLIC        P2M1
  D:0090H         PUBLIC        P1
  C:5332H         PUBLIC        _fun_go
  C:4EA9H         PUBLIC        _fun_flsetting
  D:00A0H         PUBLIC        P2
  X:0000H         PUBLIC        str_tfl
  B:0090H.2       PUBLIC        out_pwmr
  D:00B0H         PUBLIC        P3
  D:00C0H         PUBLIC        P4
  D:00C8H         PUBLIC        P5
  B:00A8H.7       PUBLIC        EA
  C:4652H         PUBLIC        _fun_sj
  C:273AH         PUBLIC        fun_timermove
  C:4B46H         PUBLIC        fun_zhuajian
  C:5265H         PUBLIC        _fun_cleane2prom
  B:00B0H.6       PUBLIC        in_hpy
  D:00F9H         PUBLIC        CH
  C:44F4H         PUBLIC        _fun_hz
  D:00A8H         PUBLIC        IE
  D:00E9H         PUBLIC        CL
  D:00C5H         PUBLIC        IAP_CMD
  X:004CH         PUBLIC        str_now
  D:00FAH         PUBLIC        CCAP0H
  D:00FBH         PUBLIC        CCAP1H
  B:00B0H.5       PUBLIC        in_qpy
  C:48F3H         PUBLIC        _fun_py
  D:00EAH         PUBLIC        CCAP0L
  B:00D8H.6       PUBLIC        CR
  D:00EBH         PUBLIC        CCAP1L
BL51 BANKED LINKER/LOCATER V6.22                                                      10/21/2015  11:46:54  PAGE 7


  D:00DAH         PUBLIC        CCAPM0
  D:00DBH         PUBLIC        CCAPM1
  C:3EC7H         PUBLIC        _fun_folline
  C:50F2H         PUBLIC        _fun_sz
  D:00B8H         PUBLIC        IP
  B:00A0H.5       PUBLIC        in_hz
  B:0098H.1       PUBLIC        TI
  D:0097H         PUBLIC        CLK_DIV
  C:10EEH         PUBLIC        _fun_najian
  D:00C3H         PUBLIC        IAP_ADDRH
  B:00B0H.4       PUBLIC        in_j
  C:5245H         PUBLIC        _fun_reade2prom
  D:00C4H         PUBLIC        IAP_ADDRL
  D:00D9H         PUBLIC        CMOD
  D:00D8H         PUBLIC        CCON
  B:00B0H.3       PUBLIC        in_s
  B:00A0H.0       PUBLIC        out_dir1
  B:00A0H.2       PUBLIC        out_dir2
  C:4383H         PUBLIC        _fun_record
  D:0087H         PUBLIC        PCON
  C:5224H         PUBLIC        _fun_writee2prom
  C:3B80H         PUBLIC        _fun_motorsrl
  D:0098H         PUBLIC        SCON
  D:0089H         PUBLIC        TMOD
  D:0088H         PUBLIC        TCON
  C:5306H         PUBLIC        fun_timer0init
  C:5367H         PUBLIC        fun_pwminit
  C:531CH         PUBLIC        fun_timer1init
  C:39B9H         PUBLIC        fun_calibration
  C:5028H         PUBLIC        _fun_delay
  C:5176H         PUBLIC        fun_back
  B:00A0H.1       PUBLIC        out_en1
  B:00A0H.3       PUBLIC        out_en2
  D:008EH         PUBLIC        AUXR
  X:0059H         PUBLIC        str_begin
  D:00C7H         PUBLIC        IAP_CONTR
  B:0080H.7       PUBLIC        in_ls1
  B:00A8H.1       PUBLIC        ET0
  B:0080H.6       PUBLIC        in_ls2
  B:0088H.5       PUBLIC        TF0
  B:00A8H.3       PUBLIC        ET1
  B:0080H.5       PUBLIC        in_ls3
  B:0088H.7       PUBLIC        TF1
  B:0080H.4       PUBLIC        in_ls4
  D:008CH         PUBLIC        TH0
  C:000EH         PUBLIC        fun_stope2prom
  B:0080H.3       PUBLIC        in_ls5
  D:008DH         PUBLIC        TH1
  B:0080H.2       PUBLIC        in_ls6
  D:001CH         PUBLIC        var_timer
  B:0080H.1       PUBLIC        in_ls7
  B:0080H.0       PUBLIC        in_ls8
  D:008AH         PUBLIC        TL0
  D:008BH         PUBLIC        TL1
  C:33DEH         PUBLIC        _fun_motors
  B:0090H.6       PUBLIC        out_switchselect
  D:00C2H         PUBLIC        IAP_DATA
BL51 BANKED LINKER/LOCATER V6.22                                                      10/21/2015  11:46:54  PAGE 8


  B:0088H.4       PUBLIC        TR0
  C:4071H         PUBLIC        _fun_xymove
  C:535BH         PUBLIC        _fun_pysjhz
  B:0088H.6       PUBLIC        TR1
  C:0007H         PUBLIC        fun_coordinate
  D:00F2H         PUBLIC        PCA_PWM0
  B:00A0H.4       PUBLIC        in_wz1
  D:00F3H         PUBLIC        PCA_PWM1
  C:4C11H         PUBLIC        _fun_start
  B:00A0H.5       PUBLIC        in_wz2
  B:00A0H.6       PUBLIC        in_wz3
  B:00A0H.7       PUBLIC        in_wz4
  C:5097H         PUBLIC        _fun_getxy
  B:00A0H.4       PUBLIC        in_wz5
  C:52B8H         PUBLIC        fun_wait
  C:4D80H         PUBLIC        fun_jtjp
  D:009CH         PUBLIC        BRT
  B:00B0H.2       PUBLIC        in_start
  C:37F1H         PUBLIC        _fun_setxy
  X:0066H         PUBLIC        str_zbfl
  C:3114H         PUBLIC        _fun_sjhz
  C:4A2AH         PUBLIC        fun_test
  C:52ECH         PUBLIC        _fun_pwml
  C:001EH         PUBLIC        _fun_zdzj
  C:3D25H         PUBLIC        _fun_pbxy
  C:4FE8H         PUBLIC        _fun_min
  C:5348H         PUBLIC        fun_port
  X:01F2H         PUBLIC        str_cod
  D:00C6H         PUBLIC        IAP_TRIG
  C:5134H         PUBLIC        fun_stop
  C:52D2H         PUBLIC        _fun_pwmr
  B:0090H.7       PUBLIC        out_motorselect
  C:4F2CH         PUBLIC        _fun_turn
  C:47B0H         PUBLIC        _fun_pyhz
  D:00D0H         PUBLIC        PSW
  X:0219H         PUBLIC        str_next
  B:0090H.5       PUBLIC        out_pwml
  D:0094H         PUBLIC        P0M0
  C:5022H         SYMBOL        L?1165
  C:5024H         SYMBOL        L?1166
  -------         PROC          L?1164
  -------         ENDPROC       L?1164
  C:5022H         SYMBOL        L?1165
  C:5024H         SYMBOL        L?1166
  -------         PROC          _FUN_DELAY
  D:0006H         SYMBOL        par_value
  D:0005H         SYMBOL        par_model
  -------         DO            
  D:0015H         SYMBOL        loc_con
  -------         DO            
  D:0010H         SYMBOL        loc_i
  D:0011H         SYMBOL        loc_j
  D:0012H         SYMBOL        loc_i
  D:0013H         SYMBOL        loc_j
  D:0014H         SYMBOL        loc_k
  -------         ENDDO         
  -------         DO            
BL51 BANKED LINKER/LOCATER V6.22                                                      10/21/2015  11:46:54  PAGE 9


  D:0012H         SYMBOL        loc_i
  D:0013H         SYMBOL        loc_j
  D:0014H         SYMBOL        loc_k
  -------         ENDDO         
  -------         ENDDO         
  C:5028H         LINE#         32
  C:5028H         LINE#         33
  C:502CH         LINE#         34
  C:5038H         LINE#         35
  C:5038H         LINE#         39
  C:504AH         LINE#         40
  C:504BH         LINE#         41
  C:504CH         LINE#         42
  C:504EH         LINE#         45
  C:504EH         LINE#         49
  C:5060H         LINE#         51
  C:5061H         LINE#         52
  C:5062H         LINE#         53
  C:5065H         LINE#         54
  C:5068H         LINE#         55
  C:5068H         LINE#         56
  C:506BH         LINE#         57
  C:506EH         LINE#         58
  C:5070H         LINE#         61
  C:5070H         LINE#         65
  C:5082H         LINE#         67
  C:5085H         LINE#         68
  C:5088H         LINE#         69
  C:508BH         LINE#         70
  C:508BH         LINE#         71
  C:508BH         LINE#         72
  C:508EH         LINE#         73
  C:5091H         LINE#         74
  C:5094H         LINE#         75
  C:5096H         LINE#         78
  C:5096H         LINE#         79
  C:5096H         LINE#         80
  -------         ENDPROC       _FUN_DELAY
  -------         PROC          FUN_TIMER0INIT
  C:5306H         LINE#         81
  C:5306H         LINE#         85
  C:5309H         LINE#         86
  C:530CH         LINE#         87
  C:530FH         LINE#         88
  C:5312H         LINE#         89
  C:5315H         LINE#         90
  C:5317H         LINE#         91
  C:5319H         LINE#         92
  C:531BH         LINE#         93
  -------         ENDPROC       FUN_TIMER0INIT
  -------         PROC          FUN_TIMER1INIT
  C:531CH         LINE#         94
  C:531CH         LINE#         98
  C:531FH         LINE#         99
  C:5322H         LINE#         100
  C:5325H         LINE#         101
  C:5328H         LINE#         102
BL51 BANKED LINKER/LOCATER V6.22                                                      10/21/2015  11:46:54  PAGE 10


  C:532BH         LINE#         103
  C:532DH         LINE#         104
  C:532FH         LINE#         105
  C:5331H         LINE#         106
  -------         ENDPROC       FUN_TIMER1INIT
  -------         PROC          FUN_TIMER0
  C:51FEH         LINE#         107
  C:51FEH         LINE#         108
  C:5201H         LINE#         109
  C:5204H         LINE#         110
  C:5219H         LINE#         111
  C:5220H         LINE#         112
  C:5223H         LINE#         113
  -------         ENDPROC       FUN_TIMER0
  -------         PROC          FUN_TIMER1
  C:5383H         LINE#         114
  C:5383H         LINE#         115
  C:5386H         LINE#         116
  C:5389H         LINE#         117
  -------         ENDPROC       FUN_TIMER1
  -------         PROC          FUN_WAIT
  C:52B8H         LINE#         118
  C:52B8H         LINE#         119
  C:52BAH         LINE#         123
  C:52BDH         LINE#         124
  C:52C6H         LINE#         125
  C:52C9H         LINE#         126
  -------         ENDPROC       FUN_WAIT
  -------         PROC          FUN_PWMINIT
  C:5367H         LINE#         129
  C:5367H         LINE#         133
  C:536AH         LINE#         134
  C:536CH         LINE#         135
  C:536EH         LINE#         136
  C:5371H         LINE#         137
  -------         ENDPROC       FUN_PWMINIT
  -------         PROC          _FUN_PWMR
  D:0007H         SYMBOL        par_value
  C:52D2H         LINE#         138
  C:52D2H         LINE#         139
  C:52E5H         LINE#         140
  C:52E8H         LINE#         141
  C:52EBH         LINE#         142
  -------         ENDPROC       _FUN_PWMR
  -------         PROC          _FUN_PWML
  D:0007H         SYMBOL        par_value
  C:52ECH         LINE#         143
  C:52ECH         LINE#         144
  C:52FFH         LINE#         145
  C:5302H         LINE#         146
  C:5305H         LINE#         147
  -------         ENDPROC       _FUN_PWML
  -------         PROC          L?1171
  -------         ENDPROC       L?1171
  -------         PROC          _FUN_MOTORS
  D:0007H         SYMBOL        par_model
  X:028EH         SYMBOL        par_speed
BL51 BANKED LINKER/LOCATER V6.22                                                      10/21/2015  11:46:54  PAGE 11


  C:33DEH         LINE#         148
  C:33E3H         LINE#         149
  C:33EAH         LINE#         150
  C:33EFH         LINE#         151
  C:33FAH         LINE#         152
  C:33FDH         LINE#         153
  C:342BH         LINE#         154
  C:342BH         LINE#         155
  C:3438H         LINE#         158
  C:343DH         LINE#         159
  C:3444H         LINE#         160
  C:3444H         LINE#         161
  C:3447H         LINE#         162
  C:344FH         LINE#         163
  C:3455H         LINE#         164
  C:3458H         LINE#         165
  C:3467H         LINE#         166
  C:3471H         LINE#         167
  C:3471H         LINE#         168
  C:3472H         LINE#         169
  C:3472H         LINE#         170
  C:347FH         LINE#         173
  C:3484H         LINE#         174
  C:348BH         LINE#         175
  C:348BH         LINE#         176
  C:348DH         LINE#         177
  C:3495H         LINE#         178
  C:349BH         LINE#         179
  C:349DH         LINE#         180
  C:34ACH         LINE#         181
  C:34AEH         LINE#         182
  C:34AEH         LINE#         183
  C:34B0H         LINE#         184
  C:34B0H         LINE#         185
  C:34C2H         LINE#         188
  C:34CBH         LINE#         189
  C:34D2H         LINE#         190
  C:34D4H         LINE#         191
  C:34DAH         LINE#         192
  C:34E1H         LINE#         193
  C:34E2H         LINE#         194
  C:34EAH         LINE#         195
  C:34ECH         LINE#         196
  C:34F6H         LINE#         197
  C:34FDH         LINE#         198
  C:34FEH         LINE#         199
  C:350DH         LINE#         200
  C:350FH         LINE#         201
  C:3517H         LINE#         202
  C:3524H         LINE#         203
  C:3524H         LINE#         204
  C:3525H         LINE#         205
  C:3525H         LINE#         206
  C:3532H         LINE#         209
  C:3537H         LINE#         210
  C:353EH         LINE#         211
  C:3540H         LINE#         212
BL51 BANKED LINKER/LOCATER V6.22                                                      10/21/2015  11:46:54  PAGE 12


  C:3542H         LINE#         213
  C:354AH         LINE#         214
  C:354CH         LINE#         215
  C:354FH         LINE#         216
  C:355AH         LINE#         217
  C:355CH         LINE#         218
  C:355CH         LINE#         219
  C:355EH         LINE#         220
  C:355EH         LINE#         221
  C:356BH         LINE#         224
  C:3570H         LINE#         225
  C:3577H         LINE#         226
  C:3579H         LINE#         227
  C:357BH         LINE#         228
  C:3583H         LINE#         229
  C:3585H         LINE#         230
  C:3588H         LINE#         231
  C:3593H         LINE#         232
  C:3595H         LINE#         233
  C:3595H         LINE#         234
  C:3597H         LINE#         235
  C:3597H         LINE#         236
  C:35A4H         LINE#         239
  C:35A9H         LINE#         240
  C:35B0H         LINE#         241
  C:35B6H         LINE#         242
  C:35B7H         LINE#         243
  C:35BFH         LINE#         244
  C:35C5H         LINE#         245
  C:35C6H         LINE#         246
  C:35CEH         LINE#         247
  C:35D4H         LINE#         248
  C:35D4H         LINE#         249
  C:35D5H         LINE#         250
  C:35D5H         LINE#         251
  C:35E2H         LINE#         254
  C:35E7H         LINE#         255
  C:35EEH         LINE#         256
  C:35F4H         LINE#         257
  C:35F5H         LINE#         258
  C:35FDH         LINE#         259
  C:3603H         LINE#         260
  C:3604H         LINE#         261
  C:360CH         LINE#         262
  C:3612H         LINE#         263
  C:3612H         LINE#         264
  C:3612H         LINE#         265
  C:3612H         LINE#         266
  C:3612H         LINE#         267
  C:3612H         LINE#         268
  -------         ENDPROC       _FUN_MOTORS
  -------         PROC          L?1170
  -------         ENDPROC       L?1170
  -------         PROC          _FUN_MOTORSRL
  D:0007H         SYMBOL        par_model
  X:02B7H         SYMBOL        par_speed
  C:3B80H         LINE#         269
BL51 BANKED LINKER/LOCATER V6.22                                                      10/21/2015  11:46:54  PAGE 13


  C:3B88H         LINE#         270
  C:3B92H         LINE#         271
  C:3B9DH         LINE#         272
  C:3BAEH         LINE#         273
  C:3BB5H         LINE#         274
  C:3BC7H         LINE#         275
  C:3BC7H         LINE#         276
  C:3BE0H         LINE#         279
  C:3BE5H         LINE#         280
  C:3BF0H         LINE#         281
  C:3BF0H         LINE#         282
  C:3BF3H         LINE#         283
  C:3BFEH         LINE#         284
  C:3C05H         LINE#         285
  C:3C08H         LINE#         286
  C:3C1BH         LINE#         287
  C:3C25H         LINE#         288
  C:3C25H         LINE#         289
  C:3C26H         LINE#         290
  C:3C26H         LINE#         291
  C:3C3FH         LINE#         294
  C:3C44H         LINE#         295
  C:3C4FH         LINE#         296
  C:3C4FH         LINE#         297
  C:3C52H         LINE#         298
  C:3C5DH         LINE#         299
  C:3C64H         LINE#         300
  C:3C67H         LINE#         301
  C:3C7AH         LINE#         302
  C:3C7CH         LINE#         303
  C:3C7CH         LINE#         304
  C:3C7FH         LINE#         305
  C:3C7FH         LINE#         306
  C:3CA9H         LINE#         309
  C:3CB4H         LINE#         310
  C:3CBFH         LINE#         311
  C:3CC1H         LINE#         312
  C:3CC7H         LINE#         313
  C:3CCEH         LINE#         314
  C:3CCFH         LINE#         315
  C:3CDAH         LINE#         316
  C:3CDCH         LINE#         317
  C:3CE7H         LINE#         318
  C:3CF2H         LINE#         319
  C:3CF3H         LINE#         320
  C:3D03H         LINE#         321
  C:3D05H         LINE#         322
  C:3D0DH         LINE#         323
  C:3D1BH         LINE#         324
  C:3D1BH         LINE#         325
  C:3D1BH         LINE#         326
  C:3D1BH         LINE#         327
  C:3D1BH         LINE#         328
  C:3D1BH         LINE#         329
  -------         ENDPROC       _FUN_MOTORSRL
  -------         PROC          _FUN_SZ
  X:0312H         SYMBOL        par_model
BL51 BANKED LINKER/LOCATER V6.22                                                      10/21/2015  11:46:54  PAGE 14


  C:50F2H         LINE#         330
  C:50F7H         LINE#         331
  C:50FEH         LINE#         333
  C:5105H         LINE#         337
  C:510CH         LINE#         338
  C:5111H         LINE#         341
  C:5111H         LINE#         345
  C:5118H         LINE#         346
  C:511BH         LINE#         348
  C:511BH         LINE#         349
  C:5124H         LINE#         350
  C:512BH         LINE#         351
  C:5133H         LINE#         352
  -------         ENDPROC       _FUN_SZ
  -------         PROC          _FUN_PY
  X:0313H         SYMBOL        par_model
  C:48F3H         LINE#         353
  C:48F8H         LINE#         354
  C:4902H         LINE#         356
  C:4920H         LINE#         357
  C:4920H         LINE#         361
  C:4927H         LINE#         362
  C:492AH         LINE#         363
  C:492AH         LINE#         365
  C:492DH         LINE#         366
  C:492DH         LINE#         370
  C:4942H         LINE#         371
  C:4942H         LINE#         372
  C:4949H         LINE#         373
  C:494CH         LINE#         374
  C:494FH         LINE#         375
  C:494FH         LINE#         376
  C:4956H         LINE#         377
  C:4959H         LINE#         378
  C:495CH         LINE#         379
  C:495CH         LINE#         380
  C:4963H         LINE#         381
  C:4966H         LINE#         382
  C:4969H         LINE#         383
  C:4969H         LINE#         384
  C:4970H         LINE#         385
  C:4973H         LINE#         386
  C:4976H         LINE#         387
  C:4976H         LINE#         389
  C:4976H         LINE#         390
  C:4976H         LINE#         394
  C:498CH         LINE#         395
  C:498CH         LINE#         396
  C:4993H         LINE#         397
  C:4996H         LINE#         398
  C:4998H         LINE#         399
  C:4998H         LINE#         400
  C:499FH         LINE#         401
  C:49A2H         LINE#         402
  C:49A4H         LINE#         403
  C:49A4H         LINE#         404
  C:49ABH         LINE#         405
BL51 BANKED LINKER/LOCATER V6.22                                                      10/21/2015  11:46:54  PAGE 15


  C:49AEH         LINE#         406
  C:49B0H         LINE#         407
  C:49B0H         LINE#         408
  C:49B7H         LINE#         409
  C:49BAH         LINE#         410
  C:49BCH         LINE#         411
  C:49BCH         LINE#         413
  C:49BCH         LINE#         414
  C:49BCH         LINE#         418
  C:49CFH         LINE#         419
  C:49CFH         LINE#         420
  C:49D6H         LINE#         421
  C:49D9H         LINE#         422
  C:49DBH         LINE#         423
  C:49DBH         LINE#         424
  C:49E2H         LINE#         425
  C:49E5H         LINE#         426
  C:49E7H         LINE#         427
  C:49E7H         LINE#         428
  C:49EEH         LINE#         429
  C:49F1H         LINE#         430
  C:49F3H         LINE#         431
  C:49F3H         LINE#         432
  C:49FAH         LINE#         433
  C:4A02H         LINE#         434
  C:4A04H         LINE#         435
  C:4A04H         LINE#         437
  C:4A04H         LINE#         438
  C:4A04H         LINE#         442
  C:4A0BH         LINE#         443
  C:4A0EH         LINE#         444
  C:4A1AH         LINE#         446
  C:4A1AH         LINE#         447
  C:4A1AH         LINE#         448
  C:4A1AH         LINE#         449
  C:4A1AH         LINE#         450
  C:4A21H         LINE#         451
  C:4A29H         LINE#         452
  -------         ENDPROC       _FUN_PY
  -------         PROC          _FUN_SJ
  X:0314H         SYMBOL        par_model
  C:4652H         LINE#         453
  C:4657H         LINE#         454
  C:4661H         LINE#         456
  C:4663H         LINE#         457
  C:469AH         LINE#         458
  C:469AH         LINE#         462
  C:46A1H         LINE#         463
  C:46A3H         LINE#         464
  C:46A6H         LINE#         465
  C:46A6H         LINE#         467
  C:46A9H         LINE#         468
  C:46A9H         LINE#         472
  C:46B6H         LINE#         473
  C:46B8H         LINE#         474
  C:46B8H         LINE#         475
  C:46BBH         LINE#         476
BL51 BANKED LINKER/LOCATER V6.22                                                      10/21/2015  11:46:54  PAGE 16


  C:46BBH         LINE#         477
  C:46C0H         LINE#         478
  C:46C2H         LINE#         479
  C:46C2H         LINE#         480
  C:46C2H         LINE#         482
  C:46C5H         LINE#         483
  C:46C5H         LINE#         487
  C:46DDH         LINE#         488
  C:46DFH         LINE#         489
  C:46E2H         LINE#         490
  C:46E2H         LINE#         492
  C:46E5H         LINE#         493
  C:46E5H         LINE#         497
  C:46F2H         LINE#         498
  C:46F7H         LINE#         499
  C:46F9H         LINE#         500
  C:46F9H         LINE#         501
  C:46FBH         LINE#         502
  C:46FBH         LINE#         503
  C:4700H         LINE#         504
  C:4702H         LINE#         505
  C:4702H         LINE#         506
  C:4702H         LINE#         508
  C:4704H         LINE#         509
  C:4704H         LINE#         513
  C:471CH         LINE#         514
  C:471EH         LINE#         515
  C:4721H         LINE#         516
  C:4721H         LINE#         518
  C:4723H         LINE#         519
  C:4723H         LINE#         523
  C:4730H         LINE#         524
  C:4735H         LINE#         525
  C:4737H         LINE#         526
  C:4737H         LINE#         527
  C:4739H         LINE#         528
  C:4739H         LINE#         529
  C:473EH         LINE#         530
  C:4740H         LINE#         531
  C:4740H         LINE#         532
  C:4740H         LINE#         534
  C:4742H         LINE#         535
  C:4742H         LINE#         539
  C:475AH         LINE#         540
  C:475CH         LINE#         541
  C:475FH         LINE#         542
  C:475FH         LINE#         544
  C:4761H         LINE#         545
  C:4761H         LINE#         549
  C:476EH         LINE#         550
  C:4773H         LINE#         551
  C:4775H         LINE#         552
  C:4775H         LINE#         553
  C:4777H         LINE#         554
  C:4777H         LINE#         555
  C:477EH         LINE#         556
  C:4781H         LINE#         557
BL51 BANKED LINKER/LOCATER V6.22                                                      10/21/2015  11:46:54  PAGE 17


  C:4781H         LINE#         559
  C:4783H         LINE#         560
  C:4783H         LINE#         564
  C:478AH         LINE#         565
  C:478CH         LINE#         566
  C:478FH         LINE#         567
  C:479CH         LINE#         569
  C:479CH         LINE#         570
  C:479CH         LINE#         571
  C:479CH         LINE#         572
  C:479CH         LINE#         573
  C:47A3H         LINE#         574
  C:47ABH         LINE#         575
  -------         ENDPROC       _FUN_SJ
  -------         PROC          _FUN_HZ
  X:0315H         SYMBOL        par_model
  C:44F4H         LINE#         576
  C:44F9H         LINE#         577
  C:4504H         LINE#         579
  C:4506H         LINE#         580
  C:4521H         LINE#         581
  C:4521H         LINE#         585
  C:4530H         LINE#         586
  C:4530H         LINE#         587
  C:4537H         LINE#         588
  C:453AH         LINE#         589
  C:453DH         LINE#         590
  C:4540H         LINE#         591
  C:4543H         LINE#         592
  C:4543H         LINE#         593
  C:4546H         LINE#         594
  C:4546H         LINE#         595
  C:454DH         LINE#         596
  C:4550H         LINE#         597
  C:4553H         LINE#         598
  C:4553H         LINE#         599
  C:4556H         LINE#         600
  C:4556H         LINE#         601
  C:455DH         LINE#         602
  C:4560H         LINE#         603
  C:4563H         LINE#         604
  C:4563H         LINE#         605
  C:4566H         LINE#         606
  C:4566H         LINE#         607
  C:4566H         LINE#         608
  C:4566H         LINE#         610
  C:4566H         LINE#         611
  C:4566H         LINE#         615
  C:4578H         LINE#         616
  C:4578H         LINE#         617
  C:457FH         LINE#         618
  C:4582H         LINE#         619
  C:4585H         LINE#         620
  C:4588H         LINE#         621
  C:458BH         LINE#         622
  C:458BH         LINE#         623
  C:458EH         LINE#         624
BL51 BANKED LINKER/LOCATER V6.22                                                      10/21/2015  11:46:54  PAGE 18


  C:458EH         LINE#         625
  C:4595H         LINE#         626
  C:4598H         LINE#         627
  C:459BH         LINE#         628
  C:459BH         LINE#         629
  C:459EH         LINE#         630
  C:459EH         LINE#         631
  C:45A5H         LINE#         632
  C:45A8H         LINE#         633
  C:45ABH         LINE#         634
  C:45ABH         LINE#         635
  C:45AEH         LINE#         636
  C:45AEH         LINE#         637
  C:45AEH         LINE#         638
  C:45AEH         LINE#         640
  C:45AEH         LINE#         641
  C:45AEH         LINE#         645
  C:45C1H         LINE#         646
  C:45C1H         LINE#         647
  C:45C8H         LINE#         648
  C:45CBH         LINE#         649
  C:45CEH         LINE#         650
  C:45CEH         LINE#         651
  C:45D1H         LINE#         652
  C:45D1H         LINE#         653
  C:45D8H         LINE#         654
  C:45DBH         LINE#         655
  C:45DEH         LINE#         656
  C:45DEH         LINE#         657
  C:45E0H         LINE#         658
  C:45E0H         LINE#         659
  C:45E7H         LINE#         660
  C:45EAH         LINE#         661
  C:45EDH         LINE#         662
  C:45F0H         LINE#         663
  C:45F3H         LINE#         664
  C:45F3H         LINE#         665
  C:45F5H         LINE#         666
  C:45F5H         LINE#         667
  C:45F5H         LINE#         668
  C:45F5H         LINE#         670
  C:45F5H         LINE#         671
  C:45F5H         LINE#         675
  C:4604H         LINE#         676
  C:4604H         LINE#         677
  C:460BH         LINE#         678
  C:460EH         LINE#         679
  C:4611H         LINE#         680
  C:4611H         LINE#         681
  C:4613H         LINE#         682
  C:4613H         LINE#         683
  C:461AH         LINE#         684
  C:461DH         LINE#         685
  C:4620H         LINE#         686
  C:4620H         LINE#         687
  C:4622H         LINE#         688
  C:4622H         LINE#         689
BL51 BANKED LINKER/LOCATER V6.22                                                      10/21/2015  11:46:54  PAGE 19


  C:4629H         LINE#         690
  C:462CH         LINE#         691
  C:462FH         LINE#         692
  C:4632H         LINE#         693
  C:4635H         LINE#         694
  C:4642H         LINE#         695
  C:4642H         LINE#         696
  C:4642H         LINE#         697
  C:4642H         LINE#         698
  C:4642H         LINE#         700
  C:4642H         LINE#         701
  C:4642H         LINE#         702
  C:4642H         LINE#         703
  C:4642H         LINE#         704
  C:4649H         LINE#         705
  C:4651H         LINE#         706
  -------         ENDPROC       _FUN_HZ
  C:47ACH         SYMBOL        L?1178
  -------         PROC          L?1177
  -------         ENDPROC       L?1177
  C:47ACH         SYMBOL        L?1178
  -------         PROC          _FUN_PYHZ
  X:030EH         SYMBOL        par_pymodel
  X:030FH         SYMBOL        par_hzmodel
  C:47B0H         LINE#         707
  C:47B8H         LINE#         708
  C:47C6H         LINE#         709
  C:47C6H         LINE#         710
  C:47D5H         LINE#         711
  C:47D5H         LINE#         712
  C:47D5H         LINE#         713
  C:47D7H         LINE#         714
  C:47D7H         LINE#         715
  C:47D7H         LINE#         716
  C:47D9H         LINE#         717
  C:47D9H         LINE#         718
  C:47D9H         LINE#         719
  C:47DBH         LINE#         720
  C:47DBH         LINE#         721
  C:47DBH         LINE#         722
  C:47DBH         LINE#         723
  C:47DBH         LINE#         724
  C:47DBH         LINE#         725
  C:47E9H         LINE#         726
  C:47E9H         LINE#         727
  C:47E9H         LINE#         728
  C:47EBH         LINE#         729
  C:47EBH         LINE#         730
  C:47EBH         LINE#         731
  C:47EDH         LINE#         732
  C:47EDH         LINE#         733
  C:47EDH         LINE#         734
  C:47EFH         LINE#         735
  C:47EFH         LINE#         736
  C:47EFH         LINE#         737
  C:47EFH         LINE#         738
  C:47EFH         LINE#         739
BL51 BANKED LINKER/LOCATER V6.22                                                      10/21/2015  11:46:54  PAGE 20


  C:47EFH         LINE#         740
  C:47FEH         LINE#         741
  C:47FEH         LINE#         742
  C:47FEH         LINE#         743
  C:4800H         LINE#         744
  C:4800H         LINE#         745
  C:4800H         LINE#         746
  C:4802H         LINE#         747
  C:4802H         LINE#         748
  C:4802H         LINE#         749
  C:4804H         LINE#         750
  C:4804H         LINE#         751
  C:4804H         LINE#         752
  C:4804H         LINE#         753
  C:4804H         LINE#         754
  C:4804H         LINE#         755
  C:4813H         LINE#         756
  C:4813H         LINE#         757
  C:4815H         LINE#         758
  C:4817H         LINE#         759
  C:4817H         LINE#         760
  C:4819H         LINE#         761
  C:481BH         LINE#         762
  C:481BH         LINE#         763
  C:4822H         LINE#         764
  C:4822H         LINE#         765
  C:4822H         LINE#         766
  C:4822H         LINE#         767
  C:4822H         LINE#         768
  C:4822H         LINE#         769
  C:4822H         LINE#         770
  C:4822H         LINE#         771
  C:4822H         LINE#         772
  C:482AH         LINE#         773
  C:482CH         LINE#         774
  C:482FH         LINE#         775
  C:4844H         LINE#         776
  C:4844H         LINE#         777
  C:4856H         LINE#         778
  C:4856H         LINE#         779
  C:4859H         LINE#         780
  C:485CH         LINE#         781
  C:485FH         LINE#         782
  C:485FH         LINE#         783
  C:4861H         LINE#         784
  C:4861H         LINE#         785
  C:4864H         LINE#         786
  C:4864H         LINE#         787
  C:4866H         LINE#         788
  C:4866H         LINE#         789
  C:4869H         LINE#         790
  C:4869H         LINE#         791
  C:486BH         LINE#         792
  C:486BH         LINE#         793
  C:486BH         LINE#         794
  C:486BH         LINE#         795
  C:486BH         LINE#         796
BL51 BANKED LINKER/LOCATER V6.22                                                      10/21/2015  11:46:54  PAGE 21


  C:486BH         LINE#         797
  C:487AH         LINE#         798
  C:487AH         LINE#         799
  C:487DH         LINE#         800
  C:4880H         LINE#         801
  C:4883H         LINE#         802
  C:4883H         LINE#         803
  C:4885H         LINE#         804
  C:4885H         LINE#         805
  C:4888H         LINE#         806
  C:4888H         LINE#         807
  C:488AH         LINE#         808
  C:488AH         LINE#         809
  C:488DH         LINE#         810
  C:488DH         LINE#         811
  C:488FH         LINE#         812
  C:488FH         LINE#         813
  C:488FH         LINE#         814
  C:488FH         LINE#         815
  C:488FH         LINE#         816
  C:488FH         LINE#         817
  C:489FH         LINE#         818
  C:489FH         LINE#         819
  C:48A2H         LINE#         820
  C:48A2H         LINE#         821
  C:48A4H         LINE#         822
  C:48A4H         LINE#         823
  C:48A7H         LINE#         824
  C:48A7H         LINE#         825
  C:48A9H         LINE#         826
  C:48A9H         LINE#         827
  C:48ACH         LINE#         828
  C:48AFH         LINE#         829
  C:48B2H         LINE#         830
  C:48B2H         LINE#         831
  C:48B4H         LINE#         832
  C:48B4H         LINE#         833
  C:48B4H         LINE#         834
  C:48B4H         LINE#         835
  C:48B4H         LINE#         836
  C:48B4H         LINE#         837
  C:48C3H         LINE#         838
  C:48C3H         LINE#         839
  C:48C6H         LINE#         840
  C:48C6H         LINE#         841
  C:48C8H         LINE#         842
  C:48C8H         LINE#         843
  C:48CBH         LINE#         844
  C:48CBH         LINE#         845
  C:48CDH         LINE#         846
  C:48CDH         LINE#         847
  C:48D0H         LINE#         848
  C:48D3H         LINE#         849
  C:48D6H         LINE#         850
  C:48E3H         LINE#         851
  C:48E3H         LINE#         852
  C:48E3H         LINE#         853
BL51 BANKED LINKER/LOCATER V6.22                                                      10/21/2015  11:46:54  PAGE 22


  C:48E3H         LINE#         854
  C:48E3H         LINE#         855
  C:48E3H         LINE#         856
  C:48E3H         LINE#         857
  C:48E3H         LINE#         858
  C:48E3H         LINE#         859
  C:48EAH         LINE#         860
  C:48F2H         LINE#         861
  -------         ENDPROC       _FUN_PYHZ
  -------         PROC          _FUN_SJHZ
  X:02E5H         SYMBOL        par_sjmodel
  X:02E6H         SYMBOL        par_hzmodel
  -------         DO            
  X:02E7H         SYMBOL        loc_sjdelay
  X:02EBH         SYMBOL        loc_hzdelay
  X:02EFH         SYMBOL        loc_sjcgq
  X:02F0H         SYMBOL        loc_hzcgq
  X:02F1H         SYMBOL        loc_hzflag
  -------         ENDDO         
  C:3114H         LINE#         862
  C:311DH         LINE#         863
  C:3125H         LINE#         864
  C:312FH         LINE#         865
  C:3134H         LINE#         866
  C:3136H         LINE#         867
  C:3138H         LINE#         868
  C:3143H         LINE#         869
  C:3155H         LINE#         870
  C:3155H         LINE#         871
  C:3161H         LINE#         872
  C:3161H         LINE#         873
  C:3161H         LINE#         874
  C:3161H         LINE#         875
  C:3163H         LINE#         876
  C:3163H         LINE#         877
  C:3163H         LINE#         878
  C:3163H         LINE#         879
  C:3165H         LINE#         880
  C:3165H         LINE#         881
  C:3165H         LINE#         882
  C:3165H         LINE#         883
  C:3167H         LINE#         884
  C:3167H         LINE#         885
  C:3167H         LINE#         886
  C:3167H         LINE#         887
  C:3167H         LINE#         888
  C:3167H         LINE#         889
  C:3176H         LINE#         890
  C:3176H         LINE#         891
  C:3176H         LINE#         892
  C:3176H         LINE#         893
  C:3178H         LINE#         894
  C:3178H         LINE#         895
  C:3178H         LINE#         896
  C:3178H         LINE#         897
  C:317AH         LINE#         898
  C:317AH         LINE#         899
BL51 BANKED LINKER/LOCATER V6.22                                                      10/21/2015  11:46:54  PAGE 23


  C:317AH         LINE#         900
  C:317AH         LINE#         901
  C:317CH         LINE#         902
  C:317CH         LINE#         903
  C:317CH         LINE#         904
  C:317CH         LINE#         905
  C:317CH         LINE#         906
  C:317CH         LINE#         907
  C:318CH         LINE#         908
  C:318CH         LINE#         909
  C:318CH         LINE#         910
  C:318CH         LINE#         911
  C:318EH         LINE#         912
  C:318EH         LINE#         913
  C:318EH         LINE#         914
  C:318EH         LINE#         915
  C:3190H         LINE#         916
  C:3190H         LINE#         917
  C:3192H         LINE#         918
  C:3192H         LINE#         919
  C:3194H         LINE#         920
  C:3194H         LINE#         921
  C:3194H         LINE#         922
  C:3194H         LINE#         923
  C:3194H         LINE#         924
  C:3194H         LINE#         925
  C:31A3H         LINE#         926
  C:31A3H         LINE#         927
  C:31A5H         LINE#         928
  C:31A5H         LINE#         929
  C:31A7H         LINE#         930
  C:31A7H         LINE#         931
  C:31AEH         LINE#         932
  C:31B4H         LINE#         933
  C:31B6H         LINE#         934
  C:31B6H         LINE#         935
  C:31BDH         LINE#         936
  C:31C3H         LINE#         937
  C:31C3H         LINE#         938
  C:31C3H         LINE#         939
  C:31C3H         LINE#         940
  C:31C3H         LINE#         941
  C:31C3H         LINE#         942
  C:31C3H         LINE#         943
  C:31C3H         LINE#         944
  C:31C3H         LINE#         945
  C:31DBH         LINE#         946
  C:31DBH         LINE#         947
  C:31E8H         LINE#         948
  C:31F8H         LINE#         949
  C:31FBH         LINE#         950
  C:31FEH         LINE#         951
  C:320DH         LINE#         952
  C:3219H         LINE#         953
  C:3250H         LINE#         954
  C:3250H         LINE#         955
  C:3252H         LINE#         956
BL51 BANKED LINKER/LOCATER V6.22                                                      10/21/2015  11:46:54  PAGE 24


  C:325BH         LINE#         957
  C:3261H         LINE#         958
  C:3261H         LINE#         959
  C:3261H         LINE#         960
  C:3261H         LINE#         961
  C:3264H         LINE#         962
  C:3264H         LINE#         963
  C:3266H         LINE#         964
  C:326FH         LINE#         965
  C:327DH         LINE#         966
  C:327DH         LINE#         967
  C:327DH         LINE#         968
  C:327DH         LINE#         969
  C:327FH         LINE#         970
  C:327FH         LINE#         971
  C:3281H         LINE#         972
  C:328AH         LINE#         973
  C:3290H         LINE#         974
  C:3290H         LINE#         975
  C:3290H         LINE#         976
  C:3290H         LINE#         977
  C:3292H         LINE#         978
  C:3292H         LINE#         979
  C:3294H         LINE#         980
  C:329DH         LINE#         981
  C:32A6H         LINE#         982
  C:32A6H         LINE#         983
  C:32A6H         LINE#         984
  C:32A6H         LINE#         985
  C:32A8H         LINE#         986
  C:32A8H         LINE#         987
  C:32AAH         LINE#         988
  C:32B3H         LINE#         989
  C:32B9H         LINE#         990
  C:32B9H         LINE#         991
  C:32B9H         LINE#         992
  C:32B9H         LINE#         993
  C:32BBH         LINE#         994
  C:32BBH         LINE#         995
  C:32BDH         LINE#         996
  C:32C6H         LINE#         997
  C:32CFH         LINE#         998
  C:32CFH         LINE#         999
  C:32CFH         LINE#         1000
  C:32CFH         LINE#         1001
  C:32D1H         LINE#         1002
  C:32D1H         LINE#         1003
  C:32D3H         LINE#         1004
  C:32DCH         LINE#         1005
  C:32E2H         LINE#         1006
  C:32E2H         LINE#         1007
  C:32E2H         LINE#         1008
  C:32E2H         LINE#         1009
  C:32E4H         LINE#         1010
  C:32E4H         LINE#         1011
  C:32E6H         LINE#         1012
  C:32EFH         LINE#         1013
BL51 BANKED LINKER/LOCATER V6.22                                                      10/21/2015  11:46:54  PAGE 25


  C:32FAH         LINE#         1014
  C:32FDH         LINE#         1015
  C:32FDH         LINE#         1016
  C:32FDH         LINE#         1017
  C:32FFH         LINE#         1018
  C:32FFH         LINE#         1019
  C:3301H         LINE#         1020
  C:330AH         LINE#         1021
  C:330DH         LINE#         1022
  C:332BH         LINE#         1023
  C:3331H         LINE#         1024
  C:3331H         LINE#         1025
  C:3333H         LINE#         1026
  C:3333H         LINE#         1027
  C:3333H         LINE#         1028
  C:3333H         LINE#         1029
  C:3333H         LINE#         1030
  C:3337H         LINE#         1031
  C:3353H         LINE#         1032
  C:335AH         LINE#         1033
  C:335FH         LINE#         1034
  C:3367H         LINE#         1035
  C:3367H         LINE#         1036
  C:3367H         LINE#         1037
  C:3386H         LINE#         1038
  C:338CH         LINE#         1039
  C:338EH         LINE#         1040
  C:3397H         LINE#         1041
  C:339AH         LINE#         1042
  C:339EH         LINE#         1043
  C:33A1H         LINE#         1044
  C:33ACH         LINE#         1045
  C:33B2H         LINE#         1046
  C:33B5H         LINE#         1047
  C:33B5H         LINE#         1048
  C:33B8H         LINE#         1049
  C:33B8H         LINE#         1050
  C:33BFH         LINE#         1051
  C:33C9H         LINE#         1052
  C:33D1H         LINE#         1053
  C:33D1H         LINE#         1054
  C:33D1H         LINE#         1055
  C:33D4H         LINE#         1056
  -------         ENDPROC       _FUN_SJHZ
  -------         PROC          _FUN_PYSJHZ
  X:0308H         SYMBOL        par_pymodel
  X:0309H         SYMBOL        par_sjmodel
  X:030AH         SYMBOL        par_hzmodel
  C:535BH         LINE#         1057
  C:5366H         LINE#         1059
  -------         ENDPROC       _FUN_PYSJHZ
  -------         PROC          FUN_JTJP
  C:4D80H         LINE#         1060
  C:4D80H         LINE#         1061
  C:4D80H         LINE#         1062
  C:4D9EH         LINE#         1063
  C:4DA7H         LINE#         1064
BL51 BANKED LINKER/LOCATER V6.22                                                      10/21/2015  11:46:54  PAGE 26


  C:4DAEH         LINE#         1066
  C:4DAEH         LINE#         1067
  C:4DB4H         LINE#         1068
  C:4DBBH         LINE#         1069
  C:4DBDH         LINE#         1070
  C:4DBFH         LINE#         1071
  C:4DC5H         LINE#         1072
  C:4DCCH         LINE#         1073
  C:4DCEH         LINE#         1074
  C:4DD0H         LINE#         1075
  C:4DD0H         LINE#         1076
  C:4DD3H         LINE#         1077
  C:4DDAH         LINE#         1078
  C:4DDCH         LINE#         1079
  C:4DDEH         LINE#         1080
  C:4DE1H         LINE#         1081
  C:4DE8H         LINE#         1082
  C:4DEAH         LINE#         1083
  C:4DECH         LINE#         1084
  C:4DECH         LINE#         1085
  C:4DF2H         LINE#         1086
  C:4DF9H         LINE#         1087
  C:4E00H         LINE#         1088
  C:4E00H         LINE#         1089
  C:4E0CH         LINE#         1090
  C:4E13H         LINE#         1091
  C:4E1AH         LINE#         1092
  C:4E1AH         LINE#         1093
  C:4E1AH         LINE#         1094
  C:4E1AH         LINE#         1095
  -------         ENDPROC       FUN_JTJP
  -------         PROC          FUN_TIMERMOVE
  -------         DO            
  D:001BH         SYMBOL        loc_con
  D:0017H         SYMBOL        loc_sdl
  D:0019H         SYMBOL        loc_sdr
  -------         ENDDO         
  C:273AH         LINE#         1097
  C:273AH         LINE#         1100
  C:275FH         LINE#         1101
  C:275FH         LINE#         1102
  C:2767H         LINE#         1103
  C:276DH         LINE#         1104
  C:277CH         LINE#         1105
  C:278AH         LINE#         1106
  C:278BH         LINE#         1107
  C:278BH         LINE#         1108
  C:27A1H         LINE#         1109
  C:27B9H         LINE#         1110
  C:27BFH         LINE#         1111
  C:27C7H         LINE#         1112
  C:27CAH         LINE#         1113
  C:27D1H         LINE#         1114
  C:27D4H         LINE#         1115
  C:27E7H         LINE#         1116
  C:27E7H         LINE#         1117
  C:27E7H         LINE#         1119
BL51 BANKED LINKER/LOCATER V6.22                                                      10/21/2015  11:46:54  PAGE 27


  C:27F7H         LINE#         1120
  C:27FDH         LINE#         1121
  C:2818H         LINE#         1122
  C:2833H         LINE#         1123
  C:2833H         LINE#         1124
  C:2839H         LINE#         1125
  C:2854H         LINE#         1126
  C:286FH         LINE#         1127
  C:286FH         LINE#         1128
  C:2875H         LINE#         1129
  C:2895H         LINE#         1130
  C:28B5H         LINE#         1131
  C:28B5H         LINE#         1132
  C:28BBH         LINE#         1133
  C:28DBH         LINE#         1134
  C:28FBH         LINE#         1135
  C:28FBH         LINE#         1136
  C:2901H         LINE#         1137
  C:2921H         LINE#         1138
  C:2941H         LINE#         1139
  C:2941H         LINE#         1140
  C:294AH         LINE#         1141
  C:296AH         LINE#         1142
  C:298AH         LINE#         1143
  C:298AH         LINE#         1144
  C:298AH         LINE#         1145
  C:298AH         LINE#         1146
  C:298AH         LINE#         1147
  C:298DH         LINE#         1148
  C:298DH         LINE#         1149
  C:2997H         LINE#         1150
  C:299CH         LINE#         1151
  C:299CH         LINE#         1152
  C:299FH         LINE#         1153
  C:299FH         LINE#         1154
  C:29B4H         LINE#         1155
  C:29B4H         LINE#         1156
  C:29D7H         LINE#         1157
  C:29D7H         LINE#         1158
  C:29E5H         LINE#         1159
  C:29F4H         LINE#         1160
  C:29F4H         LINE#         1161
  C:29F6H         LINE#         1162
  C:29F6H         LINE#         1163
  C:29F9H         LINE#         1164
  C:2A07H         LINE#         1165
  C:2A0AH         LINE#         1166
  C:2A0CH         LINE#         1167
  C:2A0CH         LINE#         1168
  C:2A1AH         LINE#         1169
  C:2A2FH         LINE#         1170
  C:2A32H         LINE#         1171
  C:2A34H         LINE#         1172
  C:2A34H         LINE#         1173
  C:2A37H         LINE#         1174
  C:2A45H         LINE#         1175
  C:2A63H         LINE#         1176
BL51 BANKED LINKER/LOCATER V6.22                                                      10/21/2015  11:46:54  PAGE 28


  C:2A63H         LINE#         1177
  C:2A63H         LINE#         1178
  C:2A65H         LINE#         1179
  C:2A66H         LINE#         1180
  C:2A66H         LINE#         1181
  C:2A85H         LINE#         1182
  C:2A87H         LINE#         1183
  C:2A88H         LINE#         1184
  C:2A88H         LINE#         1185
  C:2A91H         LINE#         1186
  C:2A91H         LINE#         1187
  C:2A91H         LINE#         1188
  C:2A91H         LINE#         1189
  C:2A91H         LINE#         1190
  C:2A91H         LINE#         1191
  C:2A93H         LINE#         1192
  C:2A93H         LINE#         1193
  C:2A93H         LINE#         1194
  C:2A93H         LINE#         1195
  C:2A9EH         LINE#         1196
  C:2A9EH         LINE#         1197
  C:2AD7H         LINE#         1198
  C:2AD9H         LINE#         1199
  C:2ADAH         LINE#         1200
  C:2ADAH         LINE#         1201
  C:2AF6H         LINE#         1202
  C:2AFEH         LINE#         1203
  C:2B08H         LINE#         1204
  C:2B12H         LINE#         1205
  C:2B15H         LINE#         1206
  C:2B16H         LINE#         1207
  C:2B16H         LINE#         1208
  C:2B26H         LINE#         1209
  C:2B2CH         LINE#         1210
  C:2B45H         LINE#         1211
  C:2B5FH         LINE#         1212
  C:2B5FH         LINE#         1213
  C:2B65H         LINE#         1214
  C:2B7FH         LINE#         1215
  C:2B98H         LINE#         1216
  C:2B98H         LINE#         1217
  C:2B9EH         LINE#         1218
  C:2BB8H         LINE#         1219
  C:2BD2H         LINE#         1220
  C:2BD2H         LINE#         1221
  C:2BD8H         LINE#         1222
  C:2BF2H         LINE#         1223
  C:2C0CH         LINE#         1224
  C:2C0CH         LINE#         1225
  C:2C12H         LINE#         1226
  C:2C2BH         LINE#         1227
  C:2C45H         LINE#         1228
  C:2C45H         LINE#         1229
  C:2C4BH         LINE#         1230
  C:2C65H         LINE#         1231
  C:2C7EH         LINE#         1232
  C:2C7EH         LINE#         1233
BL51 BANKED LINKER/LOCATER V6.22                                                      10/21/2015  11:46:54  PAGE 29


  C:2C87H         LINE#         1234
  C:2C90H         LINE#         1235
  C:2C90H         LINE#         1236
  C:2C90H         LINE#         1237
  C:2C90H         LINE#         1238
  C:2C90H         LINE#         1239
  C:2C90H         LINE#         1240
  C:2C90H         LINE#         1241
  C:2C90H         LINE#         1242
  -------         ENDPROC       FUN_TIMERMOVE
  -------         PROC          _FUN_FLSETTING
  X:0287H         SYMBOL        par_gospeed
  X:0288H         SYMBOL        par_turnspeed
  X:0289H         SYMBOL        par_cachespeed
  -------         DO            
  X:028AH         SYMBOL        ellipsis_40
  X:02B2H         SYMBOL        loc_argp
  D:0007H         SYMBOL        loc_step
  D:0006H         SYMBOL        loc_con
  -------         ENDDO         
  C:4EA9H         LINE#         1243
  C:4EB4H         LINE#         1245
  C:4EB6H         LINE#         1247
  C:4EC2H         LINE#         1248
  C:4EC4H         LINE#         1249
  C:4EC9H         LINE#         1250
  C:4ED8H         LINE#         1251
  C:4EECH         LINE#         1252
  C:4EEEH         LINE#         1253
  C:4EFBH         LINE#         1256
  C:4F01H         LINE#         1257
  C:4F0FH         LINE#         1258
  C:4F17H         LINE#         1259
  C:4F1FH         LINE#         1260
  C:4F27H         LINE#         1261
  C:4F2BH         LINE#         1262
  -------         ENDPROC       _FUN_FLSETTING
  -------         PROC          _FUN_FOLLINE
  D:0007H         SYMBOL        par_con
  X:02FBH         SYMBOL        par_speed
  -------         DO            
  X:02FCH         SYMBOL        loc_con
  X:02FDH         SYMBOL        loc_sdr
  X:02FEH         SYMBOL        loc_sdl
  X:02FFH         SYMBOL        loc_online
  -------         ENDDO         
  C:3EC7H         LINE#         1263
  C:3ECCH         LINE#         1264
  C:3ECFH         LINE#         1267
  C:3ED8H         LINE#         1268
  C:3EF0H         LINE#         1269
  C:3EF6H         LINE#         1270
  C:3F00H         LINE#         1271
  C:3F02H         LINE#         1272
  C:3F09H         LINE#         1273
  C:3F0CH         LINE#         1274
  C:3F12H         LINE#         1275
BL51 BANKED LINKER/LOCATER V6.22                                                      10/21/2015  11:46:54  PAGE 30


  C:3F14H         LINE#         1276
  C:3F14H         LINE#         1278
  C:3F20H         LINE#         1279
  C:3F26H         LINE#         1280
  C:3F32H         LINE#         1281
  C:3F4AH         LINE#         1282
  C:3F4AH         LINE#         1283
  C:3F50H         LINE#         1284
  C:3F68H         LINE#         1285
  C:3F76H         LINE#         1286
  C:3F76H         LINE#         1287
  C:3F7CH         LINE#         1288
  C:3F8EH         LINE#         1289
  C:3FACH         LINE#         1290
  C:3FACH         LINE#         1291
  C:3FB2H         LINE#         1292
  C:3FD0H         LINE#         1293
  C:3FE2H         LINE#         1294
  C:3FE2H         LINE#         1295
  C:3FE8H         LINE#         1296
  C:3FFAH         LINE#         1297
  C:4018H         LINE#         1298
  C:4018H         LINE#         1299
  C:401EH         LINE#         1300
  C:403CH         LINE#         1301
  C:404EH         LINE#         1302
  C:404EH         LINE#         1303
  C:4058H         LINE#         1304
  C:4062H         LINE#         1305
  C:4067H         LINE#         1306
  C:4067H         LINE#         1307
  C:406AH         LINE#         1308
  -------         ENDPROC       _FUN_FOLLINE
  -------         PROC          _FUN_TURN
  D:0007H         SYMBOL        par_model
  X:0316H         SYMBOL        par_speed
  C:4F2CH         LINE#         1310
  C:4F31H         LINE#         1311
  C:4F41H         LINE#         1312
  C:4F41H         LINE#         1313
  C:4F4BH         LINE#         1314
  C:4F51H         LINE#         1315
  C:4F51H         LINE#         1316
  C:4F53H         LINE#         1317
  C:4F53H         LINE#         1318
  C:4F56H         LINE#         1319
  C:4F60H         LINE#         1320
  C:4F63H         LINE#         1321
  C:4F65H         LINE#         1322
  C:4F65H         LINE#         1323
  C:4F6FH         LINE#         1324
  C:4F7BH         LINE#         1325
  C:4F7EH         LINE#         1326
  C:4F80H         LINE#         1327
  C:4F80H         LINE#         1328
  C:4F83H         LINE#         1329
  C:4F8DH         LINE#         1330
BL51 BANKED LINKER/LOCATER V6.22                                                      10/21/2015  11:46:54  PAGE 31


  C:4F9AH         LINE#         1331
  C:4F9AH         LINE#         1332
  C:4F9AH         LINE#         1333
  C:4FA0H         LINE#         1334
  -------         ENDPROC       _FUN_TURN
  -------         PROC          _FUN_QC
  D:0007H         SYMBOL        par_time
  X:030BH         SYMBOL        par_speed
  -------         DO            
  X:030CH         SYMBOL        loc_sdr
  X:030DH         SYMBOL        loc_sdl
  -------         ENDDO         
  C:3613H         LINE#         1336
  C:3618H         LINE#         1338
  C:3635H         LINE#         1339
  C:3654H         LINE#         1341
  C:3660H         LINE#         1342
  C:3666H         LINE#         1343
  C:367FH         LINE#         1344
  C:369BH         LINE#         1345
  C:369BH         LINE#         1346
  C:36A1H         LINE#         1347
  C:36BDH         LINE#         1348
  C:36D8H         LINE#         1349
  C:36D8H         LINE#         1350
  C:36DEH         LINE#         1351
  C:36FAH         LINE#         1352
  C:3716H         LINE#         1353
  C:3716H         LINE#         1354
  C:371CH         LINE#         1355
  C:3738H         LINE#         1356
  C:3754H         LINE#         1357
  C:3754H         LINE#         1358
  C:375AH         LINE#         1359
  C:3775H         LINE#         1360
  C:3791H         LINE#         1361
  C:3791H         LINE#         1362
  C:3797H         LINE#         1363
  C:37B3H         LINE#         1364
  C:37CEH         LINE#         1365
  C:37CEH         LINE#         1366
  C:37D8H         LINE#         1367
  C:37E2H         LINE#         1368
  C:37E7H         LINE#         1369
  C:37EAH         LINE#         1370
  -------         ENDPROC       _FUN_QC
  -------         PROC          FUN_STOPE2PROM
  C:000EH         LINE#         1372
  C:000EH         LINE#         1373
  C:0011H         LINE#         1374
  C:0013H         LINE#         1375
  C:0015H         LINE#         1376
  C:0018H         LINE#         1377
  C:001AH         LINE#         1378
  -------         ENDPROC       FUN_STOPE2PROM
  -------         PROC          _FUN_READE2PROM
  D:0006H         SYMBOL        par_add
BL51 BANKED LINKER/LOCATER V6.22                                                      10/21/2015  11:46:54  PAGE 32


  -------         DO            
  D:0007H         SYMBOL        loc_dat
  -------         ENDDO         
  C:5245H         LINE#         1379
  C:5245H         LINE#         1381
  C:5248H         LINE#         1382
  C:524BH         LINE#         1383
  C:524DH         LINE#         1384
  C:5250H         LINE#         1385
  C:5253H         LINE#         1386
  C:5256H         LINE#         1387
  C:525FH         LINE#         1388
  C:5261H         LINE#         1389
  C:5264H         LINE#         1390
  C:5264H         LINE#         1391
  -------         ENDPROC       _FUN_READE2PROM
  -------         PROC          _FUN_WRITEE2PROM
  D:0006H         SYMBOL        par_add
  D:0005H         SYMBOL        par_dat
  C:5224H         LINE#         1392
  C:5224H         LINE#         1393
  C:5227H         LINE#         1394
  C:522AH         LINE#         1395
  C:522CH         LINE#         1396
  C:522FH         LINE#         1397
  C:5233H         LINE#         1398
  C:5236H         LINE#         1399
  C:5239H         LINE#         1400
  C:5242H         LINE#         1401
  -------         ENDPROC       _FUN_WRITEE2PROM
  -------         PROC          _FUN_CLEANE2PROM
  D:0006H         SYMBOL        par_add
  C:5265H         LINE#         1403
  C:5265H         LINE#         1404
  C:5268H         LINE#         1405
  C:526BH         LINE#         1406
  C:526DH         LINE#         1407
  C:5270H         LINE#         1408
  C:5273H         LINE#         1409
  C:5276H         LINE#         1410
  C:527FH         LINE#         1411
  -------         ENDPROC       _FUN_CLEANE2PROM
  -------         PROC          FUN_CALIBRATION
  -------         DO            
  X:0300H         SYMBOL        loc_time
  -------         ENDDO         
  C:39B9H         LINE#         1413
  C:39B9H         LINE#         1416
  C:39BEH         LINE#         1417
  C:39C3H         LINE#         1418
  C:39D1H         LINE#         1419
  C:39D6H         LINE#         1420
  C:39DBH         LINE#         1421
  C:3A00H         LINE#         1422
  C:3A24H         LINE#         1423
  C:3A4AH         LINE#         1424
  C:3A52H         LINE#         1425
BL51 BANKED LINKER/LOCATER V6.22                                                      10/21/2015  11:46:54  PAGE 33


  C:3A79H         LINE#         1426
  C:3AA1H         LINE#         1427
  C:3AC9H         LINE#         1428
  C:3AF1H         LINE#         1429
  C:3B19H         LINE#         1430
  C:3B41H         LINE#         1431
  C:3B67H         LINE#         1432
  C:3B6DH         LINE#         1433
  -------         ENDPROC       FUN_CALIBRATION
  -------         PROC          FUN_PORT
  C:5348H         LINE#         1434
  C:5348H         LINE#         1436
  C:534BH         LINE#         1437
  C:534EH         LINE#         1438
  C:5351H         LINE#         1439
  C:5354H         LINE#         1440
  C:5357H         LINE#         1441
  C:535AH         LINE#         1442
  -------         ENDPROC       FUN_PORT
  -------         PROC          FUN_TEST
  C:4A2AH         LINE#         1443
  C:4A2AH         LINE#         1444
  C:4A2FH         LINE#         1445
  C:4A32H         LINE#         1446
  C:4A37H         LINE#         1447
  C:4A3AH         LINE#         1448
  C:4A3FH         LINE#         1449
  C:4A42H         LINE#         1450
  C:4A47H         LINE#         1451
  C:4A4AH         LINE#         1453
  C:4A50H         LINE#         1454
  C:4A55H         LINE#         1455
  C:4A58H         LINE#         1456
  C:4A5DH         LINE#         1457
  C:4A60H         LINE#         1458
  C:4A65H         LINE#         1459
  C:4A68H         LINE#         1460
  C:4A6DH         LINE#         1461
  C:4A70H         LINE#         1463
  C:4A75H         LINE#         1464
  C:4A78H         LINE#         1465
  C:4A7DH         LINE#         1466
  C:4A80H         LINE#         1467
  C:4A85H         LINE#         1468
  C:4A88H         LINE#         1469
  C:4A8DH         LINE#         1470
  C:4A90H         LINE#         1471
  C:4A95H         LINE#         1472
  C:4A98H         LINE#         1473
  C:4A9DH         LINE#         1474
  C:4AA0H         LINE#         1475
  C:4AA5H         LINE#         1476
  C:4AA8H         LINE#         1477
  C:4AADH         LINE#         1478
  C:4AB0H         LINE#         1479
  C:4AB5H         LINE#         1481
  C:4ABDH         LINE#         1482
BL51 BANKED LINKER/LOCATER V6.22                                                      10/21/2015  11:46:54  PAGE 34


  C:4AC3H         LINE#         1483
  C:4AC8H         LINE#         1484
  C:4ACBH         LINE#         1485
  C:4AD0H         LINE#         1486
  C:4AD3H         LINE#         1487
  C:4AD8H         LINE#         1488
  C:4ADBH         LINE#         1489
  C:4AE0H         LINE#         1490
  C:4AE3H         LINE#         1491
  C:4AEBH         LINE#         1493
  C:4AF2H         LINE#         1494
  C:4AF5H         LINE#         1495
  C:4AFCH         LINE#         1496
  C:4AFFH         LINE#         1498
  C:4B06H         LINE#         1499
  C:4B09H         LINE#         1500
  C:4B10H         LINE#         1501
  C:4B13H         LINE#         1503
  C:4B1AH         LINE#         1504
  C:4B21H         LINE#         1505
  C:4B24H         LINE#         1506
  C:4B2BH         LINE#         1507
  C:4B2EH         LINE#         1509
  C:4B35H         LINE#         1510
  C:4B3CH         LINE#         1511
  C:4B3FH         LINE#         1512
  -------         ENDPROC       FUN_TEST
  C:4FE0H         SYMBOL        L?1168
  C:4FE3H         SYMBOL        L?1169
  -------         PROC          L?1167
  -------         ENDPROC       L?1167
  C:4FE0H         SYMBOL        L?1168
  C:4FE3H         SYMBOL        L?1169
  -------         PROC          _FUN_MIN
  X:02B9H         SYMBOL        par_num
  -------         DO            
  X:02BAH         SYMBOL        ellipsis_40
  X:02E2H         SYMBOL        loc_argp
  D:0007H         SYMBOL        loc_min
  D:0006H         SYMBOL        loc_shu
  -------         ENDDO         
  C:4FE8H         LINE#         1514
  C:4FEDH         LINE#         1516
  C:4FEFH         LINE#         1518
  C:4FFDH         LINE#         1519
  C:4FFFH         LINE#         1520
  C:5004H         LINE#         1521
  C:5009H         LINE#         1522
  C:500BH         LINE#         1523
  C:501FH         LINE#         1524
  C:5021H         LINE#         1526
  C:5021H         LINE#         1527
  -------         ENDPROC       _FUN_MIN
  -------         PROC          FUN_COORDINATE
  C:0007H         LINE#         1528
  C:0007H         LINE#         1530
  -------         ENDPROC       FUN_COORDINATE
BL51 BANKED LINKER/LOCATER V6.22                                                      10/21/2015  11:46:54  PAGE 35


  -------         PROC          _FUN_SETXY
  X:0287H         SYMBOL        par_1x
  X:0288H         SYMBOL        par_1y
  D:0003H         SYMBOL        par_1value
  X:028AH         SYMBOL        par_1fx
  X:028BH         SYMBOL        par_1gw
  X:028CH         SYMBOL        par_2x
  X:028EH         SYMBOL        par_2y
  X:028FH         SYMBOL        par_2value
  X:0290H         SYMBOL        par_2fx
  X:0291H         SYMBOL        par_2gw
  X:0292H         SYMBOL        par_3x
  X:0294H         SYMBOL        par_3y
  X:0295H         SYMBOL        par_3value
  X:0296H         SYMBOL        par_3fx
  X:0297H         SYMBOL        par_3gw
  X:0298H         SYMBOL        par_4x
  X:029AH         SYMBOL        par_4y
[...]
  C:4337H         LINE#         2129
  C:433FH         LINE#         2130
  C:4351H         LINE#         2131
BL51 BANKED LINKER/LOCATER V6.22                                                      10/21/2015  11:46:54  PAGE 45


  C:4351H         LINE#         2132
  C:4351H         LINE#         2133
  C:4353H         LINE#         2134
  C:4353H         LINE#         2135
  C:4355H         LINE#         2136
  C:4357H         LINE#         2137
  C:4357H         LINE#         2138
  C:4359H         LINE#         2139
  C:435BH         LINE#         2140
  C:435BH         LINE#         2141
  C:435DH         LINE#         2142
  C:435FH         LINE#         2143
  C:435FH         LINE#         2144
  C:4361H         LINE#         2145
  C:4363H         LINE#         2146
  C:4363H         LINE#         2147
  C:436EH         LINE#         2148
  C:4372H         LINE#         2149
  C:437DH         LINE#         2150
  C:4382H         LINE#         2151
  C:4382H         LINE#         2152
  C:4382H         LINE#         2153
  C:4382H         LINE#         2154
  -------         ENDPROC       _FUN_ZJZT
  -------         PROC          _FUN_NAJIAN
  X:02F2H         SYMBOL        par_now
  X:02F3H         SYMBOL        par_next
  X:02F4H         SYMBOL        par_high
  X:02F7H         SYMBOL        par_data
  -------         DO            
  X:02FAH         SYMBOL        loc_high
  -------         ENDDO         
  C:10EEH         LINE#         2155
  C:10FFH         LINE#         2160
  C:114DH         LINE#         2162
  C:1162H         LINE#         2163
  C:116AH         LINE#         2164
  C:1192H         LINE#         2165
  C:119DH         LINE#         2166
  C:119DH         LINE#         2167
  C:119FH         LINE#         2168
  C:11BAH         LINE#         2169
  C:11C2H         LINE#         2170
  C:11F3H         LINE#         2171
  C:11FBH         LINE#         2172
  C:1255H         LINE#         2173
  C:1255H         LINE#         2175
  C:125FH         LINE#         2177
  C:127CH         LINE#         2179
  C:1281H         LINE#         2181
  C:12ADH         LINE#         2182
  C:12ADH         LINE#         2183
  C:12DEH         LINE#         2184
  C:12DEH         LINE#         2185
  C:12F4H         LINE#         2186
  C:12F7H         LINE#         2187
  C:12F7H         LINE#         2188
BL51 BANKED LINKER/LOCATER V6.22                                                      10/21/2015  11:46:54  PAGE 46


  C:12F7H         LINE#         2189
  C:12F9H         LINE#         2190
  C:12F9H         LINE#         2191
  C:1321H         LINE#         2192
  C:1324H         LINE#         2193
  C:1324H         LINE#         2194
  C:134CH         LINE#         2195
  C:134FH         LINE#         2196
  C:134FH         LINE#         2197
  C:134FH         LINE#         2198
  C:1351H         LINE#         2199
  C:1351H         LINE#         2200
  C:1379H         LINE#         2201
  C:137CH         LINE#         2202
  C:137CH         LINE#         2203
  C:13A4H         LINE#         2204
  C:13A7H         LINE#         2205
  C:13A7H         LINE#         2206
  C:13A7H         LINE#         2207
  C:13A7H         LINE#         2208
  C:13A7H         LINE#         2209
  C:13A7H         LINE#         2210
  C:13D3H         LINE#         2211
  C:13D3H         LINE#         2212
  C:13FAH         LINE#         2213
  C:13FDH         LINE#         2214
  C:13FDH         LINE#         2215
  C:1428H         LINE#         2216
  C:142BH         LINE#         2217
  C:142BH         LINE#         2218
  C:1453H         LINE#         2219
  C:1456H         LINE#         2220
  C:1456H         LINE#         2221
  C:147EH         LINE#         2222
  C:1481H         LINE#         2223
  C:1481H         LINE#         2224
  C:14ACH         LINE#         2225
  C:14AFH         LINE#         2226
  C:14AFH         LINE#         2227
  C:14DAH         LINE#         2228
  C:14DDH         LINE#         2229
  C:14DDH         LINE#         2230
  C:1505H         LINE#         2231
  C:1508H         LINE#         2232
  C:1508H         LINE#         2233
  C:1508H         LINE#         2234
  C:1508H         LINE#         2235
  C:1508H         LINE#         2236
  C:1508H         LINE#         2237
  C:1534H         LINE#         2238
  C:1534H         LINE#         2239
  C:1534H         LINE#         2240
  C:1537H         LINE#         2241
  C:1537H         LINE#         2242
  C:1562H         LINE#         2243
  C:1565H         LINE#         2244
  C:1565H         LINE#         2245
BL51 BANKED LINKER/LOCATER V6.22                                                      10/21/2015  11:46:54  PAGE 47


  C:1590H         LINE#         2246
  C:1593H         LINE#         2247
  C:1593H         LINE#         2248
  C:15BBH         LINE#         2249
  C:15BEH         LINE#         2250
  C:15BEH         LINE#         2251
  C:15E9H         LINE#         2252
  C:15ECH         LINE#         2253
  C:15ECH         LINE#         2254
  C:1617H         LINE#         2255
  C:161AH         LINE#         2256
  C:161AH         LINE#         2257
  C:1642H         LINE#         2258
  C:1645H         LINE#         2259
  C:1645H         LINE#         2260
  C:1645H         LINE#         2261
  C:1645H         LINE#         2262
  C:1645H         LINE#         2263
  C:1645H         LINE#         2264
  C:1671H         LINE#         2265
  C:1671H         LINE#         2266
  C:1699H         LINE#         2267
  C:169CH         LINE#         2268
  C:169CH         LINE#         2269
  C:16C4H         LINE#         2270
  C:16C7H         LINE#         2271
  C:16C7H         LINE#         2272
  C:16F2H         LINE#         2273
  C:16F5H         LINE#         2274
  C:16F5H         LINE#         2275
  C:1727H         LINE#         2276
  C:172AH         LINE#         2277
  C:172AH         LINE#         2278
  C:1752H         LINE#         2279
  C:1755H         LINE#         2280
  C:1755H         LINE#         2281
  C:177DH         LINE#         2282
  C:1780H         LINE#         2283
  C:1780H         LINE#         2284
  C:17B2H         LINE#         2285
  C:17B5H         LINE#         2286
  C:17B5H         LINE#         2287
  C:17B5H         LINE#         2288
  C:17B5H         LINE#         2289
  C:17B5H         LINE#         2290
  C:17B5H         LINE#         2291
  C:17E1H         LINE#         2292
  C:17E1H         LINE#         2293
  C:1809H         LINE#         2294
  C:180CH         LINE#         2295
  C:180CH         LINE#         2296
  C:1834H         LINE#         2297
  C:1837H         LINE#         2298
  C:1837H         LINE#         2299
  C:185FH         LINE#         2300
  C:1862H         LINE#         2301
  C:1862H         LINE#         2302
BL51 BANKED LINKER/LOCATER V6.22                                                      10/21/2015  11:46:54  PAGE 48


  C:1894H         LINE#         2303
  C:1897H         LINE#         2304
  C:1897H         LINE#         2305
  C:18C2H         LINE#         2306
  C:18C5H         LINE#         2307
  C:18C5H         LINE#         2308
  C:18EDH         LINE#         2309
  C:18F0H         LINE#         2310
  C:18F0H         LINE#         2311
  C:1922H         LINE#         2312
  C:1925H         LINE#         2313
  C:1925H         LINE#         2314
  C:1925H         LINE#         2315
  C:1925H         LINE#         2316
  C:1925H         LINE#         2317
  C:1925H         LINE#         2318
  C:1951H         LINE#         2319
  C:1951H         LINE#         2320
  C:1951H         LINE#         2321
  C:1954H         LINE#         2322
  C:1954H         LINE#         2323
  C:197FH         LINE#         2324
  C:1982H         LINE#         2325
  C:1982H         LINE#         2326
  C:19ADH         LINE#         2327
  C:19B0H         LINE#         2328
  C:19B0H         LINE#         2329
  C:19D8H         LINE#         2330
  C:19DBH         LINE#         2331
  C:19DBH         LINE#         2332
  C:1A06H         LINE#         2333
  C:1A09H         LINE#         2334
  C:1A09H         LINE#         2335
  C:1A34H         LINE#         2336
  C:1A37H         LINE#         2337
  C:1A37H         LINE#         2338
  C:1A5FH         LINE#         2339
  C:1A62H         LINE#         2340
  C:1A62H         LINE#         2341
  C:1A62H         LINE#         2342
  C:1A62H         LINE#         2343
  C:1A62H         LINE#         2344
  C:1A62H         LINE#         2345
  C:1A8EH         LINE#         2346
  C:1A8EH         LINE#         2347
  C:1ABFH         LINE#         2348
  C:1AC2H         LINE#         2349
  C:1AC2H         LINE#         2350
  C:1AEDH         LINE#         2351
  C:1AF0H         LINE#         2352
  C:1AF0H         LINE#         2353
  C:1B1BH         LINE#         2354
  C:1B1EH         LINE#         2355
  C:1B1EH         LINE#         2356
  C:1B53H         LINE#         2357
  C:1B56H         LINE#         2358
  C:1B56H         LINE#         2359
BL51 BANKED LINKER/LOCATER V6.22                                                      10/21/2015  11:46:54  PAGE 49


  C:1B8BH         LINE#         2360
  C:1B8EH         LINE#         2361
  C:1B8EH         LINE#         2362
  C:1BB9H         LINE#         2363
  C:1BBCH         LINE#         2364
  C:1BBCH         LINE#         2365
  C:1BE7H         LINE#         2366
  C:1BEAH         LINE#         2367
  C:1BEAH         LINE#         2368
  C:1BEAH         LINE#         2369
  C:1BEAH         LINE#         2370
  C:1BEAH         LINE#         2371
  C:1BEAH         LINE#         2372
  C:1C13H         LINE#         2373
  C:1C13H         LINE#         2374
  C:1C4EH         LINE#         2375
  C:1C51H         LINE#         2376
  C:1C51H         LINE#         2377
  C:1C86H         LINE#         2378
  C:1C89H         LINE#         2379
  C:1C89H         LINE#         2380
  C:1CBEH         LINE#         2381
  C:1CC1H         LINE#         2382
  C:1CC1H         LINE#         2383
  C:1D00H         LINE#         2384
  C:1D02H         LINE#         2385
  C:1D02H         LINE#         2386
  C:1D4AH         LINE#         2387
  C:1D4CH         LINE#         2388
  C:1D4CH         LINE#         2389
  C:1D8AH         LINE#         2390
  C:1D8CH         LINE#         2391
  C:1D8CH         LINE#         2392
  C:1DD3H         LINE#         2393
  C:1DD3H         LINE#         2394
  C:1DD3H         LINE#         2395
  C:1DD3H         LINE#         2396
  C:1DD3H         LINE#         2397
  C:1DD3H         LINE#         2398
  C:1DD3H         LINE#         2399
  C:1DD3H         LINE#         2400
  C:1DD3H         LINE#         2402
  C:1DDDH         LINE#         2404
  C:1DF7H         LINE#         2406
  C:1DFCH         LINE#         2410
  C:1E85H         LINE#         2411
  C:1EC4H         LINE#         2412
  C:1EDDH         LINE#         2413
  -------         ENDPROC       _FUN_NAJIAN
  -------         PROC          FUN_ZHUAJIAN
  C:4B46H         LINE#         2415
  C:4B46H         LINE#         2416
  C:4B4BH         LINE#         2417
  C:4B50H         LINE#         2418
  C:4B55H         LINE#         2419
  C:4B5DH         LINE#         2420
  C:4B62H         LINE#         2422
BL51 BANKED LINKER/LOCATER V6.22                                                      10/21/2015  11:46:54  PAGE 50


  C:4B69H         LINE#         2423
  C:4B70H         LINE#         2424
  C:4B77H         LINE#         2425
  C:4B7EH         LINE#         2426
  C:4B96H         LINE#         2427
  C:4BA2H         LINE#         2428
  C:4BA9H         LINE#         2429
  C:4BB2H         LINE#         2430
  C:4BB9H         LINE#         2431
  C:4BBBH         LINE#         2432
  C:4BBBH         LINE#         2433
  C:4BBBH         LINE#         2434
  C:4BBBH         LINE#         2435
  C:4BBDH         LINE#         2436
  C:4BC9H         LINE#         2437
  C:4BD0H         LINE#         2438
  C:4BD9H         LINE#         2439
  C:4BE0H         LINE#         2440
  C:4BE7H         LINE#         2441
  C:4BF0H         LINE#         2442
  C:4BF7H         LINE#         2443
  C:4C00H         LINE#         2444
  C:4C00H         LINE#         2445
  C:4C07H         LINE#         2446
  C:4C0AH         LINE#         2447
  -------         ENDPROC       FUN_ZHUAJIAN
  -------         PROC          FUN_BACK
  C:5176H         LINE#         2449
  C:5176H         LINE#         2450
  C:517DH         LINE#         2451
  C:5180H         LINE#         2453
  C:5187H         LINE#         2454
  C:518EH         LINE#         2455
  C:5197H         LINE#         2457
  C:519EH         LINE#         2458
  C:51A1H         LINE#         2459
  -------         ENDPROC       FUN_BACK
  -------         PROC          _FUN_START
  X:0287H         SYMBOL        par_x
  X:0288H         SYMBOL        par_y
  X:0289H         SYMBOL        par_ctfx
  X:028AH         SYMBOL        par_szzt
  X:028BH         SYMBOL        par_sjwz
  X:028CH         SYMBOL        par_pywz
  X:028DH         SYMBOL        par_hzfx
  C:4C11H         LINE#         2461
  C:4C1CH         LINE#         2462
  C:4C1CH         LINE#         2463
  C:4C1FH         LINE#         2464
  C:4C22H         LINE#         2465
  C:4C24H         LINE#         2466
  C:4C26H         LINE#         2467
  C:4C29H         LINE#         2468
  C:4C2CH         LINE#         2469
  C:4C2FH         LINE#         2471
  C:4C31H         LINE#         2472
  C:4C33H         LINE#         2473
BL51 BANKED LINKER/LOCATER V6.22                                                      10/21/2015  11:46:54  PAGE 51


  C:4C35H         LINE#         2474
  C:4C37H         LINE#         2476
  C:4C3AH         LINE#         2477
  C:4C3CH         LINE#         2479
  C:4C3FH         LINE#         2481
  C:4C42H         LINE#         2482
  C:4C45H         LINE#         2483
  C:4C47H         LINE#         2484
  C:4C49H         LINE#         2485
  C:4C52H         LINE#         2487
  C:4C5FH         LINE#         2488
  C:4C6EH         LINE#         2489
  C:4C73H         LINE#         2490
  C:4C77H         LINE#         2492
  C:4C7FH         LINE#         2493
  C:4C87H         LINE#         2494
  C:4C8FH         LINE#         2495
  C:4C97H         LINE#         2496
  C:4C9FH         LINE#         2497
  C:4CA7H         LINE#         2498
  C:4CAFH         LINE#         2500
  C:4CB4H         LINE#         2501
  C:4CBAH         LINE#         2502
  C:4CC1H         LINE#         2503
  C:4CC8H         LINE#         2504
  C:4CCFH         LINE#         2505
  C:4CD6H         LINE#         2511
  -------         ENDPROC       _FUN_START
  -------         PROC          FUN_STOP
  C:5134H         LINE#         2514
  C:5134H         LINE#         2515
  C:5136H         LINE#         2516
  C:513BH         LINE#         2517
  C:5141H         LINE#         2518
  C:5148H         LINE#         2519
  C:514FH         LINE#         2520
  C:5156H         LINE#         2521
  C:515DH         LINE#         2522
  C:5174H         LINE#         2523
  -------         ENDPROC       FUN_STOP
  -------         ENDMOD        8023

  -------         MODULE        ?C?FPMUL
  C:1EEBH         PUBLIC        ?C?FPMUL
  -------         ENDMOD        ?C?FPMUL

  -------         MODULE        ?C?FCAST
  C:1FFBH         PUBLIC        ?C?FCASTC
  C:1FF6H         PUBLIC        ?C?FCASTI
  C:1FF1H         PUBLIC        ?C?FCASTL
  -------         ENDMOD        ?C?FCAST

  -------         MODULE        ?C?CASTF
  C:202FH         PUBLIC        ?C?CASTF
  -------         ENDMOD        ?C?CASTF

  -------         MODULE        PRINTF
BL51 BANKED LINKER/LOCATER V6.22                                                      10/21/2015  11:46:54  PAGE 52


  X:0287H         PUBLIC        ?_PRINTF?BYTE
  X:0287H         PUBLIC        ?_SPRINTF?BYTE
  C:2CFCH         PUBLIC        _PRINTF
  C:2CF6H         PUBLIC        _SPRINTF
  -------         ENDMOD        PRINTF

  -------         MODULE        ?C?FPROUND
  C:20B0H         PUBLIC        ?C?FPROUND
  -------         ENDMOD        ?C?FPROUND

  -------         MODULE        ?C?FPCONVERT
  C:20EDH         PUBLIC        ?C?FPCONVERT
  -------         ENDMOD        ?C?FPCONVERT

  -------         MODULE        ?C?FPADD
  C:21F9H         PUBLIC        ?C?FPADD
  C:21F5H         PUBLIC        ?C?FPSUB
  -------         ENDMOD        ?C?FPADD

  -------         MODULE        ?C?FPDIV
  C:22EDH         PUBLIC        ?C?FPDIV
  -------         ENDMOD        ?C?FPDIV

  -------         MODULE        ?C?FTNPWR
  C:23BAH         PUBLIC        ?C?FTNPWR
  -------         ENDMOD        ?C?FTNPWR

  -------         MODULE        ?C?CLDPTR
  C:23FAH         PUBLIC        ?C?CLDPTR
  -------         ENDMOD        ?C?CLDPTR

  -------         MODULE        ?C?CLDOPTR
  C:2413H         PUBLIC        ?C?CLDOPTR
  -------         ENDMOD        ?C?CLDOPTR

  -------         MODULE        ?C?CILDPTR
  C:2440H         PUBLIC        ?C?CILDPTR
  -------         ENDMOD        ?C?CILDPTR

  -------         MODULE        ?C?CILDOPTR
  C:2462H         PUBLIC        ?C?CILDOPTR
  -------         ENDMOD        ?C?CILDOPTR

  -------         MODULE        ?C?CSTPTR
  C:2495H         PUBLIC        ?C?CSTPTR
  -------         ENDMOD        ?C?CSTPTR

  -------         MODULE        ?C?CSTOPTR
  C:24A7H         PUBLIC        ?C?CSTOPTR
  -------         ENDMOD        ?C?CSTOPTR

  -------         MODULE        ?C?IMUL
  C:24C9H         PUBLIC        ?C?IMUL
  -------         ENDMOD        ?C?IMUL

  -------         MODULE        ?C?UIDIV
  C:24DBH         PUBLIC        ?C?UIDIV
BL51 BANKED LINKER/LOCATER V6.22                                                      10/21/2015  11:46:54  PAGE 53


  -------         ENDMOD        ?C?UIDIV

  -------         MODULE        ?C?SIDIV
  C:2530H         PUBLIC        ?C?SIDIV
  -------         ENDMOD        ?C?SIDIV

  -------         MODULE        ?C?IILDX
  C:2566H         PUBLIC        ?C?IILDX
  -------         ENDMOD        ?C?IILDX

  -------         MODULE        ?C?ILDIX
  C:257CH         PUBLIC        ?C?ILDIX
  -------         ENDMOD        ?C?ILDIX

  -------         MODULE        ?C?ULDIV
  C:25CEH         PUBLIC        ?C?ULDIV
  -------         ENDMOD        ?C?ULDIV

  -------         MODULE        ?C?LNEG
  C:2660H         PUBLIC        ?C?LNEG
  -------         ENDMOD        ?C?LNEG

  -------         MODULE        ?C?ULCMP
  C:266EH         PUBLIC        ?C?ULCMP
  -------         ENDMOD        ?C?ULCMP

  -------         MODULE        ?C?LSTXDATA
  C:267FH         PUBLIC        ?C?LSTXDATA
  -------         ENDMOD        ?C?LSTXDATA

  -------         MODULE        ?C?LSTKXDATA
  C:268BH         PUBLIC        ?C?LSTKXDATA
  -------         ENDMOD        ?C?LSTKXDATA

  -------         MODULE        ?C?OFFXADD
  C:26BCH         PUBLIC        ?C?OFFXADD
  -------         ENDMOD        ?C?OFFXADD

  -------         MODULE        ?C?PLDIXDATA
  C:26C8H         PUBLIC        ?C?PLDIXDATA
  -------         ENDMOD        ?C?PLDIXDATA

  -------         MODULE        ?C?PSTXDATA
  C:26DFH         PUBLIC        ?C?PSTXDATA
  -------         ENDMOD        ?C?PSTXDATA

  -------         MODULE        ?C?CCASE
  C:26E8H         PUBLIC        ?C?CCASE
  -------         ENDMOD        ?C?CCASE

  -------         MODULE        PUTCHAR
  C:51D7H         PUBLIC        _PUTCHAR
  -------         ENDMOD        PUTCHAR

  -------         MODULE        CABS
  C:537BH         PUBLIC        _CABS
  -------         ENDMOD        CABS
BL51 BANKED LINKER/LOCATER V6.22                                                      10/21/2015  11:46:54  PAGE 54



  -------         MODULE        ?C?MEMSET
  C:270EH         PUBLIC        ?C?MEMSET
  -------         ENDMOD        ?C?MEMSET

Program Size: data=34.1 xdata=792 code=21383
LINK/LOCATE RUN COMPLETE.  0 WARNING(S),  0 ERROR(S)
