BL51 BANKED LINKER/LOCATER V6.22                                                        11/12/2015  11:01:59  PAGE 1


BL51 BANKED LINKER/LOCATER V6.22, INVOKED BY:
D:\MYPROGRAM\KEIL\C51\BIN\BL51.EXE STARTUP.obj, perfect.obj, ..\8023.LIB TO perfect RAMSIZE (256) DISABLEWARNING (16)


MEMORY MODEL: LARGE WITH FLOATING POINT ARITHMETIC


INPUT MODULES INCLUDED:
  STARTUP.obj (?C_STARTUP)
  perfect.obj (PERFECT)
  ..\8023.LIB (8023)
  D:\MYPROGRAM\KEIL\C51\LIB\C51FPL.LIB (?C?FPMUL)
  D:\MYPROGRAM\KEIL\C51\LIB\C51FPL.LIB (?C?FCAST)
  D:\MYPROGRAM\KEIL\C51\LIB\C51FPL.LIB (?C?CASTF)
  D:\MYPROGRAM\KEIL\C51\LIB\C51FPL.LIB (PRINTF)
  D:\MYPROGRAM\KEIL\C51\LIB\C51FPL.LIB (?C?FPGETOPN)
  D:\MYPROGRAM\KEIL\C51\LIB\C51FPL.LIB (?C?FPROUND)
  D:\MYPROGRAM\KEIL\C51\LIB\C51FPL.LIB (?C?FPCONVERT)
  D:\MYPROGRAM\KEIL\C51\LIB\C51FPL.LIB (?C?FPADD)
  D:\MYPROGRAM\KEIL\C51\LIB\C51FPL.LIB (?C?FPDIV)
  D:\MYPROGRAM\KEIL\C51\LIB\C51FPL.LIB (?C?FTNPWR)
  D:\MYPROGRAM\KEIL\C51\LIB\C51L.LIB (?C_INIT)
  D:\MYPROGRAM\KEIL\C51\LIB\C51L.LIB (?C?COPY)
  D:\MYPROGRAM\KEIL\C51\LIB\C51L.LIB (?C?CLDPTR)
  D:\MYPROGRAM\KEIL\C51\LIB\C51L.LIB (?C?CLDOPTR)
  D:\MYPROGRAM\KEIL\C51\LIB\C51L.LIB (?C?CILDOPTR)
  D:\MYPROGRAM\KEIL\C51\LIB\C51L.LIB (?C?CSTPTR)
  D:\MYPROGRAM\KEIL\C51\LIB\C51L.LIB (?C?CSTOPTR)
  D:\MYPROGRAM\KEIL\C51\LIB\C51L.LIB (?C?IMUL)
  D:\MYPROGRAM\KEIL\C51\LIB\C51L.LIB (?C?UIDIV)
  D:\MYPROGRAM\KEIL\C51\LIB\C51L.LIB (?C?SIDIV)
  D:\MYPROGRAM\KEIL\C51\LIB\C51L.LIB (?C?IILDX)
  D:\MYPROGRAM\KEIL\C51\LIB\C51L.LIB (?C?ILDIX)
  D:\MYPROGRAM\KEIL\C51\LIB\C51L.LIB (?C?ULDIV)
  D:\MYPROGRAM\KEIL\C51\LIB\C51L.LIB (?C?LNEG)
  D:\MYPROGRAM\KEIL\C51\LIB\C51L.LIB (?C?ULCMP)
  D:\MYPROGRAM\KEIL\C51\LIB\C51L.LIB (?C?LSTXDATA)
  D:\MYPROGRAM\KEIL\C51\LIB\C51L.LIB (?C?LSTKXDATA)
  D:\MYPROGRAM\KEIL\C51\LIB\C51L.LIB (?C?OFFXADD)
  D:\MYPROGRAM\KEIL\C51\LIB\C51L.LIB (?C?PLDIXDATA)
  D:\MYPROGRAM\KEIL\C51\LIB\C51L.LIB (?C?PSTXDATA)
  D:\MYPROGRAM\KEIL\C51\LIB\C51L.LIB (?C?CCASE)
  D:\MYPROGRAM\KEIL\C51\LIB\C51L.LIB (PUTCHAR)
  D:\MYPROGRAM\KEIL\C51\LIB\C51L.LIB (CABS)
  D:\MYPROGRAM\KEIL\C51\LIB\C51L.LIB (?C?MEMSET)


LINK MAP OF MODULE:  perfect (?C_STARTUP)


            TYPE    BASE      LENGTH    RELOCATION   SEGMENT NAME
            -----------------------------------------------------

            * * * * * * *   D A T A   M E M O R Y   * * * * * * *
            REG     0000H     0008H     ABSOLUTE     "REG BANK 0"
            REG     0008H     0008H     ABSOLUTE     "REG BANK 1"
            DATA    0010H     000BH     UNIT         _DATA_GROUP_
            DATA    001BH     0005H     UNIT         ?DT?8023
BL51 BANKED LINKER/LOCATER V6.22                                                      11/12/2015  11:01:59  PAGE 2


            BIT     0020H.0   0001H.1   UNIT         _BIT_GROUP_
                    0021H.1   0000H.7                *** GAP ***
            DATA    0022H     0001H     UNIT         ?DT?_FUN_PYSJHZ?8023
            IDATA   0023H     0001H     UNIT         ?STACK

            * * * * * * *  X D A T A   M E M O R Y  * * * * * * *
            XDATA   0000H     0244H     UNIT         ?XD?8023
            XDATA   0244H     0061H     UNIT         ?XD?_FUN_ZDZJ?8023
            XDATA   02A5H     0039H     UNIT         _XDATA_GROUP_
            XDATA   02DEH     002EH     UNIT         ?XD?_FUN_FLSETTING?8023
            XDATA   030CH     002CH     UNIT         ?XD?_FUN_MIN?8023
            XDATA   0338H     000EH     UNIT         ?XD?_FUN_PYSJHZ?8023
            XDATA   0346H     000DH     UNIT         ?XD?_FUN_SJHZ?8023
            XDATA   0353H     0009H     UNIT         ?XD?_FUN_RECORD?8023
            XDATA   035CH     0008H     UNIT         ?XD?_FUN_NAJIAN?8023
            XDATA   0364H     0005H     UNIT         ?XD?_FUN_FOLLINE?8023
            XDATA   0369H     0004H     UNIT         ?XD?FUN_CALIBRATION?8023
            XDATA   036DH     0003H     UNIT         ?XD?_FUN_QC?8023
            XDATA   0370H     0003H     UNIT         ?XD?_FUN_COORDINATE?8023
            XDATA   0373H     0002H     UNIT         ?XD?_FUN_PYHZ?8023
            XDATA   0375H     0002H     UNIT         ?XD?_FUN_ZJZT?8023
            XDATA   0377H     0002H     UNIT         ?XD?_DEB_OUTSTEP?8023
            XDATA   0379H     0001H     UNIT         ?XD?_FUN_SZ?8023
            XDATA   037AH     0001H     UNIT         ?XD?_FUN_PY?8023
            XDATA   037BH     0001H     UNIT         ?XD?_FUN_SJ?8023
            XDATA   037CH     0001H     UNIT         ?XD?_FUN_HZ?8023
            XDATA   037DH     0001H     UNIT         ?XD?_FUN_TURN?8023
            XDATA   037EH     0001H     UNIT         ?XD?_FUN_GETXY?8023
            XDATA   037FH     0001H     UNIT         ?XD?_FUN_XYMOVE?8023

            * * * * * * *   C O D E   M E M O R Y   * * * * * * *
            CODE    0000H     0003H     ABSOLUTE     
            CODE    0003H     0003H     ABSOLUTE     
            CODE    0006H     0001H     UNIT         ?PR?INT0INTERRUPT?PERFECT
            CODE    0007H     0001H     UNIT         ?PR?FUN_BACK?8023
                    0008H     0003H                  *** GAP ***
            CODE    000BH     0003H     ABSOLUTE     
            CODE    000EH     000DH     UNIT         ?PR?FUN_STOPE2PROM?8023
            CODE    001BH     0003H     ABSOLUTE     
            CODE    001EH     10D0H     UNIT         ?PR?_FUN_ZDZJ?8023
            CODE    10EEH     10C8H     UNIT         ?PR?_FUN_GETPUBLICY?8023
            CODE    21B6H     0923H     UNIT         ?C?LIB_CODE
            CODE    2AD9H     0619H     UNIT         ?PR?_FUN_COORDINATE?8023
            CODE    30F2H     0557H     UNIT         ?PR?FUN_TIMERMOVE?8023
            CODE    3649H     0483H     UNIT         ?PR?PRINTF?PRINTF
            CODE    3ACCH     039AH     UNIT         ?PR?_FUN_PYSJHZ?8023
            CODE    3E66H     0327H     UNIT         ?PR?_FUN_RECORD?8023
            CODE    418DH     02C1H     UNIT         ?PR?_FUN_SJHZ?8023
            CODE    444EH     0241H     UNIT         ?PR?_FUN_SETXY?8023
            CODE    468FH     023EH     UNIT         ?PR?_FUN_MOTORS?8023
            CODE    48CDH     01DEH     UNIT         ?PR?_FUN_QC?8023
            CODE    4AABH     01B5H     UNIT         ?PR?FUN_CALIBRATION?8023
            CODE    4C60H     01AFH     UNIT         ?PR?_FUN_PBXY?8023
            CODE    4E0FH     01AEH     UNIT         ?PR?_FUN_MOTORSRL?8023
            CODE    4FBDH     01AAH     UNIT         ?PR?_FUN_FOLLINE?8023
            CODE    5167H     019CH     UNIT         ?CO?8023
            CODE    5303H     0183H     UNIT         ?PR?_FUN_ZJZT?8023
BL51 BANKED LINKER/LOCATER V6.22                                                      11/12/2015  11:01:59  PAGE 3


            CODE    5486H     0175H     UNIT         ?PR?_FUN_XYMOVE?8023
            CODE    55FBH     0147H     UNIT         ?PR?_FUN_PYHZ?8023
            CODE    5742H     011CH     UNIT         ?PR?FUN_TEST?8023
            CODE    585EH     011BH     UNIT         ?PR?_FUN_NAJIAN?8023
            CODE    5979H     00E5H     UNIT         ?PR?_FUN_START?8023
            CODE    5A5EH     00E5H     UNIT         ?PR?_DEB_OUTSTEP?8023
            CODE    5B43H     00CBH     UNIT         ?PR?FUN_ZHUAJIAN?8023
            CODE    5C0EH     00A4H     UNIT         ?PR?_FUN_GETXY?8023
            CODE    5CB2H     00A3H     UNIT         ?PR?FUN_JTJP?8023
            CODE    5D55H     00A2H     UNIT         ?PR?MAIN?PERFECT
            CODE    5DF7H     009EH     UNIT         ?PR?_FUN_SJ?8023
            CODE    5E95H     008CH     UNIT         ?C_C51STARTUP
            CODE    5F21H     0083H     UNIT         ?PR?_FUN_FLSETTING?8023
            CODE    5FA4H     007BH     UNIT         ?PR?_FUN_TURN?8023
            CODE    601FH     007BH     UNIT         ?PR?_FUN_MIN?8023
            CODE    609AH     0075H     UNIT         ?PR?_FUN_DELAY?8023
            CODE    610FH     005EH     UNIT         ?PR?_FUN_GO?8023
            CODE    616DH     005AH     UNIT         ?PR?_FUN_PY?8023
            CODE    61C7H     0051H     UNIT         ?PR?_FUN_HZ?8023
            CODE    6218H     0042H     UNIT         ?PR?FUN_STOP?8023
            CODE    625AH     003BH     UNIT         ?PR?_FUN_SZ?8023
            CODE    6295H     0032H     UNIT         ?PR?FUN_BACK90?8023
            CODE    62C7H     002FH     UNIT         ?C_INITSEG
            CODE    62F6H     0027H     UNIT         ?PR?PUTCHAR?PUTCHAR
            CODE    631DH     0026H     UNIT         ?PR?FUN_TIMER0?8023
            CODE    6343H     0021H     UNIT         ?PR?_FUN_WRITEE2PROM?8023
            CODE    6364H     0020H     UNIT         ?PR?_FUN_READE2PROM?8023
            CODE    6384H     001DH     UNIT         ?PR?_FUN_CLEANE2PROM?8023
            CODE    63A1H     001BH     UNIT         ?PR?TIMER0INTERRUPT?PERFECT
            CODE    63BCH     001BH     UNIT         ?PR?TIMER1INTERRUPT?PERFECT
            CODE    63D7H     001AH     UNIT         ?PR?_FUN_PWMR?8023
            CODE    63F1H     001AH     UNIT         ?PR?_FUN_PWML?8023
            CODE    640BH     0016H     UNIT         ?PR?FUN_TIMER0INIT?8023
            CODE    6421H     0016H     UNIT         ?PR?FUN_TIMER1INIT?8023
            CODE    6437H     0016H     UNIT         ?PR?FUN_ZBTFL?8023
            CODE    644DH     0015H     UNIT         ?PR?FUN_MAINTFL?8023
            CODE    6462H     0013H     UNIT         ?PR?FUN_PORT?8023
            CODE    6475H     0011H     UNIT         ?CO?PERFECT
            CODE    6486H     000EH     UNIT         ?PR?FUN_WAIT?8023
            CODE    6494H     000BH     UNIT         ?PR?FUN_PWMINIT?8023
            CODE    649FH     0008H     UNIT         ?PR?_CABS?CABS
            CODE    64A7H     0007H     UNIT         ?PR?FUN_TIMER1?8023



OVERLAY MAP OF MODULE:   perfect (?C_STARTUP)


SEGMENT                                BIT_GROUP          DATA_GROUP          XDATA_GROUP
  +--> CALLED SEGMENT               START    LENGTH     START    LENGTH     START    LENGTH
-------------------------------------------------------------------------------------------
?C_C51STARTUP                       -----    -----      -----    -----      -----    -----
  +--> ?PR?MAIN?PERFECT
  +--> ?C_INITSEG

?PR?MAIN?PERFECT                    -----    -----      -----    -----      -----    -----
  +--> ?PR?_FUN_START?8023
BL51 BANKED LINKER/LOCATER V6.22                                                      11/12/2015  11:01:59  PAGE 4


  +--> ?PR?_FUN_SETXY?8023
  +--> ?PR?_FUN_GETPUBLICY?8023
  +--> ?CO?PERFECT
  +--> ?PR?PRINTF?PRINTF
  +--> ?PR?FUN_STOP?8023

?PR?_FUN_START?8023                 -----    -----      -----    -----      02A5H    0007H
  +--> ?PR?FUN_PORT?8023
  +--> ?PR?FUN_PWMINIT?8023
  +--> ?PR?FUN_TIMER0INIT?8023
  +--> ?PR?FUN_TIMER1INIT?8023
  +--> ?PR?_FUN_MOTORS?8023
  +--> ?PR?_FUN_DELAY?8023
  +--> ?CO?8023
  +--> ?PR?PRINTF?PRINTF

?PR?_FUN_MOTORS?8023                -----    -----      -----    -----      02ACH    0001H
  +--> ?PR?_CABS?CABS
  +--> ?PR?_FUN_PWML?8023
  +--> ?PR?_FUN_PWMR?8023

?PR?_FUN_DELAY?8023                 -----    -----      0010H    0007H      -----    -----

?PR?PRINTF?PRINTF                   0020H.0  0001H.1    0010H    0005H      02ACH    0030H
  +--> ?PR?PUTCHAR?PUTCHAR

?PR?_FUN_SETXY?8023                 -----    -----      -----    -----      02A5H    0019H
  +--> ?PR?_FUN_PBXY?8023

?PR?_FUN_PBXY?8023                  -----    -----      -----    -----      02BEH    0004H

?PR?_FUN_GETPUBLICY?8023            -----    -----      -----    -----      02A5H    0007H

?PR?FUN_STOP?8023                   -----    -----      -----    -----      -----    -----
  +--> ?PR?_FUN_MOTORS?8023
  +--> ?CO?8023
  +--> ?PR?PRINTF?PRINTF

*** NEW ROOT ***************************************************

?PR?TIMER0INTERRUPT?PERFECT         -----    -----      -----    -----      -----    -----
  +--> ?PR?FUN_TIMER0?8023

?PR?FUN_TIMER0?8023                 -----    -----      -----    -----      -----    -----
  +--> ?PR?FUN_TIMERMOVE?8023

?PR?FUN_TIMERMOVE?8023              -----    -----      0017H    0004H      -----    -----
  +--> ?PR?_FUN_MOTORSRL?8023

?PR?_FUN_MOTORSRL?8023              -----    -----      -----    -----      02DCH    0002H
  +--> ?PR?_CABS?CABS
  +--> ?PR?_FUN_PWML?8023
  +--> ?PR?_FUN_PWMR?8023

*** NEW ROOT ***************************************************

?PR?TIMER1INTERRUPT?PERFECT         -----    -----      -----    -----      -----    -----
BL51 BANKED LINKER/LOCATER V6.22                                                      11/12/2015  11:01:59  PAGE 5


  +--> ?PR?FUN_TIMER1?8023



SYMBOL TABLE OF MODULE:  perfect (?C_STARTUP)

  VALUE           TYPE          NAME
  ----------------------------------

  -------         MODULE        ?C_STARTUP
  C:5E95H         SEGMENT       ?C_C51STARTUP
  I:0023H         SEGMENT       ?STACK
  C:0000H         PUBLIC        ?C_STARTUP
  D:00E0H         SYMBOL        ACC
  D:00F0H         SYMBOL        B
  D:0083H         SYMBOL        DPH
  D:0082H         SYMBOL        DPL
  N:0000H         SYMBOL        IBPSTACK
  N:0100H         SYMBOL        IBPSTACKTOP
  N:0080H         SYMBOL        IDATALEN
  C:5E98H         SYMBOL        IDATALOOP
  N:0000H         SYMBOL        PBPSTACK
  N:0100H         SYMBOL        PBPSTACKTOP
  N:0000H         SYMBOL        PDATALEN
  N:0000H         SYMBOL        PDATASTART
  N:0000H         SYMBOL        PPAGE
  N:0000H         SYMBOL        PPAGEENABLE
  D:00A0H         SYMBOL        PPAGE_SFR
  D:0081H         SYMBOL        SP
  C:5E95H         SYMBOL        STARTUP1
  N:0000H         SYMBOL        XBPSTACK
  N:0000H         SYMBOL        XBPSTACKTOP
  N:0000H         SYMBOL        XDATALEN
  N:0000H         SYMBOL        XDATASTART
  C:0000H         LINE#         126
  C:5E95H         LINE#         133
  C:5E97H         LINE#         134
  C:5E98H         LINE#         135
  C:5E99H         LINE#         136
  C:5E9BH         LINE#         185
  C:5E9EH         LINE#         196
  -------         ENDMOD        ?C_STARTUP

  -------         MODULE        PERFECT
  C:0000H         SYMBOL        _ICE_DUMMY_
  D:0080H         PUBLIC        P0
  D:0090H         PUBLIC        P1
  D:00A0H         PUBLIC        P2
  D:00B0H         PUBLIC        P3
  D:00C0H         PUBLIC        P4
  D:00C8H         PUBLIC        P5
  C:63A1H         PUBLIC        Timer0Interrupt
  C:63BCH         PUBLIC        Timer1Interrupt
  D:00A8H         PUBLIC        IE
  D:00B8H         PUBLIC        IP
  D:00D8H         PUBLIC        CCON
  C:5D55H         PUBLIC        main
BL51 BANKED LINKER/LOCATER V6.22                                                      11/12/2015  11:01:59  PAGE 6


  C:0006H         PUBLIC        Int0Interrupt
  D:0098H         PUBLIC        SCON
  D:0088H         PUBLIC        TCON
  D:00D0H         PUBLIC        PSW
  -------         PROC          MAIN
  C:5D55H         LINE#         3
  C:5D55H         LINE#         4
  C:5D6FH         LINE#         12
  C:5DCDH         LINE#         23
  C:5DF4H         LINE#         62
  -------         ENDPROC       MAIN
  -------         PROC          INT0INTERRUPT
  C:0006H         LINE#         64
  C:0006H         LINE#         66
  -------         ENDPROC       INT0INTERRUPT
  -------         PROC          TIMER0INTERRUPT
  C:63A1H         LINE#         67
  C:63AEH         LINE#         68
  C:63B1H         LINE#         69
  -------         ENDPROC       TIMER0INTERRUPT
  -------         PROC          TIMER1INTERRUPT
  C:63BCH         LINE#         70
  C:63C9H         LINE#         71
  C:63CCH         LINE#         72
  -------         ENDPROC       TIMER1INTERRUPT
  -------         ENDMOD        PERFECT

  -------         MODULE        8023
  C:0000H         SYMBOL        _ICE_DUMMY_
  D:0092H         PUBLIC        P1M0
  D:0093H         PUBLIC        P0M1
  C:5308H         PUBLIC        _fun_zjzt
  C:48CDH         PUBLIC        _fun_qc
  C:631DH         PUBLIC        fun_timer0
  D:0096H         PUBLIC        P2M0
  D:0091H         PUBLIC        P1M1
  D:0080H         PUBLIC        P0
  C:64A7H         PUBLIC        fun_timer1
  D:0095H         PUBLIC        P2M1
  D:0090H         PUBLIC        P1
  C:610FH         PUBLIC        _fun_go
  C:5F21H         PUBLIC        _fun_flsetting
  D:00A0H         PUBLIC        P2
  X:0000H         PUBLIC        str_tfl
  B:0090H.2       PUBLIC        out_pwmr
  D:00B0H         PUBLIC        P3
  D:00C0H         PUBLIC        P4
  D:00C8H         PUBLIC        P5
  B:00A8H.7       PUBLIC        EA
  C:5DF7H         PUBLIC        _fun_sj
  C:30F2H         PUBLIC        fun_timermove
  C:5B43H         PUBLIC        fun_zhuajian
  C:6384H         PUBLIC        _fun_cleane2prom
  B:00B0H.6       PUBLIC        in_hpy
  D:00F9H         PUBLIC        CH
  C:61C7H         PUBLIC        _fun_hz
  D:00A8H         PUBLIC        IE
BL51 BANKED LINKER/LOCATER V6.22                                                      11/12/2015  11:01:59  PAGE 7


  D:00E9H         PUBLIC        CL
  D:00C5H         PUBLIC        IAP_CMD
  X:004CH         PUBLIC        str_now
  D:00FAH         PUBLIC        CCAP0H
  D:00FBH         PUBLIC        CCAP1H
  B:00B0H.5       PUBLIC        in_qpy
  C:616DH         PUBLIC        _fun_py
  D:00EAH         PUBLIC        CCAP0L
  B:00D8H.6       PUBLIC        CR
  D:00EBH         PUBLIC        CCAP1L
  D:00DAH         PUBLIC        CCAPM0
  D:00DBH         PUBLIC        CCAPM1
  C:4FBDH         PUBLIC        _fun_folline
  C:625AH         PUBLIC        _fun_sz
  D:00B8H         PUBLIC        IP
  C:644DH         PUBLIC        fun_maintfl
  B:00A0H.5       PUBLIC        in_hz
  B:0098H.1       PUBLIC        TI
  D:0097H         PUBLIC        CLK_DIV
  C:585EH         PUBLIC        _fun_najian
  D:00C3H         PUBLIC        IAP_ADDRH
  C:6364H         PUBLIC        _fun_reade2prom
  D:00C4H         PUBLIC        IAP_ADDRL
  D:00D9H         PUBLIC        CMOD
  D:00D8H         PUBLIC        CCON
  C:5A5EH         PUBLIC        _deb_outstep
  C:6295H         PUBLIC        fun_back90
  B:00A0H.0       PUBLIC        out_dir1
  B:00A0H.2       PUBLIC        out_dir2
  C:3E66H         PUBLIC        _fun_record
  D:0087H         PUBLIC        PCON
  C:6343H         PUBLIC        _fun_writee2prom
  C:4E21H         PUBLIC        _fun_motorsrl
  D:0098H         PUBLIC        SCON
  D:0089H         PUBLIC        TMOD
  D:0088H         PUBLIC        TCON
  C:640BH         PUBLIC        fun_timer0init
  C:6494H         PUBLIC        fun_pwminit
  C:6421H         PUBLIC        fun_timer1init
  C:4AABH         PUBLIC        fun_calibration
  C:60A0H         PUBLIC        _fun_delay
  C:0007H         PUBLIC        fun_back
  B:00A0H.1       PUBLIC        out_en1
  B:00A0H.3       PUBLIC        out_en2
  D:008EH         PUBLIC        AUXR
  X:0059H         PUBLIC        str_begin
  D:00C7H         PUBLIC        IAP_CONTR
  B:0080H.7       PUBLIC        in_ls1
  B:00A8H.1       PUBLIC        ET0
  B:0080H.6       PUBLIC        in_ls2
  B:0088H.5       PUBLIC        TF0
  B:00A8H.3       PUBLIC        ET1
  B:0080H.5       PUBLIC        in_ls3
  B:0088H.7       PUBLIC        TF1
  B:0080H.4       PUBLIC        in_ls4
  D:008CH         PUBLIC        TH0
  C:000EH         PUBLIC        fun_stope2prom
BL51 BANKED LINKER/LOCATER V6.22                                                      11/12/2015  11:01:59  PAGE 8


  B:0080H.3       PUBLIC        in_ls5
  D:008DH         PUBLIC        TH1
  B:0080H.2       PUBLIC        in_ls6
  D:001CH         PUBLIC        var_timer
  B:0080H.1       PUBLIC        in_ls7
  C:6437H         PUBLIC        fun_zbtfl
  B:0080H.0       PUBLIC        in_ls8
  D:008AH         PUBLIC        TL0
  D:008BH         PUBLIC        TL1
  C:4698H         PUBLIC        _fun_motors
  B:0090H.6       PUBLIC        out_switchselect
  D:00C2H         PUBLIC        IAP_DATA
  B:0088H.4       PUBLIC        TR0
  C:548AH         PUBLIC        _fun_xymove
  C:3ACCH         PUBLIC        _fun_pysjhz
  B:0088H.6       PUBLIC        TR1
  C:2ADFH         PUBLIC        _fun_coordinate
  D:00F2H         PUBLIC        PCA_PWM0
  B:00A0H.4       PUBLIC        in_wz1
  D:00F3H         PUBLIC        PCA_PWM1
  C:5979H         PUBLIC        _fun_start
  B:00A0H.5       PUBLIC        in_wz2
  B:00A0H.6       PUBLIC        in_wz3
  B:00A0H.7       PUBLIC        in_wz4
  C:5C0EH         PUBLIC        _fun_getxy
  B:00A0H.4       PUBLIC        in_wz5
  C:6486H         PUBLIC        fun_wait
  C:5CB2H         PUBLIC        fun_jtjp
  D:009CH         PUBLIC        BRT
  B:00B0H.2       PUBLIC        in_start
  C:10EEH         PUBLIC        _fun_getpublicy
  C:444EH         PUBLIC        _fun_setxy
  X:0066H         PUBLIC        str_zbfl
  C:418DH         PUBLIC        _fun_sjhz
  C:5742H         PUBLIC        fun_test
  C:63F1H         PUBLIC        _fun_pwml
  C:001EH         PUBLIC        _fun_zdzj
  C:4C69H         PUBLIC        _fun_pbxy
  C:6060H         PUBLIC        _fun_min
  C:6462H         PUBLIC        fun_port
  X:0210H         PUBLIC        str_cod
  D:00C6H         PUBLIC        IAP_TRIG
  C:6218H         PUBLIC        fun_stop
  C:63D7H         PUBLIC        _fun_pwmr
  B:0090H.7       PUBLIC        out_motorselect
  C:5FA4H         PUBLIC        _fun_turn
  C:55FFH         PUBLIC        _fun_pyhz
  D:00D0H         PUBLIC        PSW
  X:0237H         PUBLIC        str_next
  B:0090H.5       PUBLIC        out_pwml
  D:0094H         PUBLIC        P0M0
  C:609AH         SYMBOL        L?1461
  C:609CH         SYMBOL        L?1462
  -------         PROC          L?1460
  -------         ENDPROC       L?1460
  C:609AH         SYMBOL        L?1461
  C:609CH         SYMBOL        L?1462
BL51 BANKED LINKER/LOCATER V6.22                                                      11/12/2015  11:01:59  PAGE 9


  -------         PROC          _FUN_DELAY
  D:0006H         SYMBOL        par_value
  D:0005H         SYMBOL        par_model
  -------         DO            
  D:0015H         SYMBOL        loc_con
  -------         DO            
  D:0010H         SYMBOL        loc_i
  D:0011H         SYMBOL        loc_j
  D:0012H         SYMBOL        loc_i
  D:0013H         SYMBOL        loc_j
  D:0014H         SYMBOL        loc_k
  -------         ENDDO         
  -------         DO            
  D:0012H         SYMBOL        loc_i
  D:0013H         SYMBOL        loc_j
  D:0014H         SYMBOL        loc_k
  -------         ENDDO         
  -------         ENDDO         
  C:60A0H         LINE#         32
  C:60A0H         LINE#         33
  C:60A4H         LINE#         34
  C:60B0H         LINE#         35
  C:60B0H         LINE#         36
  C:60C2H         LINE#         37
  C:60C3H         LINE#         38
  C:60C4H         LINE#         39
  C:60C6H         LINE#         41
  C:60C6H         LINE#         42
  C:60D8H         LINE#         44
  C:60D9H         LINE#         45
  C:60DAH         LINE#         46
  C:60DDH         LINE#         47
  C:60E0H         LINE#         48
  C:60E0H         LINE#         49
  C:60E3H         LINE#         50
  C:60E6H         LINE#         51
  C:60E8H         LINE#         53
  C:60E8H         LINE#         54
  C:60FAH         LINE#         56
  C:60FDH         LINE#         57
  C:6100H         LINE#         58
  C:6103H         LINE#         59
  C:6103H         LINE#         60
  C:6103H         LINE#         61
  C:6106H         LINE#         62
  C:6109H         LINE#         63
  C:610CH         LINE#         64
  C:610EH         LINE#         66
  C:610EH         LINE#         67
  C:610EH         LINE#         68
  -------         ENDPROC       _FUN_DELAY
  -------         PROC          FUN_TIMER0INIT
  C:640BH         LINE#         69
  C:640BH         LINE#         70
  C:640EH         LINE#         71
  C:6411H         LINE#         72
  C:6414H         LINE#         73
BL51 BANKED LINKER/LOCATER V6.22                                                      11/12/2015  11:01:59  PAGE 10


  C:6417H         LINE#         74
  C:641AH         LINE#         75
  C:641CH         LINE#         76
  C:641EH         LINE#         77
  C:6420H         LINE#         78
  -------         ENDPROC       FUN_TIMER0INIT
  -------         PROC          FUN_TIMER1INIT
  C:6421H         LINE#         79
  C:6421H         LINE#         80
  C:6424H         LINE#         81
  C:6427H         LINE#         82
  C:642AH         LINE#         83
  C:642DH         LINE#         84
  C:6430H         LINE#         85
  C:6432H         LINE#         86
  C:6434H         LINE#         87
  C:6436H         LINE#         88
  -------         ENDPROC       FUN_TIMER1INIT
  -------         PROC          FUN_TIMER0
  C:631DH         LINE#         89
  C:631DH         LINE#         90
  C:6320H         LINE#         91
  C:6323H         LINE#         92
  C:6338H         LINE#         93
  C:633FH         LINE#         94
  C:6342H         LINE#         95
  -------         ENDPROC       FUN_TIMER0
  -------         PROC          FUN_TIMER1
  C:64A7H         LINE#         96
  C:64A7H         LINE#         97
  C:64AAH         LINE#         98
  C:64ADH         LINE#         99
  -------         ENDPROC       FUN_TIMER1
  -------         PROC          FUN_WAIT
  C:6486H         LINE#         100
  C:6486H         LINE#         101
  C:6488H         LINE#         103
  C:648BH         LINE#         104
  -------         ENDPROC       FUN_WAIT
  -------         PROC          FUN_PWMINIT
  C:6494H         LINE#         112
  C:6494H         LINE#         113
  C:6497H         LINE#         114
  C:6499H         LINE#         115
  C:649BH         LINE#         116
  C:649EH         LINE#         117
  -------         ENDPROC       FUN_PWMINIT
  -------         PROC          _FUN_PWMR
  D:0007H         SYMBOL        par_value
  C:63D7H         LINE#         118
  C:63D7H         LINE#         119
  C:63EAH         LINE#         120
  C:63EDH         LINE#         121
  C:63F0H         LINE#         122
  -------         ENDPROC       _FUN_PWMR
  -------         PROC          _FUN_PWML
  D:0007H         SYMBOL        par_value
BL51 BANKED LINKER/LOCATER V6.22                                                      11/12/2015  11:01:59  PAGE 11


  C:63F1H         LINE#         123
  C:63F1H         LINE#         124
  C:6404H         LINE#         125
  C:6407H         LINE#         126
  C:640AH         LINE#         127
  -------         ENDPROC       _FUN_PWML
  -------         PROC          L?1467
  -------         ENDPROC       L?1467
  -------         PROC          _FUN_MOTORS
  D:0007H         SYMBOL        par_model
  X:02ACH         SYMBOL        par_speed
  C:4698H         LINE#         128
  C:469DH         LINE#         129
  C:46A4H         LINE#         130
  C:46A9H         LINE#         131
  C:46B4H         LINE#         132
  C:46B7H         LINE#         133
  C:46E5H         LINE#         134
  C:46E5H         LINE#         135
  C:46F2H         LINE#         138
  C:46F7H         LINE#         139
  C:46FEH         LINE#         140
  C:46FEH         LINE#         141
  C:4701H         LINE#         142
  C:4709H         LINE#         143
  C:470FH         LINE#         144
  C:4712H         LINE#         145
  C:4721H         LINE#         146
  C:472BH         LINE#         147
  C:472BH         LINE#         148
  C:472CH         LINE#         149
  C:472CH         LINE#         150
  C:4739H         LINE#         153
  C:473EH         LINE#         154
  C:4745H         LINE#         155
  C:4745H         LINE#         156
  C:4747H         LINE#         157
  C:474FH         LINE#         158
  C:4755H         LINE#         159
  C:4757H         LINE#         160
  C:4766H         LINE#         161
  C:4768H         LINE#         162
  C:4768H         LINE#         163
  C:476AH         LINE#         164
  C:476AH         LINE#         165
  C:477CH         LINE#         168
  C:4785H         LINE#         169
  C:478CH         LINE#         170
  C:478EH         LINE#         171
  C:4794H         LINE#         172
  C:479BH         LINE#         173
  C:479CH         LINE#         174
  C:47A4H         LINE#         175
  C:47A6H         LINE#         176
  C:47B0H         LINE#         177
  C:47B7H         LINE#         178
  C:47B8H         LINE#         179
BL51 BANKED LINKER/LOCATER V6.22                                                      11/12/2015  11:01:59  PAGE 12


  C:47C7H         LINE#         180
  C:47C9H         LINE#         181
  C:47D1H         LINE#         182
  C:47DEH         LINE#         183
  C:47DEH         LINE#         184
  C:47DFH         LINE#         185
  C:47DFH         LINE#         186
  C:47ECH         LINE#         189
  C:47F1H         LINE#         190
  C:47F8H         LINE#         191
  C:47FAH         LINE#         192
  C:47FCH         LINE#         193
  C:4804H         LINE#         194
  C:4806H         LINE#         195
  C:4809H         LINE#         196
  C:4814H         LINE#         197
  C:4816H         LINE#         198
  C:4816H         LINE#         199
  C:4818H         LINE#         200
  C:4818H         LINE#         201
  C:4825H         LINE#         204
  C:482AH         LINE#         205
  C:4831H         LINE#         206
  C:4833H         LINE#         207
  C:4835H         LINE#         208
  C:483DH         LINE#         209
  C:483FH         LINE#         210
  C:4842H         LINE#         211
  C:484DH         LINE#         212
  C:484FH         LINE#         213
  C:484FH         LINE#         214
  C:4851H         LINE#         215
  C:4851H         LINE#         216
  C:485EH         LINE#         219
  C:4863H         LINE#         220
  C:486AH         LINE#         221
  C:4870H         LINE#         222
  C:4871H         LINE#         223
  C:4879H         LINE#         224
  C:487FH         LINE#         225
  C:4880H         LINE#         226
  C:4888H         LINE#         227
  C:488EH         LINE#         228
  C:488EH         LINE#         229
  C:488FH         LINE#         230
  C:488FH         LINE#         231
  C:489CH         LINE#         234
  C:48A1H         LINE#         235
  C:48A8H         LINE#         236
  C:48AEH         LINE#         237
  C:48AFH         LINE#         238
  C:48B7H         LINE#         239
  C:48BDH         LINE#         240
  C:48BEH         LINE#         241
  C:48C6H         LINE#         242
  C:48CCH         LINE#         243
  C:48CCH         LINE#         244
BL51 BANKED LINKER/LOCATER V6.22                                                      11/12/2015  11:01:59  PAGE 13


  C:48CCH         LINE#         245
  C:48CCH         LINE#         246
  C:48CCH         LINE#         247
  C:48CCH         LINE#         248
  -------         ENDPROC       _FUN_MOTORS
  -------         PROC          L?1466
  -------         ENDPROC       L?1466
  -------         PROC          _FUN_MOTORSRL
  D:0007H         SYMBOL        par_model
  X:02DCH         SYMBOL        par_speed
  C:4E21H         LINE#         249
  C:4E29H         LINE#         250
  C:4E33H         LINE#         251
  C:4E3EH         LINE#         252
  C:4E4FH         LINE#         253
  C:4E56H         LINE#         254
  C:4E68H         LINE#         255
  C:4E68H         LINE#         256
  C:4E81H         LINE#         259
  C:4E86H         LINE#         260
  C:4E91H         LINE#         261
  C:4E91H         LINE#         262
  C:4E94H         LINE#         263
  C:4E9FH         LINE#         264
  C:4EA6H         LINE#         265
  C:4EA9H         LINE#         266
  C:4EBCH         LINE#         267
  C:4EC6H         LINE#         268
  C:4EC6H         LINE#         269
  C:4EC7H         LINE#         270
  C:4EC7H         LINE#         271
  C:4EE0H         LINE#         274
  C:4EE5H         LINE#         275
  C:4EF0H         LINE#         276
  C:4EF0H         LINE#         277
  C:4EF3H         LINE#         278
  C:4EFEH         LINE#         279
  C:4F05H         LINE#         280
  C:4F08H         LINE#         281
  C:4F1BH         LINE#         282
  C:4F1DH         LINE#         283
  C:4F1DH         LINE#         284
  C:4F20H         LINE#         285
  C:4F20H         LINE#         286
  C:4F4AH         LINE#         289
  C:4F55H         LINE#         290
  C:4F60H         LINE#         291
  C:4F62H         LINE#         292
  C:4F68H         LINE#         293
  C:4F6FH         LINE#         294
  C:4F70H         LINE#         295
  C:4F7BH         LINE#         296
  C:4F7DH         LINE#         297
  C:4F88H         LINE#         298
  C:4F93H         LINE#         299
  C:4F94H         LINE#         300
  C:4FA4H         LINE#         301
BL51 BANKED LINKER/LOCATER V6.22                                                      11/12/2015  11:01:59  PAGE 14


  C:4FA6H         LINE#         302
  C:4FAEH         LINE#         303
  C:4FBCH         LINE#         304
  C:4FBCH         LINE#         305
  C:4FBCH         LINE#         306
  C:4FBCH         LINE#         307
  C:4FBCH         LINE#         308
  C:4FBCH         LINE#         309
  -------         ENDPROC       _FUN_MOTORSRL
  -------         PROC          _FUN_SZ
  X:0379H         SYMBOL        par_model
  C:625AH         LINE#         310
  C:625FH         LINE#         311
  C:6266H         LINE#         313
  C:626FH         LINE#         315
  C:6273H         LINE#         320
  C:6275H         LINE#         321
  C:6275H         LINE#         323
  C:627CH         LINE#         328
  C:627CH         LINE#         329
  C:6285H         LINE#         330
  C:628CH         LINE#         331
  C:6294H         LINE#         332
  -------         ENDPROC       _FUN_SZ
  -------         PROC          _FUN_PY
  X:037AH         SYMBOL        par_model
  C:616DH         LINE#         333
  C:6172H         LINE#         334
  C:6179H         LINE#         336
  C:618EH         LINE#         337
  C:618EH         LINE#         339
  C:6194H         LINE#         345
  C:6196H         LINE#         346
  C:6196H         LINE#         348
  C:619CH         LINE#         369
  C:619EH         LINE#         370
  C:619EH         LINE#         372
  C:61A4H         LINE#         393
  C:61A6H         LINE#         394
  C:61A6H         LINE#         396
  C:61ACH         LINE#         417
  C:61AEH         LINE#         418
  C:61AEH         LINE#         420
  C:61B7H         LINE#         426
  C:61B7H         LINE#         427
  C:61B7H         LINE#         428
  C:61B7H         LINE#         429
  C:61B7H         LINE#         430
  C:61BEH         LINE#         431
  C:61C6H         LINE#         432
  -------         ENDPROC       _FUN_PY
  -------         PROC          _FUN_SJ
  X:037BH         SYMBOL        par_model
  C:5DF7H         LINE#         433
  C:5DFCH         LINE#         434
  C:5E06H         LINE#         436
  C:5E08H         LINE#         437
BL51 BANKED LINKER/LOCATER V6.22                                                      11/12/2015  11:01:59  PAGE 15


  C:5E3CH         LINE#         438
  C:5E3CH         LINE#         440
  C:5E42H         LINE#         447
  C:5E44H         LINE#         448
  C:5E44H         LINE#         450
  C:5E4AH         LINE#         462
  C:5E4CH         LINE#         463
  C:5E4CH         LINE#         465
  C:5E52H         LINE#         472
  C:5E54H         LINE#         473
  C:5E54H         LINE#         475
  C:5E5AH         LINE#         488
  C:5E5CH         LINE#         489
  C:5E5CH         LINE#         491
  C:5E62H         LINE#         498
  C:5E64H         LINE#         499
  C:5E64H         LINE#         501
  C:5E6AH         LINE#         514
  C:5E6CH         LINE#         515
  C:5E6CH         LINE#         517
  C:5E72H         LINE#         524
  C:5E74H         LINE#         525
  C:5E74H         LINE#         527
  C:5E7AH         LINE#         539
  C:5E7CH         LINE#         540
  C:5E7CH         LINE#         542
  C:5E85H         LINE#         549
  C:5E85H         LINE#         550
  C:5E85H         LINE#         551
  C:5E85H         LINE#         552
  C:5E85H         LINE#         553
  C:5E8CH         LINE#         554
  C:5E94H         LINE#         555
  -------         ENDPROC       _FUN_SJ
  -------         PROC          _FUN_HZ
  X:037CH         SYMBOL        par_model
  C:61C7H         LINE#         556
  C:61CCH         LINE#         557
  C:61D3H         LINE#         559
  C:61D5H         LINE#         560
  C:61E7H         LINE#         561
  C:61E7H         LINE#         563
  C:61EDH         LINE#         590
  C:61EFH         LINE#         591
  C:61EFH         LINE#         593
  C:61F5H         LINE#         620
  C:61F7H         LINE#         621
  C:61F7H         LINE#         623
  C:61FDH         LINE#         650
  C:61FFH         LINE#         651
  C:61FFH         LINE#         653
  C:6208H         LINE#         680
  C:6208H         LINE#         681
  C:6208H         LINE#         682
  C:6208H         LINE#         683
  C:6208H         LINE#         684
  C:620FH         LINE#         685
BL51 BANKED LINKER/LOCATER V6.22                                                      11/12/2015  11:01:59  PAGE 16


  C:6217H         LINE#         686
  -------         ENDPROC       _FUN_HZ
  C:55FBH         SYMBOL        L?1471
  -------         PROC          L?1470
  -------         ENDPROC       L?1470
  C:55FBH         SYMBOL        L?1471
  -------         PROC          _FUN_PYHZ
  X:0373H         SYMBOL        par_pymodel
  X:0374H         SYMBOL        par_hzmodel
  C:55FFH         LINE#         687
  C:5607H         LINE#         688
  C:5615H         LINE#         689
  C:5615H         LINE#         690
  C:5624H         LINE#         691
  C:5624H         LINE#         692
  C:5624H         LINE#         693
  C:5626H         LINE#         694
  C:5626H         LINE#         695
  C:5626H         LINE#         696
  C:5628H         LINE#         697
  C:5628H         LINE#         698
  C:5628H         LINE#         699
  C:562AH         LINE#         700
  C:562AH         LINE#         701
  C:562AH         LINE#         702
  C:562AH         LINE#         703
  C:562AH         LINE#         704
  C:562AH         LINE#         705
  C:5638H         LINE#         706
  C:5638H         LINE#         707
  C:5638H         LINE#         708
  C:563AH         LINE#         709
  C:563AH         LINE#         710
  C:563AH         LINE#         711
  C:563CH         LINE#         712
  C:563CH         LINE#         713
  C:563CH         LINE#         714
  C:563EH         LINE#         715
  C:563EH         LINE#         716
  C:563EH         LINE#         717
  C:563EH         LINE#         718
  C:563EH         LINE#         719
  C:563EH         LINE#         720
  C:564DH         LINE#         721
  C:564DH         LINE#         722
  C:564DH         LINE#         723
  C:564FH         LINE#         724
  C:564FH         LINE#         725
  C:564FH         LINE#         726
  C:5651H         LINE#         727
  C:5651H         LINE#         728
  C:5651H         LINE#         729
  C:5653H         LINE#         730
  C:5653H         LINE#         731
  C:5653H         LINE#         732
  C:5653H         LINE#         733
  C:5653H         LINE#         734
BL51 BANKED LINKER/LOCATER V6.22                                                      11/12/2015  11:01:59  PAGE 17


  C:5653H         LINE#         735
  C:5662H         LINE#         736
  C:5662H         LINE#         737
  C:5664H         LINE#         738
  C:5666H         LINE#         739
  C:5666H         LINE#         740
  C:5668H         LINE#         741
  C:566AH         LINE#         742
  C:566AH         LINE#         743
  C:5671H         LINE#         744
  C:5671H         LINE#         745
  C:5671H         LINE#         746
  C:5671H         LINE#         747
  C:5671H         LINE#         748
  C:5671H         LINE#         749
  C:5671H         LINE#         750
  C:5671H         LINE#         751
  C:5671H         LINE#         752
  C:5679H         LINE#         753
  C:567BH         LINE#         754
  C:567EH         LINE#         755
  C:5693H         LINE#         756
  C:5693H         LINE#         757
  C:56A5H         LINE#         758
  C:56A5H         LINE#         759
  C:56A8H         LINE#         760
  C:56ABH         LINE#         761
  C:56AEH         LINE#         762
  C:56AEH         LINE#         763
  C:56B0H         LINE#         764
  C:56B0H         LINE#         765
  C:56B3H         LINE#         766
  C:56B3H         LINE#         767
  C:56B5H         LINE#         768
  C:56B5H         LINE#         769
  C:56B8H         LINE#         770
  C:56B8H         LINE#         771
  C:56BAH         LINE#         772
  C:56BAH         LINE#         773
  C:56BAH         LINE#         774
  C:56BAH         LINE#         775
  C:56BAH         LINE#         776
  C:56BAH         LINE#         777
  C:56C9H         LINE#         778
  C:56C9H         LINE#         779
  C:56CCH         LINE#         780
  C:56CFH         LINE#         781
  C:56D2H         LINE#         782
  C:56D2H         LINE#         783
  C:56D4H         LINE#         784
  C:56D4H         LINE#         785
  C:56D7H         LINE#         786
  C:56D7H         LINE#         787
  C:56D9H         LINE#         788
  C:56D9H         LINE#         789
  C:56DCH         LINE#         790
  C:56DCH         LINE#         791
BL51 BANKED LINKER/LOCATER V6.22                                                      11/12/2015  11:01:59  PAGE 18


  C:56DEH         LINE#         792
  C:56DEH         LINE#         793
  C:56DEH         LINE#         794
  C:56DEH         LINE#         795
  C:56DEH         LINE#         796
  C:56DEH         LINE#         797
  C:56EEH         LINE#         798
  C:56EEH         LINE#         799
  C:56F1H         LINE#         800
  C:56F1H         LINE#         801
  C:56F3H         LINE#         802
  C:56F3H         LINE#         803
  C:56F6H         LINE#         804
  C:56F6H         LINE#         805
  C:56F8H         LINE#         806
  C:56F8H         LINE#         807
  C:56FBH         LINE#         808
  C:56FEH         LINE#         809
  C:5701H         LINE#         810
  C:5701H         LINE#         811
  C:5703H         LINE#         812
  C:5703H         LINE#         813
  C:5703H         LINE#         814
  C:5703H         LINE#         815
  C:5703H         LINE#         816
  C:5703H         LINE#         817
  C:5712H         LINE#         818
  C:5712H         LINE#         819
  C:5715H         LINE#         820
  C:5715H         LINE#         821
  C:5717H         LINE#         822
  C:5717H         LINE#         823
  C:571AH         LINE#         824
  C:571AH         LINE#         825
  C:571CH         LINE#         826
  C:571CH         LINE#         827
  C:571FH         LINE#         828
  C:5722H         LINE#         829
  C:5725H         LINE#         830
  C:5732H         LINE#         831
  C:5732H         LINE#         832
  C:5732H         LINE#         833
  C:5732H         LINE#         834
  C:5732H         LINE#         835
  C:5732H         LINE#         836
  C:5732H         LINE#         837
  C:5732H         LINE#         838
  C:5732H         LINE#         839
  C:5739H         LINE#         840
  C:5741H         LINE#         841
  -------         ENDPROC       _FUN_PYHZ
  -------         PROC          _FUN_SJHZ
  X:0346H         SYMBOL        par_sjmodel
  X:0347H         SYMBOL        par_hzmodel
  -------         DO            
  X:0348H         SYMBOL        loc_sjdelay
  X:034CH         SYMBOL        loc_hzdelay
BL51 BANKED LINKER/LOCATER V6.22                                                      11/12/2015  11:01:59  PAGE 19


  X:0350H         SYMBOL        loc_sjcgq
  X:0351H         SYMBOL        loc_hzcgq
  X:0352H         SYMBOL        loc_hzflag
  -------         ENDDO         
  C:418DH         LINE#         842
  C:4196H         LINE#         843
  C:419EH         LINE#         844
  C:41A8H         LINE#         845
  C:41ADH         LINE#         846
  C:41AFH         LINE#         847
  C:41B1H         LINE#         848
  C:41BCH         LINE#         849
  C:41CEH         LINE#         850
  C:41CEH         LINE#         851
  C:41DAH         LINE#         852
  C:41DAH         LINE#         853
  C:41DAH         LINE#         854
  C:41DAH         LINE#         855
  C:41DCH         LINE#         856
  C:41DCH         LINE#         857
  C:41DCH         LINE#         858
  C:41DCH         LINE#         859
  C:41DEH         LINE#         860
  C:41DEH         LINE#         861
  C:41DEH         LINE#         862
  C:41DEH         LINE#         863
  C:41E0H         LINE#         864
  C:41E0H         LINE#         865
  C:41E0H         LINE#         866
  C:41E0H         LINE#         867
  C:41E0H         LINE#         868
  C:41E0H         LINE#         869
  C:41EFH         LINE#         870
  C:41EFH         LINE#         871
  C:41EFH         LINE#         872
  C:41EFH         LINE#         873
  C:41F1H         LINE#         874
  C:41F1H         LINE#         875
  C:41F1H         LINE#         876
  C:41F1H         LINE#         877
  C:41F3H         LINE#         878
  C:41F3H         LINE#         879
  C:41F3H         LINE#         880
  C:41F3H         LINE#         881
  C:41F5H         LINE#         882
  C:41F5H         LINE#         883
  C:41F5H         LINE#         884
  C:41F5H         LINE#         885
  C:41F5H         LINE#         886
  C:41F5H         LINE#         887
  C:4205H         LINE#         888
  C:4205H         LINE#         889
  C:4205H         LINE#         890
  C:4205H         LINE#         891
  C:4207H         LINE#         892
  C:4207H         LINE#         893
  C:4207H         LINE#         894
BL51 BANKED LINKER/LOCATER V6.22                                                      11/12/2015  11:01:59  PAGE 20


  C:4207H         LINE#         895
  C:4209H         LINE#         896
  C:4209H         LINE#         897
  C:420BH         LINE#         898
  C:420BH         LINE#         899
  C:420DH         LINE#         900
  C:420DH         LINE#         901
  C:420DH         LINE#         902
  C:420DH         LINE#         903
  C:420DH         LINE#         904
  C:420DH         LINE#         905
  C:421CH         LINE#         906
  C:421CH         LINE#         907
  C:421EH         LINE#         908
  C:421EH         LINE#         909
  C:4220H         LINE#         910
  C:4220H         LINE#         911
  C:4227H         LINE#         912
  C:422DH         LINE#         913
  C:422FH         LINE#         914
  C:422FH         LINE#         915
  C:4236H         LINE#         916
  C:423CH         LINE#         917
  C:423CH         LINE#         918
  C:423CH         LINE#         919
  C:423CH         LINE#         920
  C:423CH         LINE#         921
  C:423CH         LINE#         922
  C:423CH         LINE#         923
  C:423CH         LINE#         924
  C:423CH         LINE#         925
  C:4254H         LINE#         926
  C:4254H         LINE#         927
  C:4261H         LINE#         928
  C:4271H         LINE#         929
  C:4274H         LINE#         930
  C:4277H         LINE#         931
  C:4286H         LINE#         932
  C:4292H         LINE#         933
  C:42C9H         LINE#         934
  C:42C9H         LINE#         935
  C:42CBH         LINE#         936
  C:42D4H         LINE#         937
  C:42DAH         LINE#         938
  C:42DAH         LINE#         939
  C:42DAH         LINE#         940
  C:42DAH         LINE#         941
  C:42DDH         LINE#         942
  C:42DDH         LINE#         943
  C:42DFH         LINE#         944
  C:42E8H         LINE#         945
  C:42F6H         LINE#         946
  C:42F6H         LINE#         947
  C:42F6H         LINE#         948
  C:42F6H         LINE#         949
  C:42F8H         LINE#         950
  C:42F8H         LINE#         951
BL51 BANKED LINKER/LOCATER V6.22                                                      11/12/2015  11:01:59  PAGE 21


  C:42FAH         LINE#         952
  C:4303H         LINE#         953
  C:4309H         LINE#         954
  C:4309H         LINE#         955
  C:4309H         LINE#         956
  C:4309H         LINE#         957
  C:430BH         LINE#         958
  C:430BH         LINE#         959
  C:430DH         LINE#         960
  C:4316H         LINE#         961
  C:431FH         LINE#         962
  C:431FH         LINE#         963
  C:431FH         LINE#         964
  C:431FH         LINE#         965
  C:4321H         LINE#         966
  C:4321H         LINE#         967
  C:4323H         LINE#         968
  C:432CH         LINE#         969
  C:4332H         LINE#         970
  C:4332H         LINE#         971
  C:4332H         LINE#         972
  C:4332H         LINE#         973
  C:4334H         LINE#         974
  C:4334H         LINE#         975
  C:4336H         LINE#         976
  C:433FH         LINE#         977
  C:4348H         LINE#         978
  C:4348H         LINE#         979
  C:4348H         LINE#         980
  C:4348H         LINE#         981
  C:434AH         LINE#         982
  C:434AH         LINE#         983
  C:434CH         LINE#         984
  C:4355H         LINE#         985
  C:435BH         LINE#         986
  C:435BH         LINE#         987
  C:435BH         LINE#         988
  C:435BH         LINE#         989
  C:435DH         LINE#         990
  C:435DH         LINE#         991
  C:435FH         LINE#         992
  C:4368H         LINE#         993
  C:4373H         LINE#         994
  C:4376H         LINE#         995
  C:4376H         LINE#         996
  C:4376H         LINE#         997
  C:4378H         LINE#         998
  C:4378H         LINE#         999
  C:437AH         LINE#         1000
  C:4383H         LINE#         1001
  C:4386H         LINE#         1002
  C:43A4H         LINE#         1003
  C:43AAH         LINE#         1004
  C:43AAH         LINE#         1005
  C:43ACH         LINE#         1006
  C:43ACH         LINE#         1007
  C:43ACH         LINE#         1008
BL51 BANKED LINKER/LOCATER V6.22                                                      11/12/2015  11:01:59  PAGE 22


  C:43ACH         LINE#         1009
  C:43ACH         LINE#         1010
  C:43B0H         LINE#         1011
  C:43CCH         LINE#         1012
  C:43D3H         LINE#         1013
  C:43D8H         LINE#         1014
  C:43E0H         LINE#         1015
  C:43E0H         LINE#         1016
  C:43E0H         LINE#         1017
  C:43FFH         LINE#         1018
  C:4405H         LINE#         1019
  C:4407H         LINE#         1020
  C:4410H         LINE#         1021
  C:4413H         LINE#         1022
  C:4417H         LINE#         1023
  C:441AH         LINE#         1024
  C:4425H         LINE#         1025
  C:442BH         LINE#         1026
  C:442EH         LINE#         1027
  C:442EH         LINE#         1028
  C:4431H         LINE#         1029
  C:4431H         LINE#         1030
  C:4438H         LINE#         1031
  C:4442H         LINE#         1032
  C:444AH         LINE#         1033
  C:444AH         LINE#         1034
  C:444AH         LINE#         1035
  C:444DH         LINE#         1036
  -------         ENDPROC       _FUN_SJHZ
  -------         PROC          _FUN_PYSJHZ
  X:0338H         SYMBOL        par_pymodel
  X:0339H         SYMBOL        par_sjmodel
  X:033AH         SYMBOL        par_hzmodel
  -------         DO            
  X:033BH         SYMBOL        loc_sjdelay
  X:033FH         SYMBOL        loc_hzdelay
  X:0343H         SYMBOL        loc_sjcgq
  X:0344H         SYMBOL        loc_hzcgq
  X:0345H         SYMBOL        loc_hzflag
  B:0022H.0       SYMBOL        loc_pyflag
  -------         ENDDO         
  C:3ACCH         LINE#         1037
  C:3AD7H         LINE#         1038
  C:3ADFH         LINE#         1039
  C:3AE9H         LINE#         1040
  C:3AEEH         LINE#         1041
  C:3AF0H         LINE#         1042
  C:3AF2H         LINE#         1043
  C:3AF4H         LINE#         1044
  C:3AFFH         LINE#         1045
  C:3B11H         LINE#         1046
  C:3B11H         LINE#         1047
  C:3B1DH         LINE#         1048
  C:3B1DH         LINE#         1049
  C:3B1DH         LINE#         1050
  C:3B1DH         LINE#         1051
  C:3B1FH         LINE#         1052
BL51 BANKED LINKER/LOCATER V6.22                                                      11/12/2015  11:01:59  PAGE 23


  C:3B1FH         LINE#         1053
  C:3B1FH         LINE#         1054
  C:3B1FH         LINE#         1055
  C:3B21H         LINE#         1056
  C:3B21H         LINE#         1057
  C:3B21H         LINE#         1058
  C:3B21H         LINE#         1059
  C:3B23H         LINE#         1060
  C:3B23H         LINE#         1061
  C:3B23H         LINE#         1062
  C:3B23H         LINE#         1063
  C:3B23H         LINE#         1064
  C:3B23H         LINE#         1065
  C:3B32H         LINE#         1066
  C:3B32H         LINE#         1067
  C:3B32H         LINE#         1068
  C:3B32H         LINE#         1069
  C:3B34H         LINE#         1070
  C:3B34H         LINE#         1071
  C:3B34H         LINE#         1072
  C:3B34H         LINE#         1073
  C:3B36H         LINE#         1074
  C:3B36H         LINE#         1075
  C:3B36H         LINE#         1076
  C:3B36H         LINE#         1077
  C:3B38H         LINE#         1078
  C:3B38H         LINE#         1079
  C:3B38H         LINE#         1080
  C:3B38H         LINE#         1081
  C:3B38H         LINE#         1082
  C:3B38H         LINE#         1083
  C:3B48H         LINE#         1084
  C:3B48H         LINE#         1085
  C:3B48H         LINE#         1086
  C:3B48H         LINE#         1087
  C:3B4AH         LINE#         1088
  C:3B4AH         LINE#         1089
  C:3B4AH         LINE#         1090
  C:3B4AH         LINE#         1091
  C:3B4CH         LINE#         1092
  C:3B4CH         LINE#         1093
  C:3B4EH         LINE#         1094
  C:3B4EH         LINE#         1095
  C:3B50H         LINE#         1096
  C:3B50H         LINE#         1097
  C:3B50H         LINE#         1098
  C:3B50H         LINE#         1099
  C:3B50H         LINE#         1100
  C:3B50H         LINE#         1101
  C:3B5FH         LINE#         1102
  C:3B5FH         LINE#         1103
  C:3B61H         LINE#         1104
  C:3B61H         LINE#         1105
  C:3B63H         LINE#         1106
  C:3B63H         LINE#         1107
  C:3B6AH         LINE#         1108
  C:3B70H         LINE#         1109
BL51 BANKED LINKER/LOCATER V6.22                                                      11/12/2015  11:01:59  PAGE 24


  C:3B72H         LINE#         1110
  C:3B72H         LINE#         1111
  C:3B79H         LINE#         1112
  C:3B7FH         LINE#         1113
  C:3B7FH         LINE#         1114
  C:3B7FH         LINE#         1115
  C:3B7FH         LINE#         1116
  C:3B7FH         LINE#         1117
  C:3B7FH         LINE#         1118
  C:3B7FH         LINE#         1119
  C:3B7FH         LINE#         1120
  C:3B7FH         LINE#         1121
  C:3B97H         LINE#         1122
  C:3B97H         LINE#         1123
  C:3BA4H         LINE#         1124
  C:3BB4H         LINE#         1125
  C:3BB7H         LINE#         1126
  C:3BBAH         LINE#         1127
  C:3BCFH         LINE#         1128
  C:3BF3H         LINE#         1129
  C:3BF3H         LINE#         1130
  C:3C2AH         LINE#         1131
  C:3C2AH         LINE#         1132
  C:3C2CH         LINE#         1133
  C:3C35H         LINE#         1134
  C:3C3BH         LINE#         1135
  C:3C3BH         LINE#         1136
  C:3C3BH         LINE#         1137
  C:3C3BH         LINE#         1138
  C:3C3EH         LINE#         1139
  C:3C3EH         LINE#         1140
  C:3C40H         LINE#         1141
  C:3C49H         LINE#         1142
  C:3C57H         LINE#         1143
  C:3C57H         LINE#         1144
  C:3C57H         LINE#         1145
  C:3C57H         LINE#         1146
  C:3C5AH         LINE#         1147
  C:3C5AH         LINE#         1148
  C:3C5CH         LINE#         1149
  C:3C65H         LINE#         1150
  C:3C6BH         LINE#         1151
  C:3C6BH         LINE#         1152
  C:3C6BH         LINE#         1153
  C:3C6BH         LINE#         1154
  C:3C6EH         LINE#         1155
  C:3C6EH         LINE#         1156
  C:3C70H         LINE#         1157
  C:3C79H         LINE#         1158
  C:3C82H         LINE#         1159
  C:3C82H         LINE#         1160
  C:3C82H         LINE#         1161
  C:3C82H         LINE#         1162
  C:3C84H         LINE#         1163
  C:3C84H         LINE#         1164
  C:3C86H         LINE#         1165
  C:3C8FH         LINE#         1166
BL51 BANKED LINKER/LOCATER V6.22                                                      11/12/2015  11:01:59  PAGE 25


  C:3C95H         LINE#         1167
  C:3C95H         LINE#         1168
  C:3C95H         LINE#         1169
  C:3C95H         LINE#         1170
  C:3C97H         LINE#         1171
  C:3C97H         LINE#         1172
  C:3C99H         LINE#         1173
  C:3CA2H         LINE#         1174
  C:3CABH         LINE#         1175
  C:3CABH         LINE#         1176
  C:3CABH         LINE#         1177
  C:3CABH         LINE#         1178
  C:3CADH         LINE#         1179
  C:3CADH         LINE#         1180
  C:3CAFH         LINE#         1181
  C:3CB8H         LINE#         1182
  C:3CBEH         LINE#         1183
  C:3CBEH         LINE#         1184
  C:3CBEH         LINE#         1185
  C:3CBEH         LINE#         1186
  C:3CC0H         LINE#         1187
  C:3CC0H         LINE#         1188
  C:3CC2H         LINE#         1189
  C:3CCBH         LINE#         1190
  C:3CD9H         LINE#         1191
  C:3CDCH         LINE#         1192
  C:3CDCH         LINE#         1193
  C:3CDCH         LINE#         1194
  C:3CDEH         LINE#         1195
  C:3CDEH         LINE#         1196
  C:3CE0H         LINE#         1197
  C:3CE9H         LINE#         1198
  C:3CEFH         LINE#         1199
  C:3D0DH         LINE#         1200
  C:3D13H         LINE#         1201
  C:3D13H         LINE#         1202
  C:3D16H         LINE#         1203
  C:3D16H         LINE#         1204
  C:3D16H         LINE#         1205
  C:3D16H         LINE#         1206
  C:3D16H         LINE#         1207
  C:3D16H         LINE#         1208
  C:3D35H         LINE#         1209
  C:3D3CH         LINE#         1210
  C:3D41H         LINE#         1211
  C:3D44H         LINE#         1212
  C:3D4CH         LINE#         1213
  C:3D4CH         LINE#         1214
  C:3D4FH         LINE#         1215
  C:3D4FH         LINE#         1216
  C:3D56H         LINE#         1217
  C:3D5AH         LINE#         1218
  C:3D61H         LINE#         1219
  C:3D68H         LINE#         1220
  C:3D6EH         LINE#         1221
  C:3D71H         LINE#         1222
  C:3D71H         LINE#         1223
BL51 BANKED LINKER/LOCATER V6.22                                                      11/12/2015  11:01:59  PAGE 26


  C:3D7CH         LINE#         1224
  C:3D97H         LINE#         1225
  C:3D9DH         LINE#         1226
  C:3D9DH         LINE#         1227
  C:3DA5H         LINE#         1228
  C:3DC0H         LINE#         1229
  C:3DC6H         LINE#         1230
  C:3DC6H         LINE#         1231
  C:3DC8H         LINE#         1232
  C:3DC8H         LINE#         1233
  C:3DE4H         LINE#         1234
  C:3DEBH         LINE#         1235
  C:3DF0H         LINE#         1236
  C:3DF8H         LINE#         1237
  C:3DF8H         LINE#         1238
  C:3DF8H         LINE#         1239
  C:3DF8H         LINE#         1240
  C:3DF8H         LINE#         1241
  C:3DF8H         LINE#         1242
  C:3E17H         LINE#         1243
  C:3E1DH         LINE#         1244
  C:3E1FH         LINE#         1245
  C:3E28H         LINE#         1246
  C:3E2BH         LINE#         1247
  C:3E2FH         LINE#         1248
  C:3E32H         LINE#         1249
  C:3E3DH         LINE#         1250
  C:3E43H         LINE#         1251
  C:3E46H         LINE#         1252
  C:3E46H         LINE#         1253
  C:3E49H         LINE#         1254
  C:3E49H         LINE#         1255
  C:3E50H         LINE#         1256
  C:3E5AH         LINE#         1257
  C:3E62H         LINE#         1258
  C:3E62H         LINE#         1259
  C:3E62H         LINE#         1260
  C:3E65H         LINE#         1261
  -------         ENDPROC       _FUN_PYSJHZ
  -------         PROC          FUN_JTJP
  C:5CB2H         LINE#         1262
  C:5CB2H         LINE#         1263
  C:5CB2H         LINE#         1264
  C:5CD0H         LINE#         1265
  C:5CD9H         LINE#         1266
  C:5CE0H         LINE#         1268
  C:5CE0H         LINE#         1269
  C:5CE3H         LINE#         1270
  C:5CEAH         LINE#         1271
  C:5CECH         LINE#         1272
  C:5CEEH         LINE#         1273
  C:5CF1H         LINE#         1274
  C:5CF8H         LINE#         1275
  C:5CFFH         LINE#         1276
  C:5CFFH         LINE#         1277
  C:5D05H         LINE#         1278
  C:5D0CH         LINE#         1279
BL51 BANKED LINKER/LOCATER V6.22                                                      11/12/2015  11:01:59  PAGE 27


  C:5D0EH         LINE#         1280
  C:5D10H         LINE#         1281
  C:5D16H         LINE#         1282
  C:5D1DH         LINE#         1283
  C:5D24H         LINE#         1284
  C:5D24H         LINE#         1285
  C:5D2AH         LINE#         1286
  C:5D31H         LINE#         1287
  C:5D33H         LINE#         1288
  C:5D35H         LINE#         1289
  C:5D3BH         LINE#         1290
  C:5D42H         LINE#         1291
  C:5D49H         LINE#         1292
  C:5D49H         LINE#         1293
  C:5D52H         LINE#         1294
  -------         ENDPROC       FUN_JTJP
  -------         PROC          FUN_TIMERMOVE
  -------         DO            
  D:001BH         SYMBOL        loc_con
  D:0017H         SYMBOL        loc_sdl
  D:0019H         SYMBOL        loc_sdr
  -------         ENDDO         
  C:30F2H         LINE#         1296
  C:30F2H         LINE#         1299
  C:3117H         LINE#         1300
  C:3117H         LINE#         1301
  C:311FH         LINE#         1302
  C:3125H         LINE#         1303
  C:3134H         LINE#         1304
  C:3142H         LINE#         1305
  C:3143H         LINE#         1306
  C:3143H         LINE#         1307
  C:3159H         LINE#         1308
  C:3171H         LINE#         1309
  C:3177H         LINE#         1310
  C:317FH         LINE#         1311
  C:3182H         LINE#         1312
  C:3189H         LINE#         1313
  C:318CH         LINE#         1314
  C:319FH         LINE#         1315
  C:319FH         LINE#         1316
  C:319FH         LINE#         1318
  C:31AFH         LINE#         1319
  C:31B5H         LINE#         1320
  C:31D0H         LINE#         1321
  C:31EBH         LINE#         1322
  C:31EBH         LINE#         1323
  C:31F1H         LINE#         1324
  C:320CH         LINE#         1325
  C:3227H         LINE#         1326
  C:3227H         LINE#         1327
  C:322DH         LINE#         1328
  C:324DH         LINE#         1329
  C:326DH         LINE#         1330
  C:326DH         LINE#         1331
  C:3273H         LINE#         1332
  C:3293H         LINE#         1333
BL51 BANKED LINKER/LOCATER V6.22                                                      11/12/2015  11:01:59  PAGE 28


  C:32B3H         LINE#         1334
  C:32B3H         LINE#         1335
  C:32B9H         LINE#         1336
  C:32D9H         LINE#         1337
  C:32F9H         LINE#         1338
  C:32F9H         LINE#         1339
  C:3302H         LINE#         1340
  C:3322H         LINE#         1341
  C:3342H         LINE#         1342
  C:3342H         LINE#         1343
  C:3342H         LINE#         1344
  C:3342H         LINE#         1345
  C:3342H         LINE#         1346
  C:3345H         LINE#         1347
  C:3345H         LINE#         1348
  C:334FH         LINE#         1349
  C:3354H         LINE#         1350
  C:3354H         LINE#         1351
  C:3357H         LINE#         1352
  C:3357H         LINE#         1353
  C:336CH         LINE#         1354
  C:336CH         LINE#         1355
  C:338FH         LINE#         1356
  C:338FH         LINE#         1357
  C:339DH         LINE#         1358
  C:33ACH         LINE#         1359
  C:33ACH         LINE#         1360
  C:33AEH         LINE#         1361
  C:33AEH         LINE#         1362
  C:33B1H         LINE#         1363
  C:33BFH         LINE#         1364
  C:33C2H         LINE#         1365
  C:33C4H         LINE#         1366
  C:33C4H         LINE#         1367
  C:33D2H         LINE#         1368
  C:33E7H         LINE#         1369
  C:33EAH         LINE#         1370
  C:33ECH         LINE#         1371
  C:33ECH         LINE#         1372
  C:33EFH         LINE#         1373
  C:33FDH         LINE#         1374
  C:341BH         LINE#         1375
  C:341BH         LINE#         1376
  C:341BH         LINE#         1377
  C:341DH         LINE#         1378
  C:341EH         LINE#         1379
  C:341EH         LINE#         1380
  C:343DH         LINE#         1381
  C:343FH         LINE#         1382
  C:3440H         LINE#         1383
  C:3440H         LINE#         1384
  C:3449H         LINE#         1385
  C:3449H         LINE#         1386
  C:3449H         LINE#         1387
  C:3449H         LINE#         1388
  C:3449H         LINE#         1389
  C:3449H         LINE#         1390
BL51 BANKED LINKER/LOCATER V6.22                                                      11/12/2015  11:01:59  PAGE 29


  C:344BH         LINE#         1391
  C:344BH         LINE#         1392
  C:344BH         LINE#         1393
  C:344BH         LINE#         1394
  C:3456H         LINE#         1395
  C:3456H         LINE#         1396
  C:348FH         LINE#         1397
  C:3491H         LINE#         1398
  C:3492H         LINE#         1399
  C:3492H         LINE#         1400
  C:34AEH         LINE#         1401
  C:34B6H         LINE#         1402
  C:34C0H         LINE#         1403
  C:34CAH         LINE#         1404
  C:34CDH         LINE#         1405
  C:34CEH         LINE#         1406
  C:34CEH         LINE#         1407
  C:34DEH         LINE#         1408
  C:34E4H         LINE#         1409
  C:34FDH         LINE#         1410
  C:3517H         LINE#         1411
  C:3517H         LINE#         1412
  C:351DH         LINE#         1413
  C:3537H         LINE#         1414
  C:3550H         LINE#         1415
  C:3550H         LINE#         1416
  C:3556H         LINE#         1417
  C:3570H         LINE#         1418
  C:358AH         LINE#         1419
  C:358AH         LINE#         1420
  C:3590H         LINE#         1421
  C:35AAH         LINE#         1422
  C:35C4H         LINE#         1423
  C:35C4H         LINE#         1424
  C:35CAH         LINE#         1425
  C:35E3H         LINE#         1426
  C:35FDH         LINE#         1427
  C:35FDH         LINE#         1428
  C:3603H         LINE#         1429
  C:361DH         LINE#         1430
  C:3636H         LINE#         1431
  C:3636H         LINE#         1432
  C:363FH         LINE#         1433
  C:3648H         LINE#         1434
  C:3648H         LINE#         1435
  C:3648H         LINE#         1436
  C:3648H         LINE#         1437
  C:3648H         LINE#         1438
  C:3648H         LINE#         1439
  C:3648H         LINE#         1440
  C:3648H         LINE#         1441
  -------         ENDPROC       FUN_TIMERMOVE
  -------         PROC          _FUN_FLSETTING
  X:02DEH         SYMBOL        par_gospeed
  X:02DFH         SYMBOL        par_turnspeed
  X:02E0H         SYMBOL        par_cachespeed
  -------         DO            
BL51 BANKED LINKER/LOCATER V6.22                                                      11/12/2015  11:01:59  PAGE 30


  X:02E1H         SYMBOL        ellipsis_40
  X:0309H         SYMBOL        loc_argp
  D:0007H         SYMBOL        loc_step
  D:0006H         SYMBOL        loc_con
  -------         ENDDO         
  C:5F21H         LINE#         1442
  C:5F2CH         LINE#         1444
  C:5F2EH         LINE#         1446
  C:5F3AH         LINE#         1447
  C:5F3CH         LINE#         1448
  C:5F41H         LINE#         1449
  C:5F50H         LINE#         1450
  C:5F64H         LINE#         1451
  C:5F66H         LINE#         1452
  C:5F73H         LINE#         1455
  C:5F79H         LINE#         1456
  C:5F87H         LINE#         1457
  C:5F8FH         LINE#         1458
  C:5F97H         LINE#         1459
  C:5F9FH         LINE#         1460
  C:5FA3H         LINE#         1461
  -------         ENDPROC       _FUN_FLSETTING
  -------         PROC          _FUN_FOLLINE
  D:0007H         SYMBOL        par_con
  X:0364H         SYMBOL        par_speed
  -------         DO            
  X:0365H         SYMBOL        loc_con
  X:0366H         SYMBOL        loc_sdr
  X:0367H         SYMBOL        loc_sdl
  X:0368H         SYMBOL        loc_online
  -------         ENDDO         
  C:4FBDH         LINE#         1462
  C:4FC2H         LINE#         1463
  C:4FC5H         LINE#         1466
  C:4FCEH         LINE#         1467
  C:4FE6H         LINE#         1468
  C:4FECH         LINE#         1469
  C:4FF6H         LINE#         1470
  C:4FF8H         LINE#         1471
  C:4FFFH         LINE#         1472
  C:5002H         LINE#         1473
  C:5008H         LINE#         1474
  C:500AH         LINE#         1475
  C:500AH         LINE#         1477
  C:5016H         LINE#         1478
  C:501CH         LINE#         1479
  C:5028H         LINE#         1480
  C:5040H         LINE#         1481
  C:5040H         LINE#         1482
  C:5046H         LINE#         1483
  C:505EH         LINE#         1484
  C:506CH         LINE#         1485
  C:506CH         LINE#         1486
  C:5072H         LINE#         1487
  C:5084H         LINE#         1488
  C:50A2H         LINE#         1489
  C:50A2H         LINE#         1490
BL51 BANKED LINKER/LOCATER V6.22                                                      11/12/2015  11:01:59  PAGE 31


  C:50A8H         LINE#         1491
  C:50C6H         LINE#         1492
  C:50D8H         LINE#         1493
  C:50D8H         LINE#         1494
  C:50DEH         LINE#         1495
  C:50F0H         LINE#         1496
  C:510EH         LINE#         1497
  C:510EH         LINE#         1498
  C:5114H         LINE#         1499
  C:5132H         LINE#         1500
  C:5144H         LINE#         1501
  C:5144H         LINE#         1502
  C:514EH         LINE#         1503
  C:5158H         LINE#         1504
  C:515DH         LINE#         1505
  C:515DH         LINE#         1506
  C:5160H         LINE#         1507
  -------         ENDPROC       _FUN_FOLLINE
  -------         PROC          _FUN_TURN
  D:0007H         SYMBOL        par_model
  X:037DH         SYMBOL        par_speed
  C:5FA4H         LINE#         1509
  C:5FA9H         LINE#         1510
  C:5FB9H         LINE#         1511
  C:5FB9H         LINE#         1512
  C:5FC3H         LINE#         1513
  C:5FC9H         LINE#         1514
  C:5FC9H         LINE#         1515
  C:5FCBH         LINE#         1516
  C:5FCBH         LINE#         1517
  C:5FCEH         LINE#         1518
  C:5FD8H         LINE#         1519
  C:5FDBH         LINE#         1520
  C:5FDDH         LINE#         1521
  C:5FDDH         LINE#         1522
  C:5FE7H         LINE#         1523
  C:5FF3H         LINE#         1524
  C:5FF6H         LINE#         1525
  C:5FF8H         LINE#         1526
  C:5FF8H         LINE#         1527
  C:5FFBH         LINE#         1528
  C:6005H         LINE#         1529
  C:6012H         LINE#         1530
  C:6012H         LINE#         1531
  C:6012H         LINE#         1532
  C:6018H         LINE#         1533
  -------         ENDPROC       _FUN_TURN
  -------         PROC          _FUN_QC
  D:0007H         SYMBOL        par_time
  X:036DH         SYMBOL        par_speed
  -------         DO            
  X:036EH         SYMBOL        loc_sdr
  X:036FH         SYMBOL        loc_sdl
  -------         ENDDO         
  C:48CDH         LINE#         1535
  C:48D2H         LINE#         1537
  C:48EFH         LINE#         1538
BL51 BANKED LINKER/LOCATER V6.22                                                      11/12/2015  11:01:59  PAGE 32


  C:490EH         LINE#         1540
  C:491AH         LINE#         1541
  C:4920H         LINE#         1542
  C:4939H         LINE#         1543
  C:4955H         LINE#         1544
  C:4955H         LINE#         1545
  C:495BH         LINE#         1546
  C:4977H         LINE#         1547
  C:4992H         LINE#         1548
  C:4992H         LINE#         1549
  C:4998H         LINE#         1550
  C:49B4H         LINE#         1551
  C:49D0H         LINE#         1552
  C:49D0H         LINE#         1553
  C:49D6H         LINE#         1554
  C:49F2H         LINE#         1555
  C:4A0EH         LINE#         1556
  C:4A0EH         LINE#         1557
  C:4A14H         LINE#         1558
  C:4A2FH         LINE#         1559
  C:4A4BH         LINE#         1560
  C:4A4BH         LINE#         1561
  C:4A51H         LINE#         1562
  C:4A6DH         LINE#         1563
  C:4A88H         LINE#         1564
  C:4A88H         LINE#         1565
  C:4A92H         LINE#         1566
  C:4A9CH         LINE#         1567
  C:4AA1H         LINE#         1568
  C:4AA4H         LINE#         1569
  -------         ENDPROC       _FUN_QC
  -------         PROC          FUN_STOPE2PROM
  C:000EH         LINE#         1571
  C:000EH         LINE#         1572
  C:0011H         LINE#         1573
  C:0013H         LINE#         1574
  C:0015H         LINE#         1575
  C:0018H         LINE#         1576
  C:001AH         LINE#         1577
  -------         ENDPROC       FUN_STOPE2PROM
  -------         PROC          _FUN_READE2PROM
  D:0006H         SYMBOL        par_add
  -------         DO            
  D:0007H         SYMBOL        loc_dat
  -------         ENDDO         
  C:6364H         LINE#         1578
  C:6364H         LINE#         1580
  C:6367H         LINE#         1581
  C:636AH         LINE#         1582
  C:636CH         LINE#         1583
  C:636FH         LINE#         1584
  C:6372H         LINE#         1585
  C:6375H         LINE#         1586
  C:637EH         LINE#         1587
  C:6380H         LINE#         1588
  C:6383H         LINE#         1589
  C:6383H         LINE#         1590
BL51 BANKED LINKER/LOCATER V6.22                                                      11/12/2015  11:01:59  PAGE 33


  -------         ENDPROC       _FUN_READE2PROM
  -------         PROC          _FUN_WRITEE2PROM
  D:0006H         SYMBOL        par_add
  D:0005H         SYMBOL        par_dat
  C:6343H         LINE#         1591
  C:6343H         LINE#         1592
  C:6346H         LINE#         1593
  C:6349H         LINE#         1594
  C:634BH         LINE#         1595
  C:634EH         LINE#         1596
  C:6352H         LINE#         1597
  C:6355H         LINE#         1598
  C:6358H         LINE#         1599
  C:6361H         LINE#         1600
  -------         ENDPROC       _FUN_WRITEE2PROM
  -------         PROC          _FUN_CLEANE2PROM
  D:0006H         SYMBOL        par_add
  C:6384H         LINE#         1602
  C:6384H         LINE#         1603
  C:6387H         LINE#         1604
  C:638AH         LINE#         1605
  C:638CH         LINE#         1606
  C:638FH         LINE#         1607
  C:6392H         LINE#         1608
  C:6395H         LINE#         1609
  C:639EH         LINE#         1610
  -------         ENDPROC       _FUN_CLEANE2PROM
  -------         PROC          FUN_CALIBRATION
  -------         DO            
  X:0369H         SYMBOL        loc_time
  -------         ENDDO         
  C:4AABH         LINE#         1612
  C:4AABH         LINE#         1615
  C:4AB0H         LINE#         1616
  C:4AB5H         LINE#         1617
  C:4AC3H         LINE#         1618
  C:4AC8H         LINE#         1619
  C:4ACDH         LINE#         1620
  C:4AF2H         LINE#         1621
  C:4B16H         LINE#         1622
  C:4B3CH         LINE#         1623
  C:4B44H         LINE#         1624
  C:4B6BH         LINE#         1625
  C:4B93H         LINE#         1626
  C:4BBBH         LINE#         1627
  C:4BE3H         LINE#         1628
  C:4C0BH         LINE#         1629
  C:4C33H         LINE#         1630
  C:4C59H         LINE#         1631
  C:4C5FH         LINE#         1632
  -------         ENDPROC       FUN_CALIBRATION
  -------         PROC          FUN_PORT
  C:6462H         LINE#         1633
  C:6462H         LINE#         1635
  C:6465H         LINE#         1636
  C:6468H         LINE#         1637
  C:646BH         LINE#         1638
BL51 BANKED LINKER/LOCATER V6.22                                                      11/12/2015  11:01:59  PAGE 34


  C:646EH         LINE#         1639
  C:6471H         LINE#         1640
  C:6474H         LINE#         1641
  -------         ENDPROC       FUN_PORT
  -------         PROC          FUN_TEST
  C:5742H         LINE#         1642
  C:5742H         LINE#         1643
  C:5747H         LINE#         1644
  C:574AH         LINE#         1645
  C:574FH         LINE#         1646
  C:5752H         LINE#         1647
  C:5757H         LINE#         1648
  C:575AH         LINE#         1649
  C:575FH         LINE#         1650
  C:5762H         LINE#         1652
  C:5768H         LINE#         1653
  C:576DH         LINE#         1654
  C:5770H         LINE#         1655
  C:5775H         LINE#         1656
  C:5778H         LINE#         1657
  C:577DH         LINE#         1658
  C:5780H         LINE#         1659
  C:5785H         LINE#         1660
  C:5788H         LINE#         1662
  C:578DH         LINE#         1663
  C:5790H         LINE#         1664
  C:5795H         LINE#         1665
  C:5798H         LINE#         1666
  C:579DH         LINE#         1667
  C:57A0H         LINE#         1668
  C:57A5H         LINE#         1669
  C:57A8H         LINE#         1670
  C:57ADH         LINE#         1671
  C:57B0H         LINE#         1672
  C:57B5H         LINE#         1673
  C:57B8H         LINE#         1674
  C:57BDH         LINE#         1675
  C:57C0H         LINE#         1676
  C:57C5H         LINE#         1677
  C:57C8H         LINE#         1678
  C:57CDH         LINE#         1680
  C:57D5H         LINE#         1681
  C:57DBH         LINE#         1682
  C:57E0H         LINE#         1683
  C:57E3H         LINE#         1684
  C:57E8H         LINE#         1685
  C:57EBH         LINE#         1686
  C:57F0H         LINE#         1687
  C:57F3H         LINE#         1688
  C:57F8H         LINE#         1689
  C:57FBH         LINE#         1690
  C:5803H         LINE#         1692
  C:580AH         LINE#         1693
  C:580DH         LINE#         1694
  C:5814H         LINE#         1695
  C:5817H         LINE#         1697
  C:581EH         LINE#         1698
BL51 BANKED LINKER/LOCATER V6.22                                                      11/12/2015  11:01:59  PAGE 35


  C:5821H         LINE#         1699
  C:5828H         LINE#         1700
  C:582BH         LINE#         1702
  C:5832H         LINE#         1703
  C:5839H         LINE#         1704
  C:583CH         LINE#         1705
[...]


  C:06DDH         LINE#         2917
  C:06E2H         LINE#         2918
  C:06E2H         LINE#         2920
  C:06E2H         LINE#         2921
  C:06EDH         LINE#         2923
  C:06F3H         LINE#         2924
  C:06F9H         LINE#         2925
  C:06F9H         LINE#         2926
  C:06FFH         LINE#         2927
  C:0704H         LINE#         2928
  C:0704H         LINE#         2930
  C:0710H         LINE#         2931
  C:0739H         LINE#         2932
  C:074FH         LINE#         2933
  C:0752H         LINE#         2934
  C:0752H         LINE#         2935
  C:0752H         LINE#         2936
  C:075EH         LINE#         2937
  C:0785H         LINE#         2938
  C:079BH         LINE#         2939
  C:079EH         LINE#         2940
  C:079EH         LINE#         2941
  C:079EH         LINE#         2942
  C:07ADH         LINE#         2943
  C:07D6H         LINE#         2944
  C:07ECH         LINE#         2945
  C:07EFH         LINE#         2946
  C:07EFH         LINE#         2947
  C:081BH         LINE#         2948
  C:0831H         LINE#         2949
  C:0834H         LINE#         2950
  C:0834H         LINE#         2951
  C:0834H         LINE#         2954
  C:0843H         LINE#         2955
  C:08A8H         LINE#         2958
  C:08A8H         LINE#         2959
  C:08E5H         LINE#         2961
  C:08E5H         LINE#         2962
  C:08FBH         LINE#         2963
  C:08FEH         LINE#         2964
  C:08FEH         LINE#         2965
  C:093BH         LINE#         2967
  C:093BH         LINE#         2968
  C:0951H         LINE#         2969
  C:0954H         LINE#         2970
  C:0954H         LINE#         2971
  C:0954H         LINE#         2972
  C:09BDH         LINE#         2975
  C:09BDH         LINE#         2976
  C:09FAH         LINE#         2978
  C:09FAH         LINE#         2979
  C:0A10H         LINE#         2980
  C:0A12H         LINE#         2981
  C:0A12H         LINE#         2982
  C:0A4FH         LINE#         2984
  C:0A4FH         LINE#         2985
  C:0A67H         LINE#         2986
BL51 BANKED LINKER/LOCATER V6.22                                                      11/12/2015  11:01:59  PAGE 58


  C:0A6AH         LINE#         2987
  C:0A6AH         LINE#         2988
  C:0A6AH         LINE#         2989
  C:0A6AH         LINE#         2992
  C:0A86H         LINE#         2993
  C:0AB8H         LINE#         2994
  C:0AD0H         LINE#         2995
  C:0AD3H         LINE#         2996
  C:0AD3H         LINE#         2997
  C:0B09H         LINE#         2998
  C:0B21H         LINE#         2999
  C:0B24H         LINE#         3000
  C:0B24H         LINE#         3001
  C:0B24H         LINE#         3004
  C:0B3FH         LINE#         3005
  C:0B71H         LINE#         3006
  C:0B89H         LINE#         3007
  C:0B8CH         LINE#         3008
  C:0B8CH         LINE#         3009
  C:0BC1H         LINE#         3010
  C:0BD9H         LINE#         3011
  C:0BDCH         LINE#         3012
  C:0BDCH         LINE#         3013
  C:0BDCH         LINE#         3014
  C:0BDCH         LINE#         3015
  C:0BE7H         LINE#         3017
  C:0BEDH         LINE#         3018
  C:0BF3H         LINE#         3019
  C:0BF3H         LINE#         3020
  C:0BF9H         LINE#         3021
  C:0BFEH         LINE#         3022
  C:0BFEH         LINE#         3024
  C:0C0AH         LINE#         3025
  C:0C33H         LINE#         3026
  C:0C4BH         LINE#         3027
  C:0C4EH         LINE#         3028
  C:0C4EH         LINE#         3029
  C:0C4EH         LINE#         3030
  C:0C5AH         LINE#         3031
  C:0C81H         LINE#         3032
  C:0C99H         LINE#         3033
  C:0C9CH         LINE#         3034
  C:0C9CH         LINE#         3035
  C:0C9CH         LINE#         3036
  C:0CABH         LINE#         3037
  C:0CD4H         LINE#         3038
  C:0CECH         LINE#         3039
  C:0CEFH         LINE#         3040
  C:0CEFH         LINE#         3041
  C:0D1BH         LINE#         3042
  C:0D33H         LINE#         3043
  C:0D36H         LINE#         3044
  C:0D36H         LINE#         3045
  C:0D36H         LINE#         3048
  C:0D45H         LINE#         3049
  C:0DAAH         LINE#         3052
  C:0DAAH         LINE#         3053
BL51 BANKED LINKER/LOCATER V6.22                                                      11/12/2015  11:01:59  PAGE 59


  C:0DE7H         LINE#         3055
  C:0DE7H         LINE#         3056
  C:0DFFH         LINE#         3057
  C:0E02H         LINE#         3058
  C:0E02H         LINE#         3059
  C:0E3FH         LINE#         3061
  C:0E3FH         LINE#         3062
  C:0E57H         LINE#         3063
  C:0E5AH         LINE#         3064
  C:0E5AH         LINE#         3065
  C:0E5AH         LINE#         3066
  C:0EC3H         LINE#         3069
  C:0EC3H         LINE#         3070
  C:0F00H         LINE#         3072
  C:0F00H         LINE#         3073
  C:0F18H         LINE#         3074
  C:0F1BH         LINE#         3075
  C:0F1BH         LINE#         3076
  C:0F58H         LINE#         3078
  C:0F58H         LINE#         3079
  C:0F70H         LINE#         3080
  C:0F73H         LINE#         3081
  C:0F73H         LINE#         3082
  C:0F73H         LINE#         3083
  C:0F73H         LINE#         3086
  C:0F8FH         LINE#         3087
  C:0FC1H         LINE#         3088
  C:0FD9H         LINE#         3089
  C:0FDCH         LINE#         3090
  C:0FDCH         LINE#         3091
  C:1012H         LINE#         3092
  C:102AH         LINE#         3093
  C:102DH         LINE#         3094
  C:102DH         LINE#         3095
  C:102DH         LINE#         3098
  C:1048H         LINE#         3099
  C:107AH         LINE#         3100
  C:1092H         LINE#         3101
  C:1094H         LINE#         3102
  C:1094H         LINE#         3103
  C:10CFH         LINE#         3104
  C:10EAH         LINE#         3105
  C:10EDH         LINE#         3106
  C:10EDH         LINE#         3107
  C:10EDH         LINE#         3108
  C:10EDH         LINE#         3109
  C:10EDH         LINE#         3110
  -------         ENDPROC       _FUN_ZDZJ
  -------         PROC          L?1472
  -------         ENDPROC       L?1472
  -------         PROC          _FUN_ZJZT
  X:0375H         SYMBOL        par_motor
  X:0376H         SYMBOL        par_model
  C:5308H         LINE#         3111
  C:5312H         LINE#         3112
  C:5319H         LINE#         3113
  C:5342H         LINE#         3114
BL51 BANKED LINKER/LOCATER V6.22                                                      11/12/2015  11:01:59  PAGE 60


  C:5342H         LINE#         3115
  C:5352H         LINE#         3116
  C:5352H         LINE#         3117
  C:5359H         LINE#         3118
  C:535CH         LINE#         3119
  C:535CH         LINE#         3120
  C:535FH         LINE#         3121
  C:535FH         LINE#         3122
  C:536FH         LINE#         3123
  C:536FH         LINE#         3124
  C:5376H         LINE#         3125
  C:5379H         LINE#         3126
  C:5379H         LINE#         3127
  C:537CH         LINE#         3128
  C:537CH         LINE#         3129
  C:538CH         LINE#         3130
  C:538CH         LINE#         3131
  C:5393H         LINE#         3132
  C:5396H         LINE#         3133
  C:5396H         LINE#         3134
  C:5398H         LINE#         3135
  C:5398H         LINE#         3136
  C:53A8H         LINE#         3137
  C:53A8H         LINE#         3138
  C:53AFH         LINE#         3139
  C:53B2H         LINE#         3140
  C:53B2H         LINE#         3141
  C:53B4H         LINE#         3142
  C:53B4H         LINE#         3143
  C:53C4H         LINE#         3144
  C:53C4H         LINE#         3145
  C:53CBH         LINE#         3146
  C:53D2H         LINE#         3147
  C:53D4H         LINE#         3148
  C:53D6H         LINE#         3149
  C:53D6H         LINE#         3150
  C:53E6H         LINE#         3151
  C:53E6H         LINE#         3152
  C:53EDH         LINE#         3153
  C:53F4H         LINE#         3154
  C:53F6H         LINE#         3155
  C:53F8H         LINE#         3156
  C:53F8H         LINE#         3157
  C:5408H         LINE#         3158
  C:5408H         LINE#         3159
  C:540FH         LINE#         3160
  C:5416H         LINE#         3161
  C:5418H         LINE#         3162
  C:541AH         LINE#         3163
  C:541AH         LINE#         3164
  C:5427H         LINE#         3165
  C:5427H         LINE#         3166
  C:542EH         LINE#         3167
  C:5435H         LINE#         3168
  C:543AH         LINE#         3169
  C:543AH         LINE#         3170
  C:543AH         LINE#         3171
BL51 BANKED LINKER/LOCATER V6.22                                                      11/12/2015  11:01:59  PAGE 61


  C:543AH         LINE#         3172
  C:543AH         LINE#         3173
  C:543AH         LINE#         3174
  C:5442H         LINE#         3175
  C:5454H         LINE#         3176
  C:5454H         LINE#         3177
  C:5454H         LINE#         3178
  C:5456H         LINE#         3179
  C:5456H         LINE#         3180
  C:5458H         LINE#         3181
  C:545AH         LINE#         3182
  C:545AH         LINE#         3183
  C:545CH         LINE#         3184
  C:545EH         LINE#         3185
  C:545EH         LINE#         3186
  C:5460H         LINE#         3187
  C:5462H         LINE#         3188
  C:5462H         LINE#         3189
  C:5464H         LINE#         3190
  C:5466H         LINE#         3191
  C:5466H         LINE#         3192
  C:5471H         LINE#         3193
  C:5475H         LINE#         3194
  C:5480H         LINE#         3195
  C:5485H         LINE#         3196
  C:5485H         LINE#         3197
  C:5485H         LINE#         3198
  C:5485H         LINE#         3199
  -------         ENDPROC       _FUN_ZJZT
  -------         PROC          _FUN_NAJIAN
  X:035CH         SYMBOL        par_now
  X:035DH         SYMBOL        par_next
  X:035EH         SYMBOL        par_high
  X:0361H         SYMBOL        par_data
  C:585EH         LINE#         3200
  C:5871H         LINE#         3202
  C:588AH         LINE#         3455
  C:5913H         LINE#         3456
  C:5952H         LINE#         3457
  C:596BH         LINE#         3458
  -------         ENDPROC       _FUN_NAJIAN
  -------         PROC          FUN_ZHUAJIAN
  C:5B43H         LINE#         3460
  C:5B43H         LINE#         3461
  C:5B48H         LINE#         3462
  C:5B4DH         LINE#         3463
  C:5B52H         LINE#         3464
  C:5B5AH         LINE#         3465
  C:5B5FH         LINE#         3467
  C:5B66H         LINE#         3468
  C:5B6DH         LINE#         3469
  C:5B74H         LINE#         3470
  C:5B7BH         LINE#         3471
  C:5B93H         LINE#         3472
  C:5B9FH         LINE#         3473
  C:5BA6H         LINE#         3474
  C:5BAFH         LINE#         3475
BL51 BANKED LINKER/LOCATER V6.22                                                      11/12/2015  11:01:59  PAGE 62


  C:5BB6H         LINE#         3476
  C:5BB8H         LINE#         3477
  C:5BB8H         LINE#         3478
  C:5BB8H         LINE#         3479
  C:5BB8H         LINE#         3480
  C:5BBAH         LINE#         3481
  C:5BC6H         LINE#         3482
  C:5BCDH         LINE#         3483
  C:5BD6H         LINE#         3484
  C:5BDDH         LINE#         3485
  C:5BE4H         LINE#         3486
  C:5BEDH         LINE#         3487
  C:5BF4H         LINE#         3488
  C:5BFDH         LINE#         3489
  C:5BFDH         LINE#         3490
  C:5C04H         LINE#         3491
  C:5C07H         LINE#         3492
  -------         ENDPROC       FUN_ZHUAJIAN
  -------         PROC          FUN_BACK90
  C:6295H         LINE#         3494
  C:6295H         LINE#         3495
  C:629CH         LINE#         3496
  C:629FH         LINE#         3498
  C:62A6H         LINE#         3499
  C:62ADH         LINE#         3500
  C:62B6H         LINE#         3502
  C:62BDH         LINE#         3503
  C:62C0H         LINE#         3504
  -------         ENDPROC       FUN_BACK90
  -------         PROC          _FUN_START
  X:02A5H         SYMBOL        par_x
  X:02A6H         SYMBOL        par_y
  X:02A7H         SYMBOL        par_ctfx
  X:02A8H         SYMBOL        par_szzt
  X:02A9H         SYMBOL        par_sjwz
  X:02AAH         SYMBOL        par_pywz
  X:02ABH         SYMBOL        par_hzfx
  C:5979H         LINE#         3506
  C:5984H         LINE#         3507
  C:5984H         LINE#         3508
  C:5987H         LINE#         3509
  C:598AH         LINE#         3510
  C:598CH         LINE#         3511
  C:598EH         LINE#         3512
  C:5991H         LINE#         3513
  C:5994H         LINE#         3514
  C:5997H         LINE#         3516
  C:5999H         LINE#         3517
  C:599BH         LINE#         3518
  C:599DH         LINE#         3519
  C:599FH         LINE#         3521
  C:59A2H         LINE#         3522
  C:59A4H         LINE#         3524
  C:59A7H         LINE#         3526
  C:59AAH         LINE#         3527
  C:59ADH         LINE#         3528
  C:59AFH         LINE#         3529
BL51 BANKED LINKER/LOCATER V6.22                                                      11/12/2015  11:01:59  PAGE 63


  C:59B1H         LINE#         3530
  C:59BAH         LINE#         3532
  C:59C7H         LINE#         3533
  C:59D6H         LINE#         3534
  C:59DBH         LINE#         3535
  C:59DFH         LINE#         3537
  C:59E7H         LINE#         3538
  C:59EFH         LINE#         3539
  C:59F7H         LINE#         3540
  C:59FFH         LINE#         3541
  C:5A07H         LINE#         3542
  C:5A0FH         LINE#         3543
  C:5A17H         LINE#         3545
  C:5A1CH         LINE#         3546
  C:5A22H         LINE#         3547
  C:5A29H         LINE#         3548
  C:5A30H         LINE#         3549
  C:5A37H         LINE#         3550
  C:5A3EH         LINE#         3553
  C:5A47H         LINE#         3554
  -------         ENDPROC       _FUN_START
  -------         PROC          FUN_STOP
  C:6218H         LINE#         3559
  C:6218H         LINE#         3560
  C:621AH         LINE#         3561
  C:621FH         LINE#         3562
  C:6225H         LINE#         3563
  C:622CH         LINE#         3564
  C:6233H         LINE#         3565
  C:623AH         LINE#         3566
  C:6241H         LINE#         3567
  C:6258H         LINE#         3568
  -------         ENDPROC       FUN_STOP
  -------         PROC          _DEB_OUTSTEP
  X:0377H         SYMBOL        par_model
  -------         DO            
  X:0378H         SYMBOL        loc_con
  -------         ENDDO         
  C:5A5EH         LINE#         3571
  C:5A63H         LINE#         3573
  C:5A75H         LINE#         3582
  C:5B38H         LINE#         3583
  C:5B42H         LINE#         3584
  -------         ENDPROC       _DEB_OUTSTEP
  -------         ENDMOD        8023

  -------         MODULE        ?C?FPMUL
  C:21B6H         PUBLIC        ?C?FPMUL
  -------         ENDMOD        ?C?FPMUL

  -------         MODULE        ?C?FCAST
  C:22C6H         PUBLIC        ?C?FCASTC
  C:22C1H         PUBLIC        ?C?FCASTI
  C:22BCH         PUBLIC        ?C?FCASTL
  -------         ENDMOD        ?C?FCAST

  -------         MODULE        ?C?CASTF
BL51 BANKED LINKER/LOCATER V6.22                                                      11/12/2015  11:01:59  PAGE 64


  C:22FAH         PUBLIC        ?C?CASTF
  -------         ENDMOD        ?C?CASTF

  -------         MODULE        PRINTF
  X:02ACH         PUBLIC        ?_PRINTF?BYTE
  X:02ACH         PUBLIC        ?_SPRINTF?BYTE
  C:36B4H         PUBLIC        _PRINTF
  C:36AEH         PUBLIC        _SPRINTF
  -------         ENDMOD        PRINTF

  -------         MODULE        ?C?FPROUND
  C:237BH         PUBLIC        ?C?FPROUND
  -------         ENDMOD        ?C?FPROUND

  -------         MODULE        ?C?FPCONVERT
  C:23B8H         PUBLIC        ?C?FPCONVERT
  -------         ENDMOD        ?C?FPCONVERT

  -------         MODULE        ?C?FPADD
  C:24C4H         PUBLIC        ?C?FPADD
  C:24C0H         PUBLIC        ?C?FPSUB
  -------         ENDMOD        ?C?FPADD

  -------         MODULE        ?C?FPDIV
  C:25B8H         PUBLIC        ?C?FPDIV
  -------         ENDMOD        ?C?FPDIV

  -------         MODULE        ?C?FTNPWR
  C:2685H         PUBLIC        ?C?FTNPWR
  -------         ENDMOD        ?C?FTNPWR

  -------         MODULE        ?C?COPY
  C:2795H         PUBLIC        ?C?COPY
  -------         ENDMOD        ?C?COPY

  -------         MODULE        ?C?CLDPTR
  C:27BBH         PUBLIC        ?C?CLDPTR
  -------         ENDMOD        ?C?CLDPTR

  -------         MODULE        ?C?CLDOPTR
  C:27D4H         PUBLIC        ?C?CLDOPTR
  -------         ENDMOD        ?C?CLDOPTR

  -------         MODULE        ?C?CILDOPTR
  C:2801H         PUBLIC        ?C?CILDOPTR
  -------         ENDMOD        ?C?CILDOPTR

  -------         MODULE        ?C?CSTPTR
  C:2834H         PUBLIC        ?C?CSTPTR
  -------         ENDMOD        ?C?CSTPTR

  -------         MODULE        ?C?CSTOPTR
  C:2846H         PUBLIC        ?C?CSTOPTR
  -------         ENDMOD        ?C?CSTOPTR

  -------         MODULE        ?C?IMUL
  C:2868H         PUBLIC        ?C?IMUL
BL51 BANKED LINKER/LOCATER V6.22                                                      11/12/2015  11:01:59  PAGE 65


  -------         ENDMOD        ?C?IMUL

  -------         MODULE        ?C?UIDIV
  C:287AH         PUBLIC        ?C?UIDIV
  -------         ENDMOD        ?C?UIDIV

  -------         MODULE        ?C?SIDIV
  C:28CFH         PUBLIC        ?C?SIDIV
  -------         ENDMOD        ?C?SIDIV

  -------         MODULE        ?C?IILDX
  C:2905H         PUBLIC        ?C?IILDX
  -------         ENDMOD        ?C?IILDX

  -------         MODULE        ?C?ILDIX
  C:291BH         PUBLIC        ?C?ILDIX
  -------         ENDMOD        ?C?ILDIX

  -------         MODULE        ?C?ULDIV
  C:296DH         PUBLIC        ?C?ULDIV
  -------         ENDMOD        ?C?ULDIV

  -------         MODULE        ?C?LNEG
  C:29FFH         PUBLIC        ?C?LNEG
  -------         ENDMOD        ?C?LNEG

  -------         MODULE        ?C?ULCMP
  C:2A0DH         PUBLIC        ?C?ULCMP
  -------         ENDMOD        ?C?ULCMP

  -------         MODULE        ?C?LSTXDATA
  C:2A1EH         PUBLIC        ?C?LSTXDATA
  -------         ENDMOD        ?C?LSTXDATA

  -------         MODULE        ?C?LSTKXDATA
  C:2A2AH         PUBLIC        ?C?LSTKXDATA
  -------         ENDMOD        ?C?LSTKXDATA

  -------         MODULE        ?C?OFFXADD
  C:2A5BH         PUBLIC        ?C?OFFXADD
  -------         ENDMOD        ?C?OFFXADD

  -------         MODULE        ?C?PLDIXDATA
  C:2A67H         PUBLIC        ?C?PLDIXDATA
  -------         ENDMOD        ?C?PLDIXDATA

  -------         MODULE        ?C?PSTXDATA
  C:2A7EH         PUBLIC        ?C?PSTXDATA
  -------         ENDMOD        ?C?PSTXDATA

  -------         MODULE        ?C?CCASE
  C:2A87H         PUBLIC        ?C?CCASE
  -------         ENDMOD        ?C?CCASE

  -------         MODULE        PUTCHAR
  C:62F6H         PUBLIC        _PUTCHAR
  -------         ENDMOD        PUTCHAR
BL51 BANKED LINKER/LOCATER V6.22                                                      11/12/2015  11:01:59  PAGE 66



  -------         MODULE        CABS
  C:649FH         PUBLIC        _CABS
  -------         ENDMOD        CABS

  -------         MODULE        ?C?MEMSET
  C:2AADH         PUBLIC        ?C?MEMSET
  -------         ENDMOD        ?C?MEMSET

Program Size: data=35.1 xdata=896 code=25771
LINK/LOCATE RUN COMPLETE.  0 WARNING(S),  0 ERROR(S)
