BL51 BANKED LINKER/LOCATER V6.22                                                        11/16/2015  11:16:31  PAGE 1


BL51 BANKED LINKER/LOCATER V6.22, INVOKED BY:
D:\MYPROGRAM\KEIL\C51\BIN\BL51.EXE STARTUP.obj, perfect.obj, ..\8023.LIB TO perfect RAMSIZE (256) DISABLEWARNING (16)


MEMORY MODEL: LARGE WITH FLOATING POINT ARITHMETIC


INPUT MODULES INCLUDED:
  STARTUP.obj (?C_STARTUP)
  perfect.obj (PERFECT)
  ..\8023.LIB (8023)
  D:\MYPROGRAM\KEIL\C51\LIB\C51FPL.LIB (?C?FPMUL)
  D:\MYPROGRAM\KEIL\C51\LIB\C51FPL.LIB (?C?FCAST)
  D:\MYPROGRAM\KEIL\C51\LIB\C51FPL.LIB (?C?CASTF)
  D:\MYPROGRAM\KEIL\C51\LIB\C51FPL.LIB (PRINTF)
  D:\MYPROGRAM\KEIL\C51\LIB\C51FPL.LIB (?C?FPGETOPN)
  D:\MYPROGRAM\KEIL\C51\LIB\C51FPL.LIB (?C?FPROUND)
  D:\MYPROGRAM\KEIL\C51\LIB\C51FPL.LIB (?C?FPCONVERT)
  D:\MYPROGRAM\KEIL\C51\LIB\C51FPL.LIB (?C?FPADD)
  D:\MYPROGRAM\KEIL\C51\LIB\C51FPL.LIB (?C?FPDIV)
  D:\MYPROGRAM\KEIL\C51\LIB\C51FPL.LIB (?C?FTNPWR)
  D:\MYPROGRAM\KEIL\C51\LIB\C51L.LIB (?C_INIT)
  D:\MYPROGRAM\KEIL\C51\LIB\C51L.LIB (?C?COPY)
  D:\MYPROGRAM\KEIL\C51\LIB\C51L.LIB (?C?CLDPTR)
  D:\MYPROGRAM\KEIL\C51\LIB\C51L.LIB (?C?CLDOPTR)
  D:\MYPROGRAM\KEIL\C51\LIB\C51L.LIB (?C?CILDOPTR)
  D:\MYPROGRAM\KEIL\C51\LIB\C51L.LIB (?C?CSTPTR)
  D:\MYPROGRAM\KEIL\C51\LIB\C51L.LIB (?C?CSTOPTR)
  D:\MYPROGRAM\KEIL\C51\LIB\C51L.LIB (?C?IMUL)
  D:\MYPROGRAM\KEIL\C51\LIB\C51L.LIB (?C?UIDIV)
  D:\MYPROGRAM\KEIL\C51\LIB\C51L.LIB (?C?SIDIV)
  D:\MYPROGRAM\KEIL\C51\LIB\C51L.LIB (?C?IILDX)
  D:\MYPROGRAM\KEIL\C51\LIB\C51L.LIB (?C?ILDIX)
  D:\MYPROGRAM\KEIL\C51\LIB\C51L.LIB (?C?ULDIV)
  D:\MYPROGRAM\KEIL\C51\LIB\C51L.LIB (?C?LNEG)
  D:\MYPROGRAM\KEIL\C51\LIB\C51L.LIB (?C?ULCMP)
  D:\MYPROGRAM\KEIL\C51\LIB\C51L.LIB (?C?LSTXDATA)
  D:\MYPROGRAM\KEIL\C51\LIB\C51L.LIB (?C?LSTKXDATA)
  D:\MYPROGRAM\KEIL\C51\LIB\C51L.LIB (?C?OFFXADD)
  D:\MYPROGRAM\KEIL\C51\LIB\C51L.LIB (?C?PLDIXDATA)
  D:\MYPROGRAM\KEIL\C51\LIB\C51L.LIB (?C?PSTXDATA)
  D:\MYPROGRAM\KEIL\C51\LIB\C51L.LIB (?C?CCASE)
  D:\MYPROGRAM\KEIL\C51\LIB\C51L.LIB (PUTCHAR)
  D:\MYPROGRAM\KEIL\C51\LIB\C51L.LIB (CABS)
  D:\MYPROGRAM\KEIL\C51\LIB\C51L.LIB (?C?MEMSET)


LINK MAP OF MODULE:  perfect (?C_STARTUP)


            TYPE    BASE      LENGTH    RELOCATION   SEGMENT NAME
            -----------------------------------------------------

            * * * * * * *   D A T A   M E M O R Y   * * * * * * *
            REG     0000H     0008H     ABSOLUTE     "REG BANK 0"
            REG     0008H     0008H     ABSOLUTE     "REG BANK 1"
            DATA    0010H     000BH     UNIT         _DATA_GROUP_
            DATA    001BH     0005H     UNIT         ?DT?8023
BL51 BANKED LINKER/LOCATER V6.22                                                      11/16/2015  11:16:31  PAGE 2


            BIT     0020H.0   0001H.1   UNIT         _BIT_GROUP_
                    0021H.1   0000H.7                *** GAP ***
            DATA    0022H     0001H     UNIT         ?DT?_FUN_PYSJHZ?8023
            IDATA   0023H     0001H     UNIT         ?STACK

            * * * * * * *  X D A T A   M E M O R Y  * * * * * * *
            XDATA   0000H     0244H     UNIT         ?XD?8023
            XDATA   0244H     0061H     UNIT         ?XD?_FUN_ZDZJ?8023
            XDATA   02A5H     0032H     UNIT         _XDATA_GROUP_
            XDATA   02D7H     002EH     UNIT         ?XD?_FUN_FLSETTING?8023
            XDATA   0305H     002CH     UNIT         ?XD?_FUN_MIN?8023
            XDATA   0331H     000EH     UNIT         ?XD?_FUN_PYSJHZ?8023
            XDATA   033FH     000DH     UNIT         ?XD?_FUN_SJHZ?8023
            XDATA   034CH     0009H     UNIT         ?XD?_FUN_NAJIAN?8023
            XDATA   0355H     0005H     UNIT         ?XD?_FUN_FOLLINE?8023
            XDATA   035AH     0004H     UNIT         ?XD?FUN_CALIBRATION?8023
            XDATA   035EH     0003H     UNIT         ?XD?_FUN_QC?8023
            XDATA   0361H     0002H     UNIT         ?XD?_FUN_PYHZ?8023
            XDATA   0363H     0002H     UNIT         ?XD?_FUN_ZJZT?8023
            XDATA   0365H     0001H     UNIT         ?XD?_FUN_SZ?8023
            XDATA   0366H     0001H     UNIT         ?XD?_FUN_PY?8023
            XDATA   0367H     0001H     UNIT         ?XD?_FUN_SJ?8023
            XDATA   0368H     0001H     UNIT         ?XD?_FUN_HZ?8023
            XDATA   0369H     0001H     UNIT         ?XD?_FUN_TURN?8023

            * * * * * * *   C O D E   M E M O R Y   * * * * * * *
            CODE    0000H     0003H     ABSOLUTE     
            CODE    0003H     0003H     ABSOLUTE     
            CODE    0006H     0001H     UNIT         ?PR?INT0INTERRUPT?PERFECT
                    0007H     0004H                  *** GAP ***
            CODE    000BH     0003H     ABSOLUTE     
            CODE    000EH     000DH     UNIT         ?PR?FUN_STOPE2PROM?8023
            CODE    001BH     0003H     ABSOLUTE     
            CODE    001EH     10D0H     UNIT         ?PR?_FUN_ZDZJ?8023
            CODE    10EEH     10C8H     UNIT         ?PR?_FUN_GETPUBLICY?8023
            CODE    21B6H     0DFDH     UNIT         ?PR?_FUN_NAJIAN?8023
            CODE    2FB3H     0923H     UNIT         ?C?LIB_CODE
            CODE    38D6H     0570H     UNIT         ?PR?FUN_COORDINATE?8023
            CODE    3E46H     0557H     UNIT         ?PR?FUN_TIMERMOVE?8023
            CODE    439DH     0483H     UNIT         ?PR?PRINTF?PRINTF
            CODE    4820H     039AH     UNIT         ?PR?_FUN_PYSJHZ?8023
            CODE    4BBAH     02C1H     UNIT         ?PR?_FUN_SJHZ?8023
            CODE    4E7BH     0251H     UNIT         ?PR?_FUN_SETXY?8023
            CODE    50CCH     023EH     UNIT         ?PR?_FUN_MOTORS?8023
            CODE    530AH     01DEH     UNIT         ?PR?_FUN_QC?8023
            CODE    54E8H     01B5H     UNIT         ?PR?FUN_CALIBRATION?8023
            CODE    569DH     01AFH     UNIT         ?PR?_FUN_PBXY?8023
            CODE    584CH     01AEH     UNIT         ?PR?_FUN_MOTORSRL?8023
            CODE    59FAH     01AAH     UNIT         ?PR?_FUN_FOLLINE?8023
            CODE    5BA4H     0183H     UNIT         ?PR?_FUN_ZJZT?8023
            CODE    5D27H     0175H     UNIT         ?PR?_FUN_XYMOVE?8023
            CODE    5E9CH     015EH     UNIT         ?PR?_FUN_HZ?8023
            CODE    5FFAH     015AH     UNIT         ?PR?_FUN_SJ?8023
            CODE    6154H     0147H     UNIT         ?PR?_FUN_PYHZ?8023
            CODE    629BH     013BH     UNIT         ?PR?MAIN?PERFECT
            CODE    63D6H     0137H     UNIT         ?PR?_FUN_PY?8023
            CODE    650DH     012CH     UNIT         ?PR?_FUN_GO?8023
BL51 BANKED LINKER/LOCATER V6.22                                                      11/16/2015  11:16:31  PAGE 3


            CODE    6639H     011CH     UNIT         ?PR?FUN_TEST?8023
            CODE    6755H     00CBH     UNIT         ?PR?FUN_ZHUAJIAN?8023
            CODE    6820H     00C8H     UNIT         ?PR?_FUN_START?8023
            CODE    68E8H     00A3H     UNIT         ?PR?FUN_JTJP?8023
            CODE    698BH     009AH     UNIT         ?PR?_FUN_GETXY?8023
            CODE    6A25H     008CH     UNIT         ?C_C51STARTUP
            CODE    6AB1H     0083H     UNIT         ?PR?_FUN_FLSETTING?8023
            CODE    6B34H     007BH     UNIT         ?PR?_FUN_TURN?8023
            CODE    6BAFH     007BH     UNIT         ?PR?_FUN_MIN?8023
            CODE    6C2AH     0075H     UNIT         ?PR?_FUN_DELAY?8023
            CODE    6C9FH     0042H     UNIT         ?PR?_FUN_SZ?8023
            CODE    6CE1H     0042H     UNIT         ?PR?FUN_STOP?8023
            CODE    6D23H     0032H     UNIT         ?PR?FUN_BACK90?8023
            CODE    6D55H     002FH     UNIT         ?C_INITSEG
            CODE    6D84H     0027H     UNIT         ?PR?PUTCHAR?PUTCHAR
            CODE    6DABH     0026H     UNIT         ?PR?FUN_TIMER0?8023
            CODE    6DD1H     0024H     UNIT         ?PR?FUN_MAINTFL?8023
            CODE    6DF5H     0021H     UNIT         ?PR?_FUN_WRITEE2PROM?8023
            CODE    6E16H     0020H     UNIT         ?PR?_FUN_READE2PROM?8023
            CODE    6E36H     001DH     UNIT         ?PR?_FUN_CLEANE2PROM?8023
            CODE    6E53H     001BH     UNIT         ?PR?TIMER0INTERRUPT?PERFECT
            CODE    6E6EH     001BH     UNIT         ?PR?TIMER1INTERRUPT?PERFECT
            CODE    6E89H     001AH     UNIT         ?PR?FUN_WAIT?8023
            CODE    6EA3H     001AH     UNIT         ?PR?_FUN_PWMR?8023
            CODE    6EBDH     001AH     UNIT         ?PR?_FUN_PWML?8023
            CODE    6ED7H     0016H     UNIT         ?PR?FUN_TIMER0INIT?8023
            CODE    6EEDH     0016H     UNIT         ?PR?FUN_TIMER1INIT?8023
            CODE    6F03H     0016H     UNIT         ?PR?FUN_ZBTFL?8023
            CODE    6F19H     0013H     UNIT         ?PR?FUN_PORT?8023
            CODE    6F2CH     000BH     UNIT         ?PR?FUN_PWMINIT?8023
            CODE    6F37H     0009H     UNIT         ?CO?8023
            CODE    6F40H     0008H     UNIT         ?PR?_CABS?CABS
            CODE    6F48H     0007H     UNIT         ?PR?FUN_TIMER1?8023



OVERLAY MAP OF MODULE:   perfect (?C_STARTUP)


SEGMENT                                BIT_GROUP          DATA_GROUP          XDATA_GROUP
  +--> CALLED SEGMENT               START    LENGTH     START    LENGTH     START    LENGTH
-------------------------------------------------------------------------------------------
?C_C51STARTUP                       -----    -----      -----    -----      -----    -----
  +--> ?PR?MAIN?PERFECT
  +--> ?C_INITSEG

?PR?MAIN?PERFECT                    -----    -----      -----    -----      -----    -----
  +--> ?PR?_FUN_START?8023
  +--> ?PR?_FUN_SETXY?8023
  +--> ?PR?_FUN_GO?8023
  +--> ?PR?FUN_ZBTFL?8023
  +--> ?PR?_FUN_DELAY?8023
  +--> ?PR?FUN_STOP?8023

?PR?_FUN_START?8023                 -----    -----      -----    -----      02A5H    0007H
  +--> ?PR?FUN_PORT?8023
  +--> ?PR?FUN_PWMINIT?8023
BL51 BANKED LINKER/LOCATER V6.22                                                      11/16/2015  11:16:31  PAGE 4


  +--> ?PR?FUN_TIMER0INIT?8023
  +--> ?PR?FUN_TIMER1INIT?8023
  +--> ?PR?_FUN_MOTORS?8023
  +--> ?PR?FUN_WAIT?8023

?PR?_FUN_MOTORS?8023                -----    -----      -----    -----      02ACH    0001H
  +--> ?PR?_CABS?CABS
  +--> ?PR?_FUN_PWML?8023
  +--> ?PR?_FUN_PWMR?8023

?PR?FUN_WAIT?8023                   -----    -----      -----    -----      -----    -----
  +--> ?PR?_FUN_DELAY?8023

?PR?_FUN_DELAY?8023                 -----    -----      0010H    0007H      -----    -----

?PR?_FUN_SETXY?8023                 -----    -----      -----    -----      02A5H    001AH
  +--> ?PR?_FUN_PBXY?8023

?PR?_FUN_PBXY?8023                  -----    -----      -----    -----      02BFH    0004H

?PR?_FUN_GO?8023                    -----    -----      -----    -----      02A5H    0001H
  +--> ?PR?FUN_COORDINATE?8023
  +--> ?PR?_FUN_XYMOVE?8023
  +--> ?PR?_FUN_GETXY?8023

?PR?FUN_COORDINATE?8023             -----    -----      -----    -----      -----    -----
  +--> ?PR?_FUN_GETPUBLICY?8023
  +--> ?PR?_FUN_XYMOVE?8023

?PR?_FUN_GETPUBLICY?8023            -----    -----      -----    -----      02A6H    0007H

?PR?_FUN_XYMOVE?8023                -----    -----      -----    -----      02A6H    0001H

?PR?_FUN_GETXY?8023                 -----    -----      -----    -----      02A6H    0001H

?PR?FUN_ZBTFL?8023                  -----    -----      -----    -----      -----    -----
  +--> ?PR?FUN_MAINTFL?8023

?PR?FUN_MAINTFL?8023                -----    -----      -----    -----      -----    -----
  +--> ?PR?_FUN_DELAY?8023
  +--> ?PR?FUN_JTJP?8023

?PR?FUN_JTJP?8023                   -----    -----      -----    -----      -----    -----
  +--> ?PR?_FUN_DELAY?8023
  +--> ?PR?_FUN_MOTORS?8023

?PR?FUN_STOP?8023                   -----    -----      -----    -----      -----    -----
  +--> ?PR?_FUN_MOTORS?8023
  +--> ?CO?8023
  +--> ?PR?PRINTF?PRINTF

?PR?PRINTF?PRINTF                   0020H.0  0001H.1    0010H    0005H      02A5H    0030H
  +--> ?PR?PUTCHAR?PUTCHAR

*** NEW ROOT ***************************************************

?PR?TIMER0INTERRUPT?PERFECT         -----    -----      -----    -----      -----    -----
BL51 BANKED LINKER/LOCATER V6.22                                                      11/16/2015  11:16:31  PAGE 5


  +--> ?PR?FUN_TIMER0?8023

?PR?FUN_TIMER0?8023                 -----    -----      -----    -----      -----    -----
  +--> ?PR?FUN_TIMERMOVE?8023

?PR?FUN_TIMERMOVE?8023              -----    -----      0017H    0004H      -----    -----
  +--> ?PR?_FUN_MOTORSRL?8023

?PR?_FUN_MOTORSRL?8023              -----    -----      -----    -----      02D5H    0002H
  +--> ?PR?_CABS?CABS
  +--> ?PR?_FUN_PWML?8023
  +--> ?PR?_FUN_PWMR?8023

*** NEW ROOT ***************************************************

?PR?TIMER1INTERRUPT?PERFECT         -----    -----      -----    -----      -----    -----
  +--> ?PR?FUN_TIMER1?8023



SYMBOL TABLE OF MODULE:  perfect (?C_STARTUP)

  VALUE           TYPE          NAME
  ----------------------------------

  -------         MODULE        ?C_STARTUP
  C:6A25H         SEGMENT       ?C_C51STARTUP
  I:0023H         SEGMENT       ?STACK
  C:0000H         PUBLIC        ?C_STARTUP
  D:00E0H         SYMBOL        ACC
  D:00F0H         SYMBOL        B
  D:0083H         SYMBOL        DPH
  D:0082H         SYMBOL        DPL
  N:0000H         SYMBOL        IBPSTACK
  N:0100H         SYMBOL        IBPSTACKTOP
  N:0080H         SYMBOL        IDATALEN
  C:6A28H         SYMBOL        IDATALOOP
  N:0000H         SYMBOL        PBPSTACK
  N:0100H         SYMBOL        PBPSTACKTOP
  N:0000H         SYMBOL        PDATALEN
  N:0000H         SYMBOL        PDATASTART
  N:0000H         SYMBOL        PPAGE
  N:0000H         SYMBOL        PPAGEENABLE
  D:00A0H         SYMBOL        PPAGE_SFR
  D:0081H         SYMBOL        SP
  C:6A25H         SYMBOL        STARTUP1
  N:0000H         SYMBOL        XBPSTACK
  N:0000H         SYMBOL        XBPSTACKTOP
  N:0000H         SYMBOL        XDATALEN
  N:0000H         SYMBOL        XDATASTART
  C:0000H         LINE#         126
  C:6A25H         LINE#         133
  C:6A27H         LINE#         134
  C:6A28H         LINE#         135
  C:6A29H         LINE#         136
  C:6A2BH         LINE#         185
  C:6A2EH         LINE#         196
BL51 BANKED LINKER/LOCATER V6.22                                                      11/16/2015  11:16:31  PAGE 6


  -------         ENDMOD        ?C_STARTUP

  -------         MODULE        PERFECT
  C:0000H         SYMBOL        _ICE_DUMMY_
  D:0080H         PUBLIC        P0
  D:0090H         PUBLIC        P1
  D:00A0H         PUBLIC        P2
  D:00B0H         PUBLIC        P3
  D:00C0H         PUBLIC        P4
  D:00C8H         PUBLIC        P5
  C:6E53H         PUBLIC        Timer0Interrupt
  C:6E6EH         PUBLIC        Timer1Interrupt
  D:00A8H         PUBLIC        IE
  D:00B8H         PUBLIC        IP
  D:00D8H         PUBLIC        CCON
  C:629BH         PUBLIC        main
  C:0006H         PUBLIC        Int0Interrupt
  D:0098H         PUBLIC        SCON
  D:0088H         PUBLIC        TCON
  D:00D0H         PUBLIC        PSW
  -------         PROC          MAIN
  C:629BH         LINE#         3
  C:629BH         LINE#         4
  C:62B6H         LINE#         12
  C:6318H         LINE#         31
  C:631DH         LINE#         32
  C:6320H         LINE#         33
  C:6329H         LINE#         35
  C:632EH         LINE#         36
  C:6331H         LINE#         37
  C:633AH         LINE#         39
  C:633FH         LINE#         40
  C:6342H         LINE#         41
  C:634BH         LINE#         43
  C:6350H         LINE#         44
  C:6353H         LINE#         45
  C:635CH         LINE#         47
  C:6361H         LINE#         48
  C:6364H         LINE#         49
  C:636DH         LINE#         51
  C:6372H         LINE#         52
  C:6375H         LINE#         53
  C:637EH         LINE#         55
  C:6383H         LINE#         56
  C:6386H         LINE#         57
  C:638FH         LINE#         59
  C:6394H         LINE#         60
  C:6397H         LINE#         61
  C:63A0H         LINE#         63
  C:63A5H         LINE#         64
  C:63A8H         LINE#         65
  C:63B1H         LINE#         67
  C:63B6H         LINE#         68
  C:63B9H         LINE#         69
  C:63C2H         LINE#         71
  C:63C7H         LINE#         72
  C:63CAH         LINE#         73
BL51 BANKED LINKER/LOCATER V6.22                                                      11/16/2015  11:16:31  PAGE 7


  C:63D3H         LINE#         108
  -------         ENDPROC       MAIN
  -------         PROC          INT0INTERRUPT
  C:0006H         LINE#         110
  C:0006H         LINE#         112
  -------         ENDPROC       INT0INTERRUPT
  -------         PROC          TIMER0INTERRUPT
  C:6E53H         LINE#         113
  C:6E60H         LINE#         114
  C:6E63H         LINE#         115
  -------         ENDPROC       TIMER0INTERRUPT
  -------         PROC          TIMER1INTERRUPT
  C:6E6EH         LINE#         116
  C:6E7BH         LINE#         117
  C:6E7EH         LINE#         118
  -------         ENDPROC       TIMER1INTERRUPT
  -------         ENDMOD        PERFECT

  -------         MODULE        8023
  C:0000H         SYMBOL        _ICE_DUMMY_
  D:0092H         PUBLIC        P1M0
  D:0093H         PUBLIC        P0M1
  C:5BA9H         PUBLIC        _fun_zjzt
  C:530AH         PUBLIC        _fun_qc
  C:6DABH         PUBLIC        fun_timer0
  D:0096H         PUBLIC        P2M0
  D:0091H         PUBLIC        P1M1
  D:0080H         PUBLIC        P0
  C:6F48H         PUBLIC        fun_timer1
  D:0095H         PUBLIC        P2M1
  D:0090H         PUBLIC        P1
  C:650DH         PUBLIC        _fun_go
  C:6AB1H         PUBLIC        _fun_flsetting
  D:00A0H         PUBLIC        P2
  X:0000H         PUBLIC        str_tfl
  B:0090H.2       PUBLIC        out_pwmr
  D:00B0H         PUBLIC        P3
  D:00C0H         PUBLIC        P4
  D:00C8H         PUBLIC        P5
  B:00A8H.7       PUBLIC        EA
  C:5FFAH         PUBLIC        _fun_sj
  C:3E46H         PUBLIC        fun_timermove
  C:6755H         PUBLIC        fun_zhuajian
  C:6E36H         PUBLIC        _fun_cleane2prom
  B:00B0H.6       PUBLIC        in_hpy
  D:00F9H         PUBLIC        CH
  C:5E9CH         PUBLIC        _fun_hz
  D:00A8H         PUBLIC        IE
  D:00E9H         PUBLIC        CL
  D:00C5H         PUBLIC        IAP_CMD
  X:004CH         PUBLIC        str_now
  D:00FAH         PUBLIC        CCAP0H
  D:00FBH         PUBLIC        CCAP1H
  B:00B0H.5       PUBLIC        in_qpy
  C:63D6H         PUBLIC        _fun_py
  D:00EAH         PUBLIC        CCAP0L
  B:00D8H.6       PUBLIC        CR
BL51 BANKED LINKER/LOCATER V6.22                                                      11/16/2015  11:16:31  PAGE 8


  D:00EBH         PUBLIC        CCAP1L
  D:00DAH         PUBLIC        CCAPM0
  D:00DBH         PUBLIC        CCAPM1
  C:59FAH         PUBLIC        _fun_folline
  C:6C9FH         PUBLIC        _fun_sz
  D:00B8H         PUBLIC        IP
  C:6DD1H         PUBLIC        fun_maintfl
  B:00A0H.5       PUBLIC        in_hz
  B:0098H.1       PUBLIC        TI
  D:0097H         PUBLIC        CLK_DIV
  C:21B6H         PUBLIC        _fun_najian
  D:00C3H         PUBLIC        IAP_ADDRH
  B:00B0H.4       PUBLIC        in_j
  C:6E16H         PUBLIC        _fun_reade2prom
  D:00C4H         PUBLIC        IAP_ADDRL
  D:00D9H         PUBLIC        CMOD
  D:00D8H         PUBLIC        CCON
  C:6D23H         PUBLIC        fun_back90
  B:00B0H.3       PUBLIC        in_s
  B:00A0H.0       PUBLIC        out_dir1
  B:00A0H.2       PUBLIC        out_dir2
  D:0087H         PUBLIC        PCON
  C:6DF5H         PUBLIC        _fun_writee2prom
  C:585EH         PUBLIC        _fun_motorsrl
  D:0098H         PUBLIC        SCON
  D:0089H         PUBLIC        TMOD
  D:0088H         PUBLIC        TCON
  C:6ED7H         PUBLIC        fun_timer0init
  C:6F2CH         PUBLIC        fun_pwminit
  C:6EEDH         PUBLIC        fun_timer1init
  C:54E8H         PUBLIC        fun_calibration
  C:6C30H         PUBLIC        _fun_delay
  B:00A0H.1       PUBLIC        out_en1
  B:00A0H.3       PUBLIC        out_en2
  D:008EH         PUBLIC        AUXR
  X:0059H         PUBLIC        str_begin
  D:00C7H         PUBLIC        IAP_CONTR
  B:0080H.7       PUBLIC        in_ls1
  B:00A8H.1       PUBLIC        ET0
  B:0080H.6       PUBLIC        in_ls2
  B:0088H.5       PUBLIC        TF0
  B:00A8H.3       PUBLIC        ET1
  B:0080H.5       PUBLIC        in_ls3
  B:0088H.7       PUBLIC        TF1
  B:0080H.4       PUBLIC        in_ls4
  D:008CH         PUBLIC        TH0
  C:000EH         PUBLIC        fun_stope2prom
  B:0080H.3       PUBLIC        in_ls5
  D:008DH         PUBLIC        TH1
  B:0080H.2       PUBLIC        in_ls6
  D:001CH         PUBLIC        var_timer
  B:0080H.1       PUBLIC        in_ls7
  C:6F03H         PUBLIC        fun_zbtfl
  B:0080H.0       PUBLIC        in_ls8
  D:008AH         PUBLIC        TL0
  D:008BH         PUBLIC        TL1
  C:50D5H         PUBLIC        _fun_motors
BL51 BANKED LINKER/LOCATER V6.22                                                      11/16/2015  11:16:31  PAGE 9


  B:0090H.6       PUBLIC        out_switchselect
  D:00C2H         PUBLIC        IAP_DATA
  B:0088H.4       PUBLIC        TR0
  C:5D2BH         PUBLIC        _fun_xymove
  C:4820H         PUBLIC        _fun_pysjhz
  B:0088H.6       PUBLIC        TR1
  C:38D6H         PUBLIC        fun_coordinate
  D:00F2H         PUBLIC        PCA_PWM0
  B:00A0H.4       PUBLIC        in_wz1
  D:00F3H         PUBLIC        PCA_PWM1
  C:6820H         PUBLIC        _fun_start
  B:00A0H.5       PUBLIC        in_wz2
  B:00A0H.6       PUBLIC        in_wz3
  B:00A0H.7       PUBLIC        in_wz4
  C:698BH         PUBLIC        _fun_getxy
  B:00A0H.4       PUBLIC        in_wz5
  C:6E89H         PUBLIC        fun_wait
  C:68E8H         PUBLIC        fun_jtjp
  D:009CH         PUBLIC        BRT
  B:00B0H.2       PUBLIC        in_start
  C:10EEH         PUBLIC        _fun_getpublicy
  C:4E7BH         PUBLIC        _fun_setxy
  X:0066H         PUBLIC        str_zbfl
  C:4BBAH         PUBLIC        _fun_sjhz
  C:6639H         PUBLIC        fun_test
  C:6EBDH         PUBLIC        _fun_pwml
  C:001EH         PUBLIC        _fun_zdzj
  C:56A6H         PUBLIC        _fun_pbxy
  C:6BF0H         PUBLIC        _fun_min
  C:6F19H         PUBLIC        fun_port
  X:0210H         PUBLIC        str_cod
  D:00C6H         PUBLIC        IAP_TRIG
  C:6CE1H         PUBLIC        fun_stop
  C:6EA3H         PUBLIC        _fun_pwmr
  B:0090H.7       PUBLIC        out_motorselect
  C:6B34H         PUBLIC        _fun_turn
  C:6158H         PUBLIC        _fun_pyhz
  D:00D0H         PUBLIC        PSW
  X:0237H         PUBLIC        str_next
  B:0090H.5       PUBLIC        out_pwml
  D:0094H         PUBLIC        P0M0
  C:6C2AH         SYMBOL        L?1675
  C:6C2CH         SYMBOL        L?1676
  -------         PROC          L?1674
  -------         ENDPROC       L?1674
  C:6C2AH         SYMBOL        L?1675
  C:6C2CH         SYMBOL        L?1676
  -------         PROC          _FUN_DELAY
  D:0006H         SYMBOL        par_value
  D:0005H         SYMBOL        par_model
  -------         DO            
  D:0015H         SYMBOL        loc_con
  -------         DO            
  D:0010H         SYMBOL        loc_i
  D:0011H         SYMBOL        loc_j
  D:0012H         SYMBOL        loc_i
  D:0013H         SYMBOL        loc_j
BL51 BANKED LINKER/LOCATER V6.22                                                      11/16/2015  11:16:31  PAGE 10


  D:0014H         SYMBOL        loc_k
  -------         ENDDO         
  -------         DO            
  D:0012H         SYMBOL        loc_i
  D:0013H         SYMBOL        loc_j
  D:0014H         SYMBOL        loc_k
  -------         ENDDO         
  -------         ENDDO         
  C:6C30H         LINE#         32
  C:6C30H         LINE#         33
  C:6C34H         LINE#         34
  C:6C40H         LINE#         35
  C:6C40H         LINE#         36
  C:6C52H         LINE#         37
  C:6C53H         LINE#         38
  C:6C54H         LINE#         39
  C:6C56H         LINE#         41
  C:6C56H         LINE#         42
  C:6C68H         LINE#         44
  C:6C69H         LINE#         45
  C:6C6AH         LINE#         46
  C:6C6DH         LINE#         47
  C:6C70H         LINE#         48
  C:6C70H         LINE#         49
  C:6C73H         LINE#         50
  C:6C76H         LINE#         51
  C:6C78H         LINE#         53
  C:6C78H         LINE#         54
  C:6C8AH         LINE#         56
  C:6C8DH         LINE#         57
  C:6C90H         LINE#         58
  C:6C93H         LINE#         59
  C:6C93H         LINE#         60
  C:6C93H         LINE#         61
  C:6C96H         LINE#         62
  C:6C99H         LINE#         63
  C:6C9CH         LINE#         64
  C:6C9EH         LINE#         66
  C:6C9EH         LINE#         67
  C:6C9EH         LINE#         68
  -------         ENDPROC       _FUN_DELAY
  -------         PROC          FUN_TIMER0INIT
  C:6ED7H         LINE#         69
  C:6ED7H         LINE#         70
  C:6EDAH         LINE#         71
  C:6EDDH         LINE#         72
  C:6EE0H         LINE#         73
  C:6EE3H         LINE#         74
  C:6EE6H         LINE#         75
  C:6EE8H         LINE#         76
  C:6EEAH         LINE#         77
  C:6EECH         LINE#         78
  -------         ENDPROC       FUN_TIMER0INIT
  -------         PROC          FUN_TIMER1INIT
  C:6EEDH         LINE#         79
  C:6EEDH         LINE#         80
  C:6EF0H         LINE#         81
BL51 BANKED LINKER/LOCATER V6.22                                                      11/16/2015  11:16:31  PAGE 11


  C:6EF3H         LINE#         82
  C:6EF6H         LINE#         83
  C:6EF9H         LINE#         84
  C:6EFCH         LINE#         85
  C:6EFEH         LINE#         86
  C:6F00H         LINE#         87
  C:6F02H         LINE#         88
  -------         ENDPROC       FUN_TIMER1INIT
  -------         PROC          FUN_TIMER0
  C:6DABH         LINE#         89
  C:6DABH         LINE#         90
  C:6DAEH         LINE#         91
  C:6DB1H         LINE#         92
  C:6DC6H         LINE#         93
  C:6DCDH         LINE#         94
  C:6DD0H         LINE#         95
  -------         ENDPROC       FUN_TIMER0
  -------         PROC          FUN_TIMER1
  C:6F48H         LINE#         96
  C:6F48H         LINE#         97
  C:6F4BH         LINE#         98
  C:6F4EH         LINE#         99
  -------         ENDPROC       FUN_TIMER1
  -------         PROC          FUN_WAIT
  C:6E89H         LINE#         100
  C:6E89H         LINE#         101
  C:6E8BH         LINE#         106
  C:6E8EH         LINE#         107
  C:6E97H         LINE#         108
  C:6E9AH         LINE#         109
  -------         ENDPROC       FUN_WAIT
  -------         PROC          FUN_PWMINIT
  C:6F2CH         LINE#         112
  C:6F2CH         LINE#         113
  C:6F2FH         LINE#         114
  C:6F31H         LINE#         115
  C:6F33H         LINE#         116
  C:6F36H         LINE#         117
  -------         ENDPROC       FUN_PWMINIT
  -------         PROC          _FUN_PWMR
  D:0007H         SYMBOL        par_value
  C:6EA3H         LINE#         118
  C:6EA3H         LINE#         119
  C:6EB6H         LINE#         120
  C:6EB9H         LINE#         121
  C:6EBCH         LINE#         122
  -------         ENDPROC       _FUN_PWMR
  -------         PROC          _FUN_PWML
  D:0007H         SYMBOL        par_value
  C:6EBDH         LINE#         123
  C:6EBDH         LINE#         124
  C:6ED0H         LINE#         125
  C:6ED3H         LINE#         126
  C:6ED6H         LINE#         127
  -------         ENDPROC       _FUN_PWML
  -------         PROC          L?1683
  -------         ENDPROC       L?1683
BL51 BANKED LINKER/LOCATER V6.22                                                      11/16/2015  11:16:31  PAGE 12


  -------         PROC          _FUN_MOTORS
  D:0007H         SYMBOL        par_model
  X:02ACH         SYMBOL        par_speed
  C:50D5H         LINE#         128
  C:50DAH         LINE#         129
  C:50E1H         LINE#         130
  C:50E6H         LINE#         131
  C:50F1H         LINE#         132
  C:50F4H         LINE#         133
  C:5122H         LINE#         134
  C:5122H         LINE#         135
  C:512FH         LINE#         138
  C:5134H         LINE#         139
  C:513BH         LINE#         140
  C:513BH         LINE#         141
  C:513EH         LINE#         142
  C:5146H         LINE#         143
  C:514CH         LINE#         144
  C:514FH         LINE#         145
  C:515EH         LINE#         146
  C:5168H         LINE#         147
  C:5168H         LINE#         148
  C:5169H         LINE#         149
  C:5169H         LINE#         150
  C:5176H         LINE#         153
  C:517BH         LINE#         154
  C:5182H         LINE#         155
  C:5182H         LINE#         156
  C:5184H         LINE#         157
  C:518CH         LINE#         158
  C:5192H         LINE#         159
  C:5194H         LINE#         160
  C:51A3H         LINE#         161
  C:51A5H         LINE#         162
  C:51A5H         LINE#         163
  C:51A7H         LINE#         164
  C:51A7H         LINE#         165
  C:51B9H         LINE#         168
  C:51C2H         LINE#         169
  C:51C9H         LINE#         170
  C:51CBH         LINE#         171
  C:51D1H         LINE#         172
  C:51D8H         LINE#         173
  C:51D9H         LINE#         174
  C:51E1H         LINE#         175
  C:51E3H         LINE#         176
  C:51EDH         LINE#         177
  C:51F4H         LINE#         178
  C:51F5H         LINE#         179
  C:5204H         LINE#         180
  C:5206H         LINE#         181
  C:520EH         LINE#         182
  C:521BH         LINE#         183
  C:521BH         LINE#         184
  C:521CH         LINE#         185
  C:521CH         LINE#         186
  C:5229H         LINE#         189
BL51 BANKED LINKER/LOCATER V6.22                                                      11/16/2015  11:16:31  PAGE 13


  C:522EH         LINE#         190
  C:5235H         LINE#         191
  C:5237H         LINE#         192
  C:5239H         LINE#         193
  C:5241H         LINE#         194
  C:5243H         LINE#         195
  C:5246H         LINE#         196
  C:5251H         LINE#         197
  C:5253H         LINE#         198
  C:5253H         LINE#         199
  C:5255H         LINE#         200
  C:5255H         LINE#         201
  C:5262H         LINE#         204
  C:5267H         LINE#         205
  C:526EH         LINE#         206
  C:5270H         LINE#         207
  C:5272H         LINE#         208
  C:527AH         LINE#         209
  C:527CH         LINE#         210
  C:527FH         LINE#         211
  C:528AH         LINE#         212
  C:528CH         LINE#         213
  C:528CH         LINE#         214
  C:528EH         LINE#         215
  C:528EH         LINE#         216
  C:529BH         LINE#         219
  C:52A0H         LINE#         220
  C:52A7H         LINE#         221
  C:52ADH         LINE#         222
  C:52AEH         LINE#         223
  C:52B6H         LINE#         224
  C:52BCH         LINE#         225
  C:52BDH         LINE#         226
  C:52C5H         LINE#         227
  C:52CBH         LINE#         228
  C:52CBH         LINE#         229
  C:52CCH         LINE#         230
  C:52CCH         LINE#         231
  C:52D9H         LINE#         234
  C:52DEH         LINE#         235
  C:52E5H         LINE#         236
  C:52EBH         LINE#         237
  C:52ECH         LINE#         238
  C:52F4H         LINE#         239
  C:52FAH         LINE#         240
  C:52FBH         LINE#         241
  C:5303H         LINE#         242
  C:5309H         LINE#         243
  C:5309H         LINE#         244
  C:5309H         LINE#         245
  C:5309H         LINE#         246
  C:5309H         LINE#         247
  C:5309H         LINE#         248
  -------         ENDPROC       _FUN_MOTORS
  -------         PROC          L?1682
  -------         ENDPROC       L?1682
  -------         PROC          _FUN_MOTORSRL
BL51 BANKED LINKER/LOCATER V6.22                                                      11/16/2015  11:16:31  PAGE 14


  D:0007H         SYMBOL        par_model
  X:02D5H         SYMBOL        par_speed
  C:585EH         LINE#         249
  C:5866H         LINE#         250
  C:5870H         LINE#         251
  C:587BH         LINE#         252
  C:588CH         LINE#         253
  C:5893H         LINE#         254
  C:58A5H         LINE#         255
  C:58A5H         LINE#         256
  C:58BEH         LINE#         259
  C:58C3H         LINE#         260
  C:58CEH         LINE#         261
  C:58CEH         LINE#         262
  C:58D1H         LINE#         263
  C:58DCH         LINE#         264
  C:58E3H         LINE#         265
  C:58E6H         LINE#         266
  C:58F9H         LINE#         267
  C:5903H         LINE#         268
  C:5903H         LINE#         269
  C:5904H         LINE#         270
  C:5904H         LINE#         271
  C:591DH         LINE#         274
  C:5922H         LINE#         275
  C:592DH         LINE#         276
  C:592DH         LINE#         277
  C:5930H         LINE#         278
  C:593BH         LINE#         279
  C:5942H         LINE#         280
  C:5945H         LINE#         281
  C:5958H         LINE#         282
  C:595AH         LINE#         283
  C:595AH         LINE#         284
  C:595DH         LINE#         285
  C:595DH         LINE#         286
  C:5987H         LINE#         289
  C:5992H         LINE#         290
  C:599DH         LINE#         291
  C:599FH         LINE#         292
  C:59A5H         LINE#         293
  C:59ACH         LINE#         294
  C:59ADH         LINE#         295
  C:59B8H         LINE#         296
  C:59BAH         LINE#         297
  C:59C5H         LINE#         298
  C:59D0H         LINE#         299
  C:59D1H         LINE#         300
  C:59E1H         LINE#         301
  C:59E3H         LINE#         302
  C:59EBH         LINE#         303
  C:59F9H         LINE#         304
  C:59F9H         LINE#         305
  C:59F9H         LINE#         306
  C:59F9H         LINE#         307
  C:59F9H         LINE#         308
  C:59F9H         LINE#         309
BL51 BANKED LINKER/LOCATER V6.22                                                      11/16/2015  11:16:31  PAGE 15


  -------         ENDPROC       _FUN_MOTORSRL
  -------         PROC          _FUN_SZ
  X:0365H         SYMBOL        par_model
  C:6C9FH         LINE#         310
  C:6CA4H         LINE#         311
  C:6CABH         LINE#         313
  C:6CB2H         LINE#         317
  C:6CB9H         LINE#         318
  C:6CBEH         LINE#         321
  C:6CBEH         LINE#         325
  C:6CC5H         LINE#         326
  C:6CC8H         LINE#         328
  C:6CC8H         LINE#         329
  C:6CD1H         LINE#         330
  C:6CD8H         LINE#         331
  C:6CE0H         LINE#         332
  -------         ENDPROC       _FUN_SZ
  -------         PROC          _FUN_PY
  X:0366H         SYMBOL        par_model
  C:63D6H         LINE#         333
  C:63DBH         LINE#         334
  C:63E5H         LINE#         336
  C:6403H         LINE#         337
  C:6403H         LINE#         341
  C:640AH         LINE#         342
  C:640DH         LINE#         343
  C:640DH         LINE#         345
  C:6410H         LINE#         346
  C:6410H         LINE#         350
  C:6425H         LINE#         351
  C:6425H         LINE#         352
  C:642CH         LINE#         353
  C:642FH         LINE#         354
  C:6432H         LINE#         355
  C:6432H         LINE#         356
  C:6439H         LINE#         357
  C:643CH         LINE#         358
  C:643FH         LINE#         359
  C:643FH         LINE#         360
  C:6446H         LINE#         361
  C:6449H         LINE#         362
  C:644CH         LINE#         363
  C:644CH         LINE#         364
  C:6453H         LINE#         365
  C:6456H         LINE#         366
  C:6459H         LINE#         367
  C:6459H         LINE#         369
  C:6459H         LINE#         370
  C:6459H         LINE#         374
  C:646FH         LINE#         375
  C:646FH         LINE#         376
  C:6476H         LINE#         377
  C:6479H         LINE#         378
  C:647BH         LINE#         379
  C:647BH         LINE#         380
  C:6482H         LINE#         381
  C:6485H         LINE#         382
BL51 BANKED LINKER/LOCATER V6.22                                                      11/16/2015  11:16:31  PAGE 16


  C:6487H         LINE#         383
  C:6487H         LINE#         384
  C:648EH         LINE#         385
  C:6491H         LINE#         386
  C:6493H         LINE#         387
  C:6493H         LINE#         388
  C:649AH         LINE#         389
  C:649DH         LINE#         390
  C:649FH         LINE#         391
  C:649FH         LINE#         393
  C:649FH         LINE#         394
  C:649FH         LINE#         398
  C:64B2H         LINE#         399
  C:64B2H         LINE#         400
  C:64B9H         LINE#         401
  C:64BCH         LINE#         402
  C:64BEH         LINE#         403
  C:64BEH         LINE#         404
  C:64C5H         LINE#         405
  C:64C8H         LINE#         406
  C:64CAH         LINE#         407
  C:64CAH         LINE#         408
  C:64D1H         LINE#         409
  C:64D4H         LINE#         410
  C:64D6H         LINE#         411
  C:64D6H         LINE#         412
  C:64DDH         LINE#         413
  C:64E5H         LINE#         414
  C:64E7H         LINE#         415
  C:64E7H         LINE#         417
  C:64E7H         LINE#         418
  C:64E7H         LINE#         422
  C:64EEH         LINE#         423
  C:64F1H         LINE#         424
  C:64FDH         LINE#         426
  C:64FDH         LINE#         427
  C:64FDH         LINE#         428
  C:64FDH         LINE#         429
  C:64FDH         LINE#         430
  C:6504H         LINE#         431
  C:650CH         LINE#         432
  -------         ENDPROC       _FUN_PY
  -------         PROC          _FUN_SJ
  X:0367H         SYMBOL        par_model
  C:5FFAH         LINE#         433
  C:5FFFH         LINE#         434
  C:6009H         LINE#         436
  C:600BH         LINE#         437
  C:6042H         LINE#         438
  C:6042H         LINE#         442
  C:6049H         LINE#         443
  C:604BH         LINE#         444
  C:604EH         LINE#         445
  C:604EH         LINE#         447
  C:6051H         LINE#         448
  C:6051H         LINE#         452
  C:605EH         LINE#         453
BL51 BANKED LINKER/LOCATER V6.22                                                      11/16/2015  11:16:31  PAGE 17


  C:6060H         LINE#         454
  C:6060H         LINE#         455
  C:6063H         LINE#         456
  C:6063H         LINE#         457
  C:6068H         LINE#         458
  C:606AH         LINE#         459
  C:606AH         LINE#         460
  C:606AH         LINE#         462
  C:606DH         LINE#         463
  C:606DH         LINE#         467
  C:6085H         LINE#         468
  C:6087H         LINE#         469
  C:608AH         LINE#         470
  C:608AH         LINE#         472
  C:608DH         LINE#         473
  C:608DH         LINE#         477
  C:609AH         LINE#         478
  C:609FH         LINE#         479
  C:60A1H         LINE#         480
  C:60A1H         LINE#         481
  C:60A3H         LINE#         482
  C:60A3H         LINE#         483
  C:60A8H         LINE#         484
  C:60AAH         LINE#         485
  C:60AAH         LINE#         486
  C:60AAH         LINE#         488
  C:60ACH         LINE#         489
  C:60ACH         LINE#         493
  C:60C4H         LINE#         494
  C:60C6H         LINE#         495
  C:60C9H         LINE#         496
  C:60C9H         LINE#         498
  C:60CBH         LINE#         499
  C:60CBH         LINE#         503
  C:60D8H         LINE#         504
  C:60DDH         LINE#         505
  C:60DFH         LINE#         506
  C:60DFH         LINE#         507
  C:60E1H         LINE#         508
  C:60E1H         LINE#         509
  C:60E6H         LINE#         510
  C:60E8H         LINE#         511
  C:60E8H         LINE#         512
  C:60E8H         LINE#         514
  C:60EAH         LINE#         515
  C:60EAH         LINE#         519
  C:6102H         LINE#         520
  C:6104H         LINE#         521
  C:6107H         LINE#         522
  C:6107H         LINE#         524
  C:6109H         LINE#         525
  C:6109H         LINE#         529
  C:6116H         LINE#         530
  C:611BH         LINE#         531
  C:611DH         LINE#         532
  C:611DH         LINE#         533
  C:611FH         LINE#         534
BL51 BANKED LINKER/LOCATER V6.22                                                      11/16/2015  11:16:31  PAGE 18


  C:611FH         LINE#         535
  C:6126H         LINE#         536
  C:6129H         LINE#         537
  C:6129H         LINE#         539
  C:612BH         LINE#         540
  C:612BH         LINE#         544
  C:6132H         LINE#         545
  C:6134H         LINE#         546
  C:6137H         LINE#         547
  C:6144H         LINE#         549
  C:6144H         LINE#         550
  C:6144H         LINE#         551
  C:6144H         LINE#         552
  C:6144H         LINE#         553
  C:614BH         LINE#         554
  C:6153H         LINE#         555
  -------         ENDPROC       _FUN_SJ
  -------         PROC          _FUN_HZ
  X:0368H         SYMBOL        par_model
  C:5E9CH         LINE#         556
  C:5EA1H         LINE#         557
  C:5EACH         LINE#         559
  C:5EAEH         LINE#         560
  C:5EC9H         LINE#         561
  C:5EC9H         LINE#         565
  C:5ED8H         LINE#         566
  C:5ED8H         LINE#         567
  C:5EDFH         LINE#         568
  C:5EE2H         LINE#         569
  C:5EE5H         LINE#         570
  C:5EE8H         LINE#         571
  C:5EEBH         LINE#         572
  C:5EEBH         LINE#         573
  C:5EEEH         LINE#         574
  C:5EEEH         LINE#         575
  C:5EF5H         LINE#         576
  C:5EF8H         LINE#         577
  C:5EFBH         LINE#         578
  C:5EFBH         LINE#         579
  C:5EFEH         LINE#         580
  C:5EFEH         LINE#         581
  C:5F05H         LINE#         582
  C:5F08H         LINE#         583
  C:5F0BH         LINE#         584
  C:5F0BH         LINE#         585
  C:5F0EH         LINE#         586
  C:5F0EH         LINE#         587
  C:5F0EH         LINE#         588
  C:5F0EH         LINE#         590
  C:5F0EH         LINE#         591
  C:5F0EH         LINE#         595
  C:5F20H         LINE#         596
  C:5F20H         LINE#         597
  C:5F27H         LINE#         598
  C:5F2AH         LINE#         599
  C:5F2DH         LINE#         600
  C:5F30H         LINE#         601
BL51 BANKED LINKER/LOCATER V6.22                                                      11/16/2015  11:16:31  PAGE 19


  C:5F33H         LINE#         602
  C:5F33H         LINE#         603
  C:5F36H         LINE#         604
  C:5F36H         LINE#         605
  C:5F3DH         LINE#         606
  C:5F40H         LINE#         607
  C:5F43H         LINE#         608
  C:5F43H         LINE#         609
  C:5F46H         LINE#         610
  C:5F46H         LINE#         611
  C:5F4DH         LINE#         612
  C:5F50H         LINE#         613
  C:5F53H         LINE#         614
  C:5F53H         LINE#         615
  C:5F56H         LINE#         616
  C:5F56H         LINE#         617
  C:5F56H         LINE#         618
  C:5F56H         LINE#         620
  C:5F56H         LINE#         621
  C:5F56H         LINE#         625
  C:5F69H         LINE#         626
  C:5F69H         LINE#         627
  C:5F70H         LINE#         628
  C:5F73H         LINE#         629
  C:5F76H         LINE#         630
  C:5F76H         LINE#         631
  C:5F79H         LINE#         632
  C:5F79H         LINE#         633
  C:5F80H         LINE#         634
  C:5F83H         LINE#         635
  C:5F86H         LINE#         636
  C:5F86H         LINE#         637
  C:5F88H         LINE#         638
  C:5F88H         LINE#         639
  C:5F8FH         LINE#         640
  C:5F92H         LINE#         641
  C:5F95H         LINE#         642
  C:5F98H         LINE#         643
  C:5F9BH         LINE#         644
  C:5F9BH         LINE#         645
  C:5F9DH         LINE#         646
  C:5F9DH         LINE#         647
  C:5F9DH         LINE#         648
  C:5F9DH         LINE#         650
  C:5F9DH         LINE#         651
  C:5F9DH         LINE#         655
  C:5FACH         LINE#         656
  C:5FACH         LINE#         657
  C:5FB3H         LINE#         658
  C:5FB6H         LINE#         659
  C:5FB9H         LINE#         660
  C:5FB9H         LINE#         661
  C:5FBBH         LINE#         662
  C:5FBBH         LINE#         663
  C:5FC2H         LINE#         664
  C:5FC5H         LINE#         665
  C:5FC8H         LINE#         666
BL51 BANKED LINKER/LOCATER V6.22                                                      11/16/2015  11:16:31  PAGE 20


  C:5FC8H         LINE#         667
  C:5FCAH         LINE#         668
  C:5FCAH         LINE#         669
  C:5FD1H         LINE#         670
  C:5FD4H         LINE#         671
  C:5FD7H         LINE#         672
  C:5FDAH         LINE#         673
  C:5FDDH         LINE#         674
  C:5FEAH         LINE#         675
  C:5FEAH         LINE#         676
  C:5FEAH         LINE#         677
  C:5FEAH         LINE#         678
  C:5FEAH         LINE#         680
  C:5FEAH         LINE#         681
  C:5FEAH         LINE#         682
  C:5FEAH         LINE#         683
  C:5FEAH         LINE#         684
  C:5FF1H         LINE#         685
  C:5FF9H         LINE#         686
  -------         ENDPROC       _FUN_HZ
  C:6154H         SYMBOL        L?1690
  -------         PROC          L?1689
  -------         ENDPROC       L?1689
  C:6154H         SYMBOL        L?1690
  -------         PROC          _FUN_PYHZ
  X:0361H         SYMBOL        par_pymodel
  X:0362H         SYMBOL        par_hzmodel
  C:6158H         LINE#         687
  C:6160H         LINE#         688
  C:616EH         LINE#         689
  C:616EH         LINE#         690
  C:617DH         LINE#         691
  C:617DH         LINE#         692
  C:617DH         LINE#         693
  C:617FH         LINE#         694
  C:617FH         LINE#         695
  C:617FH         LINE#         696
  C:6181H         LINE#         697
  C:6181H         LINE#         698
  C:6181H         LINE#         699
  C:6183H         LINE#         700
  C:6183H         LINE#         701
  C:6183H         LINE#         702
  C:6183H         LINE#         703
  C:6183H         LINE#         704
  C:6183H         LINE#         705
  C:6191H         LINE#         706
  C:6191H         LINE#         707
  C:6191H         LINE#         708
  C:6193H         LINE#         709
  C:6193H         LINE#         710
  C:6193H         LINE#         711
  C:6195H         LINE#         712
  C:6195H         LINE#         713
  C:6195H         LINE#         714
  C:6197H         LINE#         715
  C:6197H         LINE#         716
BL51 BANKED LINKER/LOCATER V6.22                                                      11/16/2015  11:16:31  PAGE 21


  C:6197H         LINE#         717
  C:6197H         LINE#         718
  C:6197H         LINE#         719
  C:6197H         LINE#         720
  C:61A6H         LINE#         721
  C:61A6H         LINE#         722
  C:61A6H         LINE#         723
  C:61A8H         LINE#         724
  C:61A8H         LINE#         725
  C:61A8H         LINE#         726
  C:61AAH         LINE#         727
  C:61AAH         LINE#         728
  C:61AAH         LINE#         729
  C:61ACH         LINE#         730
  C:61ACH         LINE#         731
  C:61ACH         LINE#         732
  C:61ACH         LINE#         733
  C:61ACH         LINE#         734
  C:61ACH         LINE#         735
  C:61BBH         LINE#         736
  C:61BBH         LINE#         737
  C:61BDH         LINE#         738
  C:61BFH         LINE#         739
  C:61BFH         LINE#         740
  C:61C1H         LINE#         741
  C:61C3H         LINE#         742
  C:61C3H         LINE#         743
  C:61CAH         LINE#         744
  C:61CAH         LINE#         745
  C:61CAH         LINE#         746
  C:61CAH         LINE#         747
  C:61CAH         LINE#         748
  C:61CAH         LINE#         749
  C:61CAH         LINE#         750
  C:61CAH         LINE#         751
  C:61CAH         LINE#         752
  C:61D2H         LINE#         753
  C:61D4H         LINE#         754
  C:61D7H         LINE#         755
  C:61ECH         LINE#         756
  C:61ECH         LINE#         757
  C:61FEH         LINE#         758
  C:61FEH         LINE#         759
  C:6201H         LINE#         760
  C:6204H         LINE#         761
  C:6207H         LINE#         762
  C:6207H         LINE#         763
  C:6209H         LINE#         764
  C:6209H         LINE#         765
  C:620CH         LINE#         766
  C:620CH         LINE#         767
  C:620EH         LINE#         768
  C:620EH         LINE#         769
  C:6211H         LINE#         770
  C:6211H         LINE#         771
  C:6213H         LINE#         772
  C:6213H         LINE#         773
BL51 BANKED LINKER/LOCATER V6.22                                                      11/16/2015  11:16:31  PAGE 22


  C:6213H         LINE#         774
  C:6213H         LINE#         775
  C:6213H         LINE#         776
  C:6213H         LINE#         777
  C:6222H         LINE#         778
  C:6222H         LINE#         779
  C:6225H         LINE#         780
  C:6228H         LINE#         781
  C:622BH         LINE#         782
  C:622BH         LINE#         783
  C:622DH         LINE#         784
  C:622DH         LINE#         785
  C:6230H         LINE#         786
  C:6230H         LINE#         787
  C:6232H         LINE#         788
  C:6232H         LINE#         789
  C:6235H         LINE#         790
  C:6235H         LINE#         791
  C:6237H         LINE#         792
  C:6237H         LINE#         793
  C:6237H         LINE#         794
  C:6237H         LINE#         795
  C:6237H         LINE#         796
  C:6237H         LINE#         797
  C:6247H         LINE#         798
  C:6247H         LINE#         799
  C:624AH         LINE#         800
  C:624AH         LINE#         801
  C:624CH         LINE#         802
  C:624CH         LINE#         803
  C:624FH         LINE#         804
  C:624FH         LINE#         805
  C:6251H         LINE#         806
  C:6251H         LINE#         807
  C:6254H         LINE#         808
  C:6257H         LINE#         809
  C:625AH         LINE#         810
  C:625AH         LINE#         811
  C:625CH         LINE#         812
  C:625CH         LINE#         813
  C:625CH         LINE#         814
  C:625CH         LINE#         815
  C:625CH         LINE#         816
  C:625CH         LINE#         817
  C:626BH         LINE#         818
  C:626BH         LINE#         819
  C:626EH         LINE#         820
  C:626EH         LINE#         821
  C:6270H         LINE#         822
  C:6270H         LINE#         823
  C:6273H         LINE#         824
  C:6273H         LINE#         825
  C:6275H         LINE#         826
  C:6275H         LINE#         827
  C:6278H         LINE#         828
  C:627BH         LINE#         829
  C:627EH         LINE#         830
BL51 BANKED LINKER/LOCATER V6.22                                                      11/16/2015  11:16:31  PAGE 23


  C:628BH         LINE#         831
  C:628BH         LINE#         832
  C:628BH         LINE#         833
  C:628BH         LINE#         834
  C:628BH         LINE#         835
  C:628BH         LINE#         836
  C:628BH         LINE#         837
  C:628BH         LINE#         838
  C:628BH         LINE#         839
  C:6292H         LINE#         840
  C:629AH         LINE#         841
  -------         ENDPROC       _FUN_PYHZ
  -------         PROC          _FUN_SJHZ
  X:033FH         SYMBOL        par_sjmodel
  X:0340H         SYMBOL        par_hzmodel
  -------         DO            
  X:0341H         SYMBOL        loc_sjdelay
  X:0345H         SYMBOL        loc_hzdelay
  X:0349H         SYMBOL        loc_sjcgq
  X:034AH         SYMBOL        loc_hzcgq
  X:034BH         SYMBOL        loc_hzflag
  -------         ENDDO         
  C:4BBAH         LINE#         842
  C:4BC3H         LINE#         843
  C:4BCBH         LINE#         844
  C:4BD5H         LINE#         845
  C:4BDAH         LINE#         846
  C:4BDCH         LINE#         847
  C:4BDEH         LINE#         848
  C:4BE9H         LINE#         849
  C:4BFBH         LINE#         850
  C:4BFBH         LINE#         851
  C:4C07H         LINE#         852
  C:4C07H         LINE#         853
  C:4C07H         LINE#         854
  C:4C07H         LINE#         855
  C:4C09H         LINE#         856
  C:4C09H         LINE#         857
  C:4C09H         LINE#         858
  C:4C09H         LINE#         859
  C:4C0BH         LINE#         860
  C:4C0BH         LINE#         861
  C:4C0BH         LINE#         862
  C:4C0BH         LINE#         863
  C:4C0DH         LINE#         864
  C:4C0DH         LINE#         865
  C:4C0DH         LINE#         866
  C:4C0DH         LINE#         867
  C:4C0DH         LINE#         868
  C:4C0DH         LINE#         869
  C:4C1CH         LINE#         870
  C:4C1CH         LINE#         871
  C:4C1CH         LINE#         872
  C:4C1CH         LINE#         873
  C:4C1EH         LINE#         874
  C:4C1EH         LINE#         875
  C:4C1EH         LINE#         876
BL51 BANKED LINKER/LOCATER V6.22                                                      11/16/2015  11:16:31  PAGE 24


  C:4C1EH         LINE#         877
  C:4C20H         LINE#         878
  C:4C20H         LINE#         879
  C:4C20H         LINE#         880
  C:4C20H         LINE#         881
  C:4C22H         LINE#         882
  C:4C22H         LINE#         883
  C:4C22H         LINE#         884
  C:4C22H         LINE#         885
  C:4C22H         LINE#         886
  C:4C22H         LINE#         887
  C:4C32H         LINE#         888
  C:4C32H         LINE#         889
  C:4C32H         LINE#         890
  C:4C32H         LINE#         891
  C:4C34H         LINE#         892
  C:4C34H         LINE#         893
  C:4C34H         LINE#         894
  C:4C34H         LINE#         895
  C:4C36H         LINE#         896
  C:4C36H         LINE#         897
  C:4C38H         LINE#         898
  C:4C38H         LINE#         899
  C:4C3AH         LINE#         900
  C:4C3AH         LINE#         901
  C:4C3AH         LINE#         902
  C:4C3AH         LINE#         903
  C:4C3AH         LINE#         904
  C:4C3AH         LINE#         905
  C:4C49H         LINE#         906
  C:4C49H         LINE#         907
  C:4C4BH         LINE#         908
  C:4C4BH         LINE#         909
  C:4C4DH         LINE#         910
  C:4C4DH         LINE#         911
  C:4C54H         LINE#         912
  C:4C5AH         LINE#         913
  C:4C5CH         LINE#         914
  C:4C5CH         LINE#         915
  C:4C63H         LINE#         916
  C:4C69H         LINE#         917
  C:4C69H         LINE#         918
  C:4C69H         LINE#         919
  C:4C69H         LINE#         920
  C:4C69H         LINE#         921
  C:4C69H         LINE#         922
  C:4C69H         LINE#         923
  C:4C69H         LINE#         924
  C:4C69H         LINE#         925
  C:4C81H         LINE#         926
  C:4C81H         LINE#         927
  C:4C8EH         LINE#         928
  C:4C9EH         LINE#         929
  C:4CA1H         LINE#         930
  C:4CA4H         LINE#         931
  C:4CB3H         LINE#         932
  C:4CBFH         LINE#         933
BL51 BANKED LINKER/LOCATER V6.22                                                      11/16/2015  11:16:31  PAGE 25


  C:4CF6H         LINE#         934
  C:4CF6H         LINE#         935
  C:4CF8H         LINE#         936
  C:4D01H         LINE#         937
  C:4D07H         LINE#         938
  C:4D07H         LINE#         939
  C:4D07H         LINE#         940
  C:4D07H         LINE#         941
  C:4D0AH         LINE#         942
  C:4D0AH         LINE#         943
  C:4D0CH         LINE#         944
  C:4D15H         LINE#         945
  C:4D23H         LINE#         946
  C:4D23H         LINE#         947
  C:4D23H         LINE#         948
  C:4D23H         LINE#         949
  C:4D25H         LINE#         950
  C:4D25H         LINE#         951
  C:4D27H         LINE#         952
  C:4D30H         LINE#         953
  C:4D36H         LINE#         954
  C:4D36H         LINE#         955
  C:4D36H         LINE#         956
  C:4D36H         LINE#         957
  C:4D38H         LINE#         958
  C:4D38H         LINE#         959
  C:4D3AH         LINE#         960
  C:4D43H         LINE#         961
  C:4D4CH         LINE#         962
  C:4D4CH         LINE#         963
  C:4D4CH         LINE#         964
  C:4D4CH         LINE#         965
  C:4D4EH         LINE#         966
  C:4D4EH         LINE#         967
  C:4D50H         LINE#         968
  C:4D59H         LINE#         969
  C:4D5FH         LINE#         970
  C:4D5FH         LINE#         971
  C:4D5FH         LINE#         972
  C:4D5FH         LINE#         973
  C:4D61H         LINE#         974
  C:4D61H         LINE#         975
  C:4D63H         LINE#         976
  C:4D6CH         LINE#         977
  C:4D75H         LINE#         978
  C:4D75H         LINE#         979
  C:4D75H         LINE#         980
  C:4D75H         LINE#         981
  C:4D77H         LINE#         982
  C:4D77H         LINE#         983
  C:4D79H         LINE#         984
  C:4D82H         LINE#         985
  C:4D88H         LINE#         986
  C:4D88H         LINE#         987
  C:4D88H         LINE#         988
  C:4D88H         LINE#         989
  C:4D8AH         LINE#         990
BL51 BANKED LINKER/LOCATER V6.22                                                      11/16/2015  11:16:31  PAGE 26


  C:4D8AH         LINE#         991
  C:4D8CH         LINE#         992
  C:4D95H         LINE#         993
  C:4DA0H         LINE#         994
  C:4DA3H         LINE#         995
  C:4DA3H         LINE#         996
  C:4DA3H         LINE#         997
  C:4DA5H         LINE#         998
  C:4DA5H         LINE#         999
  C:4DA7H         LINE#         1000
  C:4DB0H         LINE#         1001
  C:4DB3H         LINE#         1002
  C:4DD1H         LINE#         1003
  C:4DD7H         LINE#         1004
  C:4DD7H         LINE#         1005
  C:4DD9H         LINE#         1006
  C:4DD9H         LINE#         1007
  C:4DD9H         LINE#         1008
  C:4DD9H         LINE#         1009
  C:4DD9H         LINE#         1010
  C:4DDDH         LINE#         1011
  C:4DF9H         LINE#         1012
  C:4E00H         LINE#         1013
  C:4E05H         LINE#         1014
  C:4E0DH         LINE#         1015
  C:4E0DH         LINE#         1016
  C:4E0DH         LINE#         1017
  C:4E2CH         LINE#         1018
  C:4E32H         LINE#         1019
  C:4E34H         LINE#         1020
  C:4E3DH         LINE#         1021
  C:4E40H         LINE#         1022
  C:4E44H         LINE#         1023
  C:4E47H         LINE#         1024
  C:4E52H         LINE#         1025
  C:4E58H         LINE#         1026
  C:4E5BH         LINE#         1027
  C:4E5BH         LINE#         1028
  C:4E5EH         LINE#         1029
  C:4E5EH         LINE#         1030
  C:4E65H         LINE#         1031
  C:4E6FH         LINE#         1032
  C:4E77H         LINE#         1033
  C:4E77H         LINE#         1034
  C:4E77H         LINE#         1035
  C:4E7AH         LINE#         1036
  -------         ENDPROC       _FUN_SJHZ
  -------         PROC          _FUN_PYSJHZ
  X:0331H         SYMBOL        par_pymodel
  X:0332H         SYMBOL        par_sjmodel
  X:0333H         SYMBOL        par_hzmodel
  -------         DO            
  X:0334H         SYMBOL        loc_sjdelay
  X:0338H         SYMBOL        loc_hzdelay
  X:033CH         SYMBOL        loc_sjcgq
  X:033DH         SYMBOL        loc_hzcgq
  X:033EH         SYMBOL        loc_hzflag
BL51 BANKED LINKER/LOCATER V6.22                                                      11/16/2015  11:16:31  PAGE 27


  B:0022H.0       SYMBOL        loc_pyflag
  -------         ENDDO         
  C:4820H         LINE#         1037
  C:482BH         LINE#         1038
  C:4833H         LINE#         1039
  C:483DH         LINE#         1040
  C:4842H         LINE#         1041
  C:4844H         LINE#         1042
  C:4846H         LINE#         1043
  C:4848H         LINE#         1044
  C:4853H         LINE#         1045
  C:4865H         LINE#         1046
  C:4865H         LINE#         1047
  C:4871H         LINE#         1048
  C:4871H         LINE#         1049
  C:4871H         LINE#         1050
  C:4871H         LINE#         1051
  C:4873H         LINE#         1052
  C:4873H         LINE#         1053
  C:4873H         LINE#         1054
  C:4873H         LINE#         1055
  C:4875H         LINE#         1056
  C:4875H         LINE#         1057
  C:4875H         LINE#         1058
  C:4875H         LINE#         1059
  C:4877H         LINE#         1060
  C:4877H         LINE#         1061
  C:4877H         LINE#         1062
  C:4877H         LINE#         1063
  C:4877H         LINE#         1064
  C:4877H         LINE#         1065
  C:4886H         LINE#         1066
  C:4886H         LINE#         1067
  C:4886H         LINE#         1068
  C:4886H         LINE#         1069
  C:4888H         LINE#         1070
  C:4888H         LINE#         1071
  C:4888H         LINE#         1072
  C:4888H         LINE#         1073
  C:488AH         LINE#         1074
  C:488AH         LINE#         1075
  C:488AH         LINE#         1076
  C:488AH         LINE#         1077
  C:488CH         LINE#         1078
  C:488CH         LINE#         1079
  C:488CH         LINE#         1080
  C:488CH         LINE#         1081
  C:488CH         LINE#         1082
  C:488CH         LINE#         1083
  C:489CH         LINE#         1084
  C:489CH         LINE#         1085
  C:489CH         LINE#         1086
  C:489CH         LINE#         1087
  C:489EH         LINE#         1088
  C:489EH         LINE#         1089
  C:489EH         LINE#         1090
  C:489EH         LINE#         1091
BL51 BANKED LINKER/LOCATER V6.22                                                      11/16/2015  11:16:31  PAGE 28


  C:48A0H         LINE#         1092
  C:48A0H         LINE#         1093
  C:48A2H         LINE#         1094
  C:48A2H         LINE#         1095
  C:48A4H         LINE#         1096
  C:48A4H         LINE#         1097
  C:48A4H         LINE#         1098
  C:48A4H         LINE#         1099
  C:48A4H         LINE#         1100
  C:48A4H         LINE#         1101
  C:48B3H         LINE#         1102
  C:48B3H         LINE#         1103
  C:48B5H         LINE#         1104
  C:48B5H         LINE#         1105
  C:48B7H         LINE#         1106
  C:48B7H         LINE#         1107
  C:48BEH         LINE#         1108
  C:48C4H         LINE#         1109
  C:48C6H         LINE#         1110
  C:48C6H         LINE#         1111
  C:48CDH         LINE#         1112
  C:48D3H         LINE#         1113
  C:48D3H         LINE#         1114
  C:48D3H         LINE#         1115
  C:48D3H         LINE#         1116
  C:48D3H         LINE#         1117
  C:48D3H         LINE#         1118
  C:48D3H         LINE#         1119
  C:48D3H         LINE#         1120
  C:48D3H         LINE#         1121
  C:48EBH         LINE#         1122
  C:48EBH         LINE#         1123
  C:48F8H         LINE#         1124
  C:4908H         LINE#         1125
  C:490BH         LINE#         1126
  C:490EH         LINE#         1127
  C:4923H         LINE#         1128
  C:4947H         LINE#         1129
  C:4947H         LINE#         1130
  C:497EH         LINE#         1131
  C:497EH         LINE#         1132
  C:4980H         LINE#         1133
  C:4989H         LINE#         1134
  C:498FH         LINE#         1135
  C:498FH         LINE#         1136
  C:498FH         LINE#         1137
  C:498FH         LINE#         1138
  C:4992H         LINE#         1139
  C:4992H         LINE#         1140
  C:4994H         LINE#         1141
  C:499DH         LINE#         1142
  C:49ABH         LINE#         1143
  C:49ABH         LINE#         1144
  C:49ABH         LINE#         1145
  C:49ABH         LINE#         1146
  C:49AEH         LINE#         1147
  C:49AEH         LINE#         1148
BL51 BANKED LINKER/LOCATER V6.22                                                      11/16/2015  11:16:31  PAGE 29


  C:49B0H         LINE#         1149
  C:49B9H         LINE#         1150
  C:49BFH         LINE#         1151
  C:49BFH         LINE#         1152
  C:49BFH         LINE#         1153
  C:49BFH         LINE#         1154
  C:49C2H         LINE#         1155
  C:49C2H         LINE#         1156
  C:49C4H         LINE#         1157
  C:49CDH         LINE#         1158
  C:49D6H         LINE#         1159
  C:49D6H         LINE#         1160
  C:49D6H         LINE#         1161
  C:49D6H         LINE#         1162
  C:49D8H         LINE#         1163
  C:49D8H         LINE#         1164
  C:49DAH         LINE#         1165
  C:49E3H         LINE#         1166
  C:49E9H         LINE#         1167
  C:49E9H         LINE#         1168
  C:49E9H         LINE#         1169
  C:49E9H         LINE#         1170
  C:49EBH         LINE#         1171
  C:49EBH         LINE#         1172
  C:49EDH         LINE#         1173
  C:49F6H         LINE#         1174
  C:49FFH         LINE#         1175
  C:49FFH         LINE#         1176
  C:49FFH         LINE#         1177
  C:49FFH         LINE#         1178
  C:4A01H         LINE#         1179
  C:4A01H         LINE#         1180
  C:4A03H         LINE#         1181
  C:4A0CH         LINE#         1182
  C:4A12H         LINE#         1183
  C:4A12H         LINE#         1184
  C:4A12H         LINE#         1185
  C:4A12H         LINE#         1186
  C:4A14H         LINE#         1187
  C:4A14H         LINE#         1188
  C:4A16H         LINE#         1189
  C:4A1FH         LINE#         1190
  C:4A2DH         LINE#         1191
  C:4A30H         LINE#         1192
  C:4A30H         LINE#         1193
  C:4A30H         LINE#         1194
  C:4A32H         LINE#         1195
  C:4A32H         LINE#         1196
  C:4A34H         LINE#         1197
  C:4A3DH         LINE#         1198
  C:4A43H         LINE#         1199
  C:4A61H         LINE#         1200
  C:4A67H         LINE#         1201
  C:4A67H         LINE#         1202
  C:4A6AH         LINE#         1203
  C:4A6AH         LINE#         1204
  C:4A6AH         LINE#         1205
BL51 BANKED LINKER/LOCATER V6.22                                                      11/16/2015  11:16:31  PAGE 30


  C:4A6AH         LINE#         1206
  C:4A6AH         LINE#         1207
  C:4A6AH         LINE#         1208
  C:4A89H         LINE#         1209
  C:4A90H         LINE#         1210
  C:4A95H         LINE#         1211
  C:4A98H         LINE#         1212
  C:4AA0H         LINE#         1213
  C:4AA0H         LINE#         1214
  C:4AA3H         LINE#         1215
  C:4AA3H         LINE#         1216
  C:4AAAH         LINE#         1217
  C:4AAEH         LINE#         1218
  C:4AB5H         LINE#         1219
  C:4ABCH         LINE#         1220
  C:4AC2H         LINE#         1221
  C:4AC5H         LINE#         1222
  C:4AC5H         LINE#         1223
  C:4AD0H         LINE#         1224
  C:4AEBH         LINE#         1225
  C:4AF1H         LINE#         1226
  C:4AF1H         LINE#         1227
  C:4AF9H         LINE#         1228
  C:4B14H         LINE#         1229
  C:4B1AH         LINE#         1230
  C:4B1AH         LINE#         1231
  C:4B1CH         LINE#         1232
  C:4B1CH         LINE#         1233
  C:4B38H         LINE#         1234
  C:4B3FH         LINE#         1235
  C:4B44H         LINE#         1236
  C:4B4CH         LINE#         1237
  C:4B4CH         LINE#         1238
  C:4B4CH         LINE#         1239
  C:4B4CH         LINE#         1240
  C:4B4CH         LINE#         1241
  C:4B4CH         LINE#         1242
  C:4B6BH         LINE#         1243
  C:4B71H         LINE#         1244
  C:4B73H         LINE#         1245
  C:4B7CH         LINE#         1246
  C:4B7FH         LINE#         1247
  C:4B83H         LINE#         1248
  C:4B86H         LINE#         1249
  C:4B91H         LINE#         1250
  C:4B97H         LINE#         1251
  C:4B9AH         LINE#         1252
  C:4B9AH         LINE#         1253
  C:4B9DH         LINE#         1254
  C:4B9DH         LINE#         1255
  C:4BA4H         LINE#         1256
  C:4BAEH         LINE#         1257
  C:4BB6H         LINE#         1258
  C:4BB6H         LINE#         1259
  C:4BB6H         LINE#         1260
  C:4BB9H         LINE#         1261
  -------         ENDPROC       _FUN_PYSJHZ
BL51 BANKED LINKER/LOCATER V6.22                                                      11/16/2015  11:16:31  PAGE 31


  -------         PROC          FUN_JTJP
  C:68E8H         LINE#         1262
  C:68E8H         LINE#         1263
  C:68E8H         LINE#         1264
  C:6906H         LINE#         1265
  C:690FH         LINE#         1266
  C:6916H         LINE#         1268
  C:6916H         LINE#         1269
  C:6919H         LINE#         1270
  C:6920H         LINE#         1271
  C:6922H         LINE#         1272
  C:6924H         LINE#         1273
  C:6927H         LINE#         1274
  C:692EH         LINE#         1275
  C:6935H         LINE#         1276
  C:6935H         LINE#         1277
  C:693BH         LINE#         1278
  C:6942H         LINE#         1279
  C:6944H         LINE#         1280
  C:6946H         LINE#         1281
  C:694CH         LINE#         1282
  C:6953H         LINE#         1283
  C:695AH         LINE#         1284
  C:695AH         LINE#         1285
  C:6960H         LINE#         1286
  C:6967H         LINE#         1287
  C:6969H         LINE#         1288
  C:696BH         LINE#         1289
  C:6971H         LINE#         1290
  C:6978H         LINE#         1291
  C:697FH         LINE#         1292
  C:697FH         LINE#         1293
  C:6988H         LINE#         1294
  -------         ENDPROC       FUN_JTJP
  -------         PROC          FUN_TIMERMOVE
  -------         DO            
  D:001BH         SYMBOL        loc_con
  D:0017H         SYMBOL        loc_sdl
  D:0019H         SYMBOL        loc_sdr
  -------         ENDDO         
  C:3E46H         LINE#         1296
  C:3E46H         LINE#         1299
  C:3E6BH         LINE#         1300
  C:3E6BH         LINE#         1301
  C:3E73H         LINE#         1302
  C:3E79H         LINE#         1303
  C:3E88H         LINE#         1304
  C:3E96H         LINE#         1305
  C:3E97H         LINE#         1306
  C:3E97H         LINE#         1307
  C:3EADH         LINE#         1308
  C:3EC5H         LINE#         1309
  C:3ECBH         LINE#         1310
  C:3ED3H         LINE#         1311
  C:3ED6H         LINE#         1312
  C:3EDDH         LINE#         1313
  C:3EE0H         LINE#         1314
BL51 BANKED LINKER/LOCATER V6.22                                                      11/16/2015  11:16:31  PAGE 32


  C:3EF3H         LINE#         1315
  C:3EF3H         LINE#         1316
  C:3EF3H         LINE#         1318
  C:3F03H         LINE#         1319
  C:3F09H         LINE#         1320
  C:3F24H         LINE#         1321
  C:3F3FH         LINE#         1322
  C:3F3FH         LINE#         1323
  C:3F45H         LINE#         1324
  C:3F60H         LINE#         1325
  C:3F7BH         LINE#         1326
  C:3F7BH         LINE#         1327
  C:3F81H         LINE#         1328
  C:3FA1H         LINE#         1329
  C:3FC1H         LINE#         1330
  C:3FC1H         LINE#         1331
  C:3FC7H         LINE#         1332
  C:3FE7H         LINE#         1333
  C:4007H         LINE#         1334
  C:4007H         LINE#         1335
  C:400DH         LINE#         1336
  C:402DH         LINE#         1337
  C:404DH         LINE#         1338
  C:404DH         LINE#         1339
  C:4056H         LINE#         1340
  C:4076H         LINE#         1341
  C:4096H         LINE#         1342
  C:4096H         LINE#         1343
  C:4096H         LINE#         1344
  C:4096H         LINE#         1345
  C:4096H         LINE#         1346
  C:4099H         LINE#         1347
  C:4099H         LINE#         1348
  C:40A3H         LINE#         1349
  C:40A8H         LINE#         1350
  C:40A8H         LINE#         1351
  C:40ABH         LINE#         1352
  C:40ABH         LINE#         1353
  C:40C0H         LINE#         1354
  C:40C0H         LINE#         1355
  C:40E3H         LINE#         1356
  C:40E3H         LINE#         1357
  C:40F1H         LINE#         1358
  C:4100H         LINE#         1359
  C:4100H         LINE#         1360
  C:4102H         LINE#         1361
  C:4102H         LINE#         1362
  C:4105H         LINE#         1363
  C:4113H         LINE#         1364
  C:4116H         LINE#         1365
  C:4118H         LINE#         1366
  C:4118H         LINE#         1367
  C:4126H         LINE#         1368
  C:413BH         LINE#         1369
  C:413EH         LINE#         1370
  C:4140H         LINE#         1371
  C:4140H         LINE#         1372
BL51 BANKED LINKER/LOCATER V6.22                                                      11/16/2015  11:16:31  PAGE 33


  C:4143H         LINE#         1373
  C:4151H         LINE#         1374
  C:416FH         LINE#         1375
  C:416FH         LINE#         1376
  C:416FH         LINE#         1377
  C:4171H         LINE#         1378
  C:4172H         LINE#         1379
  C:4172H         LINE#         1380
  C:4191H         LINE#         1381
  C:4193H         LINE#         1382
  C:4194H         LINE#         1383
  C:4194H         LINE#         1384
  C:419DH         LINE#         1385
  C:419DH         LINE#         1386
  C:419DH         LINE#         1387
  C:419DH         LINE#         1388
  C:419DH         LINE#         1389
  C:419DH         LINE#         1390
  C:419FH         LINE#         1391
  C:419FH         LINE#         1392
  C:419FH         LINE#         1393
  C:419FH         LINE#         1394
  C:41AAH         LINE#         1395
  C:41AAH         LINE#         1396
  C:41E3H         LINE#         1397
  C:41E5H         LINE#         1398
  C:41E6H         LINE#         1399
  C:41E6H         LINE#         1400
  C:4202H         LINE#         1401
  C:420AH         LINE#         1402
  C:4214H         LINE#         1403
  C:421EH         LINE#         1404
  C:4221H         LINE#         1405
  C:4222H         LINE#         1406
  C:4222H         LINE#         1407
  C:4232H         LINE#         1408
  C:4238H         LINE#         1409
  C:4251H         LINE#         1410
  C:426BH         LINE#         1411
  C:426BH         LINE#         1412
  C:4271H         LINE#         1413
  C:428BH         LINE#         1414
  C:42A4H         LINE#         1415
  C:42A4H         LINE#         1416
  C:42AAH         LINE#         1417
  C:42C4H         LINE#         1418
  C:42DEH         LINE#         1419
  C:42DEH         LINE#         1420
  C:42E4H         LINE#         1421
  C:42FEH         LINE#         1422
  C:4318H         LINE#         1423
  C:4318H         LINE#         1424
  C:431EH         LINE#         1425
  C:4337H         LINE#         1426
  C:4351H         LINE#         1427
  C:4351H         LINE#         1428
  C:4357H         LINE#         1429
BL51 BANKED LINKER/LOCATER V6.22                                                      11/16/2015  11:16:31  PAGE 34


  C:4371H         LINE#         1430
  C:438AH         LINE#         1431
  C:438AH         LINE#         1432
  C:4393H         LINE#         1433
  C:439CH         LINE#         1434
  C:439CH         LINE#         1435
  C:439CH         LINE#         1436
  C:439CH         LINE#         1437
  C:439CH         LINE#         1438
  C:439CH         LINE#         1439
  C:439CH         LINE#         1440
  C:439CH         LINE#         1441
  -------         ENDPROC       FUN_TIMERMOVE
  -------         PROC          _FUN_FLSETTING
  X:02D7H         SYMBOL        par_gospeed
  X:02D8H         SYMBOL        par_turnspeed
  X:02D9H         SYMBOL        par_cachespeed
  -------         DO            
  X:02DAH         SYMBOL        ellipsis_40
  X:0302H         SYMBOL        loc_argp
  D:0007H         SYMBOL        loc_step
  D:0006H         SYMBOL        loc_con
  -------         ENDDO         
  C:6AB1H         LINE#         1442
  C:6ABCH         LINE#         1444
  C:6ABEH         LINE#         1446
  C:6ACAH         LINE#         1447
  C:6ACCH         LINE#         1448
  C:6AD1H         LINE#         1449
  C:6AE0H         LINE#         1450
  C:6AF4H         LINE#         1451
  C:6AF6H         LINE#         1452
  C:6B03H         LINE#         1455
  C:6B09H         LINE#         1456
  C:6B17H         LINE#         1457
  C:6B1FH         LINE#         1458
  C:6B27H         LINE#         1459
  C:6B2FH         LINE#         1460
  C:6B33H         LINE#         1461
  -------         ENDPROC       _FUN_FLSETTING
  -------         PROC          _FUN_FOLLINE
  D:0007H         SYMBOL        par_con
  X:0355H         SYMBOL        par_speed
  -------         DO            
  X:0356H         SYMBOL        loc_con
  X:0357H         SYMBOL        loc_sdr
  X:0358H         SYMBOL        loc_sdl
  X:0359H         SYMBOL        loc_online
  -------         ENDDO         
  C:59FAH         LINE#         1462
  C:59FFH         LINE#         1463
  C:5A02H         LINE#         1466
  C:5A0BH         LINE#         1467
  C:5A23H         LINE#         1468
  C:5A29H         LINE#         1469
  C:5A33H         LINE#         1470
  C:5A35H         LINE#         1471
BL51 BANKED LINKER/LOCATER V6.22                                                      11/16/2015  11:16:31  PAGE 35


  C:5A3CH         LINE#         1472
  C:5A3FH         LINE#         1473
  C:5A45H         LINE#         1474
  C:5A47H         LINE#         1475
  C:5A47H         LINE#         1477
  C:5A53H         LINE#         1478
  C:5A59H         LINE#         1479
  C:5A65H         LINE#         1480
  C:5A7DH         LINE#         1481
  C:5A7DH         LINE#         1482
  C:5A83H         LINE#         1483
  C:5A9BH         LINE#         1484
  C:5AA9H         LINE#         1485
  C:5AA9H         LINE#         1486
  C:5AAFH         LINE#         1487
  C:5AC1H         LINE#         1488
  C:5ADFH         LINE#         1489
  C:5ADFH         LINE#         1490
  C:5AE5H         LINE#         1491
  C:5B03H         LINE#         1492
  C:5B15H         LINE#         1493
  C:5B15H         LINE#         1494
  C:5B1BH         LINE#         1495
  C:5B2DH         LINE#         1496
  C:5B4BH         LINE#         1497
[...]
  C:5CDBH         LINE#         2988
  C:5CE3H         LINE#         2989
  C:5CF5H         LINE#         2990
  C:5CF5H         LINE#         2991
  C:5CF5H         LINE#         2992
  C:5CF7H         LINE#         2993
  C:5CF7H         LINE#         2994
BL51 BANKED LINKER/LOCATER V6.22                                                      11/16/2015  11:16:31  PAGE 62


  C:5CF9H         LINE#         2995
  C:5CFBH         LINE#         2996
  C:5CFBH         LINE#         2997
  C:5CFDH         LINE#         2998
  C:5CFFH         LINE#         2999
  C:5CFFH         LINE#         3000
  C:5D01H         LINE#         3001
  C:5D03H         LINE#         3002
  C:5D03H         LINE#         3003
  C:5D05H         LINE#         3004
  C:5D07H         LINE#         3005
  C:5D07H         LINE#         3006
  C:5D12H         LINE#         3007
  C:5D16H         LINE#         3008
  C:5D21H         LINE#         3009
  C:5D26H         LINE#         3010
  C:5D26H         LINE#         3011
  C:5D26H         LINE#         3012
  C:5D26H         LINE#         3013
  -------         ENDPROC       _FUN_ZJZT
  -------         PROC          _FUN_NAJIAN
  X:034CH         SYMBOL        par_now
  X:034DH         SYMBOL        par_next
  X:034EH         SYMBOL        par_high
  X:0351H         SYMBOL        par_data
  -------         DO            
  X:0354H         SYMBOL        loc_high
  -------         ENDDO         
  C:21B6H         LINE#         3014
  C:21C7H         LINE#         3019
  C:2215H         LINE#         3021
  C:222AH         LINE#         3022
  C:2232H         LINE#         3023
  C:225AH         LINE#         3024
  C:2265H         LINE#         3025
  C:2265H         LINE#         3026
  C:2267H         LINE#         3027
  C:2282H         LINE#         3028
  C:228AH         LINE#         3029
  C:22BBH         LINE#         3030
  C:22C3H         LINE#         3031
  C:231DH         LINE#         3032
  C:231DH         LINE#         3034
  C:2327H         LINE#         3036
  C:2344H         LINE#         3038
  C:2349H         LINE#         3040
  C:2375H         LINE#         3041
  C:2375H         LINE#         3042
  C:23A6H         LINE#         3043
  C:23A6H         LINE#         3044
  C:23BCH         LINE#         3045
  C:23BFH         LINE#         3046
  C:23BFH         LINE#         3047
  C:23BFH         LINE#         3048
  C:23C1H         LINE#         3049
  C:23C1H         LINE#         3050
  C:23E9H         LINE#         3051
BL51 BANKED LINKER/LOCATER V6.22                                                      11/16/2015  11:16:31  PAGE 63


  C:23ECH         LINE#         3052
  C:23ECH         LINE#         3053
  C:2414H         LINE#         3054
  C:2417H         LINE#         3055
  C:2417H         LINE#         3056
  C:2417H         LINE#         3057
  C:2419H         LINE#         3058
  C:2419H         LINE#         3059
  C:2441H         LINE#         3060
  C:2444H         LINE#         3061
  C:2444H         LINE#         3062
  C:246CH         LINE#         3063
  C:246FH         LINE#         3064
  C:246FH         LINE#         3065
  C:246FH         LINE#         3066
  C:246FH         LINE#         3067
  C:246FH         LINE#         3068
  C:246FH         LINE#         3069
  C:249BH         LINE#         3070
  C:249BH         LINE#         3071
  C:24C2H         LINE#         3072
  C:24C5H         LINE#         3073
  C:24C5H         LINE#         3074
  C:24F0H         LINE#         3075
  C:24F3H         LINE#         3076
  C:24F3H         LINE#         3077
  C:251BH         LINE#         3078
  C:251EH         LINE#         3079
  C:251EH         LINE#         3080
  C:2546H         LINE#         3081
  C:2549H         LINE#         3082
  C:2549H         LINE#         3083
  C:2574H         LINE#         3084
  C:2577H         LINE#         3085
  C:2577H         LINE#         3086
  C:25A2H         LINE#         3087
  C:25A5H         LINE#         3088
  C:25A5H         LINE#         3089
  C:25CDH         LINE#         3090
  C:25D0H         LINE#         3091
  C:25D0H         LINE#         3092
  C:25D0H         LINE#         3093
  C:25D0H         LINE#         3094
  C:25D0H         LINE#         3095
  C:25D0H         LINE#         3096
  C:25FCH         LINE#         3097
  C:25FCH         LINE#         3098
  C:25FCH         LINE#         3099
  C:25FFH         LINE#         3100
  C:25FFH         LINE#         3101
  C:262AH         LINE#         3102
  C:262DH         LINE#         3103
  C:262DH         LINE#         3104
  C:2658H         LINE#         3105
  C:265BH         LINE#         3106
  C:265BH         LINE#         3107
  C:2683H         LINE#         3108
BL51 BANKED LINKER/LOCATER V6.22                                                      11/16/2015  11:16:31  PAGE 64


  C:2686H         LINE#         3109
  C:2686H         LINE#         3110
  C:26B1H         LINE#         3111
  C:26B4H         LINE#         3112
  C:26B4H         LINE#         3113
  C:26DFH         LINE#         3114
  C:26E2H         LINE#         3115
  C:26E2H         LINE#         3116
  C:270AH         LINE#         3117
  C:270DH         LINE#         3118
  C:270DH         LINE#         3119
  C:270DH         LINE#         3120
  C:270DH         LINE#         3121
  C:270DH         LINE#         3122
  C:270DH         LINE#         3123
  C:2739H         LINE#         3124
  C:2739H         LINE#         3125
  C:2761H         LINE#         3126
  C:2764H         LINE#         3127
  C:2764H         LINE#         3128
  C:278CH         LINE#         3129
  C:278FH         LINE#         3130
  C:278FH         LINE#         3131
  C:27BAH         LINE#         3132
  C:27BDH         LINE#         3133
  C:27BDH         LINE#         3134
  C:27EFH         LINE#         3135
  C:27F2H         LINE#         3136
  C:27F2H         LINE#         3137
  C:281AH         LINE#         3138
  C:281DH         LINE#         3139
  C:281DH         LINE#         3140
  C:2845H         LINE#         3141
  C:2848H         LINE#         3142
  C:2848H         LINE#         3143
  C:287AH         LINE#         3144
  C:287DH         LINE#         3145
  C:287DH         LINE#         3146
  C:287DH         LINE#         3147
  C:287DH         LINE#         3148
  C:287DH         LINE#         3149
  C:287DH         LINE#         3150
  C:28A9H         LINE#         3151
  C:28A9H         LINE#         3152
  C:28D1H         LINE#         3153
  C:28D4H         LINE#         3154
  C:28D4H         LINE#         3155
  C:28FCH         LINE#         3156
  C:28FFH         LINE#         3157
  C:28FFH         LINE#         3158
  C:2927H         LINE#         3159
  C:292AH         LINE#         3160
  C:292AH         LINE#         3161
  C:295CH         LINE#         3162
  C:295FH         LINE#         3163
  C:295FH         LINE#         3164
  C:298AH         LINE#         3165
BL51 BANKED LINKER/LOCATER V6.22                                                      11/16/2015  11:16:31  PAGE 65


  C:298DH         LINE#         3166
  C:298DH         LINE#         3167
  C:29B5H         LINE#         3168
  C:29B8H         LINE#         3169
  C:29B8H         LINE#         3170
  C:29EAH         LINE#         3171
  C:29EDH         LINE#         3172
  C:29EDH         LINE#         3173
  C:29EDH         LINE#         3174
  C:29EDH         LINE#         3175
  C:29EDH         LINE#         3176
  C:29EDH         LINE#         3177
  C:2A19H         LINE#         3178
  C:2A19H         LINE#         3179
  C:2A19H         LINE#         3180
  C:2A1CH         LINE#         3181
  C:2A1CH         LINE#         3182
  C:2A47H         LINE#         3183
  C:2A4AH         LINE#         3184
  C:2A4AH         LINE#         3185
  C:2A75H         LINE#         3186
  C:2A78H         LINE#         3187
  C:2A78H         LINE#         3188
  C:2AA0H         LINE#         3189
  C:2AA3H         LINE#         3190
  C:2AA3H         LINE#         3191
  C:2ACEH         LINE#         3192
  C:2AD1H         LINE#         3193
  C:2AD1H         LINE#         3194
  C:2AFCH         LINE#         3195
  C:2AFFH         LINE#         3196
  C:2AFFH         LINE#         3197
  C:2B27H         LINE#         3198
  C:2B2AH         LINE#         3199
  C:2B2AH         LINE#         3200
  C:2B2AH         LINE#         3201
  C:2B2AH         LINE#         3202
  C:2B2AH         LINE#         3203
  C:2B2AH         LINE#         3204
  C:2B56H         LINE#         3205
  C:2B56H         LINE#         3206
  C:2B87H         LINE#         3207
  C:2B8AH         LINE#         3208
  C:2B8AH         LINE#         3209
  C:2BB5H         LINE#         3210
  C:2BB8H         LINE#         3211
  C:2BB8H         LINE#         3212
  C:2BE3H         LINE#         3213
  C:2BE6H         LINE#         3214
  C:2BE6H         LINE#         3215
  C:2C1BH         LINE#         3216
  C:2C1EH         LINE#         3217
  C:2C1EH         LINE#         3218
  C:2C53H         LINE#         3219
  C:2C56H         LINE#         3220
  C:2C56H         LINE#         3221
  C:2C81H         LINE#         3222
BL51 BANKED LINKER/LOCATER V6.22                                                      11/16/2015  11:16:31  PAGE 66


  C:2C84H         LINE#         3223
  C:2C84H         LINE#         3224
  C:2CAFH         LINE#         3225
  C:2CB2H         LINE#         3226
  C:2CB2H         LINE#         3227
  C:2CB2H         LINE#         3228
  C:2CB2H         LINE#         3229
  C:2CB2H         LINE#         3230
  C:2CB2H         LINE#         3231
  C:2CDBH         LINE#         3232
  C:2CDBH         LINE#         3233
  C:2D16H         LINE#         3234
  C:2D19H         LINE#         3235
  C:2D19H         LINE#         3236
  C:2D4EH         LINE#         3237
  C:2D51H         LINE#         3238
  C:2D51H         LINE#         3239
  C:2D86H         LINE#         3240
  C:2D89H         LINE#         3241
  C:2D89H         LINE#         3242
  C:2DC8H         LINE#         3243
  C:2DCAH         LINE#         3244
  C:2DCAH         LINE#         3245
  C:2E12H         LINE#         3246
  C:2E14H         LINE#         3247
  C:2E14H         LINE#         3248
  C:2E52H         LINE#         3249
  C:2E54H         LINE#         3250
  C:2E54H         LINE#         3251
  C:2E9BH         LINE#         3252
  C:2E9BH         LINE#         3253
  C:2E9BH         LINE#         3254
  C:2E9BH         LINE#         3255
  C:2E9BH         LINE#         3256
  C:2E9BH         LINE#         3257
  C:2E9BH         LINE#         3258
  C:2E9BH         LINE#         3259
  C:2E9BH         LINE#         3261
  C:2EA5H         LINE#         3263
  C:2EBFH         LINE#         3265
  C:2EC4H         LINE#         3269
  C:2F4DH         LINE#         3270
  C:2F8CH         LINE#         3271
  C:2FA5H         LINE#         3272
  -------         ENDPROC       _FUN_NAJIAN
  -------         PROC          FUN_ZHUAJIAN
  C:6755H         LINE#         3274
  C:6755H         LINE#         3275
  C:675AH         LINE#         3276
  C:675FH         LINE#         3277
  C:6764H         LINE#         3278
  C:676CH         LINE#         3279
  C:6771H         LINE#         3281
  C:6778H         LINE#         3282
  C:677FH         LINE#         3283
  C:6786H         LINE#         3284
  C:678DH         LINE#         3285
BL51 BANKED LINKER/LOCATER V6.22                                                      11/16/2015  11:16:31  PAGE 67


  C:67A5H         LINE#         3286
  C:67B1H         LINE#         3287
  C:67B8H         LINE#         3288
  C:67C1H         LINE#         3289
  C:67C8H         LINE#         3290
  C:67CAH         LINE#         3291
  C:67CAH         LINE#         3292
  C:67CAH         LINE#         3293
  C:67CAH         LINE#         3294
  C:67CCH         LINE#         3295
  C:67D8H         LINE#         3296
  C:67DFH         LINE#         3297
  C:67E8H         LINE#         3298
  C:67EFH         LINE#         3299
  C:67F6H         LINE#         3300
  C:67FFH         LINE#         3301
  C:6806H         LINE#         3302
  C:680FH         LINE#         3303
  C:680FH         LINE#         3304
  C:6816H         LINE#         3305
  C:6819H         LINE#         3306
  -------         ENDPROC       FUN_ZHUAJIAN
  -------         PROC          FUN_BACK90
  C:6D23H         LINE#         3308
  C:6D23H         LINE#         3309
  C:6D2AH         LINE#         3310
  C:6D2DH         LINE#         3312
  C:6D34H         LINE#         3313
  C:6D3BH         LINE#         3314
  C:6D44H         LINE#         3316
  C:6D4BH         LINE#         3317
  C:6D4EH         LINE#         3318
  -------         ENDPROC       FUN_BACK90
  -------         PROC          _FUN_START
  X:02A5H         SYMBOL        par_x
  X:02A6H         SYMBOL        par_y
  X:02A7H         SYMBOL        par_ctfx
  X:02A8H         SYMBOL        par_szzt
  X:02A9H         SYMBOL        par_sjwz
  X:02AAH         SYMBOL        par_pywz
  X:02ABH         SYMBOL        par_hzfx
  C:6820H         LINE#         3320
  C:682BH         LINE#         3321
  C:682BH         LINE#         3322
  C:682EH         LINE#         3323
  C:6831H         LINE#         3324
  C:6833H         LINE#         3325
  C:6835H         LINE#         3326
  C:6838H         LINE#         3327
  C:683BH         LINE#         3328
  C:683EH         LINE#         3330
  C:6840H         LINE#         3331
  C:6842H         LINE#         3332
  C:6844H         LINE#         3333
  C:6846H         LINE#         3335
  C:6849H         LINE#         3336
  C:684BH         LINE#         3338
BL51 BANKED LINKER/LOCATER V6.22                                                      11/16/2015  11:16:31  PAGE 68


  C:684EH         LINE#         3340
  C:6851H         LINE#         3341
  C:6854H         LINE#         3342
  C:6856H         LINE#         3343
  C:6858H         LINE#         3344
  C:6861H         LINE#         3346
  C:686EH         LINE#         3347
  C:687DH         LINE#         3348
  C:6882H         LINE#         3349
  C:6886H         LINE#         3351
  C:688EH         LINE#         3352
  C:6896H         LINE#         3353
  C:689EH         LINE#         3354
  C:68A6H         LINE#         3355
  C:68AEH         LINE#         3356
  C:68B6H         LINE#         3357
  C:68BEH         LINE#         3359
  C:68C3H         LINE#         3360
  C:68C9H         LINE#         3361
  C:68D0H         LINE#         3362
  C:68D7H         LINE#         3363
  C:68DEH         LINE#         3364
  C:68E5H         LINE#         3370
  -------         ENDPROC       _FUN_START
  -------         PROC          FUN_STOP
  C:6CE1H         LINE#         3373
  C:6CE1H         LINE#         3374
  C:6CE3H         LINE#         3375
  C:6CE8H         LINE#         3376
  C:6CEEH         LINE#         3377
  C:6CF5H         LINE#         3378
  C:6CFCH         LINE#         3379
  C:6D03H         LINE#         3380
  C:6D0AH         LINE#         3381
  C:6D21H         LINE#         3382
  -------         ENDPROC       FUN_STOP
  -------         ENDMOD        8023

  -------         MODULE        ?C?FPMUL
  C:2FB3H         PUBLIC        ?C?FPMUL
  -------         ENDMOD        ?C?FPMUL

  -------         MODULE        ?C?FCAST
  C:30C3H         PUBLIC        ?C?FCASTC
  C:30BEH         PUBLIC        ?C?FCASTI
  C:30B9H         PUBLIC        ?C?FCASTL
  -------         ENDMOD        ?C?FCAST

  -------         MODULE        ?C?CASTF
  C:30F7H         PUBLIC        ?C?CASTF
  -------         ENDMOD        ?C?CASTF

  -------         MODULE        PRINTF
  X:02A5H         PUBLIC        ?_PRINTF?BYTE
  X:02A5H         PUBLIC        ?_SPRINTF?BYTE
  C:4408H         PUBLIC        _PRINTF
  C:4402H         PUBLIC        _SPRINTF
BL51 BANKED LINKER/LOCATER V6.22                                                      11/16/2015  11:16:31  PAGE 69


  -------         ENDMOD        PRINTF

  -------         MODULE        ?C?FPROUND
  C:3178H         PUBLIC        ?C?FPROUND
  -------         ENDMOD        ?C?FPROUND

  -------         MODULE        ?C?FPCONVERT
  C:31B5H         PUBLIC        ?C?FPCONVERT
  -------         ENDMOD        ?C?FPCONVERT

  -------         MODULE        ?C?FPADD
  C:32C1H         PUBLIC        ?C?FPADD
  C:32BDH         PUBLIC        ?C?FPSUB
  -------         ENDMOD        ?C?FPADD

  -------         MODULE        ?C?FPDIV
  C:33B5H         PUBLIC        ?C?FPDIV
  -------         ENDMOD        ?C?FPDIV

  -------         MODULE        ?C?FTNPWR
  C:3482H         PUBLIC        ?C?FTNPWR
  -------         ENDMOD        ?C?FTNPWR

  -------         MODULE        ?C?COPY
  C:3592H         PUBLIC        ?C?COPY
  -------         ENDMOD        ?C?COPY

  -------         MODULE        ?C?CLDPTR
  C:35B8H         PUBLIC        ?C?CLDPTR
  -------         ENDMOD        ?C?CLDPTR

  -------         MODULE        ?C?CLDOPTR
  C:35D1H         PUBLIC        ?C?CLDOPTR
  -------         ENDMOD        ?C?CLDOPTR

  -------         MODULE        ?C?CILDOPTR
  C:35FEH         PUBLIC        ?C?CILDOPTR
  -------         ENDMOD        ?C?CILDOPTR

  -------         MODULE        ?C?CSTPTR
  C:3631H         PUBLIC        ?C?CSTPTR
  -------         ENDMOD        ?C?CSTPTR

  -------         MODULE        ?C?CSTOPTR
  C:3643H         PUBLIC        ?C?CSTOPTR
  -------         ENDMOD        ?C?CSTOPTR

  -------         MODULE        ?C?IMUL
  C:3665H         PUBLIC        ?C?IMUL
  -------         ENDMOD        ?C?IMUL

  -------         MODULE        ?C?UIDIV
  C:3677H         PUBLIC        ?C?UIDIV
  -------         ENDMOD        ?C?UIDIV

  -------         MODULE        ?C?SIDIV
  C:36CCH         PUBLIC        ?C?SIDIV
BL51 BANKED LINKER/LOCATER V6.22                                                      11/16/2015  11:16:31  PAGE 70


  -------         ENDMOD        ?C?SIDIV

  -------         MODULE        ?C?IILDX
  C:3702H         PUBLIC        ?C?IILDX
  -------         ENDMOD        ?C?IILDX

  -------         MODULE        ?C?ILDIX
  C:3718H         PUBLIC        ?C?ILDIX
  -------         ENDMOD        ?C?ILDIX

  -------         MODULE        ?C?ULDIV
  C:376AH         PUBLIC        ?C?ULDIV
  -------         ENDMOD        ?C?ULDIV

  -------         MODULE        ?C?LNEG
  C:37FCH         PUBLIC        ?C?LNEG
  -------         ENDMOD        ?C?LNEG

  -------         MODULE        ?C?ULCMP
  C:380AH         PUBLIC        ?C?ULCMP
  -------         ENDMOD        ?C?ULCMP

  -------         MODULE        ?C?LSTXDATA
  C:381BH         PUBLIC        ?C?LSTXDATA
  -------         ENDMOD        ?C?LSTXDATA

  -------         MODULE        ?C?LSTKXDATA
  C:3827H         PUBLIC        ?C?LSTKXDATA
  -------         ENDMOD        ?C?LSTKXDATA

  -------         MODULE        ?C?OFFXADD
  C:3858H         PUBLIC        ?C?OFFXADD
  -------         ENDMOD        ?C?OFFXADD

  -------         MODULE        ?C?PLDIXDATA
  C:3864H         PUBLIC        ?C?PLDIXDATA
  -------         ENDMOD        ?C?PLDIXDATA

  -------         MODULE        ?C?PSTXDATA
  C:387BH         PUBLIC        ?C?PSTXDATA
  -------         ENDMOD        ?C?PSTXDATA

  -------         MODULE        ?C?CCASE
  C:3884H         PUBLIC        ?C?CCASE
  -------         ENDMOD        ?C?CCASE

  -------         MODULE        PUTCHAR
  C:6D84H         PUBLIC        _PUTCHAR
  -------         ENDMOD        PUTCHAR

  -------         MODULE        CABS
  C:6F40H         PUBLIC        _CABS
  -------         ENDMOD        CABS

  -------         MODULE        ?C?MEMSET
  C:38AAH         PUBLIC        ?C?MEMSET
  -------         ENDMOD        ?C?MEMSET
BL51 BANKED LINKER/LOCATER V6.22                                                      11/16/2015  11:16:31  PAGE 71



Program Size: data=35.1 xdata=874 code=28491
LINK/LOCATE RUN COMPLETE.  0 WARNING(S),  0 ERROR(S)
