BL51 BANKED LINKER/LOCATER V6.22                                                        10/26/2015  19:16:54  PAGE 1


BL51 BANKED LINKER/LOCATER V6.22, INVOKED BY:
D:\MYPROGRAM\KEIL\C51\BIN\BL51.EXE STARTUP.obj, perfect.obj, ..\8023.LIB TO perfect RAMSIZE (256) DISABLEWARNING (16)


MEMORY MODEL: LARGE WITH FLOATING POINT ARITHMETIC


INPUT MODULES INCLUDED:
  STARTUP.obj (?C_STARTUP)
  perfect.obj (PERFECT)
  ..\8023.LIB (8023)
  D:\MYPROGRAM\KEIL\C51\LIB\C51FPL.LIB (?C?FPMUL)
  D:\MYPROGRAM\KEIL\C51\LIB\C51FPL.LIB (?C?FCAST)
  D:\MYPROGRAM\KEIL\C51\LIB\C51FPL.LIB (?C?CASTF)
  D:\MYPROGRAM\KEIL\C51\LIB\C51FPL.LIB (PRINTF)
  D:\MYPROGRAM\KEIL\C51\LIB\C51FPL.LIB (?C?FPGETOPN)
  D:\MYPROGRAM\KEIL\C51\LIB\C51FPL.LIB (?C?FPROUND)
  D:\MYPROGRAM\KEIL\C51\LIB\C51FPL.LIB (?C?FPCONVERT)
  D:\MYPROGRAM\KEIL\C51\LIB\C51FPL.LIB (?C?FPADD)
  D:\MYPROGRAM\KEIL\C51\LIB\C51FPL.LIB (?C?FPDIV)
  D:\MYPROGRAM\KEIL\C51\LIB\C51FPL.LIB (?C?FTNPWR)
  D:\MYPROGRAM\KEIL\C51\LIB\C51L.LIB (?C_INIT)
  D:\MYPROGRAM\KEIL\C51\LIB\C51L.LIB (?C?COPY)
  D:\MYPROGRAM\KEIL\C51\LIB\C51L.LIB (?C?CLDPTR)
  D:\MYPROGRAM\KEIL\C51\LIB\C51L.LIB (?C?CLDOPTR)
  D:\MYPROGRAM\KEIL\C51\LIB\C51L.LIB (?C?CILDOPTR)
  D:\MYPROGRAM\KEIL\C51\LIB\C51L.LIB (?C?CSTPTR)
  D:\MYPROGRAM\KEIL\C51\LIB\C51L.LIB (?C?CSTOPTR)
  D:\MYPROGRAM\KEIL\C51\LIB\C51L.LIB (?C?IMUL)
  D:\MYPROGRAM\KEIL\C51\LIB\C51L.LIB (?C?UIDIV)
  D:\MYPROGRAM\KEIL\C51\LIB\C51L.LIB (?C?SIDIV)
  D:\MYPROGRAM\KEIL\C51\LIB\C51L.LIB (?C?IILDX)
  D:\MYPROGRAM\KEIL\C51\LIB\C51L.LIB (?C?ILDIX)
  D:\MYPROGRAM\KEIL\C51\LIB\C51L.LIB (?C?ULDIV)
  D:\MYPROGRAM\KEIL\C51\LIB\C51L.LIB (?C?LNEG)
  D:\MYPROGRAM\KEIL\C51\LIB\C51L.LIB (?C?ULCMP)
  D:\MYPROGRAM\KEIL\C51\LIB\C51L.LIB (?C?LSTXDATA)
  D:\MYPROGRAM\KEIL\C51\LIB\C51L.LIB (?C?LSTKXDATA)
  D:\MYPROGRAM\KEIL\C51\LIB\C51L.LIB (?C?OFFXADD)
  D:\MYPROGRAM\KEIL\C51\LIB\C51L.LIB (?C?PLDIXDATA)
  D:\MYPROGRAM\KEIL\C51\LIB\C51L.LIB (?C?PSTXDATA)
  D:\MYPROGRAM\KEIL\C51\LIB\C51L.LIB (?C?CCASE)
  D:\MYPROGRAM\KEIL\C51\LIB\C51L.LIB (PUTCHAR)
  D:\MYPROGRAM\KEIL\C51\LIB\C51L.LIB (CABS)
  D:\MYPROGRAM\KEIL\C51\LIB\C51L.LIB (?C?MEMSET)


LINK MAP OF MODULE:  perfect (?C_STARTUP)


            TYPE    BASE      LENGTH    RELOCATION   SEGMENT NAME
            -----------------------------------------------------

            * * * * * * *   D A T A   M E M O R Y   * * * * * * *
            REG     0000H     0008H     ABSOLUTE     "REG BANK 0"
            REG     0008H     0008H     ABSOLUTE     "REG BANK 1"
            DATA    0010H     000BH     UNIT         _DATA_GROUP_
            DATA    001BH     0005H     UNIT         ?DT?8023
BL51 BANKED LINKER/LOCATER V6.22                                                      10/26/2015  19:16:54  PAGE 2


            BIT     0020H.0   0001H.1   UNIT         _BIT_GROUP_
                    0021H.1   0000H.7                *** GAP ***
            DATA    0022H     0001H     UNIT         ?DT?_FUN_PYSJHZ?8023
            IDATA   0023H     0001H     UNIT         ?STACK

            * * * * * * *  X D A T A   M E M O R Y  * * * * * * *
            XDATA   0000H     0226H     UNIT         ?XD?8023
            XDATA   0226H     0061H     UNIT         ?XD?_FUN_ZDZJ?8023
            XDATA   0287H     0032H     UNIT         _XDATA_GROUP_
            XDATA   02B9H     002EH     UNIT         ?XD?_FUN_FLSETTING?8023
            XDATA   02E7H     002CH     UNIT         ?XD?_FUN_MIN?8023
            XDATA   0313H     000EH     UNIT         ?XD?_FUN_PYSJHZ?8023
            XDATA   0321H     000DH     UNIT         ?XD?_FUN_SJHZ?8023
            XDATA   032EH     0009H     UNIT         ?XD?_FUN_NAJIAN?8023
            XDATA   0337H     0005H     UNIT         ?XD?_FUN_FOLLINE?8023
            XDATA   033CH     0004H     UNIT         ?XD?FUN_CALIBRATION?8023
            XDATA   0340H     0003H     UNIT         ?XD?_FUN_QC?8023
            XDATA   0343H     0002H     UNIT         ?XD?_FUN_PYHZ?8023
            XDATA   0345H     0002H     UNIT         ?XD?_FUN_ZJZT?8023
            XDATA   0347H     0001H     UNIT         ?XD?_FUN_SZ?8023
            XDATA   0348H     0001H     UNIT         ?XD?_FUN_PY?8023
            XDATA   0349H     0001H     UNIT         ?XD?_FUN_SJ?8023
            XDATA   034AH     0001H     UNIT         ?XD?_FUN_HZ?8023
            XDATA   034BH     0001H     UNIT         ?XD?_FUN_TURN?8023

            * * * * * * *   C O D E   M E M O R Y   * * * * * * *
            CODE    0000H     0003H     ABSOLUTE     
            CODE    0003H     0003H     ABSOLUTE     
            CODE    0006H     0001H     UNIT         ?PR?INT0INTERRUPT?PERFECT
            CODE    0007H     0001H     UNIT         ?PR?FUN_COORDINATE?8023
                    0008H     0003H                  *** GAP ***
            CODE    000BH     0003H     ABSOLUTE     
            CODE    000EH     000DH     UNIT         ?PR?FUN_STOPE2PROM?8023
            CODE    001BH     0003H     ABSOLUTE     
            CODE    001EH     10D0H     UNIT         ?PR?_FUN_ZDZJ?8023
            CODE    10EEH     0DFDH     UNIT         ?PR?_FUN_NAJIAN?8023
            CODE    1EEBH     0923H     UNIT         ?C?LIB_CODE
            CODE    280EH     0557H     UNIT         ?PR?FUN_TIMERMOVE?8023
            CODE    2D65H     0483H     UNIT         ?PR?PRINTF?PRINTF
            CODE    31E8H     039AH     UNIT         ?PR?_FUN_PYSJHZ?8023
            CODE    3582H     037AH     UNIT         ?PR?_FUN_RECORD?8023
            CODE    38FCH     02C1H     UNIT         ?PR?_FUN_SJHZ?8023
            CODE    3BBDH     023EH     UNIT         ?PR?_FUN_MOTORS?8023
            CODE    3DFBH     01DEH     UNIT         ?PR?_FUN_QC?8023
            CODE    3FD9H     01C8H     UNIT         ?PR?_FUN_SETXY?8023
            CODE    41A1H     01B5H     UNIT         ?PR?FUN_CALIBRATION?8023
            CODE    4356H     01AEH     UNIT         ?PR?_FUN_MOTORSRL?8023
            CODE    4504H     01ABH     UNIT         ?PR?_FUN_PBXY?8023
            CODE    46AFH     01AAH     UNIT         ?PR?_FUN_FOLLINE?8023
            CODE    4859H     01AAH     UNIT         ?PR?_FUN_XYMOVE?8023
            CODE    4A03H     0183H     UNIT         ?PR?_FUN_ZJZT?8023
            CODE    4B86H     015EH     UNIT         ?PR?_FUN_HZ?8023
            CODE    4CE4H     015AH     UNIT         ?PR?_FUN_SJ?8023
            CODE    4E3EH     0147H     UNIT         ?PR?_FUN_PYHZ?8023
            CODE    4F85H     0137H     UNIT         ?PR?_FUN_PY?8023
            CODE    50BCH     011CH     UNIT         ?PR?FUN_TEST?8023
            CODE    51D8H     00CBH     UNIT         ?PR?FUN_ZHUAJIAN?8023
BL51 BANKED LINKER/LOCATER V6.22                                                      10/26/2015  19:16:54  PAGE 3


            CODE    52A3H     00C8H     UNIT         ?PR?_FUN_START?8023
            CODE    536BH     00A4H     UNIT         ?PR?_FUN_GETXY?8023
            CODE    540FH     00A3H     UNIT         ?PR?FUN_JTJP?8023
            CODE    54B2H     008EH     UNIT         ?PR?_FUN_GO?8023
            CODE    5540H     008CH     UNIT         ?C_C51STARTUP
            CODE    55CCH     008AH     UNIT         ?PR?MAIN?PERFECT
            CODE    5656H     0083H     UNIT         ?PR?_FUN_FLSETTING?8023
            CODE    56D9H     007BH     UNIT         ?PR?_FUN_TURN?8023
            CODE    5754H     007BH     UNIT         ?PR?_FUN_MIN?8023
            CODE    57CFH     0075H     UNIT         ?PR?_FUN_DELAY?8023
            CODE    5844H     0042H     UNIT         ?PR?_FUN_SZ?8023
            CODE    5886H     0042H     UNIT         ?PR?FUN_STOP?8023
            CODE    58C8H     0032H     UNIT         ?PR?FUN_BACK?8023
            CODE    58FAH     002FH     UNIT         ?C_INITSEG
            CODE    5929H     0027H     UNIT         ?PR?PUTCHAR?PUTCHAR
            CODE    5950H     0026H     UNIT         ?PR?FUN_TIMER0?8023
            CODE    5976H     0021H     UNIT         ?PR?_FUN_WRITEE2PROM?8023
            CODE    5997H     0020H     UNIT         ?PR?_FUN_READE2PROM?8023
            CODE    59B7H     001DH     UNIT         ?PR?_FUN_CLEANE2PROM?8023
            CODE    59D4H     001BH     UNIT         ?PR?TIMER0INTERRUPT?PERFECT
            CODE    59EFH     001BH     UNIT         ?PR?TIMER1INTERRUPT?PERFECT
            CODE    5A0AH     001AH     UNIT         ?PR?FUN_WAIT?8023
            CODE    5A24H     001AH     UNIT         ?PR?_FUN_PWMR?8023
            CODE    5A3EH     001AH     UNIT         ?PR?_FUN_PWML?8023
            CODE    5A58H     0016H     UNIT         ?PR?FUN_TIMER0INIT?8023
            CODE    5A6EH     0016H     UNIT         ?PR?FUN_TIMER1INIT?8023
            CODE    5A84H     0016H     UNIT         ?PR?FUN_ZBTFL?8023
            CODE    5A9AH     0015H     UNIT         ?PR?FUN_MAINTFL?8023
            CODE    5AAFH     0013H     UNIT         ?PR?FUN_PORT?8023
            CODE    5AC2H     000BH     UNIT         ?PR?FUN_PWMINIT?8023
            CODE    5ACDH     0009H     UNIT         ?CO?8023
            CODE    5AD6H     0008H     UNIT         ?PR?_CABS?CABS
            CODE    5ADEH     0007H     UNIT         ?PR?FUN_TIMER1?8023



OVERLAY MAP OF MODULE:   perfect (?C_STARTUP)


SEGMENT                                BIT_GROUP          DATA_GROUP          XDATA_GROUP
  +--> CALLED SEGMENT               START    LENGTH     START    LENGTH     START    LENGTH
-------------------------------------------------------------------------------------------
?C_C51STARTUP                       -----    -----      -----    -----      -----    -----
  +--> ?PR?MAIN?PERFECT
  +--> ?C_INITSEG

?PR?MAIN?PERFECT                    -----    -----      -----    -----      -----    -----
  +--> ?PR?_FUN_START?8023
  +--> ?PR?_FUN_SETXY?8023
  +--> ?PR?_FUN_DELAY?8023
  +--> ?PR?_FUN_GO?8023
  +--> ?PR?FUN_STOP?8023

?PR?_FUN_START?8023                 -----    -----      -----    -----      0287H    0007H
  +--> ?PR?FUN_PORT?8023
  +--> ?PR?FUN_PWMINIT?8023
  +--> ?PR?FUN_TIMER0INIT?8023
BL51 BANKED LINKER/LOCATER V6.22                                                      10/26/2015  19:16:54  PAGE 4


  +--> ?PR?FUN_TIMER1INIT?8023
  +--> ?PR?_FUN_MOTORS?8023
  +--> ?PR?FUN_WAIT?8023

?PR?_FUN_MOTORS?8023                -----    -----      -----    -----      028EH    0001H
  +--> ?PR?_CABS?CABS
  +--> ?PR?_FUN_PWML?8023
  +--> ?PR?_FUN_PWMR?8023

?PR?FUN_WAIT?8023                   -----    -----      -----    -----      -----    -----
  +--> ?PR?_FUN_DELAY?8023

?PR?_FUN_DELAY?8023                 -----    -----      0010H    0007H      -----    -----

?PR?_FUN_SETXY?8023                 -----    -----      -----    -----      0287H    0019H
  +--> ?PR?_FUN_PBXY?8023

?PR?_FUN_PBXY?8023                  -----    -----      -----    -----      02A0H    0004H

?PR?_FUN_GO?8023                    -----    -----      -----    -----      -----    -----
  +--> ?PR?_FUN_GETXY?8023
  +--> ?PR?_FUN_RECORD?8023

?PR?_FUN_GETXY?8023                 -----    -----      -----    -----      0287H    0001H

?PR?_FUN_RECORD?8023                -----    -----      -----    -----      0287H    0006H
  +--> ?PR?_FUN_XYMOVE?8023

?PR?_FUN_XYMOVE?8023                -----    -----      -----    -----      028DH    0001H

?PR?FUN_STOP?8023                   -----    -----      -----    -----      -----    -----
  +--> ?PR?_FUN_MOTORS?8023
  +--> ?CO?8023
  +--> ?PR?PRINTF?PRINTF

?PR?PRINTF?PRINTF                   0020H.0  0001H.1    0010H    0005H      0287H    0030H
  +--> ?PR?PUTCHAR?PUTCHAR

*** NEW ROOT ***************************************************

?PR?TIMER0INTERRUPT?PERFECT         -----    -----      -----    -----      -----    -----
  +--> ?PR?FUN_TIMER0?8023

?PR?FUN_TIMER0?8023                 -----    -----      -----    -----      -----    -----
  +--> ?PR?FUN_TIMERMOVE?8023

?PR?FUN_TIMERMOVE?8023              -----    -----      0017H    0004H      -----    -----
  +--> ?PR?_FUN_MOTORSRL?8023

?PR?_FUN_MOTORSRL?8023              -----    -----      -----    -----      02B7H    0002H
  +--> ?PR?_CABS?CABS
  +--> ?PR?_FUN_PWML?8023
  +--> ?PR?_FUN_PWMR?8023

*** NEW ROOT ***************************************************

?PR?TIMER1INTERRUPT?PERFECT         -----    -----      -----    -----      -----    -----
BL51 BANKED LINKER/LOCATER V6.22                                                      10/26/2015  19:16:54  PAGE 5


  +--> ?PR?FUN_TIMER1?8023



SYMBOL TABLE OF MODULE:  perfect (?C_STARTUP)

  VALUE           TYPE          NAME
  ----------------------------------

  -------         MODULE        ?C_STARTUP
  C:5540H         SEGMENT       ?C_C51STARTUP
  I:0023H         SEGMENT       ?STACK
  C:0000H         PUBLIC        ?C_STARTUP
  D:00E0H         SYMBOL        ACC
  D:00F0H         SYMBOL        B
  D:0083H         SYMBOL        DPH
  D:0082H         SYMBOL        DPL
  N:0000H         SYMBOL        IBPSTACK
  N:0100H         SYMBOL        IBPSTACKTOP
  N:0080H         SYMBOL        IDATALEN
  C:5543H         SYMBOL        IDATALOOP
  N:0000H         SYMBOL        PBPSTACK
  N:0100H         SYMBOL        PBPSTACKTOP
  N:0000H         SYMBOL        PDATALEN
  N:0000H         SYMBOL        PDATASTART
  N:0000H         SYMBOL        PPAGE
  N:0000H         SYMBOL        PPAGEENABLE
  D:00A0H         SYMBOL        PPAGE_SFR
  D:0081H         SYMBOL        SP
  C:5540H         SYMBOL        STARTUP1
  N:0000H         SYMBOL        XBPSTACK
  N:0000H         SYMBOL        XBPSTACKTOP
  N:0000H         SYMBOL        XDATALEN
  N:0000H         SYMBOL        XDATASTART
  C:0000H         LINE#         126
  C:5540H         LINE#         133
  C:5542H         LINE#         134
  C:5543H         LINE#         135
  C:5544H         LINE#         136
  C:5546H         LINE#         185
  C:5549H         LINE#         196
  -------         ENDMOD        ?C_STARTUP

  -------         MODULE        PERFECT
  C:0000H         SYMBOL        _ICE_DUMMY_
  D:0080H         PUBLIC        P0
  D:0090H         PUBLIC        P1
  D:00A0H         PUBLIC        P2
  D:00B0H         PUBLIC        P3
  D:00C0H         PUBLIC        P4
  D:00C8H         PUBLIC        P5
  C:59D4H         PUBLIC        Timer0Interrupt
  C:59EFH         PUBLIC        Timer1Interrupt
  D:00A8H         PUBLIC        IE
  D:00B8H         PUBLIC        IP
  D:00D8H         PUBLIC        CCON
  C:55CCH         PUBLIC        main
BL51 BANKED LINKER/LOCATER V6.22                                                      10/26/2015  19:16:54  PAGE 6


  C:0006H         PUBLIC        Int0Interrupt
  D:0098H         PUBLIC        SCON
  D:0088H         PUBLIC        TCON
  D:00D0H         PUBLIC        PSW
  -------         PROC          MAIN
  C:55CCH         LINE#         3
  C:55CCH         LINE#         4
  C:55E6H         LINE#         12
  C:5645H         LINE#         21
  C:564EH         LINE#         22
  C:5653H         LINE#         98
  -------         ENDPROC       MAIN
  -------         PROC          INT0INTERRUPT
  C:0006H         LINE#         100
  C:0006H         LINE#         102
  -------         ENDPROC       INT0INTERRUPT
  -------         PROC          TIMER0INTERRUPT
  C:59D4H         LINE#         103
  C:59E1H         LINE#         104
  C:59E4H         LINE#         105
  -------         ENDPROC       TIMER0INTERRUPT
  -------         PROC          TIMER1INTERRUPT
  C:59EFH         LINE#         106
  C:59FCH         LINE#         107
  C:59FFH         LINE#         108
  -------         ENDPROC       TIMER1INTERRUPT
  -------         ENDMOD        PERFECT

  -------         MODULE        8023
  C:0000H         SYMBOL        _ICE_DUMMY_
  D:0092H         PUBLIC        P1M0
  D:0093H         PUBLIC        P0M1
  C:4A08H         PUBLIC        _fun_zjzt
  C:3DFBH         PUBLIC        _fun_qc
  C:5950H         PUBLIC        fun_timer0
  D:0096H         PUBLIC        P2M0
  D:0091H         PUBLIC        P1M1
  D:0080H         PUBLIC        P0
  C:5ADEH         PUBLIC        fun_timer1
  D:0095H         PUBLIC        P2M1
  D:0090H         PUBLIC        P1
  C:54B2H         PUBLIC        _fun_go
  C:5656H         PUBLIC        _fun_flsetting
  D:00A0H         PUBLIC        P2
  X:0000H         PUBLIC        str_tfl
  B:0090H.2       PUBLIC        out_pwmr
  D:00B0H         PUBLIC        P3
  D:00C0H         PUBLIC        P4
  D:00C8H         PUBLIC        P5
  B:00A8H.7       PUBLIC        EA
  C:4CE4H         PUBLIC        _fun_sj
  C:280EH         PUBLIC        fun_timermove
  C:51D8H         PUBLIC        fun_zhuajian
  C:59B7H         PUBLIC        _fun_cleane2prom
  B:00B0H.6       PUBLIC        in_hpy
  D:00F9H         PUBLIC        CH
  C:4B86H         PUBLIC        _fun_hz
BL51 BANKED LINKER/LOCATER V6.22                                                      10/26/2015  19:16:54  PAGE 7


  D:00A8H         PUBLIC        IE
  D:00E9H         PUBLIC        CL
  D:00C5H         PUBLIC        IAP_CMD
  X:004CH         PUBLIC        str_now
  D:00FAH         PUBLIC        CCAP0H
  D:00FBH         PUBLIC        CCAP1H
  B:00B0H.5       PUBLIC        in_qpy
  C:4F85H         PUBLIC        _fun_py
  D:00EAH         PUBLIC        CCAP0L
  B:00D8H.6       PUBLIC        CR
  D:00EBH         PUBLIC        CCAP1L
  D:00DAH         PUBLIC        CCAPM0
  D:00DBH         PUBLIC        CCAPM1
  C:46AFH         PUBLIC        _fun_folline
  C:5844H         PUBLIC        _fun_sz
  D:00B8H         PUBLIC        IP
  C:5A9AH         PUBLIC        fun_maintfl
  B:00A0H.5       PUBLIC        in_hz
  B:0098H.1       PUBLIC        TI
  D:0097H         PUBLIC        CLK_DIV
  C:10EEH         PUBLIC        _fun_najian
  D:00C3H         PUBLIC        IAP_ADDRH
  B:00B0H.4       PUBLIC        in_j
  C:5997H         PUBLIC        _fun_reade2prom
  D:00C4H         PUBLIC        IAP_ADDRL
  D:00D9H         PUBLIC        CMOD
  D:00D8H         PUBLIC        CCON
  B:00B0H.3       PUBLIC        in_s
  B:00A0H.0       PUBLIC        out_dir1
  B:00A0H.2       PUBLIC        out_dir2
  C:3582H         PUBLIC        _fun_record
  D:0087H         PUBLIC        PCON
  C:5976H         PUBLIC        _fun_writee2prom
  C:4368H         PUBLIC        _fun_motorsrl
  D:0098H         PUBLIC        SCON
  D:0089H         PUBLIC        TMOD
  D:0088H         PUBLIC        TCON
  C:5A58H         PUBLIC        fun_timer0init
  C:5AC2H         PUBLIC        fun_pwminit
  C:5A6EH         PUBLIC        fun_timer1init
  C:41A1H         PUBLIC        fun_calibration
  C:57D5H         PUBLIC        _fun_delay
  C:58C8H         PUBLIC        fun_back
  B:00A0H.1       PUBLIC        out_en1
  B:00A0H.3       PUBLIC        out_en2
  D:008EH         PUBLIC        AUXR
  X:0059H         PUBLIC        str_begin
  D:00C7H         PUBLIC        IAP_CONTR
  B:0080H.7       PUBLIC        in_ls1
  B:00A8H.1       PUBLIC        ET0
  B:0080H.6       PUBLIC        in_ls2
  B:0088H.5       PUBLIC        TF0
  B:00A8H.3       PUBLIC        ET1
  B:0080H.5       PUBLIC        in_ls3
  B:0088H.7       PUBLIC        TF1
  B:0080H.4       PUBLIC        in_ls4
  D:008CH         PUBLIC        TH0
BL51 BANKED LINKER/LOCATER V6.22                                                      10/26/2015  19:16:54  PAGE 8


  C:000EH         PUBLIC        fun_stope2prom
  B:0080H.3       PUBLIC        in_ls5
  D:008DH         PUBLIC        TH1
  B:0080H.2       PUBLIC        in_ls6
  D:001CH         PUBLIC        var_timer
  B:0080H.1       PUBLIC        in_ls7
  C:5A84H         PUBLIC        fun_zbtfl
  B:0080H.0       PUBLIC        in_ls8
  D:008AH         PUBLIC        TL0
  D:008BH         PUBLIC        TL1
  C:3BC6H         PUBLIC        _fun_motors
  B:0090H.6       PUBLIC        out_switchselect
  D:00C2H         PUBLIC        IAP_DATA
  B:0088H.4       PUBLIC        TR0
  C:485DH         PUBLIC        _fun_xymove
  C:31E8H         PUBLIC        _fun_pysjhz
  B:0088H.6       PUBLIC        TR1
  C:0007H         PUBLIC        fun_coordinate
  D:00F2H         PUBLIC        PCA_PWM0
  B:00A0H.4       PUBLIC        in_wz1
  D:00F3H         PUBLIC        PCA_PWM1
  C:52A3H         PUBLIC        _fun_start
  B:00A0H.5       PUBLIC        in_wz2
  B:00A0H.6       PUBLIC        in_wz3
  B:00A0H.7       PUBLIC        in_wz4
  C:536BH         PUBLIC        _fun_getxy
  B:00A0H.4       PUBLIC        in_wz5
  C:5A0AH         PUBLIC        fun_wait
  C:540FH         PUBLIC        fun_jtjp
  D:009CH         PUBLIC        BRT
  B:00B0H.2       PUBLIC        in_start
  C:3FD9H         PUBLIC        _fun_setxy
  X:0066H         PUBLIC        str_zbfl
  C:38FCH         PUBLIC        _fun_sjhz
  C:50BCH         PUBLIC        fun_test
  C:5A3EH         PUBLIC        _fun_pwml
  C:001EH         PUBLIC        _fun_zdzj
  C:450DH         PUBLIC        _fun_pbxy
  C:5795H         PUBLIC        _fun_min
  C:5AAFH         PUBLIC        fun_port
  X:01F2H         PUBLIC        str_cod
  D:00C6H         PUBLIC        IAP_TRIG
  C:5886H         PUBLIC        fun_stop
  C:5A24H         PUBLIC        _fun_pwmr
  B:0090H.7       PUBLIC        out_motorselect
  C:56D9H         PUBLIC        _fun_turn
  C:4E42H         PUBLIC        _fun_pyhz
  D:00D0H         PUBLIC        PSW
  X:0219H         PUBLIC        str_next
  B:0090H.5       PUBLIC        out_pwml
  D:0094H         PUBLIC        P0M0
  C:57CFH         SYMBOL        L?1314
  C:57D1H         SYMBOL        L?1315
  -------         PROC          L?1313
  -------         ENDPROC       L?1313
  C:57CFH         SYMBOL        L?1314
  C:57D1H         SYMBOL        L?1315
BL51 BANKED LINKER/LOCATER V6.22                                                      10/26/2015  19:16:54  PAGE 9


  -------         PROC          _FUN_DELAY
  D:0006H         SYMBOL        par_value
  D:0005H         SYMBOL        par_model
  -------         DO            
  D:0015H         SYMBOL        loc_con
  -------         DO            
  D:0010H         SYMBOL        loc_i
  D:0011H         SYMBOL        loc_j
  D:0012H         SYMBOL        loc_i
  D:0013H         SYMBOL        loc_j
  D:0014H         SYMBOL        loc_k
  -------         ENDDO         
  -------         DO            
  D:0012H         SYMBOL        loc_i
  D:0013H         SYMBOL        loc_j
  D:0014H         SYMBOL        loc_k
  -------         ENDDO         
  -------         ENDDO         
  C:57D5H         LINE#         32
  C:57D5H         LINE#         33
  C:57D9H         LINE#         34
  C:57E5H         LINE#         35
  C:57E5H         LINE#         39
  C:57F7H         LINE#         40
  C:57F8H         LINE#         41
  C:57F9H         LINE#         42
  C:57FBH         LINE#         45
  C:57FBH         LINE#         49
  C:580DH         LINE#         51
  C:580EH         LINE#         52
  C:580FH         LINE#         53
  C:5812H         LINE#         54
  C:5815H         LINE#         55
  C:5815H         LINE#         56
  C:5818H         LINE#         57
  C:581BH         LINE#         58
  C:581DH         LINE#         61
  C:581DH         LINE#         65
  C:582FH         LINE#         67
  C:5832H         LINE#         68
  C:5835H         LINE#         69
  C:5838H         LINE#         70
  C:5838H         LINE#         71
  C:5838H         LINE#         72
  C:583BH         LINE#         73
  C:583EH         LINE#         74
  C:5841H         LINE#         75
  C:5843H         LINE#         78
  C:5843H         LINE#         79
  C:5843H         LINE#         80
  -------         ENDPROC       _FUN_DELAY
  -------         PROC          FUN_TIMER0INIT
  C:5A58H         LINE#         81
  C:5A58H         LINE#         85
  C:5A5BH         LINE#         86
  C:5A5EH         LINE#         87
  C:5A61H         LINE#         88
BL51 BANKED LINKER/LOCATER V6.22                                                      10/26/2015  19:16:54  PAGE 10


  C:5A64H         LINE#         89
  C:5A67H         LINE#         90
  C:5A69H         LINE#         91
  C:5A6BH         LINE#         92
  C:5A6DH         LINE#         93
  -------         ENDPROC       FUN_TIMER0INIT
  -------         PROC          FUN_TIMER1INIT
  C:5A6EH         LINE#         94
  C:5A6EH         LINE#         98
  C:5A71H         LINE#         99
  C:5A74H         LINE#         100
  C:5A77H         LINE#         101
  C:5A7AH         LINE#         102
  C:5A7DH         LINE#         103
  C:5A7FH         LINE#         104
  C:5A81H         LINE#         105
  C:5A83H         LINE#         106
  -------         ENDPROC       FUN_TIMER1INIT
  -------         PROC          FUN_TIMER0
  C:5950H         LINE#         107
  C:5950H         LINE#         108
  C:5953H         LINE#         109
  C:5956H         LINE#         110
  C:596BH         LINE#         111
  C:5972H         LINE#         112
  C:5975H         LINE#         113
  -------         ENDPROC       FUN_TIMER0
  -------         PROC          FUN_TIMER1
  C:5ADEH         LINE#         114
  C:5ADEH         LINE#         115
  C:5AE1H         LINE#         116
  C:5AE4H         LINE#         117
  -------         ENDPROC       FUN_TIMER1
  -------         PROC          FUN_WAIT
  C:5A0AH         LINE#         118
  C:5A0AH         LINE#         119
  C:5A0CH         LINE#         123
  C:5A0FH         LINE#         124
  C:5A18H         LINE#         125
  C:5A1BH         LINE#         126
  -------         ENDPROC       FUN_WAIT
  -------         PROC          FUN_PWMINIT
  C:5AC2H         LINE#         129
  C:5AC2H         LINE#         133
  C:5AC5H         LINE#         134
  C:5AC7H         LINE#         135
  C:5AC9H         LINE#         136
  C:5ACCH         LINE#         137
  -------         ENDPROC       FUN_PWMINIT
  -------         PROC          _FUN_PWMR
  D:0007H         SYMBOL        par_value
  C:5A24H         LINE#         138
  C:5A24H         LINE#         139
  C:5A37H         LINE#         140
  C:5A3AH         LINE#         141
  C:5A3DH         LINE#         142
  -------         ENDPROC       _FUN_PWMR
BL51 BANKED LINKER/LOCATER V6.22                                                      10/26/2015  19:16:54  PAGE 11


  -------         PROC          _FUN_PWML
  D:0007H         SYMBOL        par_value
  C:5A3EH         LINE#         143
  C:5A3EH         LINE#         144
  C:5A51H         LINE#         145
  C:5A54H         LINE#         146
  C:5A57H         LINE#         147
  -------         ENDPROC       _FUN_PWML
  -------         PROC          L?1322
  -------         ENDPROC       L?1322
  -------         PROC          _FUN_MOTORS
  D:0007H         SYMBOL        par_model
  X:028EH         SYMBOL        par_speed
  C:3BC6H         LINE#         148
  C:3BCBH         LINE#         149
  C:3BD2H         LINE#         150
  C:3BD7H         LINE#         151
  C:3BE2H         LINE#         152
  C:3BE5H         LINE#         153
  C:3C13H         LINE#         154
  C:3C13H         LINE#         155
  C:3C20H         LINE#         158
  C:3C25H         LINE#         159
  C:3C2CH         LINE#         160
  C:3C2CH         LINE#         161
  C:3C2FH         LINE#         162
  C:3C37H         LINE#         163
  C:3C3DH         LINE#         164
  C:3C40H         LINE#         165
  C:3C4FH         LINE#         166
  C:3C59H         LINE#         167
  C:3C59H         LINE#         168
  C:3C5AH         LINE#         169
  C:3C5AH         LINE#         170
  C:3C67H         LINE#         173
  C:3C6CH         LINE#         174
  C:3C73H         LINE#         175
  C:3C73H         LINE#         176
  C:3C75H         LINE#         177
  C:3C7DH         LINE#         178
  C:3C83H         LINE#         179
  C:3C85H         LINE#         180
  C:3C94H         LINE#         181
  C:3C96H         LINE#         182
  C:3C96H         LINE#         183
  C:3C98H         LINE#         184
  C:3C98H         LINE#         185
  C:3CAAH         LINE#         188
  C:3CB3H         LINE#         189
  C:3CBAH         LINE#         190
  C:3CBCH         LINE#         191
  C:3CC2H         LINE#         192
  C:3CC9H         LINE#         193
  C:3CCAH         LINE#         194
  C:3CD2H         LINE#         195
  C:3CD4H         LINE#         196
  C:3CDEH         LINE#         197
BL51 BANKED LINKER/LOCATER V6.22                                                      10/26/2015  19:16:54  PAGE 12


  C:3CE5H         LINE#         198
  C:3CE6H         LINE#         199
  C:3CF5H         LINE#         200
  C:3CF7H         LINE#         201
  C:3CFFH         LINE#         202
  C:3D0CH         LINE#         203
  C:3D0CH         LINE#         204
  C:3D0DH         LINE#         205
  C:3D0DH         LINE#         206
  C:3D1AH         LINE#         209
  C:3D1FH         LINE#         210
  C:3D26H         LINE#         211
  C:3D28H         LINE#         212
  C:3D2AH         LINE#         213
  C:3D32H         LINE#         214
  C:3D34H         LINE#         215
  C:3D37H         LINE#         216
  C:3D42H         LINE#         217
  C:3D44H         LINE#         218
  C:3D44H         LINE#         219
  C:3D46H         LINE#         220
  C:3D46H         LINE#         221
  C:3D53H         LINE#         224
  C:3D58H         LINE#         225
  C:3D5FH         LINE#         226
  C:3D61H         LINE#         227
  C:3D63H         LINE#         228
  C:3D6BH         LINE#         229
  C:3D6DH         LINE#         230
  C:3D70H         LINE#         231
  C:3D7BH         LINE#         232
  C:3D7DH         LINE#         233
  C:3D7DH         LINE#         234
  C:3D7FH         LINE#         235
  C:3D7FH         LINE#         236
  C:3D8CH         LINE#         239
  C:3D91H         LINE#         240
  C:3D98H         LINE#         241
  C:3D9EH         LINE#         242
  C:3D9FH         LINE#         243
  C:3DA7H         LINE#         244
  C:3DADH         LINE#         245
  C:3DAEH         LINE#         246
  C:3DB6H         LINE#         247
  C:3DBCH         LINE#         248
  C:3DBCH         LINE#         249
  C:3DBDH         LINE#         250
  C:3DBDH         LINE#         251
  C:3DCAH         LINE#         254
  C:3DCFH         LINE#         255
  C:3DD6H         LINE#         256
  C:3DDCH         LINE#         257
  C:3DDDH         LINE#         258
  C:3DE5H         LINE#         259
  C:3DEBH         LINE#         260
  C:3DECH         LINE#         261
  C:3DF4H         LINE#         262
BL51 BANKED LINKER/LOCATER V6.22                                                      10/26/2015  19:16:54  PAGE 13


  C:3DFAH         LINE#         263
  C:3DFAH         LINE#         264
  C:3DFAH         LINE#         265
  C:3DFAH         LINE#         266
  C:3DFAH         LINE#         267
  C:3DFAH         LINE#         268
  -------         ENDPROC       _FUN_MOTORS
  -------         PROC          L?1321
  -------         ENDPROC       L?1321
  -------         PROC          _FUN_MOTORSRL
  D:0007H         SYMBOL        par_model
  X:02B7H         SYMBOL        par_speed
  C:4368H         LINE#         269
  C:4370H         LINE#         270
  C:437AH         LINE#         271
  C:4385H         LINE#         272
  C:4396H         LINE#         273
  C:439DH         LINE#         274
  C:43AFH         LINE#         275
  C:43AFH         LINE#         276
  C:43C8H         LINE#         279
  C:43CDH         LINE#         280
  C:43D8H         LINE#         281
  C:43D8H         LINE#         282
  C:43DBH         LINE#         283
  C:43E6H         LINE#         284
  C:43EDH         LINE#         285
  C:43F0H         LINE#         286
  C:4403H         LINE#         287
  C:440DH         LINE#         288
  C:440DH         LINE#         289
  C:440EH         LINE#         290
  C:440EH         LINE#         291
  C:4427H         LINE#         294
  C:442CH         LINE#         295
  C:4437H         LINE#         296
  C:4437H         LINE#         297
  C:443AH         LINE#         298
  C:4445H         LINE#         299
  C:444CH         LINE#         300
  C:444FH         LINE#         301
  C:4462H         LINE#         302
  C:4464H         LINE#         303
  C:4464H         LINE#         304
  C:4467H         LINE#         305
  C:4467H         LINE#         306
  C:4491H         LINE#         309
  C:449CH         LINE#         310
  C:44A7H         LINE#         311
  C:44A9H         LINE#         312
  C:44AFH         LINE#         313
  C:44B6H         LINE#         314
  C:44B7H         LINE#         315
  C:44C2H         LINE#         316
  C:44C4H         LINE#         317
  C:44CFH         LINE#         318
  C:44DAH         LINE#         319
BL51 BANKED LINKER/LOCATER V6.22                                                      10/26/2015  19:16:54  PAGE 14


  C:44DBH         LINE#         320
  C:44EBH         LINE#         321
  C:44EDH         LINE#         322
  C:44F5H         LINE#         323
  C:4503H         LINE#         324
  C:4503H         LINE#         325
  C:4503H         LINE#         326
  C:4503H         LINE#         327
  C:4503H         LINE#         328
  C:4503H         LINE#         329
  -------         ENDPROC       _FUN_MOTORSRL
  -------         PROC          _FUN_SZ
  X:0347H         SYMBOL        par_model
  C:5844H         LINE#         330
  C:5849H         LINE#         331
  C:5850H         LINE#         333
  C:5857H         LINE#         337
  C:585EH         LINE#         338
  C:5863H         LINE#         341
  C:5863H         LINE#         345
  C:586AH         LINE#         346
  C:586DH         LINE#         348
  C:586DH         LINE#         349
  C:5876H         LINE#         350
  C:587DH         LINE#         351
  C:5885H         LINE#         352
  -------         ENDPROC       _FUN_SZ
  -------         PROC          _FUN_PY
  X:0348H         SYMBOL        par_model
  C:4F85H         LINE#         353
  C:4F8AH         LINE#         354
  C:4F94H         LINE#         356
  C:4FB2H         LINE#         357
  C:4FB2H         LINE#         361
  C:4FB9H         LINE#         362
  C:4FBCH         LINE#         363
  C:4FBCH         LINE#         365
  C:4FBFH         LINE#         366
  C:4FBFH         LINE#         370
  C:4FD4H         LINE#         371
  C:4FD4H         LINE#         372
  C:4FDBH         LINE#         373
  C:4FDEH         LINE#         374
  C:4FE1H         LINE#         375
  C:4FE1H         LINE#         376
  C:4FE8H         LINE#         377
  C:4FEBH         LINE#         378
  C:4FEEH         LINE#         379
  C:4FEEH         LINE#         380
  C:4FF5H         LINE#         381
  C:4FF8H         LINE#         382
  C:4FFBH         LINE#         383
  C:4FFBH         LINE#         384
  C:5002H         LINE#         385
  C:5005H         LINE#         386
  C:5008H         LINE#         387
  C:5008H         LINE#         389
BL51 BANKED LINKER/LOCATER V6.22                                                      10/26/2015  19:16:54  PAGE 15


  C:5008H         LINE#         390
  C:5008H         LINE#         394
  C:501EH         LINE#         395
  C:501EH         LINE#         396
  C:5025H         LINE#         397
  C:5028H         LINE#         398
  C:502AH         LINE#         399
  C:502AH         LINE#         400
  C:5031H         LINE#         401
  C:5034H         LINE#         402
  C:5036H         LINE#         403
  C:5036H         LINE#         404
  C:503DH         LINE#         405
  C:5040H         LINE#         406
  C:5042H         LINE#         407
  C:5042H         LINE#         408
  C:5049H         LINE#         409
  C:504CH         LINE#         410
  C:504EH         LINE#         411
  C:504EH         LINE#         413
  C:504EH         LINE#         414
  C:504EH         LINE#         418
  C:5061H         LINE#         419
  C:5061H         LINE#         420
  C:5068H         LINE#         421
  C:506BH         LINE#         422
  C:506DH         LINE#         423
  C:506DH         LINE#         424
  C:5074H         LINE#         425
  C:5077H         LINE#         426
  C:5079H         LINE#         427
  C:5079H         LINE#         428
  C:5080H         LINE#         429
  C:5083H         LINE#         430
  C:5085H         LINE#         431
  C:5085H         LINE#         432
  C:508CH         LINE#         433
  C:5094H         LINE#         434
  C:5096H         LINE#         435
  C:5096H         LINE#         437
  C:5096H         LINE#         438
  C:5096H         LINE#         442
  C:509DH         LINE#         443
  C:50A0H         LINE#         444
  C:50ACH         LINE#         446
  C:50ACH         LINE#         447
  C:50ACH         LINE#         448
  C:50ACH         LINE#         449
  C:50ACH         LINE#         450
  C:50B3H         LINE#         451
  C:50BBH         LINE#         452
  -------         ENDPROC       _FUN_PY
  -------         PROC          _FUN_SJ
  X:0349H         SYMBOL        par_model
  C:4CE4H         LINE#         453
  C:4CE9H         LINE#         454
  C:4CF3H         LINE#         456
BL51 BANKED LINKER/LOCATER V6.22                                                      10/26/2015  19:16:54  PAGE 16


  C:4CF5H         LINE#         457
  C:4D2CH         LINE#         458
  C:4D2CH         LINE#         462
  C:4D33H         LINE#         463
  C:4D35H         LINE#         464
  C:4D38H         LINE#         465
  C:4D38H         LINE#         467
  C:4D3BH         LINE#         468
  C:4D3BH         LINE#         472
  C:4D48H         LINE#         473
  C:4D4AH         LINE#         474
  C:4D4AH         LINE#         475
  C:4D4DH         LINE#         476
  C:4D4DH         LINE#         477
  C:4D52H         LINE#         478
  C:4D54H         LINE#         479
  C:4D54H         LINE#         480
  C:4D54H         LINE#         482
  C:4D57H         LINE#         483
  C:4D57H         LINE#         487
  C:4D6FH         LINE#         488
  C:4D71H         LINE#         489
  C:4D74H         LINE#         490
  C:4D74H         LINE#         492
  C:4D77H         LINE#         493
  C:4D77H         LINE#         497
  C:4D84H         LINE#         498
  C:4D89H         LINE#         499
  C:4D8BH         LINE#         500
  C:4D8BH         LINE#         501
  C:4D8DH         LINE#         502
  C:4D8DH         LINE#         503
  C:4D92H         LINE#         504
  C:4D94H         LINE#         505
  C:4D94H         LINE#         506
  C:4D94H         LINE#         508
  C:4D96H         LINE#         509
  C:4D96H         LINE#         513
  C:4DAEH         LINE#         514
  C:4DB0H         LINE#         515
  C:4DB3H         LINE#         516
  C:4DB3H         LINE#         518
  C:4DB5H         LINE#         519
  C:4DB5H         LINE#         523
  C:4DC2H         LINE#         524
  C:4DC7H         LINE#         525
  C:4DC9H         LINE#         526
  C:4DC9H         LINE#         527
  C:4DCBH         LINE#         528
  C:4DCBH         LINE#         529
  C:4DD0H         LINE#         530
  C:4DD2H         LINE#         531
  C:4DD2H         LINE#         532
  C:4DD2H         LINE#         534
  C:4DD4H         LINE#         535
  C:4DD4H         LINE#         539
  C:4DECH         LINE#         540
BL51 BANKED LINKER/LOCATER V6.22                                                      10/26/2015  19:16:54  PAGE 17


  C:4DEEH         LINE#         541
  C:4DF1H         LINE#         542
  C:4DF1H         LINE#         544
  C:4DF3H         LINE#         545
  C:4DF3H         LINE#         549
  C:4E00H         LINE#         550
  C:4E05H         LINE#         551
  C:4E07H         LINE#         552
  C:4E07H         LINE#         553
  C:4E09H         LINE#         554
  C:4E09H         LINE#         555
  C:4E10H         LINE#         556
  C:4E13H         LINE#         557
  C:4E13H         LINE#         559
  C:4E15H         LINE#         560
  C:4E15H         LINE#         564
  C:4E1CH         LINE#         565
  C:4E1EH         LINE#         566
  C:4E21H         LINE#         567
  C:4E2EH         LINE#         569
  C:4E2EH         LINE#         570
  C:4E2EH         LINE#         571
  C:4E2EH         LINE#         572
  C:4E2EH         LINE#         573
  C:4E35H         LINE#         574
  C:4E3DH         LINE#         575
  -------         ENDPROC       _FUN_SJ
  -------         PROC          _FUN_HZ
  X:034AH         SYMBOL        par_model
  C:4B86H         LINE#         576
  C:4B8BH         LINE#         577
  C:4B96H         LINE#         579
  C:4B98H         LINE#         580
  C:4BB3H         LINE#         581
  C:4BB3H         LINE#         585
  C:4BC2H         LINE#         586
  C:4BC2H         LINE#         587
  C:4BC9H         LINE#         588
  C:4BCCH         LINE#         589
  C:4BCFH         LINE#         590
  C:4BD2H         LINE#         591
  C:4BD5H         LINE#         592
  C:4BD5H         LINE#         593
  C:4BD8H         LINE#         594
  C:4BD8H         LINE#         595
  C:4BDFH         LINE#         596
  C:4BE2H         LINE#         597
  C:4BE5H         LINE#         598
  C:4BE5H         LINE#         599
  C:4BE8H         LINE#         600
  C:4BE8H         LINE#         601
  C:4BEFH         LINE#         602
  C:4BF2H         LINE#         603
  C:4BF5H         LINE#         604
  C:4BF5H         LINE#         605
  C:4BF8H         LINE#         606
  C:4BF8H         LINE#         607
BL51 BANKED LINKER/LOCATER V6.22                                                      10/26/2015  19:16:54  PAGE 18


  C:4BF8H         LINE#         608
  C:4BF8H         LINE#         610
  C:4BF8H         LINE#         611
  C:4BF8H         LINE#         615
  C:4C0AH         LINE#         616
  C:4C0AH         LINE#         617
  C:4C11H         LINE#         618
  C:4C14H         LINE#         619
  C:4C17H         LINE#         620
  C:4C1AH         LINE#         621
  C:4C1DH         LINE#         622
  C:4C1DH         LINE#         623
  C:4C20H         LINE#         624
  C:4C20H         LINE#         625
  C:4C27H         LINE#         626
  C:4C2AH         LINE#         627
  C:4C2DH         LINE#         628
  C:4C2DH         LINE#         629
  C:4C30H         LINE#         630
  C:4C30H         LINE#         631
  C:4C37H         LINE#         632
  C:4C3AH         LINE#         633
  C:4C3DH         LINE#         634
  C:4C3DH         LINE#         635
  C:4C40H         LINE#         636
  C:4C40H         LINE#         637
  C:4C40H         LINE#         638
  C:4C40H         LINE#         640
  C:4C40H         LINE#         641
  C:4C40H         LINE#         645
  C:4C53H         LINE#         646
  C:4C53H         LINE#         647
  C:4C5AH         LINE#         648
  C:4C5DH         LINE#         649
  C:4C60H         LINE#         650
  C:4C60H         LINE#         651
  C:4C63H         LINE#         652
  C:4C63H         LINE#         653
  C:4C6AH         LINE#         654
  C:4C6DH         LINE#         655
  C:4C70H         LINE#         656
  C:4C70H         LINE#         657
  C:4C72H         LINE#         658
  C:4C72H         LINE#         659
  C:4C79H         LINE#         660
  C:4C7CH         LINE#         661
  C:4C7FH         LINE#         662
  C:4C82H         LINE#         663
  C:4C85H         LINE#         664
  C:4C85H         LINE#         665
  C:4C87H         LINE#         666
  C:4C87H         LINE#         667
  C:4C87H         LINE#         668
  C:4C87H         LINE#         670
  C:4C87H         LINE#         671
  C:4C87H         LINE#         675
  C:4C96H         LINE#         676
BL51 BANKED LINKER/LOCATER V6.22                                                      10/26/2015  19:16:54  PAGE 19


  C:4C96H         LINE#         677
  C:4C9DH         LINE#         678
  C:4CA0H         LINE#         679
  C:4CA3H         LINE#         680
  C:4CA3H         LINE#         681
  C:4CA5H         LINE#         682
  C:4CA5H         LINE#         683
  C:4CACH         LINE#         684
  C:4CAFH         LINE#         685
  C:4CB2H         LINE#         686
  C:4CB2H         LINE#         687
  C:4CB4H         LINE#         688
  C:4CB4H         LINE#         689
  C:4CBBH         LINE#         690
  C:4CBEH         LINE#         691
  C:4CC1H         LINE#         692
  C:4CC4H         LINE#         693
  C:4CC7H         LINE#         694
  C:4CD4H         LINE#         695
  C:4CD4H         LINE#         696
  C:4CD4H         LINE#         697
  C:4CD4H         LINE#         698
  C:4CD4H         LINE#         700
  C:4CD4H         LINE#         701
  C:4CD4H         LINE#         702
  C:4CD4H         LINE#         703
  C:4CD4H         LINE#         704
  C:4CDBH         LINE#         705
  C:4CE3H         LINE#         706
  -------         ENDPROC       _FUN_HZ
  C:4E3EH         SYMBOL        L?1329
  -------         PROC          L?1328
  -------         ENDPROC       L?1328
  C:4E3EH         SYMBOL        L?1329
  -------         PROC          _FUN_PYHZ
  X:0343H         SYMBOL        par_pymodel
  X:0344H         SYMBOL        par_hzmodel
  C:4E42H         LINE#         707
  C:4E4AH         LINE#         708
  C:4E58H         LINE#         709
  C:4E58H         LINE#         710
  C:4E67H         LINE#         711
  C:4E67H         LINE#         712
  C:4E67H         LINE#         713
  C:4E69H         LINE#         714
  C:4E69H         LINE#         715
  C:4E69H         LINE#         716
  C:4E6BH         LINE#         717
  C:4E6BH         LINE#         718
  C:4E6BH         LINE#         719
  C:4E6DH         LINE#         720
  C:4E6DH         LINE#         721
  C:4E6DH         LINE#         722
  C:4E6DH         LINE#         723
  C:4E6DH         LINE#         724
  C:4E6DH         LINE#         725
  C:4E7BH         LINE#         726
BL51 BANKED LINKER/LOCATER V6.22                                                      10/26/2015  19:16:54  PAGE 20


  C:4E7BH         LINE#         727
  C:4E7BH         LINE#         728
  C:4E7DH         LINE#         729
  C:4E7DH         LINE#         730
  C:4E7DH         LINE#         731
  C:4E7FH         LINE#         732
  C:4E7FH         LINE#         733
  C:4E7FH         LINE#         734
  C:4E81H         LINE#         735
  C:4E81H         LINE#         736
  C:4E81H         LINE#         737
  C:4E81H         LINE#         738
  C:4E81H         LINE#         739
  C:4E81H         LINE#         740
  C:4E90H         LINE#         741
  C:4E90H         LINE#         742
  C:4E90H         LINE#         743
  C:4E92H         LINE#         744
  C:4E92H         LINE#         745
  C:4E92H         LINE#         746
  C:4E94H         LINE#         747
  C:4E94H         LINE#         748
  C:4E94H         LINE#         749
  C:4E96H         LINE#         750
  C:4E96H         LINE#         751
  C:4E96H         LINE#         752
  C:4E96H         LINE#         753
  C:4E96H         LINE#         754
  C:4E96H         LINE#         755
  C:4EA5H         LINE#         756
  C:4EA5H         LINE#         757
  C:4EA7H         LINE#         758
  C:4EA9H         LINE#         759
  C:4EA9H         LINE#         760
  C:4EABH         LINE#         761
  C:4EADH         LINE#         762
  C:4EADH         LINE#         763
  C:4EB4H         LINE#         764
  C:4EB4H         LINE#         765
  C:4EB4H         LINE#         766
  C:4EB4H         LINE#         767
  C:4EB4H         LINE#         768
  C:4EB4H         LINE#         769
  C:4EB4H         LINE#         770
  C:4EB4H         LINE#         771
  C:4EB4H         LINE#         772
  C:4EBCH         LINE#         773
  C:4EBEH         LINE#         774
  C:4EC1H         LINE#         775
  C:4ED6H         LINE#         776
  C:4ED6H         LINE#         777
  C:4EE8H         LINE#         778
  C:4EE8H         LINE#         779
  C:4EEBH         LINE#         780
  C:4EEEH         LINE#         781
  C:4EF1H         LINE#         782
  C:4EF1H         LINE#         783
BL51 BANKED LINKER/LOCATER V6.22                                                      10/26/2015  19:16:54  PAGE 21


  C:4EF3H         LINE#         784
  C:4EF3H         LINE#         785
  C:4EF6H         LINE#         786
  C:4EF6H         LINE#         787
  C:4EF8H         LINE#         788
  C:4EF8H         LINE#         789
  C:4EFBH         LINE#         790
  C:4EFBH         LINE#         791
  C:4EFDH         LINE#         792
  C:4EFDH         LINE#         793
  C:4EFDH         LINE#         794
  C:4EFDH         LINE#         795
  C:4EFDH         LINE#         796
  C:4EFDH         LINE#         797
  C:4F0CH         LINE#         798
  C:4F0CH         LINE#         799
  C:4F0FH         LINE#         800
  C:4F12H         LINE#         801
  C:4F15H         LINE#         802
  C:4F15H         LINE#         803
  C:4F17H         LINE#         804
  C:4F17H         LINE#         805
  C:4F1AH         LINE#         806
  C:4F1AH         LINE#         807
  C:4F1CH         LINE#         808
  C:4F1CH         LINE#         809
  C:4F1FH         LINE#         810
  C:4F1FH         LINE#         811
  C:4F21H         LINE#         812
  C:4F21H         LINE#         813
  C:4F21H         LINE#         814
  C:4F21H         LINE#         815
  C:4F21H         LINE#         816
  C:4F21H         LINE#         817
  C:4F31H         LINE#         818
  C:4F31H         LINE#         819
  C:4F34H         LINE#         820
  C:4F34H         LINE#         821
  C:4F36H         LINE#         822
  C:4F36H         LINE#         823
  C:4F39H         LINE#         824
  C:4F39H         LINE#         825
  C:4F3BH         LINE#         826
  C:4F3BH         LINE#         827
  C:4F3EH         LINE#         828
  C:4F41H         LINE#         829
  C:4F44H         LINE#         830
  C:4F44H         LINE#         831
  C:4F46H         LINE#         832
  C:4F46H         LINE#         833
  C:4F46H         LINE#         834
  C:4F46H         LINE#         835
  C:4F46H         LINE#         836
  C:4F46H         LINE#         837
  C:4F55H         LINE#         838
  C:4F55H         LINE#         839
  C:4F58H         LINE#         840
BL51 BANKED LINKER/LOCATER V6.22                                                      10/26/2015  19:16:54  PAGE 22


  C:4F58H         LINE#         841
  C:4F5AH         LINE#         842
  C:4F5AH         LINE#         843
  C:4F5DH         LINE#         844
  C:4F5DH         LINE#         845
  C:4F5FH         LINE#         846
  C:4F5FH         LINE#         847
  C:4F62H         LINE#         848
  C:4F65H         LINE#         849
  C:4F68H         LINE#         850
  C:4F75H         LINE#         851
  C:4F75H         LINE#         852
  C:4F75H         LINE#         853
  C:4F75H         LINE#         854
  C:4F75H         LINE#         855
  C:4F75H         LINE#         856
  C:4F75H         LINE#         857
  C:4F75H         LINE#         858
  C:4F75H         LINE#         859
  C:4F7CH         LINE#         860
  C:4F84H         LINE#         861
  -------         ENDPROC       _FUN_PYHZ
  -------         PROC          _FUN_SJHZ
  X:0321H         SYMBOL        par_sjmodel
  X:0322H         SYMBOL        par_hzmodel
  -------         DO            
  X:0323H         SYMBOL        loc_sjdelay
  X:0327H         SYMBOL        loc_hzdelay
  X:032BH         SYMBOL        loc_sjcgq
  X:032CH         SYMBOL        loc_hzcgq
  X:032DH         SYMBOL        loc_hzflag
  -------         ENDDO         
  C:38FCH         LINE#         862
  C:3905H         LINE#         863
  C:390DH         LINE#         864
  C:3917H         LINE#         865
  C:391CH         LINE#         866
  C:391EH         LINE#         867
  C:3920H         LINE#         868
  C:392BH         LINE#         869
  C:393DH         LINE#         870
  C:393DH         LINE#         871
  C:3949H         LINE#         872
  C:3949H         LINE#         873
  C:3949H         LINE#         874
  C:3949H         LINE#         875
  C:394BH         LINE#         876
  C:394BH         LINE#         877
  C:394BH         LINE#         878
  C:394BH         LINE#         879
  C:394DH         LINE#         880
  C:394DH         LINE#         881
  C:394DH         LINE#         882
  C:394DH         LINE#         883
  C:394FH         LINE#         884
  C:394FH         LINE#         885
  C:394FH         LINE#         886
BL51 BANKED LINKER/LOCATER V6.22                                                      10/26/2015  19:16:54  PAGE 23


  C:394FH         LINE#         887
  C:394FH         LINE#         888
  C:394FH         LINE#         889
  C:395EH         LINE#         890
  C:395EH         LINE#         891
  C:395EH         LINE#         892
  C:395EH         LINE#         893
  C:3960H         LINE#         894
  C:3960H         LINE#         895
  C:3960H         LINE#         896
  C:3960H         LINE#         897
  C:3962H         LINE#         898
  C:3962H         LINE#         899
  C:3962H         LINE#         900
  C:3962H         LINE#         901
  C:3964H         LINE#         902
  C:3964H         LINE#         903
  C:3964H         LINE#         904
  C:3964H         LINE#         905
  C:3964H         LINE#         906
  C:3964H         LINE#         907
  C:3974H         LINE#         908
  C:3974H         LINE#         909
  C:3974H         LINE#         910
  C:3974H         LINE#         911
  C:3976H         LINE#         912
  C:3976H         LINE#         913
  C:3976H         LINE#         914
  C:3976H         LINE#         915
  C:3978H         LINE#         916
  C:3978H         LINE#         917
  C:397AH         LINE#         918
  C:397AH         LINE#         919
  C:397CH         LINE#         920
  C:397CH         LINE#         921
  C:397CH         LINE#         922
  C:397CH         LINE#         923
  C:397CH         LINE#         924
  C:397CH         LINE#         925
  C:398BH         LINE#         926
  C:398BH         LINE#         927
  C:398DH         LINE#         928
  C:398DH         LINE#         929
  C:398FH         LINE#         930
  C:398FH         LINE#         931
  C:3996H         LINE#         932
  C:399CH         LINE#         933
  C:399EH         LINE#         934
  C:399EH         LINE#         935
  C:39A5H         LINE#         936
  C:39ABH         LINE#         937
  C:39ABH         LINE#         938
  C:39ABH         LINE#         939
  C:39ABH         LINE#         940
  C:39ABH         LINE#         941
  C:39ABH         LINE#         942
  C:39ABH         LINE#         943
BL51 BANKED LINKER/LOCATER V6.22                                                      10/26/2015  19:16:54  PAGE 24


  C:39ABH         LINE#         944
  C:39ABH         LINE#         945
  C:39C3H         LINE#         946
  C:39C3H         LINE#         947
  C:39D0H         LINE#         948
  C:39E0H         LINE#         949
  C:39E3H         LINE#         950
  C:39E6H         LINE#         951
  C:39F5H         LINE#         952
  C:3A01H         LINE#         953
  C:3A38H         LINE#         954
  C:3A38H         LINE#         955
  C:3A3AH         LINE#         956
  C:3A43H         LINE#         957
  C:3A49H         LINE#         958
  C:3A49H         LINE#         959
  C:3A49H         LINE#         960
  C:3A49H         LINE#         961
  C:3A4CH         LINE#         962
  C:3A4CH         LINE#         963
  C:3A4EH         LINE#         964
  C:3A57H         LINE#         965
  C:3A65H         LINE#         966
  C:3A65H         LINE#         967
  C:3A65H         LINE#         968
  C:3A65H         LINE#         969
  C:3A67H         LINE#         970
  C:3A67H         LINE#         971
  C:3A69H         LINE#         972
  C:3A72H         LINE#         973
  C:3A78H         LINE#         974
  C:3A78H         LINE#         975
  C:3A78H         LINE#         976
  C:3A78H         LINE#         977
  C:3A7AH         LINE#         978
  C:3A7AH         LINE#         979
  C:3A7CH         LINE#         980
  C:3A85H         LINE#         981
  C:3A8EH         LINE#         982
  C:3A8EH         LINE#         983
  C:3A8EH         LINE#         984
  C:3A8EH         LINE#         985
  C:3A90H         LINE#         986
  C:3A90H         LINE#         987
  C:3A92H         LINE#         988
  C:3A9BH         LINE#         989
  C:3AA1H         LINE#         990
  C:3AA1H         LINE#         991
  C:3AA1H         LINE#         992
  C:3AA1H         LINE#         993
  C:3AA3H         LINE#         994
  C:3AA3H         LINE#         995
  C:3AA5H         LINE#         996
  C:3AAEH         LINE#         997
  C:3AB7H         LINE#         998
  C:3AB7H         LINE#         999
  C:3AB7H         LINE#         1000
BL51 BANKED LINKER/LOCATER V6.22                                                      10/26/2015  19:16:54  PAGE 25


  C:3AB7H         LINE#         1001
  C:3AB9H         LINE#         1002
  C:3AB9H         LINE#         1003
  C:3ABBH         LINE#         1004
  C:3AC4H         LINE#         1005
  C:3ACAH         LINE#         1006
  C:3ACAH         LINE#         1007
  C:3ACAH         LINE#         1008
  C:3ACAH         LINE#         1009
  C:3ACCH         LINE#         1010
  C:3ACCH         LINE#         1011
  C:3ACEH         LINE#         1012
  C:3AD7H         LINE#         1013
  C:3AE2H         LINE#         1014
  C:3AE5H         LINE#         1015
  C:3AE5H         LINE#         1016
  C:3AE5H         LINE#         1017
  C:3AE7H         LINE#         1018
  C:3AE7H         LINE#         1019
  C:3AE9H         LINE#         1020
  C:3AF2H         LINE#         1021
  C:3AF5H         LINE#         1022
  C:3B13H         LINE#         1023
  C:3B19H         LINE#         1024
  C:3B19H         LINE#         1025
  C:3B1BH         LINE#         1026
  C:3B1BH         LINE#         1027
  C:3B1BH         LINE#         1028
  C:3B1BH         LINE#         1029
  C:3B1BH         LINE#         1030
  C:3B1FH         LINE#         1031
  C:3B3BH         LINE#         1032
  C:3B42H         LINE#         1033
  C:3B47H         LINE#         1034
  C:3B4FH         LINE#         1035
  C:3B4FH         LINE#         1036
  C:3B4FH         LINE#         1037
  C:3B6EH         LINE#         1038
  C:3B74H         LINE#         1039
  C:3B76H         LINE#         1040
  C:3B7FH         LINE#         1041
  C:3B82H         LINE#         1042
  C:3B86H         LINE#         1043
  C:3B89H         LINE#         1044
  C:3B94H         LINE#         1045
  C:3B9AH         LINE#         1046
  C:3B9DH         LINE#         1047
  C:3B9DH         LINE#         1048
  C:3BA0H         LINE#         1049
  C:3BA0H         LINE#         1050
  C:3BA7H         LINE#         1051
  C:3BB1H         LINE#         1052
  C:3BB9H         LINE#         1053
  C:3BB9H         LINE#         1054
  C:3BB9H         LINE#         1055
  C:3BBCH         LINE#         1056
  -------         ENDPROC       _FUN_SJHZ
BL51 BANKED LINKER/LOCATER V6.22                                                      10/26/2015  19:16:54  PAGE 26


  -------         PROC          _FUN_PYSJHZ
  X:0313H         SYMBOL        par_pymodel
  X:0314H         SYMBOL        par_sjmodel
  X:0315H         SYMBOL        par_hzmodel
  -------         DO            
  X:0316H         SYMBOL        loc_sjdelay
  X:031AH         SYMBOL        loc_hzdelay
  X:031EH         SYMBOL        loc_sjcgq
  X:031FH         SYMBOL        loc_hzcgq
  X:0320H         SYMBOL        loc_hzflag
  B:0022H.0       SYMBOL        loc_pyflag
  -------         ENDDO         
  C:31E8H         LINE#         1057
  C:31F3H         LINE#         1058
  C:31FBH         LINE#         1059
  C:3205H         LINE#         1060
  C:320AH         LINE#         1061
  C:320CH         LINE#         1062
  C:320EH         LINE#         1063
  C:3210H         LINE#         1064
  C:321BH         LINE#         1065
  C:322DH         LINE#         1066
  C:322DH         LINE#         1067
  C:3239H         LINE#         1068
  C:3239H         LINE#         1069
  C:3239H         LINE#         1070
  C:3239H         LINE#         1071
  C:323BH         LINE#         1072
  C:323BH         LINE#         1073
  C:323BH         LINE#         1074
  C:323BH         LINE#         1075
  C:323DH         LINE#         1076
  C:323DH         LINE#         1077
  C:323DH         LINE#         1078
  C:323DH         LINE#         1079
  C:323FH         LINE#         1080
  C:323FH         LINE#         1081
  C:323FH         LINE#         1082
  C:323FH         LINE#         1083
  C:323FH         LINE#         1084
  C:323FH         LINE#         1085
  C:324EH         LINE#         1086
  C:324EH         LINE#         1087
  C:324EH         LINE#         1088
  C:324EH         LINE#         1089
  C:3250H         LINE#         1090
  C:3250H         LINE#         1091
  C:3250H         LINE#         1092
  C:3250H         LINE#         1093
  C:3252H         LINE#         1094
  C:3252H         LINE#         1095
  C:3252H         LINE#         1096
  C:3252H         LINE#         1097
  C:3254H         LINE#         1098
  C:3254H         LINE#         1099
  C:3254H         LINE#         1100
  C:3254H         LINE#         1101
BL51 BANKED LINKER/LOCATER V6.22                                                      10/26/2015  19:16:54  PAGE 27


  C:3254H         LINE#         1102
  C:3254H         LINE#         1103
  C:3264H         LINE#         1104
  C:3264H         LINE#         1105
  C:3264H         LINE#         1106
  C:3264H         LINE#         1107
  C:3266H         LINE#         1108
  C:3266H         LINE#         1109
  C:3266H         LINE#         1110
  C:3266H         LINE#         1111
  C:3268H         LINE#         1112
  C:3268H         LINE#         1113
  C:326AH         LINE#         1114
  C:326AH         LINE#         1115
  C:326CH         LINE#         1116
  C:326CH         LINE#         1117
  C:326CH         LINE#         1118
  C:326CH         LINE#         1119
  C:326CH         LINE#         1120
  C:326CH         LINE#         1121
  C:327BH         LINE#         1122
  C:327BH         LINE#         1123
  C:327DH         LINE#         1124
  C:327DH         LINE#         1125
  C:327FH         LINE#         1126
  C:327FH         LINE#         1127
  C:3286H         LINE#         1128
  C:328CH         LINE#         1129
  C:328EH         LINE#         1130
  C:328EH         LINE#         1131
  C:3295H         LINE#         1132
  C:329BH         LINE#         1133
  C:329BH         LINE#         1134
  C:329BH         LINE#         1135
  C:329BH         LINE#         1136
  C:329BH         LINE#         1137
  C:329BH         LINE#         1138
  C:329BH         LINE#         1139
  C:329BH         LINE#         1140
  C:329BH         LINE#         1141
  C:32B3H         LINE#         1142
  C:32B3H         LINE#         1143
  C:32C0H         LINE#         1144
  C:32D0H         LINE#         1145
  C:32D3H         LINE#         1146
  C:32D6H         LINE#         1147
  C:32EBH         LINE#         1148
  C:330FH         LINE#         1149
  C:330FH         LINE#         1150
  C:3346H         LINE#         1151
  C:3346H         LINE#         1152
  C:3348H         LINE#         1153
  C:3351H         LINE#         1154
  C:3357H         LINE#         1155
  C:3357H         LINE#         1156
  C:3357H         LINE#         1157
  C:3357H         LINE#         1158
BL51 BANKED LINKER/LOCATER V6.22                                                      10/26/2015  19:16:54  PAGE 28


  C:335AH         LINE#         1159
  C:335AH         LINE#         1160
  C:335CH         LINE#         1161
  C:3365H         LINE#         1162
  C:3373H         LINE#         1163
  C:3373H         LINE#         1164
  C:3373H         LINE#         1165
  C:3373H         LINE#         1166
  C:3376H         LINE#         1167
  C:3376H         LINE#         1168
  C:3378H         LINE#         1169
  C:3381H         LINE#         1170
  C:3387H         LINE#         1171
  C:3387H         LINE#         1172
  C:3387H         LINE#         1173
  C:3387H         LINE#         1174
  C:338AH         LINE#         1175
  C:338AH         LINE#         1176
  C:338CH         LINE#         1177
  C:3395H         LINE#         1178
  C:339EH         LINE#         1179
  C:339EH         LINE#         1180
  C:339EH         LINE#         1181
  C:339EH         LINE#         1182
  C:33A0H         LINE#         1183
  C:33A0H         LINE#         1184
  C:33A2H         LINE#         1185
  C:33ABH         LINE#         1186
  C:33B1H         LINE#         1187
  C:33B1H         LINE#         1188
  C:33B1H         LINE#         1189
  C:33B1H         LINE#         1190
  C:33B3H         LINE#         1191
  C:33B3H         LINE#         1192
  C:33B5H         LINE#         1193
  C:33BEH         LINE#         1194
  C:33C7H         LINE#         1195
  C:33C7H         LINE#         1196
  C:33C7H         LINE#         1197
  C:33C7H         LINE#         1198
  C:33C9H         LINE#         1199
  C:33C9H         LINE#         1200
  C:33CBH         LINE#         1201
  C:33D4H         LINE#         1202
  C:33DAH         LINE#         1203
  C:33DAH         LINE#         1204
  C:33DAH         LINE#         1205
  C:33DAH         LINE#         1206
  C:33DCH         LINE#         1207
  C:33DCH         LINE#         1208
  C:33DEH         LINE#         1209
  C:33E7H         LINE#         1210
  C:33F5H         LINE#         1211
  C:33F8H         LINE#         1212
  C:33F8H         LINE#         1213
  C:33F8H         LINE#         1214
  C:33FAH         LINE#         1215
BL51 BANKED LINKER/LOCATER V6.22                                                      10/26/2015  19:16:54  PAGE 29


  C:33FAH         LINE#         1216
  C:33FCH         LINE#         1217
  C:3405H         LINE#         1218
  C:340BH         LINE#         1219
  C:3429H         LINE#         1220
  C:342FH         LINE#         1221
  C:342FH         LINE#         1222
  C:3432H         LINE#         1223
  C:3432H         LINE#         1224
  C:3432H         LINE#         1225
  C:3432H         LINE#         1226
  C:3432H         LINE#         1227
  C:3432H         LINE#         1228
  C:3451H         LINE#         1229
  C:3458H         LINE#         1230
  C:345DH         LINE#         1231
  C:3460H         LINE#         1232
  C:3468H         LINE#         1233
  C:3468H         LINE#         1234
  C:346BH         LINE#         1235
  C:346BH         LINE#         1236
  C:3472H         LINE#         1237
  C:3476H         LINE#         1238
  C:347DH         LINE#         1239
  C:3484H         LINE#         1240
  C:348AH         LINE#         1241
  C:348DH         LINE#         1242
  C:348DH         LINE#         1243
  C:3498H         LINE#         1244
  C:34B3H         LINE#         1245
  C:34B9H         LINE#         1246
  C:34B9H         LINE#         1247
  C:34C1H         LINE#         1248
  C:34DCH         LINE#         1249
  C:34E2H         LINE#         1250
  C:34E2H         LINE#         1251
  C:34E4H         LINE#         1252
  C:34E4H         LINE#         1253
  C:3500H         LINE#         1254
  C:3507H         LINE#         1255
  C:350CH         LINE#         1256
  C:3514H         LINE#         1257
  C:3514H         LINE#         1258
  C:3514H         LINE#         1259
  C:3514H         LINE#         1260
  C:3514H         LINE#         1261
  C:3514H         LINE#         1262
  C:3533H         LINE#         1263
  C:3539H         LINE#         1264
  C:353BH         LINE#         1265
  C:3544H         LINE#         1266
  C:3547H         LINE#         1267
  C:354BH         LINE#         1268
  C:354EH         LINE#         1269
  C:3559H         LINE#         1270
  C:355FH         LINE#         1271
  C:3562H         LINE#         1272
BL51 BANKED LINKER/LOCATER V6.22                                                      10/26/2015  19:16:54  PAGE 30


  C:3562H         LINE#         1273
  C:3565H         LINE#         1274
  C:3565H         LINE#         1275
  C:356CH         LINE#         1276
  C:3576H         LINE#         1277
  C:357EH         LINE#         1278
  C:357EH         LINE#         1279
  C:357EH         LINE#         1280
  C:3581H         LINE#         1281
  -------         ENDPROC       _FUN_PYSJHZ
  -------         PROC          FUN_JTJP
  C:540FH         LINE#         1282
  C:540FH         LINE#         1283
  C:540FH         LINE#         1284
  C:542DH         LINE#         1285
  C:5436H         LINE#         1286
  C:543DH         LINE#         1288
  C:543DH         LINE#         1289
  C:5440H         LINE#         1290
  C:5447H         LINE#         1291
  C:5449H         LINE#         1292
  C:544BH         LINE#         1293
  C:544EH         LINE#         1294
  C:5455H         LINE#         1295
  C:545CH         LINE#         1296
  C:545CH         LINE#         1297
  C:5462H         LINE#         1298
  C:5469H         LINE#         1299
  C:546BH         LINE#         1300
  C:546DH         LINE#         1301
  C:5473H         LINE#         1302
  C:547AH         LINE#         1303
  C:5481H         LINE#         1304
  C:5481H         LINE#         1305
  C:5487H         LINE#         1306
  C:548EH         LINE#         1307
  C:5490H         LINE#         1308
  C:5492H         LINE#         1309
  C:5498H         LINE#         1310
  C:549FH         LINE#         1311
  C:54A6H         LINE#         1312
  C:54A6H         LINE#         1313
  C:54AFH         LINE#         1314
  -------         ENDPROC       FUN_JTJP
  -------         PROC          FUN_TIMERMOVE
  -------         DO            
  D:001BH         SYMBOL        loc_con
  D:0017H         SYMBOL        loc_sdl
  D:0019H         SYMBOL        loc_sdr
  -------         ENDDO         
  C:280EH         LINE#         1316
  C:280EH         LINE#         1319
  C:2833H         LINE#         1320
  C:2833H         LINE#         1321
  C:283BH         LINE#         1322
  C:2841H         LINE#         1323
  C:2850H         LINE#         1324
BL51 BANKED LINKER/LOCATER V6.22                                                      10/26/2015  19:16:54  PAGE 31


  C:285EH         LINE#         1325
  C:285FH         LINE#         1326
  C:285FH         LINE#         1327
  C:2875H         LINE#         1328
  C:288DH         LINE#         1329
  C:2893H         LINE#         1330
  C:289BH         LINE#         1331
  C:289EH         LINE#         1332
  C:28A5H         LINE#         1333
  C:28A8H         LINE#         1334
  C:28BBH         LINE#         1335
  C:28BBH         LINE#         1336
  C:28BBH         LINE#         1338
  C:28CBH         LINE#         1339
  C:28D1H         LINE#         1340
  C:28ECH         LINE#         1341
  C:2907H         LINE#         1342
  C:2907H         LINE#         1343
  C:290DH         LINE#         1344
  C:2928H         LINE#         1345
  C:2943H         LINE#         1346
  C:2943H         LINE#         1347
  C:2949H         LINE#         1348
  C:2969H         LINE#         1349
  C:2989H         LINE#         1350
  C:2989H         LINE#         1351
  C:298FH         LINE#         1352
  C:29AFH         LINE#         1353
  C:29CFH         LINE#         1354
  C:29CFH         LINE#         1355
  C:29D5H         LINE#         1356
  C:29F5H         LINE#         1357
  C:2A15H         LINE#         1358
  C:2A15H         LINE#         1359
  C:2A1EH         LINE#         1360
  C:2A3EH         LINE#         1361
  C:2A5EH         LINE#         1362
  C:2A5EH         LINE#         1363
  C:2A5EH         LINE#         1364
  C:2A5EH         LINE#         1365
  C:2A5EH         LINE#         1366
  C:2A61H         LINE#         1367
  C:2A61H         LINE#         1368
  C:2A6BH         LINE#         1369
  C:2A70H         LINE#         1370
  C:2A70H         LINE#         1371
  C:2A73H         LINE#         1372
  C:2A73H         LINE#         1373
  C:2A88H         LINE#         1374
  C:2A88H         LINE#         1375
  C:2AABH         LINE#         1376
  C:2AABH         LINE#         1377
  C:2AB9H         LINE#         1378
  C:2AC8H         LINE#         1379
  C:2AC8H         LINE#         1380
  C:2ACAH         LINE#         1381
  C:2ACAH         LINE#         1382
BL51 BANKED LINKER/LOCATER V6.22                                                      10/26/2015  19:16:54  PAGE 32


  C:2ACDH         LINE#         1383
  C:2ADBH         LINE#         1384
  C:2ADEH         LINE#         1385
  C:2AE0H         LINE#         1386
  C:2AE0H         LINE#         1387
  C:2AEEH         LINE#         1388
  C:2B03H         LINE#         1389
  C:2B06H         LINE#         1390
  C:2B08H         LINE#         1391
  C:2B08H         LINE#         1392
  C:2B0BH         LINE#         1393
  C:2B19H         LINE#         1394
  C:2B37H         LINE#         1395
  C:2B37H         LINE#         1396
  C:2B37H         LINE#         1397
  C:2B39H         LINE#         1398
  C:2B3AH         LINE#         1399
  C:2B3AH         LINE#         1400
  C:2B59H         LINE#         1401
  C:2B5BH         LINE#         1402
  C:2B5CH         LINE#         1403
  C:2B5CH         LINE#         1404
  C:2B65H         LINE#         1405
  C:2B65H         LINE#         1406
  C:2B65H         LINE#         1407
  C:2B65H         LINE#         1408
  C:2B65H         LINE#         1409
  C:2B65H         LINE#         1410
  C:2B67H         LINE#         1411
  C:2B67H         LINE#         1412
  C:2B67H         LINE#         1413
  C:2B67H         LINE#         1414
  C:2B72H         LINE#         1415
  C:2B72H         LINE#         1416
  C:2BABH         LINE#         1417
  C:2BADH         LINE#         1418
  C:2BAEH         LINE#         1419
  C:2BAEH         LINE#         1420
  C:2BCAH         LINE#         1421
  C:2BD2H         LINE#         1422
  C:2BDCH         LINE#         1423
  C:2BE6H         LINE#         1424
  C:2BE9H         LINE#         1425
  C:2BEAH         LINE#         1426
  C:2BEAH         LINE#         1427
  C:2BFAH         LINE#         1428
  C:2C00H         LINE#         1429
  C:2C19H         LINE#         1430
  C:2C33H         LINE#         1431
  C:2C33H         LINE#         1432
  C:2C39H         LINE#         1433
  C:2C53H         LINE#         1434
  C:2C6CH         LINE#         1435
  C:2C6CH         LINE#         1436
  C:2C72H         LINE#         1437
  C:2C8CH         LINE#         1438
  C:2CA6H         LINE#         1439
BL51 BANKED LINKER/LOCATER V6.22                                                      10/26/2015  19:16:54  PAGE 33


  C:2CA6H         LINE#         1440
  C:2CACH         LINE#         1441
  C:2CC6H         LINE#         1442
  C:2CE0H         LINE#         1443
  C:2CE0H         LINE#         1444
  C:2CE6H         LINE#         1445
  C:2CFFH         LINE#         1446
  C:2D19H         LINE#         1447
  C:2D19H         LINE#         1448
  C:2D1FH         LINE#         1449
  C:2D39H         LINE#         1450
  C:2D52H         LINE#         1451
  C:2D52H         LINE#         1452
  C:2D5BH         LINE#         1453
  C:2D64H         LINE#         1454
  C:2D64H         LINE#         1455
  C:2D64H         LINE#         1456
  C:2D64H         LINE#         1457
  C:2D64H         LINE#         1458
  C:2D64H         LINE#         1459
  C:2D64H         LINE#         1460
  C:2D64H         LINE#         1461
  -------         ENDPROC       FUN_TIMERMOVE
  -------         PROC          _FUN_FLSETTING
  X:02B9H         SYMBOL        par_gospeed
  X:02BAH         SYMBOL        par_turnspeed
  X:02BBH         SYMBOL        par_cachespeed
  -------         DO            
  X:02BCH         SYMBOL        ellipsis_40
  X:02E4H         SYMBOL        loc_argp
  D:0007H         SYMBOL        loc_step
  D:0006H         SYMBOL        loc_con
  -------         ENDDO         
  C:5656H         LINE#         1462
  C:5661H         LINE#         1464
  C:5663H         LINE#         1466
  C:566FH         LINE#         1467
  C:5671H         LINE#         1468
  C:5676H         LINE#         1469
  C:5685H         LINE#         1470
  C:5699H         LINE#         1471
  C:569BH         LINE#         1472
  C:56A8H         LINE#         1475
  C:56AEH         LINE#         1476
  C:56BCH         LINE#         1477
  C:56C4H         LINE#         1478
  C:56CCH         LINE#         1479
  C:56D4H         LINE#         1480
  C:56D8H         LINE#         1481
  -------         ENDPROC       _FUN_FLSETTING
  -------         PROC          _FUN_FOLLINE
  D:0007H         SYMBOL        par_con
  X:0337H         SYMBOL        par_speed
  -------         DO            
  X:0338H         SYMBOL        loc_con
  X:0339H         SYMBOL        loc_sdr
  X:033AH         SYMBOL        loc_sdl
BL51 BANKED LINKER/LOCATER V6.22                                                      10/26/2015  19:16:54  PAGE 34


  X:033BH         SYMBOL        loc_online
  -------         ENDDO         
  C:46AFH         LINE#         1482
  C:46B4H         LINE#         1483
  C:46B7H         LINE#         1486
  C:46C0H         LINE#         1487
  C:46D8H         LINE#         1488
  C:46DEH         LINE#         1489
  C:46E8H         LINE#         1490
  C:46EAH         LINE#         1491
  C:46F1H         LINE#         1492
  C:46F4H         LINE#         1493
  C:46FAH         LINE#         1494
  C:46FCH         LINE#         1495
  C:46FCH         LINE#         1497
  C:4708H         LINE#         1498
  C:470EH         LINE#         1499
  C:471AH         LINE#         1500
  C:4732H         LINE#         1501
  C:4732H         LINE#         1502
  C:4738H         LINE#         1503
  C:4750H         LINE#         1504
  C:475EH         LINE#         1505
  C:475EH         LINE#         1506
  C:4764H         LINE#         1507
  C:4776H         LINE#         1508
  C:4794H         LINE#         1509
  C:4794H         LINE#         1510
  C:479AH         LINE#         1511
  C:47B8H         LINE#         1512
  C:47CAH         LINE#         1513
  C:47CAH         LINE#         1514
  C:47D0H         LINE#         1515
  C:47E2H         LINE#         1516
  C:4800H         LINE#         1517
  C:4800H         LINE#         1518
  C:4806H         LINE#         1519
  C:4824H         LINE#         1520
  C:4836H         LINE#         1521
  C:4836H         LINE#         1522
  C:4840H         LINE#         1523
  C:484AH         LINE#         1524
  C:484FH         LINE#         1525
  C:484FH         LINE#         1526
  C:4852H         LINE#         1527
  -------         ENDPROC       _FUN_FOLLINE
  -------         PROC          _FUN_TURN
  D:0007H         SYMBOL        par_model
  X:034BH         SYMBOL        par_speed
  C:56D9H         LINE#         1529
  C:56DEH         LINE#         1530
  C:56EEH         LINE#         1531
  C:56EEH         LINE#         1532
  C:56F8H         LINE#         1533
  C:56FEH         LINE#         1534
  C:56FEH         LINE#         1535
  C:5700H         LINE#         1536
BL51 BANKED LINKER/LOCATER V6.22                                                      10/26/2015  19:16:54  PAGE 35


  C:5700H         LINE#         1537
  C:5703H         LINE#         1538
  C:570DH         LINE#         1539
  C:5710H         LINE#         1540
  C:5712H         LINE#         1541
  C:5712H         LINE#         1542
  C:571CH         LINE#         1543
  C:5728H         LINE#         1544
  C:572BH         LINE#         1545
  C:572DH         LINE#         1546
  C:572DH         LINE#         1547
  C:5730H         LINE#         1548
  C:573AH         LINE#         1549
  C:5747H         LINE#         1550
  C:5747H         LINE#         1551
  C:5747H         LINE#         1552
  C:574DH         LINE#         1553
  -------         ENDPROC       _FUN_TURN
  -------         PROC          _FUN_QC
  D:0007H         SYMBOL        par_time
  X:0340H         SYMBOL        par_speed
[...]
  C:4B3AH         LINE#         2533
  C:4B3AH         LINE#         2534
  C:4B3AH         LINE#         2535
  C:4B3AH         LINE#         2536
  C:4B3AH         LINE#         2537
  C:4B42H         LINE#         2538
  C:4B54H         LINE#         2539
  C:4B54H         LINE#         2540
  C:4B54H         LINE#         2541
  C:4B56H         LINE#         2542
  C:4B56H         LINE#         2543
  C:4B58H         LINE#         2544
  C:4B5AH         LINE#         2545
  C:4B5AH         LINE#         2546
BL51 BANKED LINKER/LOCATER V6.22                                                      10/26/2015  19:16:54  PAGE 53


  C:4B5CH         LINE#         2547
  C:4B5EH         LINE#         2548
  C:4B5EH         LINE#         2549
  C:4B60H         LINE#         2550
  C:4B62H         LINE#         2551
  C:4B62H         LINE#         2552
  C:4B64H         LINE#         2553
  C:4B66H         LINE#         2554
  C:4B66H         LINE#         2555
  C:4B71H         LINE#         2556
  C:4B75H         LINE#         2557
  C:4B80H         LINE#         2558
  C:4B85H         LINE#         2559
  C:4B85H         LINE#         2560
  C:4B85H         LINE#         2561
  C:4B85H         LINE#         2562
  -------         ENDPROC       _FUN_ZJZT
  -------         PROC          _FUN_NAJIAN
  X:032EH         SYMBOL        par_now
  X:032FH         SYMBOL        par_next
  X:0330H         SYMBOL        par_high
  X:0333H         SYMBOL        par_data
  -------         DO            
  X:0336H         SYMBOL        loc_high
  -------         ENDDO         
  C:10EEH         LINE#         2563
  C:10FFH         LINE#         2568
  C:114DH         LINE#         2570
  C:1162H         LINE#         2571
  C:116AH         LINE#         2572
  C:1192H         LINE#         2573
  C:119DH         LINE#         2574
  C:119DH         LINE#         2575
  C:119FH         LINE#         2576
  C:11BAH         LINE#         2577
  C:11C2H         LINE#         2578
  C:11F3H         LINE#         2579
  C:11FBH         LINE#         2580
  C:1255H         LINE#         2581
  C:1255H         LINE#         2583
  C:125FH         LINE#         2585
  C:127CH         LINE#         2587
  C:1281H         LINE#         2589
  C:12ADH         LINE#         2590
  C:12ADH         LINE#         2591
  C:12DEH         LINE#         2592
  C:12DEH         LINE#         2593
  C:12F4H         LINE#         2594
  C:12F7H         LINE#         2595
  C:12F7H         LINE#         2596
  C:12F7H         LINE#         2597
  C:12F9H         LINE#         2598
  C:12F9H         LINE#         2599
  C:1321H         LINE#         2600
  C:1324H         LINE#         2601
  C:1324H         LINE#         2602
  C:134CH         LINE#         2603
BL51 BANKED LINKER/LOCATER V6.22                                                      10/26/2015  19:16:54  PAGE 54


  C:134FH         LINE#         2604
  C:134FH         LINE#         2605
  C:134FH         LINE#         2606
  C:1351H         LINE#         2607
  C:1351H         LINE#         2608
  C:1379H         LINE#         2609
  C:137CH         LINE#         2610
  C:137CH         LINE#         2611
  C:13A4H         LINE#         2612
  C:13A7H         LINE#         2613
  C:13A7H         LINE#         2614
  C:13A7H         LINE#         2615
  C:13A7H         LINE#         2616
  C:13A7H         LINE#         2617
  C:13A7H         LINE#         2618
  C:13D3H         LINE#         2619
  C:13D3H         LINE#         2620
  C:13FAH         LINE#         2621
  C:13FDH         LINE#         2622
  C:13FDH         LINE#         2623
  C:1428H         LINE#         2624
  C:142BH         LINE#         2625
  C:142BH         LINE#         2626
  C:1453H         LINE#         2627
  C:1456H         LINE#         2628
  C:1456H         LINE#         2629
  C:147EH         LINE#         2630
  C:1481H         LINE#         2631
  C:1481H         LINE#         2632
  C:14ACH         LINE#         2633
  C:14AFH         LINE#         2634
  C:14AFH         LINE#         2635
  C:14DAH         LINE#         2636
  C:14DDH         LINE#         2637
  C:14DDH         LINE#         2638
  C:1505H         LINE#         2639
  C:1508H         LINE#         2640
  C:1508H         LINE#         2641
  C:1508H         LINE#         2642
  C:1508H         LINE#         2643
  C:1508H         LINE#         2644
  C:1508H         LINE#         2645
  C:1534H         LINE#         2646
  C:1534H         LINE#         2647
  C:1534H         LINE#         2648
  C:1537H         LINE#         2649
  C:1537H         LINE#         2650
  C:1562H         LINE#         2651
  C:1565H         LINE#         2652
  C:1565H         LINE#         2653
  C:1590H         LINE#         2654
  C:1593H         LINE#         2655
  C:1593H         LINE#         2656
  C:15BBH         LINE#         2657
  C:15BEH         LINE#         2658
  C:15BEH         LINE#         2659
  C:15E9H         LINE#         2660
BL51 BANKED LINKER/LOCATER V6.22                                                      10/26/2015  19:16:54  PAGE 55


  C:15ECH         LINE#         2661
  C:15ECH         LINE#         2662
  C:1617H         LINE#         2663
  C:161AH         LINE#         2664
  C:161AH         LINE#         2665
  C:1642H         LINE#         2666
  C:1645H         LINE#         2667
  C:1645H         LINE#         2668
  C:1645H         LINE#         2669
  C:1645H         LINE#         2670
  C:1645H         LINE#         2671
  C:1645H         LINE#         2672
  C:1671H         LINE#         2673
  C:1671H         LINE#         2674
  C:1699H         LINE#         2675
  C:169CH         LINE#         2676
  C:169CH         LINE#         2677
  C:16C4H         LINE#         2678
  C:16C7H         LINE#         2679
  C:16C7H         LINE#         2680
  C:16F2H         LINE#         2681
  C:16F5H         LINE#         2682
  C:16F5H         LINE#         2683
  C:1727H         LINE#         2684
  C:172AH         LINE#         2685
  C:172AH         LINE#         2686
  C:1752H         LINE#         2687
  C:1755H         LINE#         2688
  C:1755H         LINE#         2689
  C:177DH         LINE#         2690
  C:1780H         LINE#         2691
  C:1780H         LINE#         2692
  C:17B2H         LINE#         2693
  C:17B5H         LINE#         2694
  C:17B5H         LINE#         2695
  C:17B5H         LINE#         2696
  C:17B5H         LINE#         2697
  C:17B5H         LINE#         2698
  C:17B5H         LINE#         2699
  C:17E1H         LINE#         2700
  C:17E1H         LINE#         2701
  C:1809H         LINE#         2702
  C:180CH         LINE#         2703
  C:180CH         LINE#         2704
  C:1834H         LINE#         2705
  C:1837H         LINE#         2706
  C:1837H         LINE#         2707
  C:185FH         LINE#         2708
  C:1862H         LINE#         2709
  C:1862H         LINE#         2710
  C:1894H         LINE#         2711
  C:1897H         LINE#         2712
  C:1897H         LINE#         2713
  C:18C2H         LINE#         2714
  C:18C5H         LINE#         2715
  C:18C5H         LINE#         2716
  C:18EDH         LINE#         2717
BL51 BANKED LINKER/LOCATER V6.22                                                      10/26/2015  19:16:54  PAGE 56


  C:18F0H         LINE#         2718
  C:18F0H         LINE#         2719
  C:1922H         LINE#         2720
  C:1925H         LINE#         2721
  C:1925H         LINE#         2722
  C:1925H         LINE#         2723
  C:1925H         LINE#         2724
  C:1925H         LINE#         2725
  C:1925H         LINE#         2726
  C:1951H         LINE#         2727
  C:1951H         LINE#         2728
  C:1951H         LINE#         2729
  C:1954H         LINE#         2730
  C:1954H         LINE#         2731
  C:197FH         LINE#         2732
  C:1982H         LINE#         2733
  C:1982H         LINE#         2734
  C:19ADH         LINE#         2735
  C:19B0H         LINE#         2736
  C:19B0H         LINE#         2737
  C:19D8H         LINE#         2738
  C:19DBH         LINE#         2739
  C:19DBH         LINE#         2740
  C:1A06H         LINE#         2741
  C:1A09H         LINE#         2742
  C:1A09H         LINE#         2743
  C:1A34H         LINE#         2744
  C:1A37H         LINE#         2745
  C:1A37H         LINE#         2746
  C:1A5FH         LINE#         2747
  C:1A62H         LINE#         2748
  C:1A62H         LINE#         2749
  C:1A62H         LINE#         2750
  C:1A62H         LINE#         2751
  C:1A62H         LINE#         2752
  C:1A62H         LINE#         2753
  C:1A8EH         LINE#         2754
  C:1A8EH         LINE#         2755
  C:1ABFH         LINE#         2756
  C:1AC2H         LINE#         2757
  C:1AC2H         LINE#         2758
  C:1AEDH         LINE#         2759
  C:1AF0H         LINE#         2760
  C:1AF0H         LINE#         2761
  C:1B1BH         LINE#         2762
  C:1B1EH         LINE#         2763
  C:1B1EH         LINE#         2764
  C:1B53H         LINE#         2765
  C:1B56H         LINE#         2766
  C:1B56H         LINE#         2767
  C:1B8BH         LINE#         2768
  C:1B8EH         LINE#         2769
  C:1B8EH         LINE#         2770
  C:1BB9H         LINE#         2771
  C:1BBCH         LINE#         2772
  C:1BBCH         LINE#         2773
  C:1BE7H         LINE#         2774
BL51 BANKED LINKER/LOCATER V6.22                                                      10/26/2015  19:16:54  PAGE 57


  C:1BEAH         LINE#         2775
  C:1BEAH         LINE#         2776
  C:1BEAH         LINE#         2777
  C:1BEAH         LINE#         2778
  C:1BEAH         LINE#         2779
  C:1BEAH         LINE#         2780
  C:1C13H         LINE#         2781
  C:1C13H         LINE#         2782
  C:1C4EH         LINE#         2783
  C:1C51H         LINE#         2784
  C:1C51H         LINE#         2785
  C:1C86H         LINE#         2786
  C:1C89H         LINE#         2787
  C:1C89H         LINE#         2788
  C:1CBEH         LINE#         2789
  C:1CC1H         LINE#         2790
  C:1CC1H         LINE#         2791
  C:1D00H         LINE#         2792
  C:1D02H         LINE#         2793
  C:1D02H         LINE#         2794
  C:1D4AH         LINE#         2795
  C:1D4CH         LINE#         2796
  C:1D4CH         LINE#         2797
  C:1D8AH         LINE#         2798
  C:1D8CH         LINE#         2799
  C:1D8CH         LINE#         2800
  C:1DD3H         LINE#         2801
  C:1DD3H         LINE#         2802
  C:1DD3H         LINE#         2803
  C:1DD3H         LINE#         2804
  C:1DD3H         LINE#         2805
  C:1DD3H         LINE#         2806
  C:1DD3H         LINE#         2807
  C:1DD3H         LINE#         2808
  C:1DD3H         LINE#         2810
  C:1DDDH         LINE#         2812
  C:1DF7H         LINE#         2814
  C:1DFCH         LINE#         2818
  C:1E85H         LINE#         2819
  C:1EC4H         LINE#         2820
  C:1EDDH         LINE#         2821
  -------         ENDPROC       _FUN_NAJIAN
  -------         PROC          FUN_ZHUAJIAN
  C:51D8H         LINE#         2823
  C:51D8H         LINE#         2824
  C:51DDH         LINE#         2825
  C:51E2H         LINE#         2826
  C:51E7H         LINE#         2827
  C:51EFH         LINE#         2828
  C:51F4H         LINE#         2830
  C:51FBH         LINE#         2831
  C:5202H         LINE#         2832
  C:5209H         LINE#         2833
  C:5210H         LINE#         2834
  C:5228H         LINE#         2835
  C:5234H         LINE#         2836
  C:523BH         LINE#         2837
BL51 BANKED LINKER/LOCATER V6.22                                                      10/26/2015  19:16:54  PAGE 58


  C:5244H         LINE#         2838
  C:524BH         LINE#         2839
  C:524DH         LINE#         2840
  C:524DH         LINE#         2841
  C:524DH         LINE#         2842
  C:524DH         LINE#         2843
  C:524FH         LINE#         2844
  C:525BH         LINE#         2845
  C:5262H         LINE#         2846
  C:526BH         LINE#         2847
  C:5272H         LINE#         2848
  C:5279H         LINE#         2849
  C:5282H         LINE#         2850
  C:5289H         LINE#         2851
  C:5292H         LINE#         2852
  C:5292H         LINE#         2853
  C:5299H         LINE#         2854
  C:529CH         LINE#         2855
  -------         ENDPROC       FUN_ZHUAJIAN
  -------         PROC          FUN_BACK
  C:58C8H         LINE#         2857
  C:58C8H         LINE#         2858
  C:58CFH         LINE#         2859
  C:58D2H         LINE#         2861
  C:58D9H         LINE#         2862
  C:58E0H         LINE#         2863
  C:58E9H         LINE#         2865
  C:58F0H         LINE#         2866
  C:58F3H         LINE#         2867
  -------         ENDPROC       FUN_BACK
  -------         PROC          _FUN_START
  X:0287H         SYMBOL        par_x
  X:0288H         SYMBOL        par_y
  X:0289H         SYMBOL        par_ctfx
  X:028AH         SYMBOL        par_szzt
  X:028BH         SYMBOL        par_sjwz
  X:028CH         SYMBOL        par_pywz
  X:028DH         SYMBOL        par_hzfx
  C:52A3H         LINE#         2869
  C:52AEH         LINE#         2870
  C:52AEH         LINE#         2871
  C:52B1H         LINE#         2872
  C:52B4H         LINE#         2873
  C:52B6H         LINE#         2874
  C:52B8H         LINE#         2875
  C:52BBH         LINE#         2876
  C:52BEH         LINE#         2877
  C:52C1H         LINE#         2879
  C:52C3H         LINE#         2880
  C:52C5H         LINE#         2881
  C:52C7H         LINE#         2882
  C:52C9H         LINE#         2884
  C:52CCH         LINE#         2885
  C:52CEH         LINE#         2887
  C:52D1H         LINE#         2889
  C:52D4H         LINE#         2890
  C:52D7H         LINE#         2891
BL51 BANKED LINKER/LOCATER V6.22                                                      10/26/2015  19:16:54  PAGE 59


  C:52D9H         LINE#         2892
  C:52DBH         LINE#         2893
  C:52E4H         LINE#         2895
  C:52F1H         LINE#         2896
  C:5300H         LINE#         2897
  C:5305H         LINE#         2898
  C:5309H         LINE#         2900
  C:5311H         LINE#         2901
  C:5319H         LINE#         2902
  C:5321H         LINE#         2903
  C:5329H         LINE#         2904
  C:5331H         LINE#         2905
  C:5339H         LINE#         2906
  C:5341H         LINE#         2908
  C:5346H         LINE#         2909
  C:534CH         LINE#         2910
  C:5353H         LINE#         2911
  C:535AH         LINE#         2912
  C:5361H         LINE#         2913
  C:5368H         LINE#         2919
  -------         ENDPROC       _FUN_START
  -------         PROC          FUN_STOP
  C:5886H         LINE#         2922
  C:5886H         LINE#         2923
  C:5888H         LINE#         2924
  C:588DH         LINE#         2925
  C:5893H         LINE#         2926
  C:589AH         LINE#         2927
  C:58A1H         LINE#         2928
  C:58A8H         LINE#         2929
  C:58AFH         LINE#         2930
  C:58C6H         LINE#         2931
  -------         ENDPROC       FUN_STOP
  -------         ENDMOD        8023

  -------         MODULE        ?C?FPMUL
  C:1EEBH         PUBLIC        ?C?FPMUL
  -------         ENDMOD        ?C?FPMUL

  -------         MODULE        ?C?FCAST
  C:1FFBH         PUBLIC        ?C?FCASTC
  C:1FF6H         PUBLIC        ?C?FCASTI
  C:1FF1H         PUBLIC        ?C?FCASTL
  -------         ENDMOD        ?C?FCAST

  -------         MODULE        ?C?CASTF
  C:202FH         PUBLIC        ?C?CASTF
  -------         ENDMOD        ?C?CASTF

  -------         MODULE        PRINTF
  X:0287H         PUBLIC        ?_PRINTF?BYTE
  X:0287H         PUBLIC        ?_SPRINTF?BYTE
  C:2DD0H         PUBLIC        _PRINTF
  C:2DCAH         PUBLIC        _SPRINTF
  -------         ENDMOD        PRINTF

  -------         MODULE        ?C?FPROUND
BL51 BANKED LINKER/LOCATER V6.22                                                      10/26/2015  19:16:54  PAGE 60


  C:20B0H         PUBLIC        ?C?FPROUND
  -------         ENDMOD        ?C?FPROUND

  -------         MODULE        ?C?FPCONVERT
  C:20EDH         PUBLIC        ?C?FPCONVERT
  -------         ENDMOD        ?C?FPCONVERT

  -------         MODULE        ?C?FPADD
  C:21F9H         PUBLIC        ?C?FPADD
  C:21F5H         PUBLIC        ?C?FPSUB
  -------         ENDMOD        ?C?FPADD

  -------         MODULE        ?C?FPDIV
  C:22EDH         PUBLIC        ?C?FPDIV
  -------         ENDMOD        ?C?FPDIV

  -------         MODULE        ?C?FTNPWR
  C:23BAH         PUBLIC        ?C?FTNPWR
  -------         ENDMOD        ?C?FTNPWR

  -------         MODULE        ?C?COPY
  C:24CAH         PUBLIC        ?C?COPY
  -------         ENDMOD        ?C?COPY

  -------         MODULE        ?C?CLDPTR
  C:24F0H         PUBLIC        ?C?CLDPTR
  -------         ENDMOD        ?C?CLDPTR

  -------         MODULE        ?C?CLDOPTR
  C:2509H         PUBLIC        ?C?CLDOPTR
  -------         ENDMOD        ?C?CLDOPTR

  -------         MODULE        ?C?CILDOPTR
  C:2536H         PUBLIC        ?C?CILDOPTR
  -------         ENDMOD        ?C?CILDOPTR

  -------         MODULE        ?C?CSTPTR
  C:2569H         PUBLIC        ?C?CSTPTR
  -------         ENDMOD        ?C?CSTPTR

  -------         MODULE        ?C?CSTOPTR
  C:257BH         PUBLIC        ?C?CSTOPTR
  -------         ENDMOD        ?C?CSTOPTR

  -------         MODULE        ?C?IMUL
  C:259DH         PUBLIC        ?C?IMUL
  -------         ENDMOD        ?C?IMUL

  -------         MODULE        ?C?UIDIV
  C:25AFH         PUBLIC        ?C?UIDIV
  -------         ENDMOD        ?C?UIDIV

  -------         MODULE        ?C?SIDIV
  C:2604H         PUBLIC        ?C?SIDIV
  -------         ENDMOD        ?C?SIDIV

  -------         MODULE        ?C?IILDX
BL51 BANKED LINKER/LOCATER V6.22                                                      10/26/2015  19:16:54  PAGE 61


  C:263AH         PUBLIC        ?C?IILDX
  -------         ENDMOD        ?C?IILDX

  -------         MODULE        ?C?ILDIX
  C:2650H         PUBLIC        ?C?ILDIX
  -------         ENDMOD        ?C?ILDIX

  -------         MODULE        ?C?ULDIV
  C:26A2H         PUBLIC        ?C?ULDIV
  -------         ENDMOD        ?C?ULDIV

  -------         MODULE        ?C?LNEG
  C:2734H         PUBLIC        ?C?LNEG
  -------         ENDMOD        ?C?LNEG

  -------         MODULE        ?C?ULCMP
  C:2742H         PUBLIC        ?C?ULCMP
  -------         ENDMOD        ?C?ULCMP

  -------         MODULE        ?C?LSTXDATA
  C:2753H         PUBLIC        ?C?LSTXDATA
  -------         ENDMOD        ?C?LSTXDATA

  -------         MODULE        ?C?LSTKXDATA
  C:275FH         PUBLIC        ?C?LSTKXDATA
  -------         ENDMOD        ?C?LSTKXDATA

  -------         MODULE        ?C?OFFXADD
  C:2790H         PUBLIC        ?C?OFFXADD
  -------         ENDMOD        ?C?OFFXADD

  -------         MODULE        ?C?PLDIXDATA
  C:279CH         PUBLIC        ?C?PLDIXDATA
  -------         ENDMOD        ?C?PLDIXDATA

  -------         MODULE        ?C?PSTXDATA
  C:27B3H         PUBLIC        ?C?PSTXDATA
  -------         ENDMOD        ?C?PSTXDATA

  -------         MODULE        ?C?CCASE
  C:27BCH         PUBLIC        ?C?CCASE
  -------         ENDMOD        ?C?CCASE

  -------         MODULE        PUTCHAR
  C:5929H         PUBLIC        _PUTCHAR
  -------         ENDMOD        PUTCHAR

  -------         MODULE        CABS
  C:5AD6H         PUBLIC        _CABS
  -------         ENDMOD        CABS

  -------         MODULE        ?C?MEMSET
  C:27E2H         PUBLIC        ?C?MEMSET
  -------         ENDMOD        ?C?MEMSET

Program Size: data=35.1 xdata=844 code=23266
LINK/LOCATE RUN COMPLETE.  0 WARNING(S),  0 ERROR(S)
