BL51 BANKED LINKER/LOCATER V6.22                                                        10/26/2015  13:00:19  PAGE 1


BL51 BANKED LINKER/LOCATER V6.22, INVOKED BY:
D:\MYPROGRAM\KEIL\C51\BIN\BL51.EXE STARTUP.obj, perfect.obj, ..\8023.LIB TO perfect RAMSIZE (256) DISABLEWARNING (16)


MEMORY MODEL: LARGE WITH FLOATING POINT ARITHMETIC


INPUT MODULES INCLUDED:
  STARTUP.obj (?C_STARTUP)
  perfect.obj (PERFECT)
  ..\8023.LIB (8023)
  D:\MYPROGRAM\KEIL\C51\LIB\C51FPL.LIB (?C?FPMUL)
  D:\MYPROGRAM\KEIL\C51\LIB\C51FPL.LIB (?C?FCAST)
  D:\MYPROGRAM\KEIL\C51\LIB\C51FPL.LIB (?C?CASTF)
  D:\MYPROGRAM\KEIL\C51\LIB\C51FPL.LIB (PRINTF)
  D:\MYPROGRAM\KEIL\C51\LIB\C51FPL.LIB (?C?FPGETOPN)
  D:\MYPROGRAM\KEIL\C51\LIB\C51FPL.LIB (?C?FPROUND)
  D:\MYPROGRAM\KEIL\C51\LIB\C51FPL.LIB (?C?FPCONVERT)
  D:\MYPROGRAM\KEIL\C51\LIB\C51FPL.LIB (?C?FPADD)
  D:\MYPROGRAM\KEIL\C51\LIB\C51FPL.LIB (?C?FPDIV)
  D:\MYPROGRAM\KEIL\C51\LIB\C51FPL.LIB (?C?FTNPWR)
  D:\MYPROGRAM\KEIL\C51\LIB\C51L.LIB (?C_INIT)
  D:\MYPROGRAM\KEIL\C51\LIB\C51L.LIB (?C?CLDPTR)
  D:\MYPROGRAM\KEIL\C51\LIB\C51L.LIB (?C?CLDOPTR)
  D:\MYPROGRAM\KEIL\C51\LIB\C51L.LIB (?C?CILDOPTR)
  D:\MYPROGRAM\KEIL\C51\LIB\C51L.LIB (?C?CSTPTR)
  D:\MYPROGRAM\KEIL\C51\LIB\C51L.LIB (?C?CSTOPTR)
  D:\MYPROGRAM\KEIL\C51\LIB\C51L.LIB (?C?IMUL)
  D:\MYPROGRAM\KEIL\C51\LIB\C51L.LIB (?C?UIDIV)
  D:\MYPROGRAM\KEIL\C51\LIB\C51L.LIB (?C?SIDIV)
  D:\MYPROGRAM\KEIL\C51\LIB\C51L.LIB (?C?IILDX)
  D:\MYPROGRAM\KEIL\C51\LIB\C51L.LIB (?C?ILDIX)
  D:\MYPROGRAM\KEIL\C51\LIB\C51L.LIB (?C?ULDIV)
  D:\MYPROGRAM\KEIL\C51\LIB\C51L.LIB (?C?LNEG)
  D:\MYPROGRAM\KEIL\C51\LIB\C51L.LIB (?C?ULCMP)
  D:\MYPROGRAM\KEIL\C51\LIB\C51L.LIB (?C?LSTXDATA)
  D:\MYPROGRAM\KEIL\C51\LIB\C51L.LIB (?C?LSTKXDATA)
  D:\MYPROGRAM\KEIL\C51\LIB\C51L.LIB (?C?OFFXADD)
  D:\MYPROGRAM\KEIL\C51\LIB\C51L.LIB (?C?PLDIXDATA)
  D:\MYPROGRAM\KEIL\C51\LIB\C51L.LIB (?C?PSTXDATA)
  D:\MYPROGRAM\KEIL\C51\LIB\C51L.LIB (?C?CCASE)
  D:\MYPROGRAM\KEIL\C51\LIB\C51L.LIB (PUTCHAR)
  D:\MYPROGRAM\KEIL\C51\LIB\C51L.LIB (CABS)
  D:\MYPROGRAM\KEIL\C51\LIB\C51L.LIB (?C?MEMSET)


LINK MAP OF MODULE:  perfect (?C_STARTUP)


            TYPE    BASE      LENGTH    RELOCATION   SEGMENT NAME
            -----------------------------------------------------

            * * * * * * *   D A T A   M E M O R Y   * * * * * * *
            REG     0000H     0008H     ABSOLUTE     "REG BANK 0"
            REG     0008H     0008H     ABSOLUTE     "REG BANK 1"
            DATA    0010H     000BH     UNIT         _DATA_GROUP_
            DATA    001BH     0005H     UNIT         ?DT?8023
            BIT     0020H.0   0001H.1   UNIT         _BIT_GROUP_
BL51 BANKED LINKER/LOCATER V6.22                                                      10/26/2015  13:00:19  PAGE 2


                    0021H.1   0000H.7                *** GAP ***
            DATA    0022H     0001H     UNIT         ?DT?_FUN_PYSJHZ?8023
            IDATA   0023H     0001H     UNIT         ?STACK

            * * * * * * *  X D A T A   M E M O R Y  * * * * * * *
            XDATA   0000H     0226H     UNIT         ?XD?8023
            XDATA   0226H     0061H     UNIT         ?XD?_FUN_ZDZJ?8023
            XDATA   0287H     0032H     UNIT         _XDATA_GROUP_
            XDATA   02B9H     002EH     UNIT         ?XD?_FUN_FLSETTING?8023
            XDATA   02E7H     002CH     UNIT         ?XD?_FUN_MIN?8023
            XDATA   0313H     000EH     UNIT         ?XD?_FUN_PYSJHZ?8023
            XDATA   0321H     000DH     UNIT         ?XD?_FUN_SJHZ?8023
            XDATA   032EH     0009H     UNIT         ?XD?_FUN_NAJIAN?8023
            XDATA   0337H     0005H     UNIT         ?XD?_FUN_FOLLINE?8023
            XDATA   033CH     0004H     UNIT         ?XD?FUN_CALIBRATION?8023
            XDATA   0340H     0003H     UNIT         ?XD?_FUN_QC?8023
            XDATA   0343H     0002H     UNIT         ?XD?_FUN_PYHZ?8023
            XDATA   0345H     0002H     UNIT         ?XD?_FUN_ZJZT?8023
            XDATA   0347H     0001H     UNIT         ?XD?_FUN_SZ?8023
            XDATA   0348H     0001H     UNIT         ?XD?_FUN_PY?8023
            XDATA   0349H     0001H     UNIT         ?XD?_FUN_SJ?8023
            XDATA   034AH     0001H     UNIT         ?XD?_FUN_HZ?8023
            XDATA   034BH     0001H     UNIT         ?XD?_FUN_TURN?8023

            * * * * * * *   C O D E   M E M O R Y   * * * * * * *
            CODE    0000H     0003H     ABSOLUTE     
            CODE    0003H     0003H     ABSOLUTE     
            CODE    0006H     0001H     UNIT         ?PR?INT0INTERRUPT?PERFECT
            CODE    0007H     0001H     UNIT         ?PR?FUN_COORDINATE?8023
                    0008H     0003H                  *** GAP ***
            CODE    000BH     0003H     ABSOLUTE     
            CODE    000EH     000DH     UNIT         ?PR?FUN_STOPE2PROM?8023
            CODE    001BH     0003H     ABSOLUTE     
            CODE    001EH     10D0H     UNIT         ?PR?_FUN_ZDZJ?8023
            CODE    10EEH     0DFDH     UNIT         ?PR?_FUN_NAJIAN?8023
            CODE    1EEBH     082DH     UNIT         ?C?LIB_CODE
            CODE    2718H     0557H     UNIT         ?PR?FUN_TIMERMOVE?8023
            CODE    2C6FH     0483H     UNIT         ?PR?PRINTF?PRINTF
            CODE    30F2H     039AH     UNIT         ?PR?_FUN_PYSJHZ?8023
            CODE    348CH     033EH     UNIT         ?PR?_FUN_RECORD?8023
            CODE    37CAH     02C1H     UNIT         ?PR?_FUN_SJHZ?8023
            CODE    3A8BH     023EH     UNIT         ?PR?_FUN_MOTORS?8023
            CODE    3CC9H     01DEH     UNIT         ?PR?_FUN_QC?8023
            CODE    3EA7H     01C8H     UNIT         ?PR?_FUN_SETXY?8023
            CODE    406FH     01B5H     UNIT         ?PR?FUN_CALIBRATION?8023
            CODE    4224H     01AEH     UNIT         ?PR?_FUN_MOTORSRL?8023
            CODE    43D2H     01ABH     UNIT         ?PR?_FUN_PBXY?8023
            CODE    457DH     01AAH     UNIT         ?PR?_FUN_FOLLINE?8023
            CODE    4727H     01A2H     UNIT         ?PR?_FUN_XYMOVE?8023
            CODE    48C9H     0183H     UNIT         ?PR?_FUN_ZJZT?8023
            CODE    4A4CH     015EH     UNIT         ?PR?_FUN_HZ?8023
            CODE    4BAAH     015AH     UNIT         ?PR?_FUN_SJ?8023
            CODE    4D04H     0147H     UNIT         ?PR?_FUN_PYHZ?8023
            CODE    4E4BH     0137H     UNIT         ?PR?_FUN_PY?8023
            CODE    4F82H     011CH     UNIT         ?PR?FUN_TEST?8023
            CODE    509EH     00CBH     UNIT         ?PR?FUN_ZHUAJIAN?8023
            CODE    5169H     00C8H     UNIT         ?PR?_FUN_START?8023
BL51 BANKED LINKER/LOCATER V6.22                                                      10/26/2015  13:00:19  PAGE 3


            CODE    5231H     00A3H     UNIT         ?PR?FUN_JTJP?8023
            CODE    52D4H     008CH     UNIT         ?C_C51STARTUP
            CODE    5360H     008AH     UNIT         ?PR?MAIN?PERFECT
            CODE    53EAH     0083H     UNIT         ?PR?_FUN_FLSETTING?8023
            CODE    546DH     007BH     UNIT         ?PR?_FUN_TURN?8023
            CODE    54E8H     007BH     UNIT         ?PR?_FUN_MIN?8023
            CODE    5563H     0075H     UNIT         ?PR?_FUN_DELAY?8023
            CODE    55D8H     0065H     UNIT         ?PR?_FUN_GETXY?8023
            CODE    563DH     0042H     UNIT         ?PR?_FUN_SZ?8023
            CODE    567FH     0042H     UNIT         ?PR?FUN_STOP?8023
            CODE    56C1H     0034H     UNIT         ?PR?_FUN_GO?8023
            CODE    56F5H     0032H     UNIT         ?PR?FUN_BACK?8023
            CODE    5727H     002FH     UNIT         ?C_INITSEG
            CODE    5756H     0027H     UNIT         ?PR?PUTCHAR?PUTCHAR
            CODE    577DH     0026H     UNIT         ?PR?FUN_TIMER0?8023
            CODE    57A3H     0021H     UNIT         ?PR?_FUN_WRITEE2PROM?8023
            CODE    57C4H     0020H     UNIT         ?PR?_FUN_READE2PROM?8023
            CODE    57E4H     001DH     UNIT         ?PR?_FUN_CLEANE2PROM?8023
            CODE    5801H     001BH     UNIT         ?PR?TIMER0INTERRUPT?PERFECT
            CODE    581CH     001BH     UNIT         ?PR?TIMER1INTERRUPT?PERFECT
            CODE    5837H     001AH     UNIT         ?PR?FUN_WAIT?8023
            CODE    5851H     001AH     UNIT         ?PR?_FUN_PWMR?8023
            CODE    586BH     001AH     UNIT         ?PR?_FUN_PWML?8023
            CODE    5885H     0016H     UNIT         ?PR?FUN_TIMER0INIT?8023
            CODE    589BH     0016H     UNIT         ?PR?FUN_TIMER1INIT?8023
            CODE    58B1H     0013H     UNIT         ?PR?FUN_PORT?8023
            CODE    58C4H     000BH     UNIT         ?PR?FUN_PWMINIT?8023
            CODE    58CFH     0009H     UNIT         ?CO?8023
            CODE    58D8H     0008H     UNIT         ?PR?_CABS?CABS
            CODE    58E0H     0007H     UNIT         ?PR?FUN_TIMER1?8023



OVERLAY MAP OF MODULE:   perfect (?C_STARTUP)


SEGMENT                                BIT_GROUP          DATA_GROUP          XDATA_GROUP
  +--> CALLED SEGMENT               START    LENGTH     START    LENGTH     START    LENGTH
-------------------------------------------------------------------------------------------
?C_C51STARTUP                       -----    -----      -----    -----      -----    -----
  +--> ?PR?MAIN?PERFECT
  +--> ?C_INITSEG

?PR?MAIN?PERFECT                    -----    -----      -----    -----      -----    -----
  +--> ?PR?_FUN_START?8023
  +--> ?PR?_FUN_SETXY?8023
  +--> ?PR?_FUN_DELAY?8023
  +--> ?PR?_FUN_GO?8023
  +--> ?PR?FUN_STOP?8023

?PR?_FUN_START?8023                 -----    -----      -----    -----      0287H    0007H
  +--> ?PR?FUN_PORT?8023
  +--> ?PR?FUN_PWMINIT?8023
  +--> ?PR?FUN_TIMER0INIT?8023
  +--> ?PR?FUN_TIMER1INIT?8023
  +--> ?PR?_FUN_MOTORS?8023
  +--> ?PR?FUN_WAIT?8023
BL51 BANKED LINKER/LOCATER V6.22                                                      10/26/2015  13:00:19  PAGE 4



?PR?_FUN_MOTORS?8023                -----    -----      -----    -----      028EH    0001H
  +--> ?PR?_CABS?CABS
  +--> ?PR?_FUN_PWML?8023
  +--> ?PR?_FUN_PWMR?8023

?PR?FUN_WAIT?8023                   -----    -----      -----    -----      -----    -----
  +--> ?PR?_FUN_DELAY?8023

?PR?_FUN_DELAY?8023                 -----    -----      0010H    0007H      -----    -----

?PR?_FUN_SETXY?8023                 -----    -----      -----    -----      0287H    0019H
  +--> ?PR?_FUN_PBXY?8023

?PR?_FUN_PBXY?8023                  -----    -----      -----    -----      02A0H    0004H

?PR?_FUN_GO?8023                    -----    -----      -----    -----      -----    -----
  +--> ?PR?_FUN_GETXY?8023
  +--> ?PR?_FUN_RECORD?8023
  +--> ?PR?_FUN_DELAY?8023

?PR?_FUN_RECORD?8023                -----    -----      -----    -----      0287H    0006H
  +--> ?PR?_FUN_XYMOVE?8023

?PR?_FUN_XYMOVE?8023                -----    -----      -----    -----      028DH    0001H

?PR?FUN_STOP?8023                   -----    -----      -----    -----      -----    -----
  +--> ?PR?_FUN_MOTORS?8023
  +--> ?CO?8023
  +--> ?PR?PRINTF?PRINTF

?PR?PRINTF?PRINTF                   0020H.0  0001H.1    0010H    0005H      0287H    0030H
  +--> ?PR?PUTCHAR?PUTCHAR

*** NEW ROOT ***************************************************

?PR?TIMER0INTERRUPT?PERFECT         -----    -----      -----    -----      -----    -----
  +--> ?PR?FUN_TIMER0?8023

?PR?FUN_TIMER0?8023                 -----    -----      -----    -----      -----    -----
  +--> ?PR?FUN_TIMERMOVE?8023

?PR?FUN_TIMERMOVE?8023              -----    -----      0017H    0004H      -----    -----
  +--> ?PR?_FUN_MOTORSRL?8023

?PR?_FUN_MOTORSRL?8023              -----    -----      -----    -----      02B7H    0002H
  +--> ?PR?_CABS?CABS
  +--> ?PR?_FUN_PWML?8023
  +--> ?PR?_FUN_PWMR?8023

*** NEW ROOT ***************************************************

?PR?TIMER1INTERRUPT?PERFECT         -----    -----      -----    -----      -----    -----
  +--> ?PR?FUN_TIMER1?8023



BL51 BANKED LINKER/LOCATER V6.22                                                      10/26/2015  13:00:19  PAGE 5


SYMBOL TABLE OF MODULE:  perfect (?C_STARTUP)

  VALUE           TYPE          NAME
  ----------------------------------

  -------         MODULE        ?C_STARTUP
  C:52D4H         SEGMENT       ?C_C51STARTUP
  I:0023H         SEGMENT       ?STACK
  C:0000H         PUBLIC        ?C_STARTUP
  D:00E0H         SYMBOL        ACC
  D:00F0H         SYMBOL        B
  D:0083H         SYMBOL        DPH
  D:0082H         SYMBOL        DPL
  N:0000H         SYMBOL        IBPSTACK
  N:0100H         SYMBOL        IBPSTACKTOP
  N:0080H         SYMBOL        IDATALEN
  C:52D7H         SYMBOL        IDATALOOP
  N:0000H         SYMBOL        PBPSTACK
  N:0100H         SYMBOL        PBPSTACKTOP
  N:0000H         SYMBOL        PDATALEN
  N:0000H         SYMBOL        PDATASTART
  N:0000H         SYMBOL        PPAGE
  N:0000H         SYMBOL        PPAGEENABLE
  D:00A0H         SYMBOL        PPAGE_SFR
  D:0081H         SYMBOL        SP
  C:52D4H         SYMBOL        STARTUP1
  N:0000H         SYMBOL        XBPSTACK
  N:0000H         SYMBOL        XBPSTACKTOP
  N:0000H         SYMBOL        XDATALEN
  N:0000H         SYMBOL        XDATASTART
  C:0000H         LINE#         126
  C:52D4H         LINE#         133
  C:52D6H         LINE#         134
  C:52D7H         LINE#         135
  C:52D8H         LINE#         136
  C:52DAH         LINE#         185
  C:52DDH         LINE#         196
  -------         ENDMOD        ?C_STARTUP

  -------         MODULE        PERFECT
  C:0000H         SYMBOL        _ICE_DUMMY_
  D:0080H         PUBLIC        P0
  D:0090H         PUBLIC        P1
  D:00A0H         PUBLIC        P2
  D:00B0H         PUBLIC        P3
  D:00C0H         PUBLIC        P4
  D:00C8H         PUBLIC        P5
  C:5801H         PUBLIC        Timer0Interrupt
  C:581CH         PUBLIC        Timer1Interrupt
  D:00A8H         PUBLIC        IE
  D:00B8H         PUBLIC        IP
  D:00D8H         PUBLIC        CCON
  C:5360H         PUBLIC        main
  C:0006H         PUBLIC        Int0Interrupt
  D:0098H         PUBLIC        SCON
  D:0088H         PUBLIC        TCON
  D:00D0H         PUBLIC        PSW
BL51 BANKED LINKER/LOCATER V6.22                                                      10/26/2015  13:00:19  PAGE 6


  -------         PROC          MAIN
  C:5360H         LINE#         2
  C:5360H         LINE#         3
  C:537AH         LINE#         11
  C:53D9H         LINE#         19
  C:53E2H         LINE#         20
  C:53E7H         LINE#         96
  -------         ENDPROC       MAIN
  -------         PROC          INT0INTERRUPT
  C:0006H         LINE#         98
  C:0006H         LINE#         100
  -------         ENDPROC       INT0INTERRUPT
  -------         PROC          TIMER0INTERRUPT
  C:5801H         LINE#         101
  C:580EH         LINE#         102
  C:5811H         LINE#         103
  -------         ENDPROC       TIMER0INTERRUPT
  -------         PROC          TIMER1INTERRUPT
  C:581CH         LINE#         104
  C:5829H         LINE#         105
  C:582CH         LINE#         106
  -------         ENDPROC       TIMER1INTERRUPT
  -------         ENDMOD        PERFECT

  -------         MODULE        8023
  C:0000H         SYMBOL        _ICE_DUMMY_
  D:0092H         PUBLIC        P1M0
  D:0093H         PUBLIC        P0M1
  C:48CEH         PUBLIC        _fun_zjzt
  C:3CC9H         PUBLIC        _fun_qc
  C:577DH         PUBLIC        fun_timer0
  D:0096H         PUBLIC        P2M0
  D:0091H         PUBLIC        P1M1
  D:0080H         PUBLIC        P0
  C:58E0H         PUBLIC        fun_timer1
  D:0095H         PUBLIC        P2M1
  D:0090H         PUBLIC        P1
  C:56C1H         PUBLIC        _fun_go
  C:53EAH         PUBLIC        _fun_flsetting
  D:00A0H         PUBLIC        P2
  X:0000H         PUBLIC        str_tfl
  B:0090H.2       PUBLIC        out_pwmr
  D:00B0H         PUBLIC        P3
  D:00C0H         PUBLIC        P4
  D:00C8H         PUBLIC        P5
  B:00A8H.7       PUBLIC        EA
  C:4BAAH         PUBLIC        _fun_sj
  C:2718H         PUBLIC        fun_timermove
  C:509EH         PUBLIC        fun_zhuajian
  C:57E4H         PUBLIC        _fun_cleane2prom
  B:00B0H.6       PUBLIC        in_hpy
  D:00F9H         PUBLIC        CH
  C:4A4CH         PUBLIC        _fun_hz
  D:00A8H         PUBLIC        IE
  D:00E9H         PUBLIC        CL
  D:00C5H         PUBLIC        IAP_CMD
  X:004CH         PUBLIC        str_now
BL51 BANKED LINKER/LOCATER V6.22                                                      10/26/2015  13:00:19  PAGE 7


  D:00FAH         PUBLIC        CCAP0H
  D:00FBH         PUBLIC        CCAP1H
  B:00B0H.5       PUBLIC        in_qpy
  C:4E4BH         PUBLIC        _fun_py
  D:00EAH         PUBLIC        CCAP0L
  B:00D8H.6       PUBLIC        CR
  D:00EBH         PUBLIC        CCAP1L
  D:00DAH         PUBLIC        CCAPM0
  D:00DBH         PUBLIC        CCAPM1
  C:457DH         PUBLIC        _fun_folline
  C:563DH         PUBLIC        _fun_sz
  D:00B8H         PUBLIC        IP
  B:00A0H.5       PUBLIC        in_hz
  B:0098H.1       PUBLIC        TI
  D:0097H         PUBLIC        CLK_DIV
  C:10EEH         PUBLIC        _fun_najian
  D:00C3H         PUBLIC        IAP_ADDRH
  B:00B0H.4       PUBLIC        in_j
  C:57C4H         PUBLIC        _fun_reade2prom
  D:00C4H         PUBLIC        IAP_ADDRL
  D:00D9H         PUBLIC        CMOD
  D:00D8H         PUBLIC        CCON
  B:00B0H.3       PUBLIC        in_s
  B:00A0H.0       PUBLIC        out_dir1
  B:00A0H.2       PUBLIC        out_dir2
  C:348CH         PUBLIC        _fun_record
  D:0087H         PUBLIC        PCON
  C:57A3H         PUBLIC        _fun_writee2prom
  C:4236H         PUBLIC        _fun_motorsrl
  D:0098H         PUBLIC        SCON
  D:0089H         PUBLIC        TMOD
  D:0088H         PUBLIC        TCON
  C:5885H         PUBLIC        fun_timer0init
  C:58C4H         PUBLIC        fun_pwminit
  C:589BH         PUBLIC        fun_timer1init
  C:406FH         PUBLIC        fun_calibration
  C:5569H         PUBLIC        _fun_delay
  C:56F5H         PUBLIC        fun_back
  B:00A0H.1       PUBLIC        out_en1
  B:00A0H.3       PUBLIC        out_en2
  D:008EH         PUBLIC        AUXR
  X:0059H         PUBLIC        str_begin
  D:00C7H         PUBLIC        IAP_CONTR
  B:0080H.7       PUBLIC        in_ls1
  B:00A8H.1       PUBLIC        ET0
  B:0080H.6       PUBLIC        in_ls2
  B:0088H.5       PUBLIC        TF0
  B:00A8H.3       PUBLIC        ET1
  B:0080H.5       PUBLIC        in_ls3
  B:0088H.7       PUBLIC        TF1
  B:0080H.4       PUBLIC        in_ls4
  D:008CH         PUBLIC        TH0
  C:000EH         PUBLIC        fun_stope2prom
  B:0080H.3       PUBLIC        in_ls5
  D:008DH         PUBLIC        TH1
  B:0080H.2       PUBLIC        in_ls6
  D:001CH         PUBLIC        var_timer
BL51 BANKED LINKER/LOCATER V6.22                                                      10/26/2015  13:00:19  PAGE 8


  B:0080H.1       PUBLIC        in_ls7
  B:0080H.0       PUBLIC        in_ls8
  D:008AH         PUBLIC        TL0
  D:008BH         PUBLIC        TL1
  C:3A94H         PUBLIC        _fun_motors
  B:0090H.6       PUBLIC        out_switchselect
  D:00C2H         PUBLIC        IAP_DATA
  B:0088H.4       PUBLIC        TR0
  C:472BH         PUBLIC        _fun_xymove
  C:30F2H         PUBLIC        _fun_pysjhz
  B:0088H.6       PUBLIC        TR1
  C:0007H         PUBLIC        fun_coordinate
  D:00F2H         PUBLIC        PCA_PWM0
  B:00A0H.4       PUBLIC        in_wz1
  D:00F3H         PUBLIC        PCA_PWM1
  C:5169H         PUBLIC        _fun_start
  B:00A0H.5       PUBLIC        in_wz2
  B:00A0H.6       PUBLIC        in_wz3
  B:00A0H.7       PUBLIC        in_wz4
  C:55D8H         PUBLIC        _fun_getxy
  B:00A0H.4       PUBLIC        in_wz5
  C:5837H         PUBLIC        fun_wait
  C:5231H         PUBLIC        fun_jtjp
  D:009CH         PUBLIC        BRT
  B:00B0H.2       PUBLIC        in_start
  C:3EA7H         PUBLIC        _fun_setxy
  X:0066H         PUBLIC        str_zbfl
  C:37CAH         PUBLIC        _fun_sjhz
  C:4F82H         PUBLIC        fun_test
  C:586BH         PUBLIC        _fun_pwml
  C:001EH         PUBLIC        _fun_zdzj
  C:43DBH         PUBLIC        _fun_pbxy
  C:5529H         PUBLIC        _fun_min
  C:58B1H         PUBLIC        fun_port
  X:01F2H         PUBLIC        str_cod
  D:00C6H         PUBLIC        IAP_TRIG
  C:567FH         PUBLIC        fun_stop
  C:5851H         PUBLIC        _fun_pwmr
  B:0090H.7       PUBLIC        out_motorselect
  C:546DH         PUBLIC        _fun_turn
  C:4D08H         PUBLIC        _fun_pyhz
  D:00D0H         PUBLIC        PSW
  X:0219H         PUBLIC        str_next
  B:0090H.5       PUBLIC        out_pwml
  D:0094H         PUBLIC        P0M0
  C:5563H         SYMBOL        L?1309
  C:5565H         SYMBOL        L?1310
  -------         PROC          L?1308
  -------         ENDPROC       L?1308
  C:5563H         SYMBOL        L?1309
  C:5565H         SYMBOL        L?1310
  -------         PROC          _FUN_DELAY
  D:0006H         SYMBOL        par_value
  D:0005H         SYMBOL        par_model
  -------         DO            
  D:0015H         SYMBOL        loc_con
  -------         DO            
BL51 BANKED LINKER/LOCATER V6.22                                                      10/26/2015  13:00:19  PAGE 9


  D:0010H         SYMBOL        loc_i
  D:0011H         SYMBOL        loc_j
  D:0012H         SYMBOL        loc_i
  D:0013H         SYMBOL        loc_j
  D:0014H         SYMBOL        loc_k
  -------         ENDDO         
  -------         DO            
  D:0012H         SYMBOL        loc_i
  D:0013H         SYMBOL        loc_j
  D:0014H         SYMBOL        loc_k
  -------         ENDDO         
  -------         ENDDO         
  C:5569H         LINE#         32
  C:5569H         LINE#         33
  C:556DH         LINE#         34
  C:5579H         LINE#         35
  C:5579H         LINE#         39
  C:558BH         LINE#         40
  C:558CH         LINE#         41
  C:558DH         LINE#         42
  C:558FH         LINE#         45
  C:558FH         LINE#         49
  C:55A1H         LINE#         51
  C:55A2H         LINE#         52
  C:55A3H         LINE#         53
  C:55A6H         LINE#         54
  C:55A9H         LINE#         55
  C:55A9H         LINE#         56
  C:55ACH         LINE#         57
  C:55AFH         LINE#         58
  C:55B1H         LINE#         61
  C:55B1H         LINE#         65
  C:55C3H         LINE#         67
  C:55C6H         LINE#         68
  C:55C9H         LINE#         69
  C:55CCH         LINE#         70
  C:55CCH         LINE#         71
  C:55CCH         LINE#         72
  C:55CFH         LINE#         73
  C:55D2H         LINE#         74
  C:55D5H         LINE#         75
  C:55D7H         LINE#         78
  C:55D7H         LINE#         79
  C:55D7H         LINE#         80
  -------         ENDPROC       _FUN_DELAY
  -------         PROC          FUN_TIMER0INIT
  C:5885H         LINE#         81
  C:5885H         LINE#         85
  C:5888H         LINE#         86
  C:588BH         LINE#         87
  C:588EH         LINE#         88
  C:5891H         LINE#         89
  C:5894H         LINE#         90
  C:5896H         LINE#         91
  C:5898H         LINE#         92
  C:589AH         LINE#         93
  -------         ENDPROC       FUN_TIMER0INIT
BL51 BANKED LINKER/LOCATER V6.22                                                      10/26/2015  13:00:19  PAGE 10


  -------         PROC          FUN_TIMER1INIT
  C:589BH         LINE#         94
  C:589BH         LINE#         98
  C:589EH         LINE#         99
  C:58A1H         LINE#         100
  C:58A4H         LINE#         101
  C:58A7H         LINE#         102
  C:58AAH         LINE#         103
  C:58ACH         LINE#         104
  C:58AEH         LINE#         105
  C:58B0H         LINE#         106
  -------         ENDPROC       FUN_TIMER1INIT
  -------         PROC          FUN_TIMER0
  C:577DH         LINE#         107
  C:577DH         LINE#         108
  C:5780H         LINE#         109
  C:5783H         LINE#         110
  C:5798H         LINE#         111
  C:579FH         LINE#         112
  C:57A2H         LINE#         113
  -------         ENDPROC       FUN_TIMER0
  -------         PROC          FUN_TIMER1
  C:58E0H         LINE#         114
  C:58E0H         LINE#         115
  C:58E3H         LINE#         116
  C:58E6H         LINE#         117
  -------         ENDPROC       FUN_TIMER1
  -------         PROC          FUN_WAIT
  C:5837H         LINE#         118
  C:5837H         LINE#         119
  C:5839H         LINE#         123
  C:583CH         LINE#         124
  C:5845H         LINE#         125
  C:5848H         LINE#         126
  -------         ENDPROC       FUN_WAIT
  -------         PROC          FUN_PWMINIT
  C:58C4H         LINE#         129
  C:58C4H         LINE#         133
  C:58C7H         LINE#         134
  C:58C9H         LINE#         135
  C:58CBH         LINE#         136
  C:58CEH         LINE#         137
  -------         ENDPROC       FUN_PWMINIT
  -------         PROC          _FUN_PWMR
  D:0007H         SYMBOL        par_value
  C:5851H         LINE#         138
  C:5851H         LINE#         139
  C:5864H         LINE#         140
  C:5867H         LINE#         141
  C:586AH         LINE#         142
  -------         ENDPROC       _FUN_PWMR
  -------         PROC          _FUN_PWML
  D:0007H         SYMBOL        par_value
  C:586BH         LINE#         143
  C:586BH         LINE#         144
  C:587EH         LINE#         145
  C:5881H         LINE#         146
BL51 BANKED LINKER/LOCATER V6.22                                                      10/26/2015  13:00:19  PAGE 11


  C:5884H         LINE#         147
  -------         ENDPROC       _FUN_PWML
  -------         PROC          L?1317
  -------         ENDPROC       L?1317
  -------         PROC          _FUN_MOTORS
  D:0007H         SYMBOL        par_model
  X:028EH         SYMBOL        par_speed
  C:3A94H         LINE#         148
  C:3A99H         LINE#         149
  C:3AA0H         LINE#         150
  C:3AA5H         LINE#         151
  C:3AB0H         LINE#         152
  C:3AB3H         LINE#         153
  C:3AE1H         LINE#         154
  C:3AE1H         LINE#         155
  C:3AEEH         LINE#         158
  C:3AF3H         LINE#         159
  C:3AFAH         LINE#         160
  C:3AFAH         LINE#         161
  C:3AFDH         LINE#         162
  C:3B05H         LINE#         163
  C:3B0BH         LINE#         164
  C:3B0EH         LINE#         165
  C:3B1DH         LINE#         166
  C:3B27H         LINE#         167
  C:3B27H         LINE#         168
  C:3B28H         LINE#         169
  C:3B28H         LINE#         170
  C:3B35H         LINE#         173
  C:3B3AH         LINE#         174
  C:3B41H         LINE#         175
  C:3B41H         LINE#         176
  C:3B43H         LINE#         177
  C:3B4BH         LINE#         178
  C:3B51H         LINE#         179
  C:3B53H         LINE#         180
  C:3B62H         LINE#         181
  C:3B64H         LINE#         182
  C:3B64H         LINE#         183
  C:3B66H         LINE#         184
  C:3B66H         LINE#         185
  C:3B78H         LINE#         188
  C:3B81H         LINE#         189
  C:3B88H         LINE#         190
  C:3B8AH         LINE#         191
  C:3B90H         LINE#         192
  C:3B97H         LINE#         193
  C:3B98H         LINE#         194
  C:3BA0H         LINE#         195
  C:3BA2H         LINE#         196
  C:3BACH         LINE#         197
  C:3BB3H         LINE#         198
  C:3BB4H         LINE#         199
  C:3BC3H         LINE#         200
  C:3BC5H         LINE#         201
  C:3BCDH         LINE#         202
  C:3BDAH         LINE#         203
BL51 BANKED LINKER/LOCATER V6.22                                                      10/26/2015  13:00:19  PAGE 12


  C:3BDAH         LINE#         204
  C:3BDBH         LINE#         205
  C:3BDBH         LINE#         206
  C:3BE8H         LINE#         209
  C:3BEDH         LINE#         210
  C:3BF4H         LINE#         211
  C:3BF6H         LINE#         212
  C:3BF8H         LINE#         213
  C:3C00H         LINE#         214
  C:3C02H         LINE#         215
  C:3C05H         LINE#         216
  C:3C10H         LINE#         217
  C:3C12H         LINE#         218
  C:3C12H         LINE#         219
  C:3C14H         LINE#         220
  C:3C14H         LINE#         221
  C:3C21H         LINE#         224
  C:3C26H         LINE#         225
  C:3C2DH         LINE#         226
  C:3C2FH         LINE#         227
  C:3C31H         LINE#         228
  C:3C39H         LINE#         229
  C:3C3BH         LINE#         230
  C:3C3EH         LINE#         231
  C:3C49H         LINE#         232
  C:3C4BH         LINE#         233
  C:3C4BH         LINE#         234
  C:3C4DH         LINE#         235
  C:3C4DH         LINE#         236
  C:3C5AH         LINE#         239
  C:3C5FH         LINE#         240
  C:3C66H         LINE#         241
  C:3C6CH         LINE#         242
  C:3C6DH         LINE#         243
  C:3C75H         LINE#         244
  C:3C7BH         LINE#         245
  C:3C7CH         LINE#         246
  C:3C84H         LINE#         247
  C:3C8AH         LINE#         248
  C:3C8AH         LINE#         249
  C:3C8BH         LINE#         250
  C:3C8BH         LINE#         251
  C:3C98H         LINE#         254
  C:3C9DH         LINE#         255
  C:3CA4H         LINE#         256
  C:3CAAH         LINE#         257
  C:3CABH         LINE#         258
  C:3CB3H         LINE#         259
  C:3CB9H         LINE#         260
  C:3CBAH         LINE#         261
  C:3CC2H         LINE#         262
  C:3CC8H         LINE#         263
  C:3CC8H         LINE#         264
  C:3CC8H         LINE#         265
  C:3CC8H         LINE#         266
  C:3CC8H         LINE#         267
  C:3CC8H         LINE#         268
BL51 BANKED LINKER/LOCATER V6.22                                                      10/26/2015  13:00:19  PAGE 13


  -------         ENDPROC       _FUN_MOTORS
  -------         PROC          L?1316
  -------         ENDPROC       L?1316
  -------         PROC          _FUN_MOTORSRL
  D:0007H         SYMBOL        par_model
  X:02B7H         SYMBOL        par_speed
  C:4236H         LINE#         269
  C:423EH         LINE#         270
  C:4248H         LINE#         271
  C:4253H         LINE#         272
  C:4264H         LINE#         273
  C:426BH         LINE#         274
  C:427DH         LINE#         275
  C:427DH         LINE#         276
  C:4296H         LINE#         279
  C:429BH         LINE#         280
  C:42A6H         LINE#         281
  C:42A6H         LINE#         282
  C:42A9H         LINE#         283
  C:42B4H         LINE#         284
  C:42BBH         LINE#         285
  C:42BEH         LINE#         286
  C:42D1H         LINE#         287
  C:42DBH         LINE#         288
  C:42DBH         LINE#         289
  C:42DCH         LINE#         290
  C:42DCH         LINE#         291
  C:42F5H         LINE#         294
  C:42FAH         LINE#         295
  C:4305H         LINE#         296
  C:4305H         LINE#         297
  C:4308H         LINE#         298
  C:4313H         LINE#         299
  C:431AH         LINE#         300
  C:431DH         LINE#         301
  C:4330H         LINE#         302
  C:4332H         LINE#         303
  C:4332H         LINE#         304
  C:4335H         LINE#         305
  C:4335H         LINE#         306
  C:435FH         LINE#         309
  C:436AH         LINE#         310
  C:4375H         LINE#         311
  C:4377H         LINE#         312
  C:437DH         LINE#         313
  C:4384H         LINE#         314
  C:4385H         LINE#         315
  C:4390H         LINE#         316
  C:4392H         LINE#         317
  C:439DH         LINE#         318
  C:43A8H         LINE#         319
  C:43A9H         LINE#         320
  C:43B9H         LINE#         321
  C:43BBH         LINE#         322
  C:43C3H         LINE#         323
  C:43D1H         LINE#         324
  C:43D1H         LINE#         325
BL51 BANKED LINKER/LOCATER V6.22                                                      10/26/2015  13:00:19  PAGE 14


  C:43D1H         LINE#         326
  C:43D1H         LINE#         327
  C:43D1H         LINE#         328
  C:43D1H         LINE#         329
  -------         ENDPROC       _FUN_MOTORSRL
  -------         PROC          _FUN_SZ
  X:0347H         SYMBOL        par_model
  C:563DH         LINE#         330
  C:5642H         LINE#         331
  C:5649H         LINE#         333
  C:5650H         LINE#         337
  C:5657H         LINE#         338
  C:565CH         LINE#         341
  C:565CH         LINE#         345
  C:5663H         LINE#         346
  C:5666H         LINE#         348
  C:5666H         LINE#         349
  C:566FH         LINE#         350
  C:5676H         LINE#         351
  C:567EH         LINE#         352
  -------         ENDPROC       _FUN_SZ
  -------         PROC          _FUN_PY
  X:0348H         SYMBOL        par_model
  C:4E4BH         LINE#         353
  C:4E50H         LINE#         354
  C:4E5AH         LINE#         356
  C:4E78H         LINE#         357
  C:4E78H         LINE#         361
  C:4E7FH         LINE#         362
  C:4E82H         LINE#         363
  C:4E82H         LINE#         365
  C:4E85H         LINE#         366
  C:4E85H         LINE#         370
  C:4E9AH         LINE#         371
  C:4E9AH         LINE#         372
  C:4EA1H         LINE#         373
  C:4EA4H         LINE#         374
  C:4EA7H         LINE#         375
  C:4EA7H         LINE#         376
  C:4EAEH         LINE#         377
  C:4EB1H         LINE#         378
  C:4EB4H         LINE#         379
  C:4EB4H         LINE#         380
  C:4EBBH         LINE#         381
  C:4EBEH         LINE#         382
  C:4EC1H         LINE#         383
  C:4EC1H         LINE#         384
  C:4EC8H         LINE#         385
  C:4ECBH         LINE#         386
  C:4ECEH         LINE#         387
  C:4ECEH         LINE#         389
  C:4ECEH         LINE#         390
  C:4ECEH         LINE#         394
  C:4EE4H         LINE#         395
  C:4EE4H         LINE#         396
  C:4EEBH         LINE#         397
  C:4EEEH         LINE#         398
BL51 BANKED LINKER/LOCATER V6.22                                                      10/26/2015  13:00:19  PAGE 15


  C:4EF0H         LINE#         399
  C:4EF0H         LINE#         400
  C:4EF7H         LINE#         401
  C:4EFAH         LINE#         402
  C:4EFCH         LINE#         403
  C:4EFCH         LINE#         404
  C:4F03H         LINE#         405
  C:4F06H         LINE#         406
  C:4F08H         LINE#         407
  C:4F08H         LINE#         408
  C:4F0FH         LINE#         409
  C:4F12H         LINE#         410
  C:4F14H         LINE#         411
  C:4F14H         LINE#         413
  C:4F14H         LINE#         414
  C:4F14H         LINE#         418
  C:4F27H         LINE#         419
  C:4F27H         LINE#         420
  C:4F2EH         LINE#         421
  C:4F31H         LINE#         422
  C:4F33H         LINE#         423
  C:4F33H         LINE#         424
  C:4F3AH         LINE#         425
  C:4F3DH         LINE#         426
  C:4F3FH         LINE#         427
  C:4F3FH         LINE#         428
  C:4F46H         LINE#         429
  C:4F49H         LINE#         430
  C:4F4BH         LINE#         431
  C:4F4BH         LINE#         432
  C:4F52H         LINE#         433
  C:4F5AH         LINE#         434
  C:4F5CH         LINE#         435
  C:4F5CH         LINE#         437
  C:4F5CH         LINE#         438
  C:4F5CH         LINE#         442
  C:4F63H         LINE#         443
  C:4F66H         LINE#         444
  C:4F72H         LINE#         446
  C:4F72H         LINE#         447
  C:4F72H         LINE#         448
  C:4F72H         LINE#         449
  C:4F72H         LINE#         450
  C:4F79H         LINE#         451
  C:4F81H         LINE#         452
  -------         ENDPROC       _FUN_PY
  -------         PROC          _FUN_SJ
  X:0349H         SYMBOL        par_model
  C:4BAAH         LINE#         453
  C:4BAFH         LINE#         454
  C:4BB9H         LINE#         456
  C:4BBBH         LINE#         457
  C:4BF2H         LINE#         458
  C:4BF2H         LINE#         462
  C:4BF9H         LINE#         463
  C:4BFBH         LINE#         464
  C:4BFEH         LINE#         465
BL51 BANKED LINKER/LOCATER V6.22                                                      10/26/2015  13:00:19  PAGE 16


  C:4BFEH         LINE#         467
  C:4C01H         LINE#         468
  C:4C01H         LINE#         472
  C:4C0EH         LINE#         473
  C:4C10H         LINE#         474
  C:4C10H         LINE#         475
  C:4C13H         LINE#         476
  C:4C13H         LINE#         477
  C:4C18H         LINE#         478
  C:4C1AH         LINE#         479
  C:4C1AH         LINE#         480
  C:4C1AH         LINE#         482
  C:4C1DH         LINE#         483
  C:4C1DH         LINE#         487
  C:4C35H         LINE#         488
  C:4C37H         LINE#         489
  C:4C3AH         LINE#         490
  C:4C3AH         LINE#         492
  C:4C3DH         LINE#         493
  C:4C3DH         LINE#         497
  C:4C4AH         LINE#         498
  C:4C4FH         LINE#         499
  C:4C51H         LINE#         500
  C:4C51H         LINE#         501
  C:4C53H         LINE#         502
  C:4C53H         LINE#         503
  C:4C58H         LINE#         504
  C:4C5AH         LINE#         505
  C:4C5AH         LINE#         506
  C:4C5AH         LINE#         508
  C:4C5CH         LINE#         509
  C:4C5CH         LINE#         513
  C:4C74H         LINE#         514
  C:4C76H         LINE#         515
  C:4C79H         LINE#         516
  C:4C79H         LINE#         518
  C:4C7BH         LINE#         519
  C:4C7BH         LINE#         523
  C:4C88H         LINE#         524
  C:4C8DH         LINE#         525
  C:4C8FH         LINE#         526
  C:4C8FH         LINE#         527
  C:4C91H         LINE#         528
  C:4C91H         LINE#         529
  C:4C96H         LINE#         530
  C:4C98H         LINE#         531
  C:4C98H         LINE#         532
  C:4C98H         LINE#         534
  C:4C9AH         LINE#         535
  C:4C9AH         LINE#         539
  C:4CB2H         LINE#         540
  C:4CB4H         LINE#         541
  C:4CB7H         LINE#         542
  C:4CB7H         LINE#         544
  C:4CB9H         LINE#         545
  C:4CB9H         LINE#         549
  C:4CC6H         LINE#         550
BL51 BANKED LINKER/LOCATER V6.22                                                      10/26/2015  13:00:19  PAGE 17


  C:4CCBH         LINE#         551
  C:4CCDH         LINE#         552
  C:4CCDH         LINE#         553
  C:4CCFH         LINE#         554
  C:4CCFH         LINE#         555
  C:4CD6H         LINE#         556
  C:4CD9H         LINE#         557
  C:4CD9H         LINE#         559
  C:4CDBH         LINE#         560
  C:4CDBH         LINE#         564
  C:4CE2H         LINE#         565
  C:4CE4H         LINE#         566
  C:4CE7H         LINE#         567
  C:4CF4H         LINE#         569
  C:4CF4H         LINE#         570
  C:4CF4H         LINE#         571
  C:4CF4H         LINE#         572
  C:4CF4H         LINE#         573
  C:4CFBH         LINE#         574
  C:4D03H         LINE#         575
  -------         ENDPROC       _FUN_SJ
  -------         PROC          _FUN_HZ
  X:034AH         SYMBOL        par_model
  C:4A4CH         LINE#         576
  C:4A51H         LINE#         577
  C:4A5CH         LINE#         579
  C:4A5EH         LINE#         580
  C:4A79H         LINE#         581
  C:4A79H         LINE#         585
  C:4A88H         LINE#         586
  C:4A88H         LINE#         587
  C:4A8FH         LINE#         588
  C:4A92H         LINE#         589
  C:4A95H         LINE#         590
  C:4A98H         LINE#         591
  C:4A9BH         LINE#         592
  C:4A9BH         LINE#         593
  C:4A9EH         LINE#         594
  C:4A9EH         LINE#         595
  C:4AA5H         LINE#         596
  C:4AA8H         LINE#         597
  C:4AABH         LINE#         598
  C:4AABH         LINE#         599
  C:4AAEH         LINE#         600
  C:4AAEH         LINE#         601
  C:4AB5H         LINE#         602
  C:4AB8H         LINE#         603
  C:4ABBH         LINE#         604
  C:4ABBH         LINE#         605
  C:4ABEH         LINE#         606
  C:4ABEH         LINE#         607
  C:4ABEH         LINE#         608
  C:4ABEH         LINE#         610
  C:4ABEH         LINE#         611
  C:4ABEH         LINE#         615
  C:4AD0H         LINE#         616
  C:4AD0H         LINE#         617
BL51 BANKED LINKER/LOCATER V6.22                                                      10/26/2015  13:00:19  PAGE 18


  C:4AD7H         LINE#         618
  C:4ADAH         LINE#         619
  C:4ADDH         LINE#         620
  C:4AE0H         LINE#         621
  C:4AE3H         LINE#         622
  C:4AE3H         LINE#         623
  C:4AE6H         LINE#         624
  C:4AE6H         LINE#         625
  C:4AEDH         LINE#         626
  C:4AF0H         LINE#         627
  C:4AF3H         LINE#         628
  C:4AF3H         LINE#         629
  C:4AF6H         LINE#         630
  C:4AF6H         LINE#         631
  C:4AFDH         LINE#         632
  C:4B00H         LINE#         633
  C:4B03H         LINE#         634
  C:4B03H         LINE#         635
  C:4B06H         LINE#         636
  C:4B06H         LINE#         637
  C:4B06H         LINE#         638
  C:4B06H         LINE#         640
  C:4B06H         LINE#         641
  C:4B06H         LINE#         645
  C:4B19H         LINE#         646
  C:4B19H         LINE#         647
  C:4B20H         LINE#         648
  C:4B23H         LINE#         649
  C:4B26H         LINE#         650
  C:4B26H         LINE#         651
  C:4B29H         LINE#         652
  C:4B29H         LINE#         653
  C:4B30H         LINE#         654
  C:4B33H         LINE#         655
  C:4B36H         LINE#         656
  C:4B36H         LINE#         657
  C:4B38H         LINE#         658
  C:4B38H         LINE#         659
  C:4B3FH         LINE#         660
  C:4B42H         LINE#         661
  C:4B45H         LINE#         662
  C:4B48H         LINE#         663
  C:4B4BH         LINE#         664
  C:4B4BH         LINE#         665
  C:4B4DH         LINE#         666
  C:4B4DH         LINE#         667
  C:4B4DH         LINE#         668
  C:4B4DH         LINE#         670
  C:4B4DH         LINE#         671
  C:4B4DH         LINE#         675
  C:4B5CH         LINE#         676
  C:4B5CH         LINE#         677
  C:4B63H         LINE#         678
  C:4B66H         LINE#         679
  C:4B69H         LINE#         680
  C:4B69H         LINE#         681
  C:4B6BH         LINE#         682
BL51 BANKED LINKER/LOCATER V6.22                                                      10/26/2015  13:00:19  PAGE 19


  C:4B6BH         LINE#         683
  C:4B72H         LINE#         684
  C:4B75H         LINE#         685
  C:4B78H         LINE#         686
  C:4B78H         LINE#         687
  C:4B7AH         LINE#         688
  C:4B7AH         LINE#         689
  C:4B81H         LINE#         690
  C:4B84H         LINE#         691
  C:4B87H         LINE#         692
  C:4B8AH         LINE#         693
  C:4B8DH         LINE#         694
  C:4B9AH         LINE#         695
  C:4B9AH         LINE#         696
  C:4B9AH         LINE#         697
  C:4B9AH         LINE#         698
  C:4B9AH         LINE#         700
  C:4B9AH         LINE#         701
  C:4B9AH         LINE#         702
  C:4B9AH         LINE#         703
  C:4B9AH         LINE#         704
  C:4BA1H         LINE#         705
  C:4BA9H         LINE#         706
  -------         ENDPROC       _FUN_HZ
  C:4D04H         SYMBOL        L?1324
  -------         PROC          L?1323
  -------         ENDPROC       L?1323
  C:4D04H         SYMBOL        L?1324
  -------         PROC          _FUN_PYHZ
  X:0343H         SYMBOL        par_pymodel
  X:0344H         SYMBOL        par_hzmodel
  C:4D08H         LINE#         707
  C:4D10H         LINE#         708
  C:4D1EH         LINE#         709
  C:4D1EH         LINE#         710
  C:4D2DH         LINE#         711
  C:4D2DH         LINE#         712
  C:4D2DH         LINE#         713
  C:4D2FH         LINE#         714
  C:4D2FH         LINE#         715
  C:4D2FH         LINE#         716
  C:4D31H         LINE#         717
  C:4D31H         LINE#         718
  C:4D31H         LINE#         719
  C:4D33H         LINE#         720
  C:4D33H         LINE#         721
  C:4D33H         LINE#         722
  C:4D33H         LINE#         723
  C:4D33H         LINE#         724
  C:4D33H         LINE#         725
  C:4D41H         LINE#         726
  C:4D41H         LINE#         727
  C:4D41H         LINE#         728
  C:4D43H         LINE#         729
  C:4D43H         LINE#         730
  C:4D43H         LINE#         731
  C:4D45H         LINE#         732
BL51 BANKED LINKER/LOCATER V6.22                                                      10/26/2015  13:00:19  PAGE 20


  C:4D45H         LINE#         733
  C:4D45H         LINE#         734
  C:4D47H         LINE#         735
  C:4D47H         LINE#         736
  C:4D47H         LINE#         737
  C:4D47H         LINE#         738
  C:4D47H         LINE#         739
  C:4D47H         LINE#         740
  C:4D56H         LINE#         741
  C:4D56H         LINE#         742
  C:4D56H         LINE#         743
  C:4D58H         LINE#         744
  C:4D58H         LINE#         745
  C:4D58H         LINE#         746
  C:4D5AH         LINE#         747
  C:4D5AH         LINE#         748
  C:4D5AH         LINE#         749
  C:4D5CH         LINE#         750
  C:4D5CH         LINE#         751
  C:4D5CH         LINE#         752
  C:4D5CH         LINE#         753
  C:4D5CH         LINE#         754
  C:4D5CH         LINE#         755
  C:4D6BH         LINE#         756
  C:4D6BH         LINE#         757
  C:4D6DH         LINE#         758
  C:4D6FH         LINE#         759
  C:4D6FH         LINE#         760
  C:4D71H         LINE#         761
  C:4D73H         LINE#         762
  C:4D73H         LINE#         763
  C:4D7AH         LINE#         764
  C:4D7AH         LINE#         765
  C:4D7AH         LINE#         766
  C:4D7AH         LINE#         767
  C:4D7AH         LINE#         768
  C:4D7AH         LINE#         769
  C:4D7AH         LINE#         770
  C:4D7AH         LINE#         771
  C:4D7AH         LINE#         772
  C:4D82H         LINE#         773
  C:4D84H         LINE#         774
  C:4D87H         LINE#         775
  C:4D9CH         LINE#         776
  C:4D9CH         LINE#         777
  C:4DAEH         LINE#         778
  C:4DAEH         LINE#         779
  C:4DB1H         LINE#         780
  C:4DB4H         LINE#         781
  C:4DB7H         LINE#         782
  C:4DB7H         LINE#         783
  C:4DB9H         LINE#         784
  C:4DB9H         LINE#         785
  C:4DBCH         LINE#         786
  C:4DBCH         LINE#         787
  C:4DBEH         LINE#         788
  C:4DBEH         LINE#         789
BL51 BANKED LINKER/LOCATER V6.22                                                      10/26/2015  13:00:19  PAGE 21


  C:4DC1H         LINE#         790
  C:4DC1H         LINE#         791
  C:4DC3H         LINE#         792
  C:4DC3H         LINE#         793
  C:4DC3H         LINE#         794
  C:4DC3H         LINE#         795
  C:4DC3H         LINE#         796
  C:4DC3H         LINE#         797
  C:4DD2H         LINE#         798
  C:4DD2H         LINE#         799
  C:4DD5H         LINE#         800
  C:4DD8H         LINE#         801
  C:4DDBH         LINE#         802
  C:4DDBH         LINE#         803
  C:4DDDH         LINE#         804
  C:4DDDH         LINE#         805
  C:4DE0H         LINE#         806
  C:4DE0H         LINE#         807
  C:4DE2H         LINE#         808
  C:4DE2H         LINE#         809
  C:4DE5H         LINE#         810
  C:4DE5H         LINE#         811
  C:4DE7H         LINE#         812
  C:4DE7H         LINE#         813
  C:4DE7H         LINE#         814
  C:4DE7H         LINE#         815
  C:4DE7H         LINE#         816
  C:4DE7H         LINE#         817
  C:4DF7H         LINE#         818
  C:4DF7H         LINE#         819
  C:4DFAH         LINE#         820
  C:4DFAH         LINE#         821
  C:4DFCH         LINE#         822
  C:4DFCH         LINE#         823
  C:4DFFH         LINE#         824
  C:4DFFH         LINE#         825
  C:4E01H         LINE#         826
  C:4E01H         LINE#         827
  C:4E04H         LINE#         828
  C:4E07H         LINE#         829
  C:4E0AH         LINE#         830
  C:4E0AH         LINE#         831
  C:4E0CH         LINE#         832
  C:4E0CH         LINE#         833
  C:4E0CH         LINE#         834
  C:4E0CH         LINE#         835
  C:4E0CH         LINE#         836
  C:4E0CH         LINE#         837
  C:4E1BH         LINE#         838
  C:4E1BH         LINE#         839
  C:4E1EH         LINE#         840
  C:4E1EH         LINE#         841
  C:4E20H         LINE#         842
  C:4E20H         LINE#         843
  C:4E23H         LINE#         844
  C:4E23H         LINE#         845
  C:4E25H         LINE#         846
BL51 BANKED LINKER/LOCATER V6.22                                                      10/26/2015  13:00:19  PAGE 22


  C:4E25H         LINE#         847
  C:4E28H         LINE#         848
  C:4E2BH         LINE#         849
  C:4E2EH         LINE#         850
  C:4E3BH         LINE#         851
  C:4E3BH         LINE#         852
  C:4E3BH         LINE#         853
  C:4E3BH         LINE#         854
  C:4E3BH         LINE#         855
  C:4E3BH         LINE#         856
  C:4E3BH         LINE#         857
  C:4E3BH         LINE#         858
  C:4E3BH         LINE#         859
  C:4E42H         LINE#         860
  C:4E4AH         LINE#         861
  -------         ENDPROC       _FUN_PYHZ
  -------         PROC          _FUN_SJHZ
  X:0321H         SYMBOL        par_sjmodel
  X:0322H         SYMBOL        par_hzmodel
  -------         DO            
  X:0323H         SYMBOL        loc_sjdelay
  X:0327H         SYMBOL        loc_hzdelay
  X:032BH         SYMBOL        loc_sjcgq
  X:032CH         SYMBOL        loc_hzcgq
  X:032DH         SYMBOL        loc_hzflag
  -------         ENDDO         
  C:37CAH         LINE#         862
  C:37D3H         LINE#         863
  C:37DBH         LINE#         864
  C:37E5H         LINE#         865
  C:37EAH         LINE#         866
  C:37ECH         LINE#         867
  C:37EEH         LINE#         868
  C:37F9H         LINE#         869
  C:380BH         LINE#         870
  C:380BH         LINE#         871
  C:3817H         LINE#         872
  C:3817H         LINE#         873
  C:3817H         LINE#         874
  C:3817H         LINE#         875
  C:3819H         LINE#         876
  C:3819H         LINE#         877
  C:3819H         LINE#         878
  C:3819H         LINE#         879
  C:381BH         LINE#         880
  C:381BH         LINE#         881
  C:381BH         LINE#         882
  C:381BH         LINE#         883
  C:381DH         LINE#         884
  C:381DH         LINE#         885
  C:381DH         LINE#         886
  C:381DH         LINE#         887
  C:381DH         LINE#         888
  C:381DH         LINE#         889
  C:382CH         LINE#         890
  C:382CH         LINE#         891
  C:382CH         LINE#         892
BL51 BANKED LINKER/LOCATER V6.22                                                      10/26/2015  13:00:19  PAGE 23


  C:382CH         LINE#         893
  C:382EH         LINE#         894
  C:382EH         LINE#         895
  C:382EH         LINE#         896
  C:382EH         LINE#         897
  C:3830H         LINE#         898
  C:3830H         LINE#         899
  C:3830H         LINE#         900
  C:3830H         LINE#         901
  C:3832H         LINE#         902
  C:3832H         LINE#         903
  C:3832H         LINE#         904
  C:3832H         LINE#         905
  C:3832H         LINE#         906
  C:3832H         LINE#         907
  C:3842H         LINE#         908
  C:3842H         LINE#         909
  C:3842H         LINE#         910
  C:3842H         LINE#         911
  C:3844H         LINE#         912
  C:3844H         LINE#         913
  C:3844H         LINE#         914
  C:3844H         LINE#         915
  C:3846H         LINE#         916
  C:3846H         LINE#         917
  C:3848H         LINE#         918
  C:3848H         LINE#         919
  C:384AH         LINE#         920
  C:384AH         LINE#         921
  C:384AH         LINE#         922
  C:384AH         LINE#         923
  C:384AH         LINE#         924
  C:384AH         LINE#         925
  C:3859H         LINE#         926
  C:3859H         LINE#         927
  C:385BH         LINE#         928
  C:385BH         LINE#         929
  C:385DH         LINE#         930
  C:385DH         LINE#         931
  C:3864H         LINE#         932
  C:386AH         LINE#         933
  C:386CH         LINE#         934
  C:386CH         LINE#         935
  C:3873H         LINE#         936
  C:3879H         LINE#         937
  C:3879H         LINE#         938
  C:3879H         LINE#         939
  C:3879H         LINE#         940
  C:3879H         LINE#         941
  C:3879H         LINE#         942
  C:3879H         LINE#         943
  C:3879H         LINE#         944
  C:3879H         LINE#         945
  C:3891H         LINE#         946
  C:3891H         LINE#         947
  C:389EH         LINE#         948
  C:38AEH         LINE#         949
BL51 BANKED LINKER/LOCATER V6.22                                                      10/26/2015  13:00:19  PAGE 24


  C:38B1H         LINE#         950
  C:38B4H         LINE#         951
  C:38C3H         LINE#         952
  C:38CFH         LINE#         953
  C:3906H         LINE#         954
  C:3906H         LINE#         955
  C:3908H         LINE#         956
  C:3911H         LINE#         957
  C:3917H         LINE#         958
  C:3917H         LINE#         959
  C:3917H         LINE#         960
  C:3917H         LINE#         961
  C:391AH         LINE#         962
  C:391AH         LINE#         963
  C:391CH         LINE#         964
  C:3925H         LINE#         965
  C:3933H         LINE#         966
  C:3933H         LINE#         967
  C:3933H         LINE#         968
  C:3933H         LINE#         969
  C:3935H         LINE#         970
  C:3935H         LINE#         971
  C:3937H         LINE#         972
  C:3940H         LINE#         973
  C:3946H         LINE#         974
  C:3946H         LINE#         975
  C:3946H         LINE#         976
  C:3946H         LINE#         977
  C:3948H         LINE#         978
  C:3948H         LINE#         979
  C:394AH         LINE#         980
  C:3953H         LINE#         981
  C:395CH         LINE#         982
  C:395CH         LINE#         983
  C:395CH         LINE#         984
  C:395CH         LINE#         985
  C:395EH         LINE#         986
  C:395EH         LINE#         987
  C:3960H         LINE#         988
  C:3969H         LINE#         989
  C:396FH         LINE#         990
  C:396FH         LINE#         991
  C:396FH         LINE#         992
  C:396FH         LINE#         993
  C:3971H         LINE#         994
  C:3971H         LINE#         995
  C:3973H         LINE#         996
  C:397CH         LINE#         997
  C:3985H         LINE#         998
  C:3985H         LINE#         999
  C:3985H         LINE#         1000
  C:3985H         LINE#         1001
  C:3987H         LINE#         1002
  C:3987H         LINE#         1003
  C:3989H         LINE#         1004
  C:3992H         LINE#         1005
  C:3998H         LINE#         1006
BL51 BANKED LINKER/LOCATER V6.22                                                      10/26/2015  13:00:19  PAGE 25


  C:3998H         LINE#         1007
  C:3998H         LINE#         1008
  C:3998H         LINE#         1009
  C:399AH         LINE#         1010
  C:399AH         LINE#         1011
  C:399CH         LINE#         1012
  C:39A5H         LINE#         1013
  C:39B0H         LINE#         1014
  C:39B3H         LINE#         1015
  C:39B3H         LINE#         1016
  C:39B3H         LINE#         1017
  C:39B5H         LINE#         1018
  C:39B5H         LINE#         1019
  C:39B7H         LINE#         1020
  C:39C0H         LINE#         1021
  C:39C3H         LINE#         1022
  C:39E1H         LINE#         1023
  C:39E7H         LINE#         1024
  C:39E7H         LINE#         1025
  C:39E9H         LINE#         1026
  C:39E9H         LINE#         1027
  C:39E9H         LINE#         1028
  C:39E9H         LINE#         1029
  C:39E9H         LINE#         1030
  C:39EDH         LINE#         1031
  C:3A09H         LINE#         1032
  C:3A10H         LINE#         1033
  C:3A15H         LINE#         1034
  C:3A1DH         LINE#         1035
  C:3A1DH         LINE#         1036
  C:3A1DH         LINE#         1037
  C:3A3CH         LINE#         1038
  C:3A42H         LINE#         1039
  C:3A44H         LINE#         1040
  C:3A4DH         LINE#         1041
  C:3A50H         LINE#         1042
  C:3A54H         LINE#         1043
  C:3A57H         LINE#         1044
  C:3A62H         LINE#         1045
  C:3A68H         LINE#         1046
  C:3A6BH         LINE#         1047
  C:3A6BH         LINE#         1048
  C:3A6EH         LINE#         1049
  C:3A6EH         LINE#         1050
  C:3A75H         LINE#         1051
  C:3A7FH         LINE#         1052
  C:3A87H         LINE#         1053
  C:3A87H         LINE#         1054
  C:3A87H         LINE#         1055
  C:3A8AH         LINE#         1056
  -------         ENDPROC       _FUN_SJHZ
  -------         PROC          _FUN_PYSJHZ
  X:0313H         SYMBOL        par_pymodel
  X:0314H         SYMBOL        par_sjmodel
  X:0315H         SYMBOL        par_hzmodel
  -------         DO            
  X:0316H         SYMBOL        loc_sjdelay
BL51 BANKED LINKER/LOCATER V6.22                                                      10/26/2015  13:00:19  PAGE 26


  X:031AH         SYMBOL        loc_hzdelay
  X:031EH         SYMBOL        loc_sjcgq
  X:031FH         SYMBOL        loc_hzcgq
  X:0320H         SYMBOL        loc_hzflag
  B:0022H.0       SYMBOL        loc_pyflag
  -------         ENDDO         
  C:30F2H         LINE#         1057
  C:30FDH         LINE#         1058
  C:3105H         LINE#         1059
  C:310FH         LINE#         1060
  C:3114H         LINE#         1061
  C:3116H         LINE#         1062
  C:3118H         LINE#         1063
  C:311AH         LINE#         1064
  C:3125H         LINE#         1065
  C:3137H         LINE#         1066
  C:3137H         LINE#         1067
  C:3143H         LINE#         1068
  C:3143H         LINE#         1069
  C:3143H         LINE#         1070
  C:3143H         LINE#         1071
  C:3145H         LINE#         1072
  C:3145H         LINE#         1073
  C:3145H         LINE#         1074
  C:3145H         LINE#         1075
  C:3147H         LINE#         1076
  C:3147H         LINE#         1077
  C:3147H         LINE#         1078
  C:3147H         LINE#         1079
  C:3149H         LINE#         1080
  C:3149H         LINE#         1081
  C:3149H         LINE#         1082
  C:3149H         LINE#         1083
  C:3149H         LINE#         1084
  C:3149H         LINE#         1085
  C:3158H         LINE#         1086
  C:3158H         LINE#         1087
  C:3158H         LINE#         1088
  C:3158H         LINE#         1089
  C:315AH         LINE#         1090
  C:315AH         LINE#         1091
  C:315AH         LINE#         1092
  C:315AH         LINE#         1093
  C:315CH         LINE#         1094
  C:315CH         LINE#         1095
  C:315CH         LINE#         1096
  C:315CH         LINE#         1097
  C:315EH         LINE#         1098
  C:315EH         LINE#         1099
  C:315EH         LINE#         1100
  C:315EH         LINE#         1101
  C:315EH         LINE#         1102
  C:315EH         LINE#         1103
  C:316EH         LINE#         1104
  C:316EH         LINE#         1105
  C:316EH         LINE#         1106
  C:316EH         LINE#         1107
BL51 BANKED LINKER/LOCATER V6.22                                                      10/26/2015  13:00:19  PAGE 27


  C:3170H         LINE#         1108
  C:3170H         LINE#         1109
  C:3170H         LINE#         1110
  C:3170H         LINE#         1111
  C:3172H         LINE#         1112
  C:3172H         LINE#         1113
  C:3174H         LINE#         1114
  C:3174H         LINE#         1115
  C:3176H         LINE#         1116
  C:3176H         LINE#         1117
  C:3176H         LINE#         1118
  C:3176H         LINE#         1119
  C:3176H         LINE#         1120
  C:3176H         LINE#         1121
  C:3185H         LINE#         1122
  C:3185H         LINE#         1123
  C:3187H         LINE#         1124
  C:3187H         LINE#         1125
  C:3189H         LINE#         1126
  C:3189H         LINE#         1127
  C:3190H         LINE#         1128
  C:3196H         LINE#         1129
  C:3198H         LINE#         1130
  C:3198H         LINE#         1131
  C:319FH         LINE#         1132
  C:31A5H         LINE#         1133
  C:31A5H         LINE#         1134
  C:31A5H         LINE#         1135
  C:31A5H         LINE#         1136
  C:31A5H         LINE#         1137
  C:31A5H         LINE#         1138
  C:31A5H         LINE#         1139
  C:31A5H         LINE#         1140
  C:31A5H         LINE#         1141
  C:31BDH         LINE#         1142
  C:31BDH         LINE#         1143
  C:31CAH         LINE#         1144
  C:31DAH         LINE#         1145
  C:31DDH         LINE#         1146
  C:31E0H         LINE#         1147
  C:31F5H         LINE#         1148
  C:3219H         LINE#         1149
  C:3219H         LINE#         1150
  C:3250H         LINE#         1151
  C:3250H         LINE#         1152
  C:3252H         LINE#         1153
  C:325BH         LINE#         1154
  C:3261H         LINE#         1155
  C:3261H         LINE#         1156
  C:3261H         LINE#         1157
  C:3261H         LINE#         1158
  C:3264H         LINE#         1159
  C:3264H         LINE#         1160
  C:3266H         LINE#         1161
  C:326FH         LINE#         1162
  C:327DH         LINE#         1163
  C:327DH         LINE#         1164
BL51 BANKED LINKER/LOCATER V6.22                                                      10/26/2015  13:00:19  PAGE 28


  C:327DH         LINE#         1165
  C:327DH         LINE#         1166
  C:3280H         LINE#         1167
  C:3280H         LINE#         1168
  C:3282H         LINE#         1169
  C:328BH         LINE#         1170
  C:3291H         LINE#         1171
  C:3291H         LINE#         1172
  C:3291H         LINE#         1173
  C:3291H         LINE#         1174
  C:3294H         LINE#         1175
  C:3294H         LINE#         1176
  C:3296H         LINE#         1177
  C:329FH         LINE#         1178
  C:32A8H         LINE#         1179
  C:32A8H         LINE#         1180
  C:32A8H         LINE#         1181
  C:32A8H         LINE#         1182
  C:32AAH         LINE#         1183
  C:32AAH         LINE#         1184
  C:32ACH         LINE#         1185
  C:32B5H         LINE#         1186
  C:32BBH         LINE#         1187
  C:32BBH         LINE#         1188
  C:32BBH         LINE#         1189
  C:32BBH         LINE#         1190
  C:32BDH         LINE#         1191
  C:32BDH         LINE#         1192
  C:32BFH         LINE#         1193
  C:32C8H         LINE#         1194
  C:32D1H         LINE#         1195
  C:32D1H         LINE#         1196
  C:32D1H         LINE#         1197
  C:32D1H         LINE#         1198
  C:32D3H         LINE#         1199
  C:32D3H         LINE#         1200
  C:32D5H         LINE#         1201
  C:32DEH         LINE#         1202
  C:32E4H         LINE#         1203
  C:32E4H         LINE#         1204
  C:32E4H         LINE#         1205
  C:32E4H         LINE#         1206
  C:32E6H         LINE#         1207
  C:32E6H         LINE#         1208
  C:32E8H         LINE#         1209
  C:32F1H         LINE#         1210
  C:32FFH         LINE#         1211
  C:3302H         LINE#         1212
  C:3302H         LINE#         1213
  C:3302H         LINE#         1214
  C:3304H         LINE#         1215
  C:3304H         LINE#         1216
  C:3306H         LINE#         1217
  C:330FH         LINE#         1218
  C:3315H         LINE#         1219
  C:3333H         LINE#         1220
  C:3339H         LINE#         1221
BL51 BANKED LINKER/LOCATER V6.22                                                      10/26/2015  13:00:19  PAGE 29


  C:3339H         LINE#         1222
  C:333CH         LINE#         1223
  C:333CH         LINE#         1224
  C:333CH         LINE#         1225
  C:333CH         LINE#         1226
  C:333CH         LINE#         1227
  C:333CH         LINE#         1228
  C:335BH         LINE#         1229
  C:3362H         LINE#         1230
  C:3367H         LINE#         1231
  C:336AH         LINE#         1232
  C:3372H         LINE#         1233
  C:3372H         LINE#         1234
  C:3375H         LINE#         1235
  C:3375H         LINE#         1236
  C:337CH         LINE#         1237
  C:3380H         LINE#         1238
  C:3387H         LINE#         1239
  C:338EH         LINE#         1240
  C:3394H         LINE#         1241
  C:3397H         LINE#         1242
  C:3397H         LINE#         1243
  C:33A2H         LINE#         1244
  C:33BDH         LINE#         1245
  C:33C3H         LINE#         1246
  C:33C3H         LINE#         1247
  C:33CBH         LINE#         1248
  C:33E6H         LINE#         1249
  C:33ECH         LINE#         1250
  C:33ECH         LINE#         1251
  C:33EEH         LINE#         1252
  C:33EEH         LINE#         1253
  C:340AH         LINE#         1254
  C:3411H         LINE#         1255
  C:3416H         LINE#         1256
  C:341EH         LINE#         1257
  C:341EH         LINE#         1258
  C:341EH         LINE#         1259
  C:341EH         LINE#         1260
  C:341EH         LINE#         1261
  C:341EH         LINE#         1262
  C:343DH         LINE#         1263
  C:3443H         LINE#         1264
  C:3445H         LINE#         1265
  C:344EH         LINE#         1266
  C:3451H         LINE#         1267
  C:3455H         LINE#         1268
  C:3458H         LINE#         1269
  C:3463H         LINE#         1270
  C:3469H         LINE#         1271
  C:346CH         LINE#         1272
  C:346CH         LINE#         1273
  C:346FH         LINE#         1274
  C:346FH         LINE#         1275
  C:3476H         LINE#         1276
  C:3480H         LINE#         1277
  C:3488H         LINE#         1278
BL51 BANKED LINKER/LOCATER V6.22                                                      10/26/2015  13:00:19  PAGE 30


  C:3488H         LINE#         1279
  C:3488H         LINE#         1280
  C:348BH         LINE#         1281
  -------         ENDPROC       _FUN_PYSJHZ
  -------         PROC          FUN_JTJP
  C:5231H         LINE#         1282
  C:5231H         LINE#         1283
  C:5231H         LINE#         1284
  C:524FH         LINE#         1285
  C:5258H         LINE#         1286
  C:525FH         LINE#         1288
  C:525FH         LINE#         1289
  C:5262H         LINE#         1290
  C:5269H         LINE#         1291
  C:526BH         LINE#         1292
  C:526DH         LINE#         1293
  C:5270H         LINE#         1294
  C:5277H         LINE#         1295
  C:527EH         LINE#         1296
  C:527EH         LINE#         1297
  C:5284H         LINE#         1298
  C:528BH         LINE#         1299
  C:528DH         LINE#         1300
  C:528FH         LINE#         1301
  C:5295H         LINE#         1302
  C:529CH         LINE#         1303
  C:52A3H         LINE#         1304
  C:52A3H         LINE#         1305
  C:52A9H         LINE#         1306
  C:52B0H         LINE#         1307
  C:52B2H         LINE#         1308
  C:52B4H         LINE#         1309
  C:52BAH         LINE#         1310
  C:52C1H         LINE#         1311
  C:52C8H         LINE#         1312
  C:52C8H         LINE#         1313
  C:52D1H         LINE#         1314
  -------         ENDPROC       FUN_JTJP
  -------         PROC          FUN_TIMERMOVE
  -------         DO            
  D:001BH         SYMBOL        loc_con
  D:0017H         SYMBOL        loc_sdl
  D:0019H         SYMBOL        loc_sdr
  -------         ENDDO         
  C:2718H         LINE#         1316
  C:2718H         LINE#         1319
  C:273DH         LINE#         1320
  C:273DH         LINE#         1321
  C:2745H         LINE#         1322
  C:274BH         LINE#         1323
  C:275AH         LINE#         1324
  C:2768H         LINE#         1325
  C:2769H         LINE#         1326
  C:2769H         LINE#         1327
  C:277FH         LINE#         1328
  C:2797H         LINE#         1329
  C:279DH         LINE#         1330
BL51 BANKED LINKER/LOCATER V6.22                                                      10/26/2015  13:00:19  PAGE 31


  C:27A5H         LINE#         1331
  C:27A8H         LINE#         1332
  C:27AFH         LINE#         1333
  C:27B2H         LINE#         1334
  C:27C5H         LINE#         1335
  C:27C5H         LINE#         1336
  C:27C5H         LINE#         1338
  C:27D5H         LINE#         1339
  C:27DBH         LINE#         1340
  C:27F6H         LINE#         1341
  C:2811H         LINE#         1342
  C:2811H         LINE#         1343
  C:2817H         LINE#         1344
  C:2832H         LINE#         1345
  C:284DH         LINE#         1346
  C:284DH         LINE#         1347
  C:2853H         LINE#         1348
  C:2873H         LINE#         1349
  C:2893H         LINE#         1350
  C:2893H         LINE#         1351
  C:2899H         LINE#         1352
  C:28B9H         LINE#         1353
  C:28D9H         LINE#         1354
  C:28D9H         LINE#         1355
  C:28DFH         LINE#         1356
  C:28FFH         LINE#         1357
  C:291FH         LINE#         1358
  C:291FH         LINE#         1359
  C:2928H         LINE#         1360
  C:2948H         LINE#         1361
  C:2968H         LINE#         1362
  C:2968H         LINE#         1363
  C:2968H         LINE#         1364
  C:2968H         LINE#         1365
  C:2968H         LINE#         1366
  C:296BH         LINE#         1367
  C:296BH         LINE#         1368
  C:2975H         LINE#         1369
  C:297AH         LINE#         1370
  C:297AH         LINE#         1371
  C:297DH         LINE#         1372
  C:297DH         LINE#         1373
  C:2992H         LINE#         1374
  C:2992H         LINE#         1375
  C:29B5H         LINE#         1376
  C:29B5H         LINE#         1377
  C:29C3H         LINE#         1378
  C:29D2H         LINE#         1379
  C:29D2H         LINE#         1380
  C:29D4H         LINE#         1381
  C:29D4H         LINE#         1382
  C:29D7H         LINE#         1383
  C:29E5H         LINE#         1384
  C:29E8H         LINE#         1385
  C:29EAH         LINE#         1386
  C:29EAH         LINE#         1387
  C:29F8H         LINE#         1388
BL51 BANKED LINKER/LOCATER V6.22                                                      10/26/2015  13:00:19  PAGE 32


  C:2A0DH         LINE#         1389
  C:2A10H         LINE#         1390
  C:2A12H         LINE#         1391
  C:2A12H         LINE#         1392
  C:2A15H         LINE#         1393
  C:2A23H         LINE#         1394
  C:2A41H         LINE#         1395
  C:2A41H         LINE#         1396
  C:2A41H         LINE#         1397
  C:2A43H         LINE#         1398
  C:2A44H         LINE#         1399
  C:2A44H         LINE#         1400
  C:2A63H         LINE#         1401
  C:2A65H         LINE#         1402
  C:2A66H         LINE#         1403
  C:2A66H         LINE#         1404
  C:2A6FH         LINE#         1405
  C:2A6FH         LINE#         1406
  C:2A6FH         LINE#         1407
  C:2A6FH         LINE#         1408
  C:2A6FH         LINE#         1409
  C:2A6FH         LINE#         1410
  C:2A71H         LINE#         1411
  C:2A71H         LINE#         1412
  C:2A71H         LINE#         1413
  C:2A71H         LINE#         1414
  C:2A7CH         LINE#         1415
  C:2A7CH         LINE#         1416
  C:2AB5H         LINE#         1417
  C:2AB7H         LINE#         1418
  C:2AB8H         LINE#         1419
  C:2AB8H         LINE#         1420
  C:2AD4H         LINE#         1421
  C:2ADCH         LINE#         1422
  C:2AE6H         LINE#         1423
  C:2AF0H         LINE#         1424
  C:2AF3H         LINE#         1425
  C:2AF4H         LINE#         1426
  C:2AF4H         LINE#         1427
  C:2B04H         LINE#         1428
  C:2B0AH         LINE#         1429
  C:2B23H         LINE#         1430
  C:2B3DH         LINE#         1431
  C:2B3DH         LINE#         1432
  C:2B43H         LINE#         1433
  C:2B5DH         LINE#         1434
  C:2B76H         LINE#         1435
  C:2B76H         LINE#         1436
  C:2B7CH         LINE#         1437
  C:2B96H         LINE#         1438
  C:2BB0H         LINE#         1439
  C:2BB0H         LINE#         1440
  C:2BB6H         LINE#         1441
  C:2BD0H         LINE#         1442
  C:2BEAH         LINE#         1443
  C:2BEAH         LINE#         1444
  C:2BF0H         LINE#         1445
BL51 BANKED LINKER/LOCATER V6.22                                                      10/26/2015  13:00:19  PAGE 33


  C:2C09H         LINE#         1446
  C:2C23H         LINE#         1447
  C:2C23H         LINE#         1448
  C:2C29H         LINE#         1449
  C:2C43H         LINE#         1450
  C:2C5CH         LINE#         1451
  C:2C5CH         LINE#         1452
  C:2C65H         LINE#         1453
  C:2C6EH         LINE#         1454
  C:2C6EH         LINE#         1455
  C:2C6EH         LINE#         1456
  C:2C6EH         LINE#         1457
  C:2C6EH         LINE#         1458
  C:2C6EH         LINE#         1459
  C:2C6EH         LINE#         1460
  C:2C6EH         LINE#         1461
  -------         ENDPROC       FUN_TIMERMOVE
  -------         PROC          _FUN_FLSETTING
  X:02B9H         SYMBOL        par_gospeed
  X:02BAH         SYMBOL        par_turnspeed
  X:02BBH         SYMBOL        par_cachespeed
  -------         DO            
  X:02BCH         SYMBOL        ellipsis_40
  X:02E4H         SYMBOL        loc_argp
  D:0007H         SYMBOL        loc_step
  D:0006H         SYMBOL        loc_con
  -------         ENDDO         
  C:53EAH         LINE#         1462
  C:53F5H         LINE#         1464
  C:53F7H         LINE#         1466
  C:5403H         LINE#         1467
  C:5405H         LINE#         1468
  C:540AH         LINE#         1469
  C:5419H         LINE#         1470
  C:542DH         LINE#         1471
  C:542FH         LINE#         1472
  C:543CH         LINE#         1475
  C:5442H         LINE#         1476
  C:5450H         LINE#         1477
  C:5458H         LINE#         1478
  C:5460H         LINE#         1479
  C:5468H         LINE#         1480
  C:546CH         LINE#         1481
  -------         ENDPROC       _FUN_FLSETTING
  -------         PROC          _FUN_FOLLINE
  D:0007H         SYMBOL        par_con
  X:0337H         SYMBOL        par_speed
  -------         DO            
  X:0338H         SYMBOL        loc_con
  X:0339H         SYMBOL        loc_sdr
  X:033AH         SYMBOL        loc_sdl
  X:033BH         SYMBOL        loc_online
  -------         ENDDO         
  C:457DH         LINE#         1482
  C:4582H         LINE#         1483
  C:4585H         LINE#         1486
  C:458EH         LINE#         1487
BL51 BANKED LINKER/LOCATER V6.22                                                      10/26/2015  13:00:19  PAGE 34


  C:45A6H         LINE#         1488
  C:45ACH         LINE#         1489
  C:45B6H         LINE#         1490
  C:45B8H         LINE#         1491
  C:45BFH         LINE#         1492
  C:45C2H         LINE#         1493
  C:45C8H         LINE#         1494
  C:45CAH         LINE#         1495
  C:45CAH         LINE#         1497
  C:45D6H         LINE#         1498
  C:45DCH         LINE#         1499
  C:45E8H         LINE#         1500
  C:4600H         LINE#         1501
  C:4600H         LINE#         1502
  C:4606H         LINE#         1503
  C:461EH         LINE#         1504
  C:462CH         LINE#         1505
  C:462CH         LINE#         1506
  C:4632H         LINE#         1507
  C:4644H         LINE#         1508
  C:4662H         LINE#         1509
  C:4662H         LINE#         1510
  C:4668H         LINE#         1511
  C:4686H         LINE#         1512
  C:4698H         LINE#         1513
  C:4698H         LINE#         1514
  C:469EH         LINE#         1515
  C:46B0H         LINE#         1516
  C:46CEH         LINE#         1517
  C:46CEH         LINE#         1518
  C:46D4H         LINE#         1519
  C:46F2H         LINE#         1520
  C:4704H         LINE#         1521
  C:4704H         LINE#         1522
  C:470EH         LINE#         1523
  C:4718H         LINE#         1524
  C:471DH         LINE#         1525
  C:471DH         LINE#         1526
  C:4720H         LINE#         1527
  -------         ENDPROC       _FUN_FOLLINE
  -------         PROC          _FUN_TURN
  D:0007H         SYMBOL        par_model
  X:034BH         SYMBOL        par_speed
  C:546DH         LINE#         1529
  C:5472H         LINE#         1530
  C:5482H         LINE#         1531
  C:5482H         LINE#         1532
  C:548CH         LINE#         1533
  C:5492H         LINE#         1534
  C:5492H         LINE#         1535
  C:5494H         LINE#         1536
  C:5494H         LINE#         1537
  C:5497H         LINE#         1538
  C:54A1H         LINE#         1539
  C:54A4H         LINE#         1540
  C:54A6H         LINE#         1541
  C:54A6H         LINE#         1542
BL51 BANKED LINKER/LOCATER V6.22                                                      10/26/2015  13:00:19  PAGE 35


  C:54B0H         LINE#         1543
  C:54BCH         LINE#         1544
  C:54BFH         LINE#         1545
  C:54C1H         LINE#         1546
  C:54C1H         LINE#         1547
  C:54C4H         LINE#         1548
  C:54CEH         LINE#         1549
  C:54DBH         LINE#         1550
  C:54DBH         LINE#         1551
  C:54DBH         LINE#         1552
  C:54E1H         LINE#         1553
  -------         ENDPROC       _FUN_TURN
  -------         PROC          _FUN_QC
  D:0007H         SYMBOL        par_time
  X:0340H         SYMBOL        par_speed
  -------         DO            
  X:0341H         SYMBOL        loc_sdr
  X:0342H         SYMBOL        loc_sdl
  -------         ENDDO         
  C:3CC9H         LINE#         1555
  C:3CCEH         LINE#         1557
  C:3CEBH         LINE#         1558
  C:3D0AH         LINE#         1560
  C:3D16H         LINE#         1561
  C:3D1CH         LINE#         1562
[...]
  C:49F4H         LINE#         2446
  C:49FBH         LINE#         2447
  C:4A00H         LINE#         2448
  C:4A00H         LINE#         2449
  C:4A00H         LINE#         2450
  C:4A00H         LINE#         2451
  C:4A00H         LINE#         2452
  C:4A00H         LINE#         2453
  C:4A08H         LINE#         2454
  C:4A1AH         LINE#         2455
  C:4A1AH         LINE#         2456
  C:4A1AH         LINE#         2457
  C:4A1CH         LINE#         2458
  C:4A1CH         LINE#         2459
  C:4A1EH         LINE#         2460
  C:4A20H         LINE#         2461
  C:4A20H         LINE#         2462
  C:4A22H         LINE#         2463
  C:4A24H         LINE#         2464
  C:4A24H         LINE#         2465
  C:4A26H         LINE#         2466
  C:4A28H         LINE#         2467
  C:4A28H         LINE#         2468
  C:4A2AH         LINE#         2469
  C:4A2CH         LINE#         2470
  C:4A2CH         LINE#         2471
  C:4A37H         LINE#         2472
  C:4A3BH         LINE#         2473
  C:4A46H         LINE#         2474
  C:4A4BH         LINE#         2475
  C:4A4BH         LINE#         2476
  C:4A4BH         LINE#         2477
  C:4A4BH         LINE#         2478
  -------         ENDPROC       _FUN_ZJZT
  -------         PROC          _FUN_NAJIAN
  X:032EH         SYMBOL        par_now
  X:032FH         SYMBOL        par_next
  X:0330H         SYMBOL        par_high
  X:0333H         SYMBOL        par_data
  -------         DO            
  X:0336H         SYMBOL        loc_high
  -------         ENDDO         
  C:10EEH         LINE#         2479
  C:10FFH         LINE#         2484
  C:114DH         LINE#         2486
  C:1162H         LINE#         2487
  C:116AH         LINE#         2488
  C:1192H         LINE#         2489
BL51 BANKED LINKER/LOCATER V6.22                                                      10/26/2015  13:00:19  PAGE 52


  C:119DH         LINE#         2490
  C:119DH         LINE#         2491
  C:119FH         LINE#         2492
  C:11BAH         LINE#         2493
  C:11C2H         LINE#         2494
  C:11F3H         LINE#         2495
  C:11FBH         LINE#         2496
  C:1255H         LINE#         2497
  C:1255H         LINE#         2499
  C:125FH         LINE#         2501
  C:127CH         LINE#         2503
  C:1281H         LINE#         2505
  C:12ADH         LINE#         2506
  C:12ADH         LINE#         2507
  C:12DEH         LINE#         2508
  C:12DEH         LINE#         2509
  C:12F4H         LINE#         2510
  C:12F7H         LINE#         2511
  C:12F7H         LINE#         2512
  C:12F7H         LINE#         2513
  C:12F9H         LINE#         2514
  C:12F9H         LINE#         2515
  C:1321H         LINE#         2516
  C:1324H         LINE#         2517
  C:1324H         LINE#         2518
  C:134CH         LINE#         2519
  C:134FH         LINE#         2520
  C:134FH         LINE#         2521
  C:134FH         LINE#         2522
  C:1351H         LINE#         2523
  C:1351H         LINE#         2524
  C:1379H         LINE#         2525
  C:137CH         LINE#         2526
  C:137CH         LINE#         2527
  C:13A4H         LINE#         2528
  C:13A7H         LINE#         2529
  C:13A7H         LINE#         2530
  C:13A7H         LINE#         2531
  C:13A7H         LINE#         2532
  C:13A7H         LINE#         2533
  C:13A7H         LINE#         2534
  C:13D3H         LINE#         2535
  C:13D3H         LINE#         2536
  C:13FAH         LINE#         2537
  C:13FDH         LINE#         2538
  C:13FDH         LINE#         2539
  C:1428H         LINE#         2540
  C:142BH         LINE#         2541
  C:142BH         LINE#         2542
  C:1453H         LINE#         2543
  C:1456H         LINE#         2544
  C:1456H         LINE#         2545
  C:147EH         LINE#         2546
  C:1481H         LINE#         2547
  C:1481H         LINE#         2548
  C:14ACH         LINE#         2549
  C:14AFH         LINE#         2550
BL51 BANKED LINKER/LOCATER V6.22                                                      10/26/2015  13:00:19  PAGE 53


  C:14AFH         LINE#         2551
  C:14DAH         LINE#         2552
  C:14DDH         LINE#         2553
  C:14DDH         LINE#         2554
  C:1505H         LINE#         2555
  C:1508H         LINE#         2556
  C:1508H         LINE#         2557
  C:1508H         LINE#         2558
  C:1508H         LINE#         2559
  C:1508H         LINE#         2560
  C:1508H         LINE#         2561
  C:1534H         LINE#         2562
  C:1534H         LINE#         2563
  C:1534H         LINE#         2564
  C:1537H         LINE#         2565
  C:1537H         LINE#         2566
  C:1562H         LINE#         2567
  C:1565H         LINE#         2568
  C:1565H         LINE#         2569
  C:1590H         LINE#         2570
  C:1593H         LINE#         2571
  C:1593H         LINE#         2572
  C:15BBH         LINE#         2573
  C:15BEH         LINE#         2574
  C:15BEH         LINE#         2575
  C:15E9H         LINE#         2576
  C:15ECH         LINE#         2577
  C:15ECH         LINE#         2578
  C:1617H         LINE#         2579
  C:161AH         LINE#         2580
  C:161AH         LINE#         2581
  C:1642H         LINE#         2582
  C:1645H         LINE#         2583
  C:1645H         LINE#         2584
  C:1645H         LINE#         2585
  C:1645H         LINE#         2586
  C:1645H         LINE#         2587
  C:1645H         LINE#         2588
  C:1671H         LINE#         2589
  C:1671H         LINE#         2590
  C:1699H         LINE#         2591
  C:169CH         LINE#         2592
  C:169CH         LINE#         2593
  C:16C4H         LINE#         2594
  C:16C7H         LINE#         2595
  C:16C7H         LINE#         2596
  C:16F2H         LINE#         2597
  C:16F5H         LINE#         2598
  C:16F5H         LINE#         2599
  C:1727H         LINE#         2600
  C:172AH         LINE#         2601
  C:172AH         LINE#         2602
  C:1752H         LINE#         2603
  C:1755H         LINE#         2604
  C:1755H         LINE#         2605
  C:177DH         LINE#         2606
  C:1780H         LINE#         2607
BL51 BANKED LINKER/LOCATER V6.22                                                      10/26/2015  13:00:19  PAGE 54


  C:1780H         LINE#         2608
  C:17B2H         LINE#         2609
  C:17B5H         LINE#         2610
  C:17B5H         LINE#         2611
  C:17B5H         LINE#         2612
  C:17B5H         LINE#         2613
  C:17B5H         LINE#         2614
  C:17B5H         LINE#         2615
  C:17E1H         LINE#         2616
  C:17E1H         LINE#         2617
  C:1809H         LINE#         2618
  C:180CH         LINE#         2619
  C:180CH         LINE#         2620
  C:1834H         LINE#         2621
  C:1837H         LINE#         2622
  C:1837H         LINE#         2623
  C:185FH         LINE#         2624
  C:1862H         LINE#         2625
  C:1862H         LINE#         2626
  C:1894H         LINE#         2627
  C:1897H         LINE#         2628
  C:1897H         LINE#         2629
  C:18C2H         LINE#         2630
  C:18C5H         LINE#         2631
  C:18C5H         LINE#         2632
  C:18EDH         LINE#         2633
  C:18F0H         LINE#         2634
  C:18F0H         LINE#         2635
  C:1922H         LINE#         2636
  C:1925H         LINE#         2637
  C:1925H         LINE#         2638
  C:1925H         LINE#         2639
  C:1925H         LINE#         2640
  C:1925H         LINE#         2641
  C:1925H         LINE#         2642
  C:1951H         LINE#         2643
  C:1951H         LINE#         2644
  C:1951H         LINE#         2645
  C:1954H         LINE#         2646
  C:1954H         LINE#         2647
  C:197FH         LINE#         2648
  C:1982H         LINE#         2649
  C:1982H         LINE#         2650
  C:19ADH         LINE#         2651
  C:19B0H         LINE#         2652
  C:19B0H         LINE#         2653
  C:19D8H         LINE#         2654
  C:19DBH         LINE#         2655
  C:19DBH         LINE#         2656
  C:1A06H         LINE#         2657
  C:1A09H         LINE#         2658
  C:1A09H         LINE#         2659
  C:1A34H         LINE#         2660
  C:1A37H         LINE#         2661
  C:1A37H         LINE#         2662
  C:1A5FH         LINE#         2663
  C:1A62H         LINE#         2664
BL51 BANKED LINKER/LOCATER V6.22                                                      10/26/2015  13:00:19  PAGE 55


  C:1A62H         LINE#         2665
  C:1A62H         LINE#         2666
  C:1A62H         LINE#         2667
  C:1A62H         LINE#         2668
  C:1A62H         LINE#         2669
  C:1A8EH         LINE#         2670
  C:1A8EH         LINE#         2671
  C:1ABFH         LINE#         2672
  C:1AC2H         LINE#         2673
  C:1AC2H         LINE#         2674
  C:1AEDH         LINE#         2675
  C:1AF0H         LINE#         2676
  C:1AF0H         LINE#         2677
  C:1B1BH         LINE#         2678
  C:1B1EH         LINE#         2679
  C:1B1EH         LINE#         2680
  C:1B53H         LINE#         2681
  C:1B56H         LINE#         2682
  C:1B56H         LINE#         2683
  C:1B8BH         LINE#         2684
  C:1B8EH         LINE#         2685
  C:1B8EH         LINE#         2686
  C:1BB9H         LINE#         2687
  C:1BBCH         LINE#         2688
  C:1BBCH         LINE#         2689
  C:1BE7H         LINE#         2690
  C:1BEAH         LINE#         2691
  C:1BEAH         LINE#         2692
  C:1BEAH         LINE#         2693
  C:1BEAH         LINE#         2694
  C:1BEAH         LINE#         2695
  C:1BEAH         LINE#         2696
  C:1C13H         LINE#         2697
  C:1C13H         LINE#         2698
  C:1C4EH         LINE#         2699
  C:1C51H         LINE#         2700
  C:1C51H         LINE#         2701
  C:1C86H         LINE#         2702
  C:1C89H         LINE#         2703
  C:1C89H         LINE#         2704
  C:1CBEH         LINE#         2705
  C:1CC1H         LINE#         2706
  C:1CC1H         LINE#         2707
  C:1D00H         LINE#         2708
  C:1D02H         LINE#         2709
  C:1D02H         LINE#         2710
  C:1D4AH         LINE#         2711
  C:1D4CH         LINE#         2712
  C:1D4CH         LINE#         2713
  C:1D8AH         LINE#         2714
  C:1D8CH         LINE#         2715
  C:1D8CH         LINE#         2716
  C:1DD3H         LINE#         2717
  C:1DD3H         LINE#         2718
  C:1DD3H         LINE#         2719
  C:1DD3H         LINE#         2720
  C:1DD3H         LINE#         2721
BL51 BANKED LINKER/LOCATER V6.22                                                      10/26/2015  13:00:19  PAGE 56


  C:1DD3H         LINE#         2722
  C:1DD3H         LINE#         2723
  C:1DD3H         LINE#         2724
  C:1DD3H         LINE#         2726
  C:1DDDH         LINE#         2728
  C:1DF7H         LINE#         2730
  C:1DFCH         LINE#         2734
  C:1E85H         LINE#         2735
  C:1EC4H         LINE#         2736
  C:1EDDH         LINE#         2737
  -------         ENDPROC       _FUN_NAJIAN
  -------         PROC          FUN_ZHUAJIAN
  C:509EH         LINE#         2739
  C:509EH         LINE#         2740
  C:50A3H         LINE#         2741
  C:50A8H         LINE#         2742
  C:50ADH         LINE#         2743
  C:50B5H         LINE#         2744
  C:50BAH         LINE#         2746
  C:50C1H         LINE#         2747
  C:50C8H         LINE#         2748
  C:50CFH         LINE#         2749
  C:50D6H         LINE#         2750
  C:50EEH         LINE#         2751
  C:50FAH         LINE#         2752
  C:5101H         LINE#         2753
  C:510AH         LINE#         2754
  C:5111H         LINE#         2755
  C:5113H         LINE#         2756
  C:5113H         LINE#         2757
  C:5113H         LINE#         2758
  C:5113H         LINE#         2759
  C:5115H         LINE#         2760
  C:5121H         LINE#         2761
  C:5128H         LINE#         2762
  C:5131H         LINE#         2763
  C:5138H         LINE#         2764
  C:513FH         LINE#         2765
  C:5148H         LINE#         2766
  C:514FH         LINE#         2767
  C:5158H         LINE#         2768
  C:5158H         LINE#         2769
  C:515FH         LINE#         2770
  C:5162H         LINE#         2771
  -------         ENDPROC       FUN_ZHUAJIAN
  -------         PROC          FUN_BACK
  C:56F5H         LINE#         2773
  C:56F5H         LINE#         2774
  C:56FCH         LINE#         2775
  C:56FFH         LINE#         2777
  C:5706H         LINE#         2778
  C:570DH         LINE#         2779
  C:5716H         LINE#         2781
  C:571DH         LINE#         2782
  C:5720H         LINE#         2783
  -------         ENDPROC       FUN_BACK
  -------         PROC          _FUN_START
BL51 BANKED LINKER/LOCATER V6.22                                                      10/26/2015  13:00:19  PAGE 57


  X:0287H         SYMBOL        par_x
  X:0288H         SYMBOL        par_y
  X:0289H         SYMBOL        par_ctfx
  X:028AH         SYMBOL        par_szzt
  X:028BH         SYMBOL        par_sjwz
  X:028CH         SYMBOL        par_pywz
  X:028DH         SYMBOL        par_hzfx
  C:5169H         LINE#         2785
  C:5174H         LINE#         2786
  C:5174H         LINE#         2787
  C:5177H         LINE#         2788
  C:517AH         LINE#         2789
  C:517CH         LINE#         2790
  C:517EH         LINE#         2791
  C:5181H         LINE#         2792
  C:5184H         LINE#         2793
  C:5187H         LINE#         2795
  C:5189H         LINE#         2796
  C:518BH         LINE#         2797
  C:518DH         LINE#         2798
  C:518FH         LINE#         2800
  C:5192H         LINE#         2801
  C:5194H         LINE#         2803
  C:5197H         LINE#         2805
  C:519AH         LINE#         2806
  C:519DH         LINE#         2807
  C:519FH         LINE#         2808
  C:51A1H         LINE#         2809
  C:51AAH         LINE#         2811
  C:51B7H         LINE#         2812
  C:51C6H         LINE#         2813
  C:51CBH         LINE#         2814
  C:51CFH         LINE#         2816
  C:51D7H         LINE#         2817
  C:51DFH         LINE#         2818
  C:51E7H         LINE#         2819
  C:51EFH         LINE#         2820
  C:51F7H         LINE#         2821
  C:51FFH         LINE#         2822
  C:5207H         LINE#         2824
  C:520CH         LINE#         2825
  C:5212H         LINE#         2826
  C:5219H         LINE#         2827
  C:5220H         LINE#         2828
  C:5227H         LINE#         2829
  C:522EH         LINE#         2835
  -------         ENDPROC       _FUN_START
  -------         PROC          FUN_STOP
  C:567FH         LINE#         2838
  C:567FH         LINE#         2839
  C:5681H         LINE#         2840
  C:5686H         LINE#         2841
  C:568CH         LINE#         2842
  C:5693H         LINE#         2843
  C:569AH         LINE#         2844
  C:56A1H         LINE#         2845
  C:56A8H         LINE#         2846
BL51 BANKED LINKER/LOCATER V6.22                                                      10/26/2015  13:00:19  PAGE 58


  C:56BFH         LINE#         2847
  -------         ENDPROC       FUN_STOP
  -------         ENDMOD        8023

  -------         MODULE        ?C?FPMUL
  C:1EEBH         PUBLIC        ?C?FPMUL
  -------         ENDMOD        ?C?FPMUL

  -------         MODULE        ?C?FCAST
  C:1FFBH         PUBLIC        ?C?FCASTC
  C:1FF6H         PUBLIC        ?C?FCASTI
  C:1FF1H         PUBLIC        ?C?FCASTL
  -------         ENDMOD        ?C?FCAST

  -------         MODULE        ?C?CASTF
  C:202FH         PUBLIC        ?C?CASTF
  -------         ENDMOD        ?C?CASTF

  -------         MODULE        PRINTF
  X:0287H         PUBLIC        ?_PRINTF?BYTE
  X:0287H         PUBLIC        ?_SPRINTF?BYTE
  C:2CDAH         PUBLIC        _PRINTF
  C:2CD4H         PUBLIC        _SPRINTF
  -------         ENDMOD        PRINTF

  -------         MODULE        ?C?FPROUND
  C:20B0H         PUBLIC        ?C?FPROUND
  -------         ENDMOD        ?C?FPROUND

  -------         MODULE        ?C?FPCONVERT
  C:20EDH         PUBLIC        ?C?FPCONVERT
  -------         ENDMOD        ?C?FPCONVERT

  -------         MODULE        ?C?FPADD
  C:21F9H         PUBLIC        ?C?FPADD
  C:21F5H         PUBLIC        ?C?FPSUB
  -------         ENDMOD        ?C?FPADD

  -------         MODULE        ?C?FPDIV
  C:22EDH         PUBLIC        ?C?FPDIV
  -------         ENDMOD        ?C?FPDIV

  -------         MODULE        ?C?FTNPWR
  C:23BAH         PUBLIC        ?C?FTNPWR
  -------         ENDMOD        ?C?FTNPWR

  -------         MODULE        ?C?CLDPTR
  C:23FAH         PUBLIC        ?C?CLDPTR
  -------         ENDMOD        ?C?CLDPTR

  -------         MODULE        ?C?CLDOPTR
  C:2413H         PUBLIC        ?C?CLDOPTR
  -------         ENDMOD        ?C?CLDOPTR

  -------         MODULE        ?C?CILDOPTR
  C:2440H         PUBLIC        ?C?CILDOPTR
  -------         ENDMOD        ?C?CILDOPTR
BL51 BANKED LINKER/LOCATER V6.22                                                      10/26/2015  13:00:19  PAGE 59



  -------         MODULE        ?C?CSTPTR
  C:2473H         PUBLIC        ?C?CSTPTR
  -------         ENDMOD        ?C?CSTPTR

  -------         MODULE        ?C?CSTOPTR
  C:2485H         PUBLIC        ?C?CSTOPTR
  -------         ENDMOD        ?C?CSTOPTR

  -------         MODULE        ?C?IMUL
  C:24A7H         PUBLIC        ?C?IMUL
  -------         ENDMOD        ?C?IMUL

  -------         MODULE        ?C?UIDIV
  C:24B9H         PUBLIC        ?C?UIDIV
  -------         ENDMOD        ?C?UIDIV

  -------         MODULE        ?C?SIDIV
  C:250EH         PUBLIC        ?C?SIDIV
  -------         ENDMOD        ?C?SIDIV

  -------         MODULE        ?C?IILDX
  C:2544H         PUBLIC        ?C?IILDX
  -------         ENDMOD        ?C?IILDX

  -------         MODULE        ?C?ILDIX
  C:255AH         PUBLIC        ?C?ILDIX
  -------         ENDMOD        ?C?ILDIX

  -------         MODULE        ?C?ULDIV
  C:25ACH         PUBLIC        ?C?ULDIV
  -------         ENDMOD        ?C?ULDIV

  -------         MODULE        ?C?LNEG
  C:263EH         PUBLIC        ?C?LNEG
  -------         ENDMOD        ?C?LNEG

  -------         MODULE        ?C?ULCMP
  C:264CH         PUBLIC        ?C?ULCMP
  -------         ENDMOD        ?C?ULCMP

  -------         MODULE        ?C?LSTXDATA
  C:265DH         PUBLIC        ?C?LSTXDATA
  -------         ENDMOD        ?C?LSTXDATA

  -------         MODULE        ?C?LSTKXDATA
  C:2669H         PUBLIC        ?C?LSTKXDATA
  -------         ENDMOD        ?C?LSTKXDATA

  -------         MODULE        ?C?OFFXADD
  C:269AH         PUBLIC        ?C?OFFXADD
  -------         ENDMOD        ?C?OFFXADD

  -------         MODULE        ?C?PLDIXDATA
  C:26A6H         PUBLIC        ?C?PLDIXDATA
  -------         ENDMOD        ?C?PLDIXDATA

BL51 BANKED LINKER/LOCATER V6.22                                                      10/26/2015  13:00:19  PAGE 60


  -------         MODULE        ?C?PSTXDATA
  C:26BDH         PUBLIC        ?C?PSTXDATA
  -------         ENDMOD        ?C?PSTXDATA

  -------         MODULE        ?C?CCASE
  C:26C6H         PUBLIC        ?C?CCASE
  -------         ENDMOD        ?C?CCASE

  -------         MODULE        PUTCHAR
  C:5756H         PUBLIC        _PUTCHAR
  -------         ENDMOD        PUTCHAR

  -------         MODULE        CABS
  C:58D8H         PUBLIC        _CABS
  -------         ENDMOD        CABS

  -------         MODULE        ?C?MEMSET
  C:26ECH         PUBLIC        ?C?MEMSET
  -------         ENDMOD        ?C?MEMSET

Program Size: data=35.1 xdata=844 code=22756
LINK/LOCATE RUN COMPLETE.  0 WARNING(S),  0 ERROR(S)
