BL51 BANKED LINKER/LOCATER V6.22                                                        10/22/2015  22:34:14  PAGE 1


BL51 BANKED LINKER/LOCATER V6.22, INVOKED BY:
D:\MYPROGRAM\KEIL\C51\BIN\BL51.EXE STARTUP.obj, perfect.obj, ..\8023.LIB TO perfect RAMSIZE (256) DISABLEWARNING (16)


MEMORY MODEL: LARGE WITH FLOATING POINT ARITHMETIC


INPUT MODULES INCLUDED:
  STARTUP.obj (?C_STARTUP)
  perfect.obj (PERFECT)
  ..\8023.LIB (8023)
  D:\MYPROGRAM\KEIL\C51\LIB\C51FPL.LIB (?C?FPMUL)
  D:\MYPROGRAM\KEIL\C51\LIB\C51FPL.LIB (?C?FCAST)
  D:\MYPROGRAM\KEIL\C51\LIB\C51FPL.LIB (?C?CASTF)
  D:\MYPROGRAM\KEIL\C51\LIB\C51FPL.LIB (PRINTF)
  D:\MYPROGRAM\KEIL\C51\LIB\C51FPL.LIB (?C?FPGETOPN)
  D:\MYPROGRAM\KEIL\C51\LIB\C51FPL.LIB (?C?FPROUND)
  D:\MYPROGRAM\KEIL\C51\LIB\C51FPL.LIB (?C?FPCONVERT)
  D:\MYPROGRAM\KEIL\C51\LIB\C51FPL.LIB (?C?FPADD)
  D:\MYPROGRAM\KEIL\C51\LIB\C51FPL.LIB (?C?FPDIV)
  D:\MYPROGRAM\KEIL\C51\LIB\C51FPL.LIB (?C?FTNPWR)
  D:\MYPROGRAM\KEIL\C51\LIB\C51L.LIB (?C_INIT)
  D:\MYPROGRAM\KEIL\C51\LIB\C51L.LIB (?C?CLDPTR)
  D:\MYPROGRAM\KEIL\C51\LIB\C51L.LIB (?C?CLDOPTR)
  D:\MYPROGRAM\KEIL\C51\LIB\C51L.LIB (?C?CILDPTR)
  D:\MYPROGRAM\KEIL\C51\LIB\C51L.LIB (?C?CILDOPTR)
  D:\MYPROGRAM\KEIL\C51\LIB\C51L.LIB (?C?CSTPTR)
  D:\MYPROGRAM\KEIL\C51\LIB\C51L.LIB (?C?CSTOPTR)
  D:\MYPROGRAM\KEIL\C51\LIB\C51L.LIB (?C?IMUL)
  D:\MYPROGRAM\KEIL\C51\LIB\C51L.LIB (?C?UIDIV)
  D:\MYPROGRAM\KEIL\C51\LIB\C51L.LIB (?C?SIDIV)
  D:\MYPROGRAM\KEIL\C51\LIB\C51L.LIB (?C?IILDX)
  D:\MYPROGRAM\KEIL\C51\LIB\C51L.LIB (?C?ILDIX)
  D:\MYPROGRAM\KEIL\C51\LIB\C51L.LIB (?C?ULDIV)
  D:\MYPROGRAM\KEIL\C51\LIB\C51L.LIB (?C?LNEG)
  D:\MYPROGRAM\KEIL\C51\LIB\C51L.LIB (?C?ULCMP)
  D:\MYPROGRAM\KEIL\C51\LIB\C51L.LIB (?C?LSTXDATA)
  D:\MYPROGRAM\KEIL\C51\LIB\C51L.LIB (?C?LSTKXDATA)
  D:\MYPROGRAM\KEIL\C51\LIB\C51L.LIB (?C?OFFXADD)
  D:\MYPROGRAM\KEIL\C51\LIB\C51L.LIB (?C?PLDIXDATA)
  D:\MYPROGRAM\KEIL\C51\LIB\C51L.LIB (?C?PSTXDATA)
  D:\MYPROGRAM\KEIL\C51\LIB\C51L.LIB (?C?CCASE)
  D:\MYPROGRAM\KEIL\C51\LIB\C51L.LIB (PUTCHAR)
  D:\MYPROGRAM\KEIL\C51\LIB\C51L.LIB (CABS)
  D:\MYPROGRAM\KEIL\C51\LIB\C51L.LIB (?C?MEMSET)


LINK MAP OF MODULE:  perfect (?C_STARTUP)


            TYPE    BASE      LENGTH    RELOCATION   SEGMENT NAME
            -----------------------------------------------------

            * * * * * * *   D A T A   M E M O R Y   * * * * * * *
            REG     0000H     0008H     ABSOLUTE     "REG BANK 0"
            REG     0008H     0008H     ABSOLUTE     "REG BANK 1"
            DATA    0010H     000BH     UNIT         _DATA_GROUP_
            DATA    001BH     0005H     UNIT         ?DT?8023
BL51 BANKED LINKER/LOCATER V6.22                                                      10/22/2015  22:34:14  PAGE 2


            BIT     0020H.0   0001H.1   UNIT         _BIT_GROUP_
                    0021H.1   0000H.7                *** GAP ***
            DATA    0022H     0001H     UNIT         ?DT?_FUN_PYSJHZ?8023
            IDATA   0023H     0001H     UNIT         ?STACK

            * * * * * * *  X D A T A   M E M O R Y  * * * * * * *
            XDATA   0000H     0226H     UNIT         ?XD?8023
            XDATA   0226H     0061H     UNIT         ?XD?_FUN_ZDZJ?8023
            XDATA   0287H     0032H     UNIT         _XDATA_GROUP_
            XDATA   02B9H     002CH     UNIT         ?XD?_FUN_MIN?8023
            XDATA   02E5H     000EH     UNIT         ?XD?_FUN_PYSJHZ?8023
            XDATA   02F3H     000DH     UNIT         ?XD?_FUN_SJHZ?8023
            XDATA   0300H     0009H     UNIT         ?XD?_FUN_NAJIAN?8023
            XDATA   0309H     0005H     UNIT         ?XD?_FUN_FOLLINE?8023
            XDATA   030EH     0004H     UNIT         ?XD?FUN_CALIBRATION?8023
            XDATA   0312H     0004H     UNIT         ?XD?_FUN_XYMOVE?8023
            XDATA   0316H     0003H     UNIT         ?XD?_FUN_QC?8023
            XDATA   0319H     0002H     UNIT         ?XD?_FUN_PYHZ?8023
            XDATA   031BH     0002H     UNIT         ?XD?_FUN_ZJZT?8023
            XDATA   031DH     0001H     UNIT         ?XD?_FUN_SZ?8023
            XDATA   031EH     0001H     UNIT         ?XD?_FUN_PY?8023
            XDATA   031FH     0001H     UNIT         ?XD?_FUN_SJ?8023
            XDATA   0320H     0001H     UNIT         ?XD?_FUN_HZ?8023
            XDATA   0321H     0001H     UNIT         ?XD?_FUN_TURN?8023
            XDATA   0322H     0001H     UNIT         ?XD?_FUN_RECORD?8023

            * * * * * * *   C O D E   M E M O R Y   * * * * * * *
            CODE    0000H     0003H     ABSOLUTE     
            CODE    0003H     0003H     ABSOLUTE     
            CODE    0006H     0001H     UNIT         ?PR?INT0INTERRUPT?PERFECT
            CODE    0007H     0001H     UNIT         ?PR?FUN_COORDINATE?8023
                    0008H     0003H                  *** GAP ***
            CODE    000BH     0003H     ABSOLUTE     
            CODE    000EH     000DH     UNIT         ?PR?FUN_STOPE2PROM?8023
            CODE    001BH     0003H     ABSOLUTE     
            CODE    001EH     10D0H     UNIT         ?PR?_FUN_ZDZJ?8023
            CODE    10EEH     0DFDH     UNIT         ?PR?_FUN_NAJIAN?8023
            CODE    1EEBH     084FH     UNIT         ?C?LIB_CODE
            CODE    273AH     0557H     UNIT         ?PR?FUN_TIMERMOVE?8023
            CODE    2C91H     0483H     UNIT         ?PR?PRINTF?PRINTF
            CODE    3114H     039AH     UNIT         ?PR?_FUN_PYSJHZ?8023
            CODE    34AEH     02C1H     UNIT         ?PR?_FUN_SJHZ?8023
            CODE    376FH     023EH     UNIT         ?PR?_FUN_MOTORS?8023
            CODE    39ADH     01DEH     UNIT         ?PR?_FUN_QC?8023
            CODE    3B8BH     01C8H     UNIT         ?PR?_FUN_SETXY?8023
            CODE    3D53H     01B5H     UNIT         ?PR?FUN_CALIBRATION?8023
            CODE    3F08H     01AEH     UNIT         ?PR?_FUN_MOTORSRL?8023
            CODE    40B6H     01ABH     UNIT         ?PR?_FUN_PBXY?8023
            CODE    4261H     01AAH     UNIT         ?PR?_FUN_FOLLINE?8023
            CODE    440BH     01A0H     UNIT         ?PR?_FUN_XYMOVE?8023
            CODE    45ABH     0183H     UNIT         ?PR?_FUN_ZJZT?8023
            CODE    472EH     0171H     UNIT         ?PR?_FUN_RECORD?8023
            CODE    489FH     015EH     UNIT         ?PR?_FUN_HZ?8023
            CODE    49FDH     015AH     UNIT         ?PR?_FUN_SJ?8023
            CODE    4B57H     0147H     UNIT         ?PR?_FUN_PYHZ?8023
            CODE    4C9EH     0137H     UNIT         ?PR?_FUN_PY?8023
            CODE    4DD5H     011CH     UNIT         ?PR?FUN_TEST?8023
BL51 BANKED LINKER/LOCATER V6.22                                                      10/22/2015  22:34:14  PAGE 3


            CODE    4EF1H     00CBH     UNIT         ?PR?FUN_ZHUAJIAN?8023
            CODE    4FBCH     00C8H     UNIT         ?PR?_FUN_START?8023
            CODE    5084H     00A3H     UNIT         ?PR?FUN_JTJP?8023
            CODE    5127H     009BH     UNIT         ?PR?MAIN?PERFECT
            CODE    51C2H     008CH     UNIT         ?C_C51STARTUP
            CODE    524EH     0083H     UNIT         ?PR?_FUN_FLSETTING?8023
            CODE    52D1H     007BH     UNIT         ?PR?_FUN_TURN?8023
            CODE    534CH     007BH     UNIT         ?PR?_FUN_MIN?8023
            CODE    53C7H     0075H     UNIT         ?PR?_FUN_DELAY?8023
            CODE    543CH     005BH     UNIT         ?PR?_FUN_GETXY?8023
            CODE    5497H     0042H     UNIT         ?PR?_FUN_SZ?8023
            CODE    54D9H     0042H     UNIT         ?PR?FUN_STOP?8023
            CODE    551BH     0032H     UNIT         ?PR?FUN_BACK?8023
            CODE    554DH     002FH     UNIT         ?C_INITSEG
            CODE    557CH     0027H     UNIT         ?PR?PUTCHAR?PUTCHAR
            CODE    55A3H     0026H     UNIT         ?PR?FUN_TIMER0?8023
            CODE    55C9H     0021H     UNIT         ?PR?_FUN_WRITEE2PROM?8023
            CODE    55EAH     0020H     UNIT         ?PR?_FUN_READE2PROM?8023
            CODE    560AH     001DH     UNIT         ?PR?_FUN_CLEANE2PROM?8023
            CODE    5627H     001BH     UNIT         ?PR?TIMER0INTERRUPT?PERFECT
            CODE    5642H     001BH     UNIT         ?PR?TIMER1INTERRUPT?PERFECT
            CODE    565DH     001AH     UNIT         ?PR?FUN_WAIT?8023
            CODE    5677H     001AH     UNIT         ?PR?_FUN_PWMR?8023
            CODE    5691H     001AH     UNIT         ?PR?_FUN_PWML?8023
            CODE    56ABH     0016H     UNIT         ?PR?FUN_TIMER0INIT?8023
            CODE    56C1H     0016H     UNIT         ?PR?FUN_TIMER1INIT?8023
            CODE    56D7H     0016H     UNIT         ?PR?_FUN_GO?8023
            CODE    56EDH     0013H     UNIT         ?PR?FUN_PORT?8023
            CODE    5700H     000BH     UNIT         ?PR?FUN_PWMINIT?8023
            CODE    570BH     0009H     UNIT         ?CO?8023
            CODE    5714H     0008H     UNIT         ?PR?_CABS?CABS
            CODE    571CH     0007H     UNIT         ?PR?FUN_TIMER1?8023



OVERLAY MAP OF MODULE:   perfect (?C_STARTUP)


SEGMENT                                BIT_GROUP          DATA_GROUP          XDATA_GROUP
  +--> CALLED SEGMENT               START    LENGTH     START    LENGTH     START    LENGTH
-------------------------------------------------------------------------------------------
?C_C51STARTUP                       -----    -----      -----    -----      -----    -----
  +--> ?PR?MAIN?PERFECT
  +--> ?C_INITSEG

?PR?MAIN?PERFECT                    -----    -----      -----    -----      -----    -----
  +--> ?PR?_FUN_START?8023
  +--> ?PR?_FUN_SETXY?8023
  +--> ?PR?FUN_JTJP?8023
  +--> ?PR?FUN_STOP?8023
  +--> ?PR?_FUN_FLSETTING?8023

?PR?_FUN_START?8023                 -----    -----      -----    -----      0287H    0007H
  +--> ?PR?FUN_PORT?8023
  +--> ?PR?FUN_PWMINIT?8023
  +--> ?PR?FUN_TIMER0INIT?8023
  +--> ?PR?FUN_TIMER1INIT?8023
BL51 BANKED LINKER/LOCATER V6.22                                                      10/22/2015  22:34:14  PAGE 4


  +--> ?PR?_FUN_MOTORS?8023
  +--> ?PR?FUN_WAIT?8023

?PR?_FUN_MOTORS?8023                -----    -----      -----    -----      028EH    0001H
  +--> ?PR?_CABS?CABS
  +--> ?PR?_FUN_PWML?8023
  +--> ?PR?_FUN_PWMR?8023

?PR?FUN_WAIT?8023                   -----    -----      -----    -----      -----    -----
  +--> ?PR?_FUN_DELAY?8023

?PR?_FUN_DELAY?8023                 -----    -----      0010H    0007H      -----    -----

?PR?_FUN_SETXY?8023                 -----    -----      -----    -----      0287H    0019H
  +--> ?PR?_FUN_PBXY?8023

?PR?_FUN_PBXY?8023                  -----    -----      -----    -----      02A0H    0004H

?PR?FUN_JTJP?8023                   -----    -----      -----    -----      -----    -----
  +--> ?PR?_FUN_DELAY?8023
  +--> ?PR?_FUN_MOTORS?8023

?PR?FUN_STOP?8023                   -----    -----      -----    -----      -----    -----
  +--> ?PR?_FUN_MOTORS?8023
  +--> ?CO?8023
  +--> ?PR?PRINTF?PRINTF

?PR?PRINTF?PRINTF                   0020H.0  0001H.1    0010H    0005H      0287H    0030H
  +--> ?PR?PUTCHAR?PUTCHAR

?PR?_FUN_FLSETTING?8023             -----    -----      -----    -----      0287H    002EH

*** NEW ROOT ***************************************************

?PR?TIMER0INTERRUPT?PERFECT         -----    -----      -----    -----      -----    -----
  +--> ?PR?FUN_TIMER0?8023

?PR?FUN_TIMER0?8023                 -----    -----      -----    -----      -----    -----
  +--> ?PR?FUN_TIMERMOVE?8023

?PR?FUN_TIMERMOVE?8023              -----    -----      0017H    0004H      -----    -----
  +--> ?PR?_FUN_MOTORSRL?8023

?PR?_FUN_MOTORSRL?8023              -----    -----      -----    -----      02B7H    0002H
  +--> ?PR?_CABS?CABS
  +--> ?PR?_FUN_PWML?8023
  +--> ?PR?_FUN_PWMR?8023

*** NEW ROOT ***************************************************

?PR?TIMER1INTERRUPT?PERFECT         -----    -----      -----    -----      -----    -----
  +--> ?PR?FUN_TIMER1?8023



SYMBOL TABLE OF MODULE:  perfect (?C_STARTUP)

BL51 BANKED LINKER/LOCATER V6.22                                                      10/22/2015  22:34:14  PAGE 5


  VALUE           TYPE          NAME
  ----------------------------------

  -------         MODULE        ?C_STARTUP
  C:51C2H         SEGMENT       ?C_C51STARTUP
  I:0023H         SEGMENT       ?STACK
  C:0000H         PUBLIC        ?C_STARTUP
  D:00E0H         SYMBOL        ACC
  D:00F0H         SYMBOL        B
  D:0083H         SYMBOL        DPH
  D:0082H         SYMBOL        DPL
  N:0000H         SYMBOL        IBPSTACK
  N:0100H         SYMBOL        IBPSTACKTOP
  N:0080H         SYMBOL        IDATALEN
  C:51C5H         SYMBOL        IDATALOOP
  N:0000H         SYMBOL        PBPSTACK
  N:0100H         SYMBOL        PBPSTACKTOP
  N:0000H         SYMBOL        PDATALEN
  N:0000H         SYMBOL        PDATASTART
  N:0000H         SYMBOL        PPAGE
  N:0000H         SYMBOL        PPAGEENABLE
  D:00A0H         SYMBOL        PPAGE_SFR
  D:0081H         SYMBOL        SP
  C:51C2H         SYMBOL        STARTUP1
  N:0000H         SYMBOL        XBPSTACK
  N:0000H         SYMBOL        XBPSTACKTOP
  N:0000H         SYMBOL        XDATALEN
  N:0000H         SYMBOL        XDATASTART
  C:0000H         LINE#         126
  C:51C2H         LINE#         133
  C:51C4H         LINE#         134
  C:51C5H         LINE#         135
  C:51C6H         LINE#         136
  C:51C8H         LINE#         185
  C:51CBH         LINE#         196
  -------         ENDMOD        ?C_STARTUP

  -------         MODULE        PERFECT
  C:0000H         SYMBOL        _ICE_DUMMY_
  D:0080H         PUBLIC        P0
  D:0090H         PUBLIC        P1
  D:00A0H         PUBLIC        P2
  D:00B0H         PUBLIC        P3
  D:00C0H         PUBLIC        P4
  D:00C8H         PUBLIC        P5
  C:5627H         PUBLIC        Timer0Interrupt
  C:5642H         PUBLIC        Timer1Interrupt
  D:00A8H         PUBLIC        IE
  D:00B8H         PUBLIC        IP
  D:00D8H         PUBLIC        CCON
  C:5127H         PUBLIC        main
  C:0006H         PUBLIC        Int0Interrupt
  D:0098H         PUBLIC        SCON
  D:0088H         PUBLIC        TCON
  D:00D0H         PUBLIC        PSW
  -------         PROC          MAIN
  C:5127H         LINE#         2
BL51 BANKED LINKER/LOCATER V6.22                                                      10/22/2015  22:34:14  PAGE 6


  C:5127H         LINE#         3
  C:5141H         LINE#         11
  C:519AH         LINE#         20
  C:519DH         LINE#         21
  C:51A0H         LINE#         31
  C:51BFH         LINE#         110
  -------         ENDPROC       MAIN
  -------         PROC          INT0INTERRUPT
  C:0006H         LINE#         112
  C:0006H         LINE#         114
  -------         ENDPROC       INT0INTERRUPT
  -------         PROC          TIMER0INTERRUPT
  C:5627H         LINE#         115
  C:5634H         LINE#         116
  C:5637H         LINE#         117
  -------         ENDPROC       TIMER0INTERRUPT
  -------         PROC          TIMER1INTERRUPT
  C:5642H         LINE#         118
  C:564FH         LINE#         119
  C:5652H         LINE#         120
  -------         ENDPROC       TIMER1INTERRUPT
  -------         ENDMOD        PERFECT

  -------         MODULE        8023
  C:0000H         SYMBOL        _ICE_DUMMY_
  D:0092H         PUBLIC        P1M0
  D:0093H         PUBLIC        P0M1
  C:45B0H         PUBLIC        _fun_zjzt
  C:39ADH         PUBLIC        _fun_qc
  C:55A3H         PUBLIC        fun_timer0
  D:0096H         PUBLIC        P2M0
  D:0091H         PUBLIC        P1M1
  D:0080H         PUBLIC        P0
  C:571CH         PUBLIC        fun_timer1
  D:0095H         PUBLIC        P2M1
  D:0090H         PUBLIC        P1
  C:56D7H         PUBLIC        _fun_go
  C:524EH         PUBLIC        _fun_flsetting
  D:00A0H         PUBLIC        P2
  X:0000H         PUBLIC        str_tfl
  B:0090H.2       PUBLIC        out_pwmr
  D:00B0H         PUBLIC        P3
  D:00C0H         PUBLIC        P4
  D:00C8H         PUBLIC        P5
  B:00A8H.7       PUBLIC        EA
  C:49FDH         PUBLIC        _fun_sj
  C:273AH         PUBLIC        fun_timermove
  C:4EF1H         PUBLIC        fun_zhuajian
  C:560AH         PUBLIC        _fun_cleane2prom
  B:00B0H.6       PUBLIC        in_hpy
  D:00F9H         PUBLIC        CH
  C:489FH         PUBLIC        _fun_hz
  D:00A8H         PUBLIC        IE
  D:00E9H         PUBLIC        CL
  D:00C5H         PUBLIC        IAP_CMD
  X:004CH         PUBLIC        str_now
  D:00FAH         PUBLIC        CCAP0H
BL51 BANKED LINKER/LOCATER V6.22                                                      10/22/2015  22:34:14  PAGE 7


  D:00FBH         PUBLIC        CCAP1H
  B:00B0H.5       PUBLIC        in_qpy
  C:4C9EH         PUBLIC        _fun_py
  D:00EAH         PUBLIC        CCAP0L
  B:00D8H.6       PUBLIC        CR
  D:00EBH         PUBLIC        CCAP1L
  D:00DAH         PUBLIC        CCAPM0
  D:00DBH         PUBLIC        CCAPM1
  C:4261H         PUBLIC        _fun_folline
  C:5497H         PUBLIC        _fun_sz
  D:00B8H         PUBLIC        IP
  B:00A0H.5       PUBLIC        in_hz
  B:0098H.1       PUBLIC        TI
  D:0097H         PUBLIC        CLK_DIV
  C:10EEH         PUBLIC        _fun_najian
  D:00C3H         PUBLIC        IAP_ADDRH
  B:00B0H.4       PUBLIC        in_j
  C:55EAH         PUBLIC        _fun_reade2prom
  D:00C4H         PUBLIC        IAP_ADDRL
  D:00D9H         PUBLIC        CMOD
  D:00D8H         PUBLIC        CCON
  B:00B0H.3       PUBLIC        in_s
  B:00A0H.0       PUBLIC        out_dir1
  B:00A0H.2       PUBLIC        out_dir2
  C:472EH         PUBLIC        _fun_record
  D:0087H         PUBLIC        PCON
  C:55C9H         PUBLIC        _fun_writee2prom
  C:3F1AH         PUBLIC        _fun_motorsrl
  D:0098H         PUBLIC        SCON
  D:0089H         PUBLIC        TMOD
  D:0088H         PUBLIC        TCON
  C:56ABH         PUBLIC        fun_timer0init
  C:5700H         PUBLIC        fun_pwminit
  C:56C1H         PUBLIC        fun_timer1init
  C:3D53H         PUBLIC        fun_calibration
  C:53CDH         PUBLIC        _fun_delay
  C:551BH         PUBLIC        fun_back
  B:00A0H.1       PUBLIC        out_en1
  B:00A0H.3       PUBLIC        out_en2
  D:008EH         PUBLIC        AUXR
  X:0059H         PUBLIC        str_begin
  D:00C7H         PUBLIC        IAP_CONTR
  B:0080H.7       PUBLIC        in_ls1
  B:00A8H.1       PUBLIC        ET0
  B:0080H.6       PUBLIC        in_ls2
  B:0088H.5       PUBLIC        TF0
  B:00A8H.3       PUBLIC        ET1
  B:0080H.5       PUBLIC        in_ls3
  B:0088H.7       PUBLIC        TF1
  B:0080H.4       PUBLIC        in_ls4
  D:008CH         PUBLIC        TH0
  C:000EH         PUBLIC        fun_stope2prom
  B:0080H.3       PUBLIC        in_ls5
  D:008DH         PUBLIC        TH1
  B:0080H.2       PUBLIC        in_ls6
  D:001CH         PUBLIC        var_timer
  B:0080H.1       PUBLIC        in_ls7
BL51 BANKED LINKER/LOCATER V6.22                                                      10/22/2015  22:34:14  PAGE 8


  B:0080H.0       PUBLIC        in_ls8
  D:008AH         PUBLIC        TL0
  D:008BH         PUBLIC        TL1
  C:3778H         PUBLIC        _fun_motors
  B:0090H.6       PUBLIC        out_switchselect
  D:00C2H         PUBLIC        IAP_DATA
  B:0088H.4       PUBLIC        TR0
  C:440BH         PUBLIC        _fun_xymove
  C:3114H         PUBLIC        _fun_pysjhz
  B:0088H.6       PUBLIC        TR1
  C:0007H         PUBLIC        fun_coordinate
  D:00F2H         PUBLIC        PCA_PWM0
  B:00A0H.4       PUBLIC        in_wz1
  D:00F3H         PUBLIC        PCA_PWM1
  C:4FBCH         PUBLIC        _fun_start
  B:00A0H.5       PUBLIC        in_wz2
  B:00A0H.6       PUBLIC        in_wz3
  B:00A0H.7       PUBLIC        in_wz4
  C:543CH         PUBLIC        _fun_getxy
  B:00A0H.4       PUBLIC        in_wz5
  C:565DH         PUBLIC        fun_wait
  C:5084H         PUBLIC        fun_jtjp
  D:009CH         PUBLIC        BRT
  B:00B0H.2       PUBLIC        in_start
  C:3B8BH         PUBLIC        _fun_setxy
  X:0066H         PUBLIC        str_zbfl
  C:34AEH         PUBLIC        _fun_sjhz
  C:4DD5H         PUBLIC        fun_test
  C:5691H         PUBLIC        _fun_pwml
  C:001EH         PUBLIC        _fun_zdzj
  C:40BFH         PUBLIC        _fun_pbxy
  C:538DH         PUBLIC        _fun_min
  C:56EDH         PUBLIC        fun_port
  X:01F2H         PUBLIC        str_cod
  D:00C6H         PUBLIC        IAP_TRIG
  C:54D9H         PUBLIC        fun_stop
  C:5677H         PUBLIC        _fun_pwmr
  B:0090H.7       PUBLIC        out_motorselect
  C:52D1H         PUBLIC        _fun_turn
  C:4B5BH         PUBLIC        _fun_pyhz
  D:00D0H         PUBLIC        PSW
  X:0219H         PUBLIC        str_next
  B:0090H.5       PUBLIC        out_pwml
  D:0094H         PUBLIC        P0M0
  C:53C7H         SYMBOL        L?1266
  C:53C9H         SYMBOL        L?1267
  -------         PROC          L?1265
  -------         ENDPROC       L?1265
  C:53C7H         SYMBOL        L?1266
  C:53C9H         SYMBOL        L?1267
  -------         PROC          _FUN_DELAY
  D:0006H         SYMBOL        par_value
  D:0005H         SYMBOL        par_model
  -------         DO            
  D:0015H         SYMBOL        loc_con
  -------         DO            
  D:0010H         SYMBOL        loc_i
BL51 BANKED LINKER/LOCATER V6.22                                                      10/22/2015  22:34:14  PAGE 9


  D:0011H         SYMBOL        loc_j
  D:0012H         SYMBOL        loc_i
  D:0013H         SYMBOL        loc_j
  D:0014H         SYMBOL        loc_k
  -------         ENDDO         
  -------         DO            
  D:0012H         SYMBOL        loc_i
  D:0013H         SYMBOL        loc_j
  D:0014H         SYMBOL        loc_k
  -------         ENDDO         
  -------         ENDDO         
  C:53CDH         LINE#         32
  C:53CDH         LINE#         33
  C:53D1H         LINE#         34
  C:53DDH         LINE#         35
  C:53DDH         LINE#         39
  C:53EFH         LINE#         40
  C:53F0H         LINE#         41
  C:53F1H         LINE#         42
  C:53F3H         LINE#         45
  C:53F3H         LINE#         49
  C:5405H         LINE#         51
  C:5406H         LINE#         52
  C:5407H         LINE#         53
  C:540AH         LINE#         54
  C:540DH         LINE#         55
  C:540DH         LINE#         56
  C:5410H         LINE#         57
  C:5413H         LINE#         58
  C:5415H         LINE#         61
  C:5415H         LINE#         65
  C:5427H         LINE#         67
  C:542AH         LINE#         68
  C:542DH         LINE#         69
  C:5430H         LINE#         70
  C:5430H         LINE#         71
  C:5430H         LINE#         72
  C:5433H         LINE#         73
  C:5436H         LINE#         74
  C:5439H         LINE#         75
  C:543BH         LINE#         78
  C:543BH         LINE#         79
  C:543BH         LINE#         80
  -------         ENDPROC       _FUN_DELAY
  -------         PROC          FUN_TIMER0INIT
  C:56ABH         LINE#         81
  C:56ABH         LINE#         85
  C:56AEH         LINE#         86
  C:56B1H         LINE#         87
  C:56B4H         LINE#         88
  C:56B7H         LINE#         89
  C:56BAH         LINE#         90
  C:56BCH         LINE#         91
  C:56BEH         LINE#         92
  C:56C0H         LINE#         93
  -------         ENDPROC       FUN_TIMER0INIT
  -------         PROC          FUN_TIMER1INIT
BL51 BANKED LINKER/LOCATER V6.22                                                      10/22/2015  22:34:14  PAGE 10


  C:56C1H         LINE#         94
  C:56C1H         LINE#         98
  C:56C4H         LINE#         99
  C:56C7H         LINE#         100
  C:56CAH         LINE#         101
  C:56CDH         LINE#         102
  C:56D0H         LINE#         103
  C:56D2H         LINE#         104
  C:56D4H         LINE#         105
  C:56D6H         LINE#         106
  -------         ENDPROC       FUN_TIMER1INIT
  -------         PROC          FUN_TIMER0
  C:55A3H         LINE#         107
  C:55A3H         LINE#         108
  C:55A6H         LINE#         109
  C:55A9H         LINE#         110
  C:55BEH         LINE#         111
  C:55C5H         LINE#         112
  C:55C8H         LINE#         113
  -------         ENDPROC       FUN_TIMER0
  -------         PROC          FUN_TIMER1
  C:571CH         LINE#         114
  C:571CH         LINE#         115
  C:571FH         LINE#         116
  C:5722H         LINE#         117
  -------         ENDPROC       FUN_TIMER1
  -------         PROC          FUN_WAIT
  C:565DH         LINE#         118
  C:565DH         LINE#         119
  C:565FH         LINE#         123
  C:5662H         LINE#         124
  C:566BH         LINE#         125
  C:566EH         LINE#         126
  -------         ENDPROC       FUN_WAIT
  -------         PROC          FUN_PWMINIT
  C:5700H         LINE#         129
  C:5700H         LINE#         133
  C:5703H         LINE#         134
  C:5705H         LINE#         135
  C:5707H         LINE#         136
  C:570AH         LINE#         137
  -------         ENDPROC       FUN_PWMINIT
  -------         PROC          _FUN_PWMR
  D:0007H         SYMBOL        par_value
  C:5677H         LINE#         138
  C:5677H         LINE#         139
  C:568AH         LINE#         140
  C:568DH         LINE#         141
  C:5690H         LINE#         142
  -------         ENDPROC       _FUN_PWMR
  -------         PROC          _FUN_PWML
  D:0007H         SYMBOL        par_value
  C:5691H         LINE#         143
  C:5691H         LINE#         144
  C:56A4H         LINE#         145
  C:56A7H         LINE#         146
  C:56AAH         LINE#         147
BL51 BANKED LINKER/LOCATER V6.22                                                      10/22/2015  22:34:14  PAGE 11


  -------         ENDPROC       _FUN_PWML
  -------         PROC          L?1272
  -------         ENDPROC       L?1272
  -------         PROC          _FUN_MOTORS
  D:0007H         SYMBOL        par_model
  X:028EH         SYMBOL        par_speed
  C:3778H         LINE#         148
  C:377DH         LINE#         149
  C:3784H         LINE#         150
  C:3789H         LINE#         151
  C:3794H         LINE#         152
  C:3797H         LINE#         153
  C:37C5H         LINE#         154
  C:37C5H         LINE#         155
  C:37D2H         LINE#         158
  C:37D7H         LINE#         159
  C:37DEH         LINE#         160
  C:37DEH         LINE#         161
  C:37E1H         LINE#         162
  C:37E9H         LINE#         163
  C:37EFH         LINE#         164
  C:37F2H         LINE#         165
  C:3801H         LINE#         166
  C:380BH         LINE#         167
  C:380BH         LINE#         168
  C:380CH         LINE#         169
  C:380CH         LINE#         170
  C:3819H         LINE#         173
  C:381EH         LINE#         174
  C:3825H         LINE#         175
  C:3825H         LINE#         176
  C:3827H         LINE#         177
  C:382FH         LINE#         178
  C:3835H         LINE#         179
  C:3837H         LINE#         180
  C:3846H         LINE#         181
  C:3848H         LINE#         182
  C:3848H         LINE#         183
  C:384AH         LINE#         184
  C:384AH         LINE#         185
  C:385CH         LINE#         188
  C:3865H         LINE#         189
  C:386CH         LINE#         190
  C:386EH         LINE#         191
  C:3874H         LINE#         192
  C:387BH         LINE#         193
  C:387CH         LINE#         194
  C:3884H         LINE#         195
  C:3886H         LINE#         196
  C:3890H         LINE#         197
  C:3897H         LINE#         198
  C:3898H         LINE#         199
  C:38A7H         LINE#         200
  C:38A9H         LINE#         201
  C:38B1H         LINE#         202
  C:38BEH         LINE#         203
  C:38BEH         LINE#         204
BL51 BANKED LINKER/LOCATER V6.22                                                      10/22/2015  22:34:14  PAGE 12


  C:38BFH         LINE#         205
  C:38BFH         LINE#         206
  C:38CCH         LINE#         209
  C:38D1H         LINE#         210
  C:38D8H         LINE#         211
  C:38DAH         LINE#         212
  C:38DCH         LINE#         213
  C:38E4H         LINE#         214
  C:38E6H         LINE#         215
  C:38E9H         LINE#         216
  C:38F4H         LINE#         217
  C:38F6H         LINE#         218
  C:38F6H         LINE#         219
  C:38F8H         LINE#         220
  C:38F8H         LINE#         221
  C:3905H         LINE#         224
  C:390AH         LINE#         225
  C:3911H         LINE#         226
  C:3913H         LINE#         227
  C:3915H         LINE#         228
  C:391DH         LINE#         229
  C:391FH         LINE#         230
  C:3922H         LINE#         231
  C:392DH         LINE#         232
  C:392FH         LINE#         233
  C:392FH         LINE#         234
  C:3931H         LINE#         235
  C:3931H         LINE#         236
  C:393EH         LINE#         239
  C:3943H         LINE#         240
  C:394AH         LINE#         241
  C:3950H         LINE#         242
  C:3951H         LINE#         243
  C:3959H         LINE#         244
  C:395FH         LINE#         245
  C:3960H         LINE#         246
  C:3968H         LINE#         247
  C:396EH         LINE#         248
  C:396EH         LINE#         249
  C:396FH         LINE#         250
  C:396FH         LINE#         251
  C:397CH         LINE#         254
  C:3981H         LINE#         255
  C:3988H         LINE#         256
  C:398EH         LINE#         257
  C:398FH         LINE#         258
  C:3997H         LINE#         259
  C:399DH         LINE#         260
  C:399EH         LINE#         261
  C:39A6H         LINE#         262
  C:39ACH         LINE#         263
  C:39ACH         LINE#         264
  C:39ACH         LINE#         265
  C:39ACH         LINE#         266
  C:39ACH         LINE#         267
  C:39ACH         LINE#         268
  -------         ENDPROC       _FUN_MOTORS
BL51 BANKED LINKER/LOCATER V6.22                                                      10/22/2015  22:34:14  PAGE 13


  -------         PROC          L?1271
  -------         ENDPROC       L?1271
  -------         PROC          _FUN_MOTORSRL
  D:0007H         SYMBOL        par_model
  X:02B7H         SYMBOL        par_speed
  C:3F1AH         LINE#         269
  C:3F22H         LINE#         270
  C:3F2CH         LINE#         271
  C:3F37H         LINE#         272
  C:3F48H         LINE#         273
  C:3F4FH         LINE#         274
  C:3F61H         LINE#         275
  C:3F61H         LINE#         276
  C:3F7AH         LINE#         279
  C:3F7FH         LINE#         280
  C:3F8AH         LINE#         281
  C:3F8AH         LINE#         282
  C:3F8DH         LINE#         283
  C:3F98H         LINE#         284
  C:3F9FH         LINE#         285
  C:3FA2H         LINE#         286
  C:3FB5H         LINE#         287
  C:3FBFH         LINE#         288
  C:3FBFH         LINE#         289
  C:3FC0H         LINE#         290
  C:3FC0H         LINE#         291
  C:3FD9H         LINE#         294
  C:3FDEH         LINE#         295
  C:3FE9H         LINE#         296
  C:3FE9H         LINE#         297
  C:3FECH         LINE#         298
  C:3FF7H         LINE#         299
  C:3FFEH         LINE#         300
  C:4001H         LINE#         301
  C:4014H         LINE#         302
  C:4016H         LINE#         303
  C:4016H         LINE#         304
  C:4019H         LINE#         305
  C:4019H         LINE#         306
  C:4043H         LINE#         309
  C:404EH         LINE#         310
  C:4059H         LINE#         311
  C:405BH         LINE#         312
  C:4061H         LINE#         313
  C:4068H         LINE#         314
  C:4069H         LINE#         315
  C:4074H         LINE#         316
  C:4076H         LINE#         317
  C:4081H         LINE#         318
  C:408CH         LINE#         319
  C:408DH         LINE#         320
  C:409DH         LINE#         321
  C:409FH         LINE#         322
  C:40A7H         LINE#         323
  C:40B5H         LINE#         324
  C:40B5H         LINE#         325
  C:40B5H         LINE#         326
BL51 BANKED LINKER/LOCATER V6.22                                                      10/22/2015  22:34:14  PAGE 14


  C:40B5H         LINE#         327
  C:40B5H         LINE#         328
  C:40B5H         LINE#         329
  -------         ENDPROC       _FUN_MOTORSRL
  -------         PROC          _FUN_SZ
  X:031DH         SYMBOL        par_model
  C:5497H         LINE#         330
  C:549CH         LINE#         331
  C:54A3H         LINE#         333
  C:54AAH         LINE#         337
  C:54B1H         LINE#         338
  C:54B6H         LINE#         341
  C:54B6H         LINE#         345
  C:54BDH         LINE#         346
  C:54C0H         LINE#         348
  C:54C0H         LINE#         349
  C:54C9H         LINE#         350
  C:54D0H         LINE#         351
  C:54D8H         LINE#         352
  -------         ENDPROC       _FUN_SZ
  -------         PROC          _FUN_PY
  X:031EH         SYMBOL        par_model
  C:4C9EH         LINE#         353
  C:4CA3H         LINE#         354
  C:4CADH         LINE#         356
  C:4CCBH         LINE#         357
  C:4CCBH         LINE#         361
  C:4CD2H         LINE#         362
  C:4CD5H         LINE#         363
  C:4CD5H         LINE#         365
  C:4CD8H         LINE#         366
  C:4CD8H         LINE#         370
  C:4CEDH         LINE#         371
  C:4CEDH         LINE#         372
  C:4CF4H         LINE#         373
  C:4CF7H         LINE#         374
  C:4CFAH         LINE#         375
  C:4CFAH         LINE#         376
  C:4D01H         LINE#         377
  C:4D04H         LINE#         378
  C:4D07H         LINE#         379
  C:4D07H         LINE#         380
  C:4D0EH         LINE#         381
  C:4D11H         LINE#         382
  C:4D14H         LINE#         383
  C:4D14H         LINE#         384
  C:4D1BH         LINE#         385
  C:4D1EH         LINE#         386
  C:4D21H         LINE#         387
  C:4D21H         LINE#         389
  C:4D21H         LINE#         390
  C:4D21H         LINE#         394
  C:4D37H         LINE#         395
  C:4D37H         LINE#         396
  C:4D3EH         LINE#         397
  C:4D41H         LINE#         398
  C:4D43H         LINE#         399
BL51 BANKED LINKER/LOCATER V6.22                                                      10/22/2015  22:34:14  PAGE 15


  C:4D43H         LINE#         400
  C:4D4AH         LINE#         401
  C:4D4DH         LINE#         402
  C:4D4FH         LINE#         403
  C:4D4FH         LINE#         404
  C:4D56H         LINE#         405
  C:4D59H         LINE#         406
  C:4D5BH         LINE#         407
  C:4D5BH         LINE#         408
  C:4D62H         LINE#         409
  C:4D65H         LINE#         410
  C:4D67H         LINE#         411
  C:4D67H         LINE#         413
  C:4D67H         LINE#         414
  C:4D67H         LINE#         418
  C:4D7AH         LINE#         419
  C:4D7AH         LINE#         420
  C:4D81H         LINE#         421
  C:4D84H         LINE#         422
  C:4D86H         LINE#         423
  C:4D86H         LINE#         424
  C:4D8DH         LINE#         425
  C:4D90H         LINE#         426
  C:4D92H         LINE#         427
  C:4D92H         LINE#         428
  C:4D99H         LINE#         429
  C:4D9CH         LINE#         430
  C:4D9EH         LINE#         431
  C:4D9EH         LINE#         432
  C:4DA5H         LINE#         433
  C:4DADH         LINE#         434
  C:4DAFH         LINE#         435
  C:4DAFH         LINE#         437
  C:4DAFH         LINE#         438
  C:4DAFH         LINE#         442
  C:4DB6H         LINE#         443
  C:4DB9H         LINE#         444
  C:4DC5H         LINE#         446
  C:4DC5H         LINE#         447
  C:4DC5H         LINE#         448
  C:4DC5H         LINE#         449
  C:4DC5H         LINE#         450
  C:4DCCH         LINE#         451
  C:4DD4H         LINE#         452
  -------         ENDPROC       _FUN_PY
  -------         PROC          _FUN_SJ
  X:031FH         SYMBOL        par_model
  C:49FDH         LINE#         453
  C:4A02H         LINE#         454
  C:4A0CH         LINE#         456
  C:4A0EH         LINE#         457
  C:4A45H         LINE#         458
  C:4A45H         LINE#         462
  C:4A4CH         LINE#         463
  C:4A4EH         LINE#         464
  C:4A51H         LINE#         465
  C:4A51H         LINE#         467
BL51 BANKED LINKER/LOCATER V6.22                                                      10/22/2015  22:34:14  PAGE 16


  C:4A54H         LINE#         468
  C:4A54H         LINE#         472
  C:4A61H         LINE#         473
  C:4A63H         LINE#         474
  C:4A63H         LINE#         475
  C:4A66H         LINE#         476
  C:4A66H         LINE#         477
  C:4A6BH         LINE#         478
  C:4A6DH         LINE#         479
  C:4A6DH         LINE#         480
  C:4A6DH         LINE#         482
  C:4A70H         LINE#         483
  C:4A70H         LINE#         487
  C:4A88H         LINE#         488
  C:4A8AH         LINE#         489
  C:4A8DH         LINE#         490
  C:4A8DH         LINE#         492
  C:4A90H         LINE#         493
  C:4A90H         LINE#         497
  C:4A9DH         LINE#         498
  C:4AA2H         LINE#         499
  C:4AA4H         LINE#         500
  C:4AA4H         LINE#         501
  C:4AA6H         LINE#         502
  C:4AA6H         LINE#         503
  C:4AABH         LINE#         504
  C:4AADH         LINE#         505
  C:4AADH         LINE#         506
  C:4AADH         LINE#         508
  C:4AAFH         LINE#         509
  C:4AAFH         LINE#         513
  C:4AC7H         LINE#         514
  C:4AC9H         LINE#         515
  C:4ACCH         LINE#         516
  C:4ACCH         LINE#         518
  C:4ACEH         LINE#         519
  C:4ACEH         LINE#         523
  C:4ADBH         LINE#         524
  C:4AE0H         LINE#         525
  C:4AE2H         LINE#         526
  C:4AE2H         LINE#         527
  C:4AE4H         LINE#         528
  C:4AE4H         LINE#         529
  C:4AE9H         LINE#         530
  C:4AEBH         LINE#         531
  C:4AEBH         LINE#         532
  C:4AEBH         LINE#         534
  C:4AEDH         LINE#         535
  C:4AEDH         LINE#         539
  C:4B05H         LINE#         540
  C:4B07H         LINE#         541
  C:4B0AH         LINE#         542
  C:4B0AH         LINE#         544
  C:4B0CH         LINE#         545
  C:4B0CH         LINE#         549
  C:4B19H         LINE#         550
  C:4B1EH         LINE#         551
BL51 BANKED LINKER/LOCATER V6.22                                                      10/22/2015  22:34:14  PAGE 17


  C:4B20H         LINE#         552
  C:4B20H         LINE#         553
  C:4B22H         LINE#         554
  C:4B22H         LINE#         555
  C:4B29H         LINE#         556
  C:4B2CH         LINE#         557
  C:4B2CH         LINE#         559
  C:4B2EH         LINE#         560
  C:4B2EH         LINE#         564
  C:4B35H         LINE#         565
  C:4B37H         LINE#         566
  C:4B3AH         LINE#         567
  C:4B47H         LINE#         569
  C:4B47H         LINE#         570
  C:4B47H         LINE#         571
  C:4B47H         LINE#         572
  C:4B47H         LINE#         573
  C:4B4EH         LINE#         574
  C:4B56H         LINE#         575
  -------         ENDPROC       _FUN_SJ
  -------         PROC          _FUN_HZ
  X:0320H         SYMBOL        par_model
  C:489FH         LINE#         576
  C:48A4H         LINE#         577
  C:48AFH         LINE#         579
  C:48B1H         LINE#         580
  C:48CCH         LINE#         581
  C:48CCH         LINE#         585
  C:48DBH         LINE#         586
  C:48DBH         LINE#         587
  C:48E2H         LINE#         588
  C:48E5H         LINE#         589
  C:48E8H         LINE#         590
  C:48EBH         LINE#         591
  C:48EEH         LINE#         592
  C:48EEH         LINE#         593
  C:48F1H         LINE#         594
  C:48F1H         LINE#         595
  C:48F8H         LINE#         596
  C:48FBH         LINE#         597
  C:48FEH         LINE#         598
  C:48FEH         LINE#         599
  C:4901H         LINE#         600
  C:4901H         LINE#         601
  C:4908H         LINE#         602
  C:490BH         LINE#         603
  C:490EH         LINE#         604
  C:490EH         LINE#         605
  C:4911H         LINE#         606
  C:4911H         LINE#         607
  C:4911H         LINE#         608
  C:4911H         LINE#         610
  C:4911H         LINE#         611
  C:4911H         LINE#         615
  C:4923H         LINE#         616
  C:4923H         LINE#         617
  C:492AH         LINE#         618
BL51 BANKED LINKER/LOCATER V6.22                                                      10/22/2015  22:34:14  PAGE 18


  C:492DH         LINE#         619
  C:4930H         LINE#         620
  C:4933H         LINE#         621
  C:4936H         LINE#         622
  C:4936H         LINE#         623
  C:4939H         LINE#         624
  C:4939H         LINE#         625
  C:4940H         LINE#         626
  C:4943H         LINE#         627
  C:4946H         LINE#         628
  C:4946H         LINE#         629
  C:4949H         LINE#         630
  C:4949H         LINE#         631
  C:4950H         LINE#         632
  C:4953H         LINE#         633
  C:4956H         LINE#         634
  C:4956H         LINE#         635
  C:4959H         LINE#         636
  C:4959H         LINE#         637
  C:4959H         LINE#         638
  C:4959H         LINE#         640
  C:4959H         LINE#         641
  C:4959H         LINE#         645
  C:496CH         LINE#         646
  C:496CH         LINE#         647
  C:4973H         LINE#         648
  C:4976H         LINE#         649
  C:4979H         LINE#         650
  C:4979H         LINE#         651
  C:497CH         LINE#         652
  C:497CH         LINE#         653
  C:4983H         LINE#         654
  C:4986H         LINE#         655
  C:4989H         LINE#         656
  C:4989H         LINE#         657
  C:498BH         LINE#         658
  C:498BH         LINE#         659
  C:4992H         LINE#         660
  C:4995H         LINE#         661
  C:4998H         LINE#         662
  C:499BH         LINE#         663
  C:499EH         LINE#         664
  C:499EH         LINE#         665
  C:49A0H         LINE#         666
  C:49A0H         LINE#         667
  C:49A0H         LINE#         668
  C:49A0H         LINE#         670
  C:49A0H         LINE#         671
  C:49A0H         LINE#         675
  C:49AFH         LINE#         676
  C:49AFH         LINE#         677
  C:49B6H         LINE#         678
  C:49B9H         LINE#         679
  C:49BCH         LINE#         680
  C:49BCH         LINE#         681
  C:49BEH         LINE#         682
  C:49BEH         LINE#         683
BL51 BANKED LINKER/LOCATER V6.22                                                      10/22/2015  22:34:14  PAGE 19


  C:49C5H         LINE#         684
  C:49C8H         LINE#         685
  C:49CBH         LINE#         686
  C:49CBH         LINE#         687
  C:49CDH         LINE#         688
  C:49CDH         LINE#         689
  C:49D4H         LINE#         690
  C:49D7H         LINE#         691
  C:49DAH         LINE#         692
  C:49DDH         LINE#         693
  C:49E0H         LINE#         694
  C:49EDH         LINE#         695
  C:49EDH         LINE#         696
  C:49EDH         LINE#         697
  C:49EDH         LINE#         698
  C:49EDH         LINE#         700
  C:49EDH         LINE#         701
  C:49EDH         LINE#         702
  C:49EDH         LINE#         703
  C:49EDH         LINE#         704
  C:49F4H         LINE#         705
  C:49FCH         LINE#         706
  -------         ENDPROC       _FUN_HZ
  C:4B57H         SYMBOL        L?1279
  -------         PROC          L?1278
  -------         ENDPROC       L?1278
  C:4B57H         SYMBOL        L?1279
  -------         PROC          _FUN_PYHZ
  X:0319H         SYMBOL        par_pymodel
  X:031AH         SYMBOL        par_hzmodel
  C:4B5BH         LINE#         707
  C:4B63H         LINE#         708
  C:4B71H         LINE#         709
  C:4B71H         LINE#         710
  C:4B80H         LINE#         711
  C:4B80H         LINE#         712
  C:4B80H         LINE#         713
  C:4B82H         LINE#         714
  C:4B82H         LINE#         715
  C:4B82H         LINE#         716
  C:4B84H         LINE#         717
  C:4B84H         LINE#         718
  C:4B84H         LINE#         719
  C:4B86H         LINE#         720
  C:4B86H         LINE#         721
  C:4B86H         LINE#         722
  C:4B86H         LINE#         723
  C:4B86H         LINE#         724
  C:4B86H         LINE#         725
  C:4B94H         LINE#         726
  C:4B94H         LINE#         727
  C:4B94H         LINE#         728
  C:4B96H         LINE#         729
  C:4B96H         LINE#         730
  C:4B96H         LINE#         731
  C:4B98H         LINE#         732
  C:4B98H         LINE#         733
BL51 BANKED LINKER/LOCATER V6.22                                                      10/22/2015  22:34:14  PAGE 20


  C:4B98H         LINE#         734
  C:4B9AH         LINE#         735
  C:4B9AH         LINE#         736
  C:4B9AH         LINE#         737
  C:4B9AH         LINE#         738
  C:4B9AH         LINE#         739
  C:4B9AH         LINE#         740
  C:4BA9H         LINE#         741
  C:4BA9H         LINE#         742
  C:4BA9H         LINE#         743
  C:4BABH         LINE#         744
  C:4BABH         LINE#         745
  C:4BABH         LINE#         746
  C:4BADH         LINE#         747
  C:4BADH         LINE#         748
  C:4BADH         LINE#         749
  C:4BAFH         LINE#         750
  C:4BAFH         LINE#         751
  C:4BAFH         LINE#         752
  C:4BAFH         LINE#         753
  C:4BAFH         LINE#         754
  C:4BAFH         LINE#         755
  C:4BBEH         LINE#         756
  C:4BBEH         LINE#         757
  C:4BC0H         LINE#         758
  C:4BC2H         LINE#         759
  C:4BC2H         LINE#         760
  C:4BC4H         LINE#         761
  C:4BC6H         LINE#         762
  C:4BC6H         LINE#         763
  C:4BCDH         LINE#         764
  C:4BCDH         LINE#         765
  C:4BCDH         LINE#         766
  C:4BCDH         LINE#         767
  C:4BCDH         LINE#         768
  C:4BCDH         LINE#         769
  C:4BCDH         LINE#         770
  C:4BCDH         LINE#         771
  C:4BCDH         LINE#         772
  C:4BD5H         LINE#         773
  C:4BD7H         LINE#         774
  C:4BDAH         LINE#         775
  C:4BEFH         LINE#         776
  C:4BEFH         LINE#         777
  C:4C01H         LINE#         778
  C:4C01H         LINE#         779
  C:4C04H         LINE#         780
  C:4C07H         LINE#         781
  C:4C0AH         LINE#         782
  C:4C0AH         LINE#         783
  C:4C0CH         LINE#         784
  C:4C0CH         LINE#         785
  C:4C0FH         LINE#         786
  C:4C0FH         LINE#         787
  C:4C11H         LINE#         788
  C:4C11H         LINE#         789
  C:4C14H         LINE#         790
BL51 BANKED LINKER/LOCATER V6.22                                                      10/22/2015  22:34:14  PAGE 21


  C:4C14H         LINE#         791
  C:4C16H         LINE#         792
  C:4C16H         LINE#         793
  C:4C16H         LINE#         794
  C:4C16H         LINE#         795
  C:4C16H         LINE#         796
  C:4C16H         LINE#         797
  C:4C25H         LINE#         798
  C:4C25H         LINE#         799
  C:4C28H         LINE#         800
  C:4C2BH         LINE#         801
  C:4C2EH         LINE#         802
  C:4C2EH         LINE#         803
  C:4C30H         LINE#         804
  C:4C30H         LINE#         805
  C:4C33H         LINE#         806
  C:4C33H         LINE#         807
  C:4C35H         LINE#         808
  C:4C35H         LINE#         809
  C:4C38H         LINE#         810
  C:4C38H         LINE#         811
  C:4C3AH         LINE#         812
  C:4C3AH         LINE#         813
  C:4C3AH         LINE#         814
  C:4C3AH         LINE#         815
  C:4C3AH         LINE#         816
  C:4C3AH         LINE#         817
  C:4C4AH         LINE#         818
  C:4C4AH         LINE#         819
  C:4C4DH         LINE#         820
  C:4C4DH         LINE#         821
  C:4C4FH         LINE#         822
  C:4C4FH         LINE#         823
  C:4C52H         LINE#         824
  C:4C52H         LINE#         825
  C:4C54H         LINE#         826
  C:4C54H         LINE#         827
  C:4C57H         LINE#         828
  C:4C5AH         LINE#         829
  C:4C5DH         LINE#         830
  C:4C5DH         LINE#         831
  C:4C5FH         LINE#         832
  C:4C5FH         LINE#         833
  C:4C5FH         LINE#         834
  C:4C5FH         LINE#         835
  C:4C5FH         LINE#         836
  C:4C5FH         LINE#         837
  C:4C6EH         LINE#         838
  C:4C6EH         LINE#         839
  C:4C71H         LINE#         840
  C:4C71H         LINE#         841
  C:4C73H         LINE#         842
  C:4C73H         LINE#         843
  C:4C76H         LINE#         844
  C:4C76H         LINE#         845
  C:4C78H         LINE#         846
  C:4C78H         LINE#         847
BL51 BANKED LINKER/LOCATER V6.22                                                      10/22/2015  22:34:14  PAGE 22


  C:4C7BH         LINE#         848
  C:4C7EH         LINE#         849
  C:4C81H         LINE#         850
  C:4C8EH         LINE#         851
  C:4C8EH         LINE#         852
  C:4C8EH         LINE#         853
  C:4C8EH         LINE#         854
  C:4C8EH         LINE#         855
  C:4C8EH         LINE#         856
  C:4C8EH         LINE#         857
  C:4C8EH         LINE#         858
  C:4C8EH         LINE#         859
  C:4C95H         LINE#         860
  C:4C9DH         LINE#         861
  -------         ENDPROC       _FUN_PYHZ
  -------         PROC          _FUN_SJHZ
  X:02F3H         SYMBOL        par_sjmodel
  X:02F4H         SYMBOL        par_hzmodel
  -------         DO            
  X:02F5H         SYMBOL        loc_sjdelay
  X:02F9H         SYMBOL        loc_hzdelay
  X:02FDH         SYMBOL        loc_sjcgq
  X:02FEH         SYMBOL        loc_hzcgq
  X:02FFH         SYMBOL        loc_hzflag
  -------         ENDDO         
  C:34AEH         LINE#         862
  C:34B7H         LINE#         863
  C:34BFH         LINE#         864
  C:34C9H         LINE#         865
  C:34CEH         LINE#         866
  C:34D0H         LINE#         867
  C:34D2H         LINE#         868
  C:34DDH         LINE#         869
  C:34EFH         LINE#         870
  C:34EFH         LINE#         871
  C:34FBH         LINE#         872
  C:34FBH         LINE#         873
  C:34FBH         LINE#         874
  C:34FBH         LINE#         875
  C:34FDH         LINE#         876
  C:34FDH         LINE#         877
  C:34FDH         LINE#         878
  C:34FDH         LINE#         879
  C:34FFH         LINE#         880
  C:34FFH         LINE#         881
  C:34FFH         LINE#         882
  C:34FFH         LINE#         883
  C:3501H         LINE#         884
  C:3501H         LINE#         885
  C:3501H         LINE#         886
  C:3501H         LINE#         887
  C:3501H         LINE#         888
  C:3501H         LINE#         889
  C:3510H         LINE#         890
  C:3510H         LINE#         891
  C:3510H         LINE#         892
  C:3510H         LINE#         893
BL51 BANKED LINKER/LOCATER V6.22                                                      10/22/2015  22:34:14  PAGE 23


  C:3512H         LINE#         894
  C:3512H         LINE#         895
  C:3512H         LINE#         896
  C:3512H         LINE#         897
  C:3514H         LINE#         898
  C:3514H         LINE#         899
  C:3514H         LINE#         900
  C:3514H         LINE#         901
  C:3516H         LINE#         902
  C:3516H         LINE#         903
  C:3516H         LINE#         904
  C:3516H         LINE#         905
  C:3516H         LINE#         906
  C:3516H         LINE#         907
  C:3526H         LINE#         908
  C:3526H         LINE#         909
  C:3526H         LINE#         910
  C:3526H         LINE#         911
  C:3528H         LINE#         912
  C:3528H         LINE#         913
  C:3528H         LINE#         914
  C:3528H         LINE#         915
  C:352AH         LINE#         916
  C:352AH         LINE#         917
  C:352CH         LINE#         918
  C:352CH         LINE#         919
  C:352EH         LINE#         920
  C:352EH         LINE#         921
  C:352EH         LINE#         922
  C:352EH         LINE#         923
  C:352EH         LINE#         924
  C:352EH         LINE#         925
  C:353DH         LINE#         926
  C:353DH         LINE#         927
  C:353FH         LINE#         928
  C:353FH         LINE#         929
  C:3541H         LINE#         930
  C:3541H         LINE#         931
  C:3548H         LINE#         932
  C:354EH         LINE#         933
  C:3550H         LINE#         934
  C:3550H         LINE#         935
  C:3557H         LINE#         936
  C:355DH         LINE#         937
  C:355DH         LINE#         938
  C:355DH         LINE#         939
  C:355DH         LINE#         940
  C:355DH         LINE#         941
  C:355DH         LINE#         942
  C:355DH         LINE#         943
  C:355DH         LINE#         944
  C:355DH         LINE#         945
  C:3575H         LINE#         946
  C:3575H         LINE#         947
  C:3582H         LINE#         948
  C:3592H         LINE#         949
  C:3595H         LINE#         950
BL51 BANKED LINKER/LOCATER V6.22                                                      10/22/2015  22:34:14  PAGE 24


  C:3598H         LINE#         951
  C:35A7H         LINE#         952
  C:35B3H         LINE#         953
  C:35EAH         LINE#         954
  C:35EAH         LINE#         955
  C:35ECH         LINE#         956
  C:35F5H         LINE#         957
  C:35FBH         LINE#         958
  C:35FBH         LINE#         959
  C:35FBH         LINE#         960
  C:35FBH         LINE#         961
  C:35FEH         LINE#         962
  C:35FEH         LINE#         963
  C:3600H         LINE#         964
  C:3609H         LINE#         965
  C:3617H         LINE#         966
  C:3617H         LINE#         967
  C:3617H         LINE#         968
  C:3617H         LINE#         969
  C:3619H         LINE#         970
  C:3619H         LINE#         971
  C:361BH         LINE#         972
  C:3624H         LINE#         973
  C:362AH         LINE#         974
  C:362AH         LINE#         975
  C:362AH         LINE#         976
  C:362AH         LINE#         977
  C:362CH         LINE#         978
  C:362CH         LINE#         979
  C:362EH         LINE#         980
  C:3637H         LINE#         981
  C:3640H         LINE#         982
  C:3640H         LINE#         983
  C:3640H         LINE#         984
  C:3640H         LINE#         985
  C:3642H         LINE#         986
  C:3642H         LINE#         987
  C:3644H         LINE#         988
  C:364DH         LINE#         989
  C:3653H         LINE#         990
  C:3653H         LINE#         991
  C:3653H         LINE#         992
  C:3653H         LINE#         993
  C:3655H         LINE#         994
  C:3655H         LINE#         995
  C:3657H         LINE#         996
  C:3660H         LINE#         997
  C:3669H         LINE#         998
  C:3669H         LINE#         999
  C:3669H         LINE#         1000
  C:3669H         LINE#         1001
  C:366BH         LINE#         1002
  C:366BH         LINE#         1003
  C:366DH         LINE#         1004
  C:3676H         LINE#         1005
  C:367CH         LINE#         1006
  C:367CH         LINE#         1007
BL51 BANKED LINKER/LOCATER V6.22                                                      10/22/2015  22:34:14  PAGE 25


  C:367CH         LINE#         1008
  C:367CH         LINE#         1009
  C:367EH         LINE#         1010
  C:367EH         LINE#         1011
  C:3680H         LINE#         1012
  C:3689H         LINE#         1013
  C:3694H         LINE#         1014
  C:3697H         LINE#         1015
  C:3697H         LINE#         1016
  C:3697H         LINE#         1017
  C:3699H         LINE#         1018
  C:3699H         LINE#         1019
  C:369BH         LINE#         1020
  C:36A4H         LINE#         1021
  C:36A7H         LINE#         1022
  C:36C5H         LINE#         1023
  C:36CBH         LINE#         1024
  C:36CBH         LINE#         1025
  C:36CDH         LINE#         1026
  C:36CDH         LINE#         1027
  C:36CDH         LINE#         1028
  C:36CDH         LINE#         1029
  C:36CDH         LINE#         1030
  C:36D1H         LINE#         1031
  C:36EDH         LINE#         1032
  C:36F4H         LINE#         1033
  C:36F9H         LINE#         1034
  C:3701H         LINE#         1035
  C:3701H         LINE#         1036
  C:3701H         LINE#         1037
  C:3720H         LINE#         1038
  C:3726H         LINE#         1039
  C:3728H         LINE#         1040
  C:3731H         LINE#         1041
  C:3734H         LINE#         1042
  C:3738H         LINE#         1043
  C:373BH         LINE#         1044
  C:3746H         LINE#         1045
  C:374CH         LINE#         1046
  C:374FH         LINE#         1047
  C:374FH         LINE#         1048
  C:3752H         LINE#         1049
  C:3752H         LINE#         1050
  C:3759H         LINE#         1051
  C:3763H         LINE#         1052
  C:376BH         LINE#         1053
  C:376BH         LINE#         1054
  C:376BH         LINE#         1055
  C:376EH         LINE#         1056
  -------         ENDPROC       _FUN_SJHZ
  -------         PROC          _FUN_PYSJHZ
  X:02E5H         SYMBOL        par_pymodel
  X:02E6H         SYMBOL        par_sjmodel
  X:02E7H         SYMBOL        par_hzmodel
  -------         DO            
  X:02E8H         SYMBOL        loc_sjdelay
  X:02ECH         SYMBOL        loc_hzdelay
BL51 BANKED LINKER/LOCATER V6.22                                                      10/22/2015  22:34:14  PAGE 26


  X:02F0H         SYMBOL        loc_sjcgq
  X:02F1H         SYMBOL        loc_hzcgq
  X:02F2H         SYMBOL        loc_hzflag
  B:0022H.0       SYMBOL        loc_pyflag
  -------         ENDDO         
  C:3114H         LINE#         1057
  C:311FH         LINE#         1058
  C:3127H         LINE#         1059
  C:3131H         LINE#         1060
  C:3136H         LINE#         1061
  C:3138H         LINE#         1062
  C:313AH         LINE#         1063
  C:313CH         LINE#         1064
  C:3147H         LINE#         1065
  C:3159H         LINE#         1066
  C:3159H         LINE#         1067
  C:3165H         LINE#         1068
  C:3165H         LINE#         1069
  C:3165H         LINE#         1070
  C:3165H         LINE#         1071
  C:3167H         LINE#         1072
  C:3167H         LINE#         1073
  C:3167H         LINE#         1074
  C:3167H         LINE#         1075
  C:3169H         LINE#         1076
  C:3169H         LINE#         1077
  C:3169H         LINE#         1078
  C:3169H         LINE#         1079
  C:316BH         LINE#         1080
  C:316BH         LINE#         1081
  C:316BH         LINE#         1082
  C:316BH         LINE#         1083
  C:316BH         LINE#         1084
  C:316BH         LINE#         1085
  C:317AH         LINE#         1086
  C:317AH         LINE#         1087
  C:317AH         LINE#         1088
  C:317AH         LINE#         1089
  C:317CH         LINE#         1090
  C:317CH         LINE#         1091
  C:317CH         LINE#         1092
  C:317CH         LINE#         1093
  C:317EH         LINE#         1094
  C:317EH         LINE#         1095
  C:317EH         LINE#         1096
  C:317EH         LINE#         1097
  C:3180H         LINE#         1098
  C:3180H         LINE#         1099
  C:3180H         LINE#         1100
  C:3180H         LINE#         1101
  C:3180H         LINE#         1102
  C:3180H         LINE#         1103
  C:3190H         LINE#         1104
  C:3190H         LINE#         1105
  C:3190H         LINE#         1106
  C:3190H         LINE#         1107
  C:3192H         LINE#         1108
BL51 BANKED LINKER/LOCATER V6.22                                                      10/22/2015  22:34:14  PAGE 27


  C:3192H         LINE#         1109
  C:3192H         LINE#         1110
  C:3192H         LINE#         1111
  C:3194H         LINE#         1112
  C:3194H         LINE#         1113
  C:3196H         LINE#         1114
  C:3196H         LINE#         1115
  C:3198H         LINE#         1116
  C:3198H         LINE#         1117
  C:3198H         LINE#         1118
  C:3198H         LINE#         1119
  C:3198H         LINE#         1120
  C:3198H         LINE#         1121
  C:31A7H         LINE#         1122
  C:31A7H         LINE#         1123
  C:31A9H         LINE#         1124
  C:31A9H         LINE#         1125
  C:31ABH         LINE#         1126
  C:31ABH         LINE#         1127
  C:31B2H         LINE#         1128
  C:31B8H         LINE#         1129
  C:31BAH         LINE#         1130
  C:31BAH         LINE#         1131
  C:31C1H         LINE#         1132
  C:31C7H         LINE#         1133
  C:31C7H         LINE#         1134
  C:31C7H         LINE#         1135
  C:31C7H         LINE#         1136
  C:31C7H         LINE#         1137
  C:31C7H         LINE#         1138
  C:31C7H         LINE#         1139
  C:31C7H         LINE#         1140
  C:31C7H         LINE#         1141
  C:31DFH         LINE#         1142
  C:31DFH         LINE#         1143
  C:31ECH         LINE#         1144
  C:31FCH         LINE#         1145
  C:31FFH         LINE#         1146
  C:3202H         LINE#         1147
  C:3217H         LINE#         1148
  C:323BH         LINE#         1149
  C:323BH         LINE#         1150
  C:3272H         LINE#         1151
  C:3272H         LINE#         1152
  C:3274H         LINE#         1153
  C:327DH         LINE#         1154
  C:3283H         LINE#         1155
  C:3283H         LINE#         1156
  C:3283H         LINE#         1157
  C:3283H         LINE#         1158
  C:3286H         LINE#         1159
  C:3286H         LINE#         1160
  C:3288H         LINE#         1161
  C:3291H         LINE#         1162
  C:329FH         LINE#         1163
  C:329FH         LINE#         1164
  C:329FH         LINE#         1165
BL51 BANKED LINKER/LOCATER V6.22                                                      10/22/2015  22:34:14  PAGE 28


  C:329FH         LINE#         1166
  C:32A2H         LINE#         1167
  C:32A2H         LINE#         1168
  C:32A4H         LINE#         1169
  C:32ADH         LINE#         1170
  C:32B3H         LINE#         1171
  C:32B3H         LINE#         1172
  C:32B3H         LINE#         1173
  C:32B3H         LINE#         1174
  C:32B6H         LINE#         1175
  C:32B6H         LINE#         1176
  C:32B8H         LINE#         1177
  C:32C1H         LINE#         1178
  C:32CAH         LINE#         1179
  C:32CAH         LINE#         1180
  C:32CAH         LINE#         1181
  C:32CAH         LINE#         1182
  C:32CCH         LINE#         1183
  C:32CCH         LINE#         1184
  C:32CEH         LINE#         1185
  C:32D7H         LINE#         1186
  C:32DDH         LINE#         1187
  C:32DDH         LINE#         1188
  C:32DDH         LINE#         1189
  C:32DDH         LINE#         1190
  C:32DFH         LINE#         1191
  C:32DFH         LINE#         1192
  C:32E1H         LINE#         1193
  C:32EAH         LINE#         1194
  C:32F3H         LINE#         1195
  C:32F3H         LINE#         1196
  C:32F3H         LINE#         1197
  C:32F3H         LINE#         1198
  C:32F5H         LINE#         1199
  C:32F5H         LINE#         1200
  C:32F7H         LINE#         1201
  C:3300H         LINE#         1202
  C:3306H         LINE#         1203
  C:3306H         LINE#         1204
  C:3306H         LINE#         1205
  C:3306H         LINE#         1206
  C:3308H         LINE#         1207
  C:3308H         LINE#         1208
  C:330AH         LINE#         1209
  C:3313H         LINE#         1210
  C:3321H         LINE#         1211
  C:3324H         LINE#         1212
  C:3324H         LINE#         1213
  C:3324H         LINE#         1214
  C:3326H         LINE#         1215
  C:3326H         LINE#         1216
  C:3328H         LINE#         1217
  C:3331H         LINE#         1218
  C:3337H         LINE#         1219
  C:3355H         LINE#         1220
  C:335BH         LINE#         1221
  C:335BH         LINE#         1222
BL51 BANKED LINKER/LOCATER V6.22                                                      10/22/2015  22:34:14  PAGE 29


  C:335EH         LINE#         1223
  C:335EH         LINE#         1224
  C:335EH         LINE#         1225
  C:335EH         LINE#         1226
  C:335EH         LINE#         1227
  C:335EH         LINE#         1228
  C:337DH         LINE#         1229
  C:3384H         LINE#         1230
  C:3389H         LINE#         1231
  C:338CH         LINE#         1232
  C:3394H         LINE#         1233
  C:3394H         LINE#         1234
  C:3397H         LINE#         1235
  C:3397H         LINE#         1236
  C:339EH         LINE#         1237
  C:33A2H         LINE#         1238
  C:33A9H         LINE#         1239
  C:33B0H         LINE#         1240
  C:33B6H         LINE#         1241
  C:33B9H         LINE#         1242
  C:33B9H         LINE#         1243
  C:33C4H         LINE#         1244
  C:33DFH         LINE#         1245
  C:33E5H         LINE#         1246
  C:33E5H         LINE#         1247
  C:33EDH         LINE#         1248
  C:3408H         LINE#         1249
  C:340EH         LINE#         1250
  C:340EH         LINE#         1251
  C:3410H         LINE#         1252
  C:3410H         LINE#         1253
  C:342CH         LINE#         1254
  C:3433H         LINE#         1255
  C:3438H         LINE#         1256
  C:3440H         LINE#         1257
  C:3440H         LINE#         1258
  C:3440H         LINE#         1259
  C:3440H         LINE#         1260
  C:3440H         LINE#         1261
  C:3440H         LINE#         1262
  C:345FH         LINE#         1263
  C:3465H         LINE#         1264
  C:3467H         LINE#         1265
  C:3470H         LINE#         1266
  C:3473H         LINE#         1267
  C:3477H         LINE#         1268
  C:347AH         LINE#         1269
  C:3485H         LINE#         1270
  C:348BH         LINE#         1271
  C:348EH         LINE#         1272
  C:348EH         LINE#         1273
  C:3491H         LINE#         1274
  C:3491H         LINE#         1275
  C:3498H         LINE#         1276
  C:34A2H         LINE#         1277
  C:34AAH         LINE#         1278
  C:34AAH         LINE#         1279
BL51 BANKED LINKER/LOCATER V6.22                                                      10/22/2015  22:34:14  PAGE 30


  C:34AAH         LINE#         1280
  C:34ADH         LINE#         1281
  -------         ENDPROC       _FUN_PYSJHZ
  -------         PROC          FUN_JTJP
  C:5084H         LINE#         1282
  C:5084H         LINE#         1283
  C:5084H         LINE#         1284
  C:50A2H         LINE#         1285
  C:50ABH         LINE#         1286
  C:50B2H         LINE#         1288
  C:50B2H         LINE#         1289
  C:50B5H         LINE#         1290
  C:50BCH         LINE#         1291
  C:50BEH         LINE#         1292
  C:50C0H         LINE#         1293
  C:50C3H         LINE#         1294
  C:50CAH         LINE#         1295
  C:50D1H         LINE#         1296
  C:50D1H         LINE#         1297
  C:50D7H         LINE#         1298
  C:50DEH         LINE#         1299
  C:50E0H         LINE#         1300
  C:50E2H         LINE#         1301
  C:50E8H         LINE#         1302
  C:50EFH         LINE#         1303
  C:50F6H         LINE#         1304
  C:50F6H         LINE#         1305
  C:50FCH         LINE#         1306
  C:5103H         LINE#         1307
  C:5105H         LINE#         1308
  C:5107H         LINE#         1309
  C:510DH         LINE#         1310
  C:5114H         LINE#         1311
  C:511BH         LINE#         1312
  C:511BH         LINE#         1313
  C:5124H         LINE#         1314
  -------         ENDPROC       FUN_JTJP
  -------         PROC          FUN_TIMERMOVE
  -------         DO            
  D:001BH         SYMBOL        loc_con
  D:0017H         SYMBOL        loc_sdl
  D:0019H         SYMBOL        loc_sdr
  -------         ENDDO         
  C:273AH         LINE#         1316
  C:273AH         LINE#         1319
  C:275FH         LINE#         1320
  C:275FH         LINE#         1321
  C:2767H         LINE#         1322
  C:276DH         LINE#         1323
  C:277CH         LINE#         1324
  C:278AH         LINE#         1325
  C:278BH         LINE#         1326
  C:278BH         LINE#         1327
  C:27A1H         LINE#         1328
  C:27B9H         LINE#         1329
  C:27BFH         LINE#         1330
  C:27C7H         LINE#         1331
BL51 BANKED LINKER/LOCATER V6.22                                                      10/22/2015  22:34:14  PAGE 31


  C:27CAH         LINE#         1332
  C:27D1H         LINE#         1333
  C:27D4H         LINE#         1334
  C:27E7H         LINE#         1335
  C:27E7H         LINE#         1336
  C:27E7H         LINE#         1338
  C:27F7H         LINE#         1339
  C:27FDH         LINE#         1340
  C:2818H         LINE#         1341
  C:2833H         LINE#         1342
  C:2833H         LINE#         1343
  C:2839H         LINE#         1344
  C:2854H         LINE#         1345
  C:286FH         LINE#         1346
  C:286FH         LINE#         1347
  C:2875H         LINE#         1348
  C:2895H         LINE#         1349
  C:28B5H         LINE#         1350
  C:28B5H         LINE#         1351
  C:28BBH         LINE#         1352
  C:28DBH         LINE#         1353
  C:28FBH         LINE#         1354
  C:28FBH         LINE#         1355
  C:2901H         LINE#         1356
  C:2921H         LINE#         1357
  C:2941H         LINE#         1358
  C:2941H         LINE#         1359
  C:294AH         LINE#         1360
  C:296AH         LINE#         1361
  C:298AH         LINE#         1362
  C:298AH         LINE#         1363
  C:298AH         LINE#         1364
  C:298AH         LINE#         1365
  C:298AH         LINE#         1366
  C:298DH         LINE#         1367
  C:298DH         LINE#         1368
  C:2997H         LINE#         1369
  C:299CH         LINE#         1370
  C:299CH         LINE#         1371
  C:299FH         LINE#         1372
  C:299FH         LINE#         1373
  C:29B4H         LINE#         1374
  C:29B4H         LINE#         1375
  C:29D7H         LINE#         1376
  C:29D7H         LINE#         1377
  C:29E5H         LINE#         1378
  C:29F4H         LINE#         1379
  C:29F4H         LINE#         1380
  C:29F6H         LINE#         1381
  C:29F6H         LINE#         1382
  C:29F9H         LINE#         1383
  C:2A07H         LINE#         1384
  C:2A0AH         LINE#         1385
  C:2A0CH         LINE#         1386
  C:2A0CH         LINE#         1387
  C:2A1AH         LINE#         1388
  C:2A2FH         LINE#         1389
BL51 BANKED LINKER/LOCATER V6.22                                                      10/22/2015  22:34:14  PAGE 32


  C:2A32H         LINE#         1390
  C:2A34H         LINE#         1391
  C:2A34H         LINE#         1392
  C:2A37H         LINE#         1393
  C:2A45H         LINE#         1394
  C:2A63H         LINE#         1395
  C:2A63H         LINE#         1396
  C:2A63H         LINE#         1397
  C:2A65H         LINE#         1398
  C:2A66H         LINE#         1399
  C:2A66H         LINE#         1400
  C:2A85H         LINE#         1401
  C:2A87H         LINE#         1402
  C:2A88H         LINE#         1403
  C:2A88H         LINE#         1404
  C:2A91H         LINE#         1405
  C:2A91H         LINE#         1406
  C:2A91H         LINE#         1407
  C:2A91H         LINE#         1408
  C:2A91H         LINE#         1409
  C:2A91H         LINE#         1410
  C:2A93H         LINE#         1411
  C:2A93H         LINE#         1412
  C:2A93H         LINE#         1413
  C:2A93H         LINE#         1414
  C:2A9EH         LINE#         1415
  C:2A9EH         LINE#         1416
  C:2AD7H         LINE#         1417
  C:2AD9H         LINE#         1418
  C:2ADAH         LINE#         1419
  C:2ADAH         LINE#         1420
  C:2AF6H         LINE#         1421
  C:2AFEH         LINE#         1422
  C:2B08H         LINE#         1423
  C:2B12H         LINE#         1424
  C:2B15H         LINE#         1425
  C:2B16H         LINE#         1426
  C:2B16H         LINE#         1427
  C:2B26H         LINE#         1428
  C:2B2CH         LINE#         1429
  C:2B45H         LINE#         1430
  C:2B5FH         LINE#         1431
  C:2B5FH         LINE#         1432
  C:2B65H         LINE#         1433
  C:2B7FH         LINE#         1434
  C:2B98H         LINE#         1435
  C:2B98H         LINE#         1436
  C:2B9EH         LINE#         1437
  C:2BB8H         LINE#         1438
  C:2BD2H         LINE#         1439
  C:2BD2H         LINE#         1440
  C:2BD8H         LINE#         1441
  C:2BF2H         LINE#         1442
  C:2C0CH         LINE#         1443
  C:2C0CH         LINE#         1444
  C:2C12H         LINE#         1445
  C:2C2BH         LINE#         1446
BL51 BANKED LINKER/LOCATER V6.22                                                      10/22/2015  22:34:14  PAGE 33


  C:2C45H         LINE#         1447
  C:2C45H         LINE#         1448
  C:2C4BH         LINE#         1449
  C:2C65H         LINE#         1450
  C:2C7EH         LINE#         1451
  C:2C7EH         LINE#         1452
  C:2C87H         LINE#         1453
  C:2C90H         LINE#         1454
  C:2C90H         LINE#         1455
  C:2C90H         LINE#         1456
  C:2C90H         LINE#         1457
  C:2C90H         LINE#         1458
  C:2C90H         LINE#         1459
  C:2C90H         LINE#         1460
  C:2C90H         LINE#         1461
  -------         ENDPROC       FUN_TIMERMOVE
  -------         PROC          _FUN_FLSETTING
  X:0287H         SYMBOL        par_gospeed
  X:0288H         SYMBOL        par_turnspeed
  X:0289H         SYMBOL        par_cachespeed
  -------         DO            
  X:028AH         SYMBOL        ellipsis_40
  X:02B2H         SYMBOL        loc_argp
  D:0007H         SYMBOL        loc_step
  D:0006H         SYMBOL        loc_con
  -------         ENDDO         
  C:524EH         LINE#         1462
  C:5259H         LINE#         1464
  C:525BH         LINE#         1466
  C:5267H         LINE#         1467
  C:5269H         LINE#         1468
  C:526EH         LINE#         1469
  C:527DH         LINE#         1470
  C:5291H         LINE#         1471
  C:5293H         LINE#         1472
  C:52A0H         LINE#         1475
  C:52A6H         LINE#         1476
  C:52B4H         LINE#         1477
  C:52BCH         LINE#         1478
  C:52C4H         LINE#         1479
  C:52CCH         LINE#         1480
  C:52D0H         LINE#         1481
  -------         ENDPROC       _FUN_FLSETTING
  -------         PROC          _FUN_FOLLINE
  D:0007H         SYMBOL        par_con
  X:0309H         SYMBOL        par_speed
  -------         DO            
  X:030AH         SYMBOL        loc_con
  X:030BH         SYMBOL        loc_sdr
  X:030CH         SYMBOL        loc_sdl
  X:030DH         SYMBOL        loc_online
  -------         ENDDO         
  C:4261H         LINE#         1482
  C:4266H         LINE#         1483
  C:4269H         LINE#         1486
  C:4272H         LINE#         1487
  C:428AH         LINE#         1488
BL51 BANKED LINKER/LOCATER V6.22                                                      10/22/2015  22:34:14  PAGE 34


  C:4290H         LINE#         1489
  C:429AH         LINE#         1490
  C:429CH         LINE#         1491
  C:42A3H         LINE#         1492
  C:42A6H         LINE#         1493
  C:42ACH         LINE#         1494
  C:42AEH         LINE#         1495
  C:42AEH         LINE#         1497
  C:42BAH         LINE#         1498
  C:42C0H         LINE#         1499
  C:42CCH         LINE#         1500
  C:42E4H         LINE#         1501
  C:42E4H         LINE#         1502
  C:42EAH         LINE#         1503
  C:4302H         LINE#         1504
  C:4310H         LINE#         1505
  C:4310H         LINE#         1506
  C:4316H         LINE#         1507
  C:4328H         LINE#         1508
  C:4346H         LINE#         1509
  C:4346H         LINE#         1510
  C:434CH         LINE#         1511
  C:436AH         LINE#         1512
  C:437CH         LINE#         1513
  C:437CH         LINE#         1514
  C:4382H         LINE#         1515
  C:4394H         LINE#         1516
  C:43B2H         LINE#         1517
  C:43B2H         LINE#         1518
  C:43B8H         LINE#         1519
  C:43D6H         LINE#         1520
  C:43E8H         LINE#         1521
  C:43E8H         LINE#         1522
  C:43F2H         LINE#         1523
  C:43FCH         LINE#         1524
  C:4401H         LINE#         1525
  C:4401H         LINE#         1526
  C:4404H         LINE#         1527
  -------         ENDPROC       _FUN_FOLLINE
  -------         PROC          _FUN_TURN
  D:0007H         SYMBOL        par_model
  X:0321H         SYMBOL        par_speed
  C:52D1H         LINE#         1529
  C:52D6H         LINE#         1530
  C:52E6H         LINE#         1531
  C:52E6H         LINE#         1532
  C:52F0H         LINE#         1533
  C:52F6H         LINE#         1534
  C:52F6H         LINE#         1535
  C:52F8H         LINE#         1536
  C:52F8H         LINE#         1537
  C:52FBH         LINE#         1538
  C:5305H         LINE#         1539
  C:5308H         LINE#         1540
  C:530AH         LINE#         1541
  C:530AH         LINE#         1542
  C:5314H         LINE#         1543
BL51 BANKED LINKER/LOCATER V6.22                                                      10/22/2015  22:34:14  PAGE 35


  C:5320H         LINE#         1544
  C:5323H         LINE#         1545
  C:5325H         LINE#         1546
  C:5325H         LINE#         1547
  C:5328H         LINE#         1548
  C:5332H         LINE#         1549
  C:533FH         LINE#         1550
  C:533FH         LINE#         1551
  C:533FH         LINE#         1552
  C:5345H         LINE#         1553
  -------         ENDPROC       _FUN_TURN
  -------         PROC          _FUN_QC
  D:0007H         SYMBOL        par_time
  X:0316H         SYMBOL        par_speed
  -------         DO            
  X:0317H         SYMBOL        loc_sdr
  X:0318H         SYMBOL        loc_sdl
  -------         ENDDO         
  C:39ADH         LINE#         1555
  C:39B2H         LINE#         1557
  C:39CFH         LINE#         1558
  C:39EEH         LINE#         1560
  C:39FAH         LINE#         1561
[...]
  C:46E2H         LINE#         2351
  C:46E2H         LINE#         2352
  C:46E2H         LINE#         2353
  C:46E2H         LINE#         2354
  C:46EAH         LINE#         2355
  C:46FCH         LINE#         2356
  C:46FCH         LINE#         2357
  C:46FCH         LINE#         2358
  C:46FEH         LINE#         2359
  C:46FEH         LINE#         2360
  C:4700H         LINE#         2361
  C:4702H         LINE#         2362
  C:4702H         LINE#         2363
  C:4704H         LINE#         2364
  C:4706H         LINE#         2365
  C:4706H         LINE#         2366
  C:4708H         LINE#         2367
  C:470AH         LINE#         2368
  C:470AH         LINE#         2369
  C:470CH         LINE#         2370
  C:470EH         LINE#         2371
  C:470EH         LINE#         2372
  C:4719H         LINE#         2373
  C:471DH         LINE#         2374
  C:4728H         LINE#         2375
  C:472DH         LINE#         2376
  C:472DH         LINE#         2377
  C:472DH         LINE#         2378
  C:472DH         LINE#         2379
  -------         ENDPROC       _FUN_ZJZT
  -------         PROC          _FUN_NAJIAN
  X:0300H         SYMBOL        par_now
  X:0301H         SYMBOL        par_next
  X:0302H         SYMBOL        par_high
  X:0305H         SYMBOL        par_data
  -------         DO            
  X:0308H         SYMBOL        loc_high
  -------         ENDDO         
  C:10EEH         LINE#         2380
  C:10FFH         LINE#         2385
  C:114DH         LINE#         2387
  C:1162H         LINE#         2388
  C:116AH         LINE#         2389
  C:1192H         LINE#         2390
  C:119DH         LINE#         2391
  C:119DH         LINE#         2392
  C:119FH         LINE#         2393
  C:11BAH         LINE#         2394
  C:11C2H         LINE#         2395
  C:11F3H         LINE#         2396
  C:11FBH         LINE#         2397
BL51 BANKED LINKER/LOCATER V6.22                                                      10/22/2015  22:34:14  PAGE 50


  C:1255H         LINE#         2398
  C:1255H         LINE#         2400
  C:125FH         LINE#         2402
  C:127CH         LINE#         2404
  C:1281H         LINE#         2406
  C:12ADH         LINE#         2407
  C:12ADH         LINE#         2408
  C:12DEH         LINE#         2409
  C:12DEH         LINE#         2410
  C:12F4H         LINE#         2411
  C:12F7H         LINE#         2412
  C:12F7H         LINE#         2413
  C:12F7H         LINE#         2414
  C:12F9H         LINE#         2415
  C:12F9H         LINE#         2416
  C:1321H         LINE#         2417
  C:1324H         LINE#         2418
  C:1324H         LINE#         2419
  C:134CH         LINE#         2420
  C:134FH         LINE#         2421
  C:134FH         LINE#         2422
  C:134FH         LINE#         2423
  C:1351H         LINE#         2424
  C:1351H         LINE#         2425
  C:1379H         LINE#         2426
  C:137CH         LINE#         2427
  C:137CH         LINE#         2428
  C:13A4H         LINE#         2429
  C:13A7H         LINE#         2430
  C:13A7H         LINE#         2431
  C:13A7H         LINE#         2432
  C:13A7H         LINE#         2433
  C:13A7H         LINE#         2434
  C:13A7H         LINE#         2435
  C:13D3H         LINE#         2436
  C:13D3H         LINE#         2437
  C:13FAH         LINE#         2438
  C:13FDH         LINE#         2439
  C:13FDH         LINE#         2440
  C:1428H         LINE#         2441
  C:142BH         LINE#         2442
  C:142BH         LINE#         2443
  C:1453H         LINE#         2444
  C:1456H         LINE#         2445
  C:1456H         LINE#         2446
  C:147EH         LINE#         2447
  C:1481H         LINE#         2448
  C:1481H         LINE#         2449
  C:14ACH         LINE#         2450
  C:14AFH         LINE#         2451
  C:14AFH         LINE#         2452
  C:14DAH         LINE#         2453
  C:14DDH         LINE#         2454
  C:14DDH         LINE#         2455
  C:1505H         LINE#         2456
  C:1508H         LINE#         2457
  C:1508H         LINE#         2458
BL51 BANKED LINKER/LOCATER V6.22                                                      10/22/2015  22:34:14  PAGE 51


  C:1508H         LINE#         2459
  C:1508H         LINE#         2460
  C:1508H         LINE#         2461
  C:1508H         LINE#         2462
  C:1534H         LINE#         2463
  C:1534H         LINE#         2464
  C:1534H         LINE#         2465
  C:1537H         LINE#         2466
  C:1537H         LINE#         2467
  C:1562H         LINE#         2468
  C:1565H         LINE#         2469
  C:1565H         LINE#         2470
  C:1590H         LINE#         2471
  C:1593H         LINE#         2472
  C:1593H         LINE#         2473
  C:15BBH         LINE#         2474
  C:15BEH         LINE#         2475
  C:15BEH         LINE#         2476
  C:15E9H         LINE#         2477
  C:15ECH         LINE#         2478
  C:15ECH         LINE#         2479
  C:1617H         LINE#         2480
  C:161AH         LINE#         2481
  C:161AH         LINE#         2482
  C:1642H         LINE#         2483
  C:1645H         LINE#         2484
  C:1645H         LINE#         2485
  C:1645H         LINE#         2486
  C:1645H         LINE#         2487
  C:1645H         LINE#         2488
  C:1645H         LINE#         2489
  C:1671H         LINE#         2490
  C:1671H         LINE#         2491
  C:1699H         LINE#         2492
  C:169CH         LINE#         2493
  C:169CH         LINE#         2494
  C:16C4H         LINE#         2495
  C:16C7H         LINE#         2496
  C:16C7H         LINE#         2497
  C:16F2H         LINE#         2498
  C:16F5H         LINE#         2499
  C:16F5H         LINE#         2500
  C:1727H         LINE#         2501
  C:172AH         LINE#         2502
  C:172AH         LINE#         2503
  C:1752H         LINE#         2504
  C:1755H         LINE#         2505
  C:1755H         LINE#         2506
  C:177DH         LINE#         2507
  C:1780H         LINE#         2508
  C:1780H         LINE#         2509
  C:17B2H         LINE#         2510
  C:17B5H         LINE#         2511
  C:17B5H         LINE#         2512
  C:17B5H         LINE#         2513
  C:17B5H         LINE#         2514
  C:17B5H         LINE#         2515
BL51 BANKED LINKER/LOCATER V6.22                                                      10/22/2015  22:34:14  PAGE 52


  C:17B5H         LINE#         2516
  C:17E1H         LINE#         2517
  C:17E1H         LINE#         2518
  C:1809H         LINE#         2519
  C:180CH         LINE#         2520
  C:180CH         LINE#         2521
  C:1834H         LINE#         2522
  C:1837H         LINE#         2523
  C:1837H         LINE#         2524
  C:185FH         LINE#         2525
  C:1862H         LINE#         2526
  C:1862H         LINE#         2527
  C:1894H         LINE#         2528
  C:1897H         LINE#         2529
  C:1897H         LINE#         2530
  C:18C2H         LINE#         2531
  C:18C5H         LINE#         2532
  C:18C5H         LINE#         2533
  C:18EDH         LINE#         2534
  C:18F0H         LINE#         2535
  C:18F0H         LINE#         2536
  C:1922H         LINE#         2537
  C:1925H         LINE#         2538
  C:1925H         LINE#         2539
  C:1925H         LINE#         2540
  C:1925H         LINE#         2541
  C:1925H         LINE#         2542
  C:1925H         LINE#         2543
  C:1951H         LINE#         2544
  C:1951H         LINE#         2545
  C:1951H         LINE#         2546
  C:1954H         LINE#         2547
  C:1954H         LINE#         2548
  C:197FH         LINE#         2549
  C:1982H         LINE#         2550
  C:1982H         LINE#         2551
  C:19ADH         LINE#         2552
  C:19B0H         LINE#         2553
  C:19B0H         LINE#         2554
  C:19D8H         LINE#         2555
  C:19DBH         LINE#         2556
  C:19DBH         LINE#         2557
  C:1A06H         LINE#         2558
  C:1A09H         LINE#         2559
  C:1A09H         LINE#         2560
  C:1A34H         LINE#         2561
  C:1A37H         LINE#         2562
  C:1A37H         LINE#         2563
  C:1A5FH         LINE#         2564
  C:1A62H         LINE#         2565
  C:1A62H         LINE#         2566
  C:1A62H         LINE#         2567
  C:1A62H         LINE#         2568
  C:1A62H         LINE#         2569
  C:1A62H         LINE#         2570
  C:1A8EH         LINE#         2571
  C:1A8EH         LINE#         2572
BL51 BANKED LINKER/LOCATER V6.22                                                      10/22/2015  22:34:14  PAGE 53


  C:1ABFH         LINE#         2573
  C:1AC2H         LINE#         2574
  C:1AC2H         LINE#         2575
  C:1AEDH         LINE#         2576
  C:1AF0H         LINE#         2577
  C:1AF0H         LINE#         2578
  C:1B1BH         LINE#         2579
  C:1B1EH         LINE#         2580
  C:1B1EH         LINE#         2581
  C:1B53H         LINE#         2582
  C:1B56H         LINE#         2583
  C:1B56H         LINE#         2584
  C:1B8BH         LINE#         2585
  C:1B8EH         LINE#         2586
  C:1B8EH         LINE#         2587
  C:1BB9H         LINE#         2588
  C:1BBCH         LINE#         2589
  C:1BBCH         LINE#         2590
  C:1BE7H         LINE#         2591
  C:1BEAH         LINE#         2592
  C:1BEAH         LINE#         2593
  C:1BEAH         LINE#         2594
  C:1BEAH         LINE#         2595
  C:1BEAH         LINE#         2596
  C:1BEAH         LINE#         2597
  C:1C13H         LINE#         2598
  C:1C13H         LINE#         2599
  C:1C4EH         LINE#         2600
  C:1C51H         LINE#         2601
  C:1C51H         LINE#         2602
  C:1C86H         LINE#         2603
  C:1C89H         LINE#         2604
  C:1C89H         LINE#         2605
  C:1CBEH         LINE#         2606
  C:1CC1H         LINE#         2607
  C:1CC1H         LINE#         2608
  C:1D00H         LINE#         2609
  C:1D02H         LINE#         2610
  C:1D02H         LINE#         2611
  C:1D4AH         LINE#         2612
  C:1D4CH         LINE#         2613
  C:1D4CH         LINE#         2614
  C:1D8AH         LINE#         2615
  C:1D8CH         LINE#         2616
  C:1D8CH         LINE#         2617
  C:1DD3H         LINE#         2618
  C:1DD3H         LINE#         2619
  C:1DD3H         LINE#         2620
  C:1DD3H         LINE#         2621
  C:1DD3H         LINE#         2622
  C:1DD3H         LINE#         2623
  C:1DD3H         LINE#         2624
  C:1DD3H         LINE#         2625
  C:1DD3H         LINE#         2627
  C:1DDDH         LINE#         2629
  C:1DF7H         LINE#         2631
  C:1DFCH         LINE#         2635
BL51 BANKED LINKER/LOCATER V6.22                                                      10/22/2015  22:34:14  PAGE 54


  C:1E85H         LINE#         2636
  C:1EC4H         LINE#         2637
  C:1EDDH         LINE#         2638
  -------         ENDPROC       _FUN_NAJIAN
  -------         PROC          FUN_ZHUAJIAN
  C:4EF1H         LINE#         2640
  C:4EF1H         LINE#         2641
  C:4EF6H         LINE#         2642
  C:4EFBH         LINE#         2643
  C:4F00H         LINE#         2644
  C:4F08H         LINE#         2645
  C:4F0DH         LINE#         2647
  C:4F14H         LINE#         2648
  C:4F1BH         LINE#         2649
  C:4F22H         LINE#         2650
  C:4F29H         LINE#         2651
  C:4F41H         LINE#         2652
  C:4F4DH         LINE#         2653
  C:4F54H         LINE#         2654
  C:4F5DH         LINE#         2655
  C:4F64H         LINE#         2656
  C:4F66H         LINE#         2657
  C:4F66H         LINE#         2658
  C:4F66H         LINE#         2659
  C:4F66H         LINE#         2660
  C:4F68H         LINE#         2661
  C:4F74H         LINE#         2662
  C:4F7BH         LINE#         2663
  C:4F84H         LINE#         2664
  C:4F8BH         LINE#         2665
  C:4F92H         LINE#         2666
  C:4F9BH         LINE#         2667
  C:4FA2H         LINE#         2668
  C:4FABH         LINE#         2669
  C:4FABH         LINE#         2670
  C:4FB2H         LINE#         2671
  C:4FB5H         LINE#         2672
  -------         ENDPROC       FUN_ZHUAJIAN
  -------         PROC          FUN_BACK
  C:551BH         LINE#         2674
  C:551BH         LINE#         2675
  C:5522H         LINE#         2676
  C:5525H         LINE#         2678
  C:552CH         LINE#         2679
  C:5533H         LINE#         2680
  C:553CH         LINE#         2682
  C:5543H         LINE#         2683
  C:5546H         LINE#         2684
  -------         ENDPROC       FUN_BACK
  -------         PROC          _FUN_START
  X:0287H         SYMBOL        par_x
  X:0288H         SYMBOL        par_y
  X:0289H         SYMBOL        par_ctfx
  X:028AH         SYMBOL        par_szzt
  X:028BH         SYMBOL        par_sjwz
  X:028CH         SYMBOL        par_pywz
  X:028DH         SYMBOL        par_hzfx
BL51 BANKED LINKER/LOCATER V6.22                                                      10/22/2015  22:34:14  PAGE 55


  C:4FBCH         LINE#         2686
  C:4FC7H         LINE#         2687
  C:4FC7H         LINE#         2688
  C:4FCAH         LINE#         2689
  C:4FCDH         LINE#         2690
  C:4FCFH         LINE#         2691
  C:4FD1H         LINE#         2692
  C:4FD4H         LINE#         2693
  C:4FD7H         LINE#         2694
  C:4FDAH         LINE#         2696
  C:4FDCH         LINE#         2697
  C:4FDEH         LINE#         2698
  C:4FE0H         LINE#         2699
  C:4FE2H         LINE#         2701
  C:4FE5H         LINE#         2702
  C:4FE7H         LINE#         2704
  C:4FEAH         LINE#         2706
  C:4FEDH         LINE#         2707
  C:4FF0H         LINE#         2708
  C:4FF2H         LINE#         2709
  C:4FF4H         LINE#         2710
  C:4FFDH         LINE#         2712
  C:500AH         LINE#         2713
  C:5019H         LINE#         2714
  C:501EH         LINE#         2715
  C:5022H         LINE#         2717
  C:502AH         LINE#         2718
  C:5032H         LINE#         2719
  C:503AH         LINE#         2720
  C:5042H         LINE#         2721
  C:504AH         LINE#         2722
  C:5052H         LINE#         2723
  C:505AH         LINE#         2725
  C:505FH         LINE#         2726
  C:5065H         LINE#         2727
  C:506CH         LINE#         2728
  C:5073H         LINE#         2729
  C:507AH         LINE#         2730
  C:5081H         LINE#         2736
  -------         ENDPROC       _FUN_START
  -------         PROC          FUN_STOP
  C:54D9H         LINE#         2739
  C:54D9H         LINE#         2740
  C:54DBH         LINE#         2741
  C:54E0H         LINE#         2742
  C:54E6H         LINE#         2743
  C:54EDH         LINE#         2744
  C:54F4H         LINE#         2745
  C:54FBH         LINE#         2746
  C:5502H         LINE#         2747
  C:5519H         LINE#         2748
  -------         ENDPROC       FUN_STOP
  -------         ENDMOD        8023

  -------         MODULE        ?C?FPMUL
  C:1EEBH         PUBLIC        ?C?FPMUL
  -------         ENDMOD        ?C?FPMUL
BL51 BANKED LINKER/LOCATER V6.22                                                      10/22/2015  22:34:14  PAGE 56



  -------         MODULE        ?C?FCAST
  C:1FFBH         PUBLIC        ?C?FCASTC
  C:1FF6H         PUBLIC        ?C?FCASTI
  C:1FF1H         PUBLIC        ?C?FCASTL
  -------         ENDMOD        ?C?FCAST

  -------         MODULE        ?C?CASTF
  C:202FH         PUBLIC        ?C?CASTF
  -------         ENDMOD        ?C?CASTF

  -------         MODULE        PRINTF
  X:0287H         PUBLIC        ?_PRINTF?BYTE
  X:0287H         PUBLIC        ?_SPRINTF?BYTE
  C:2CFCH         PUBLIC        _PRINTF
  C:2CF6H         PUBLIC        _SPRINTF
  -------         ENDMOD        PRINTF

  -------         MODULE        ?C?FPROUND
  C:20B0H         PUBLIC        ?C?FPROUND
  -------         ENDMOD        ?C?FPROUND

  -------         MODULE        ?C?FPCONVERT
  C:20EDH         PUBLIC        ?C?FPCONVERT
  -------         ENDMOD        ?C?FPCONVERT

  -------         MODULE        ?C?FPADD
  C:21F9H         PUBLIC        ?C?FPADD
  C:21F5H         PUBLIC        ?C?FPSUB
  -------         ENDMOD        ?C?FPADD

  -------         MODULE        ?C?FPDIV
  C:22EDH         PUBLIC        ?C?FPDIV
  -------         ENDMOD        ?C?FPDIV

  -------         MODULE        ?C?FTNPWR
  C:23BAH         PUBLIC        ?C?FTNPWR
  -------         ENDMOD        ?C?FTNPWR

  -------         MODULE        ?C?CLDPTR
  C:23FAH         PUBLIC        ?C?CLDPTR
  -------         ENDMOD        ?C?CLDPTR

  -------         MODULE        ?C?CLDOPTR
  C:2413H         PUBLIC        ?C?CLDOPTR
  -------         ENDMOD        ?C?CLDOPTR

  -------         MODULE        ?C?CILDPTR
  C:2440H         PUBLIC        ?C?CILDPTR
  -------         ENDMOD        ?C?CILDPTR

  -------         MODULE        ?C?CILDOPTR
  C:2462H         PUBLIC        ?C?CILDOPTR
  -------         ENDMOD        ?C?CILDOPTR

  -------         MODULE        ?C?CSTPTR
  C:2495H         PUBLIC        ?C?CSTPTR
BL51 BANKED LINKER/LOCATER V6.22                                                      10/22/2015  22:34:14  PAGE 57


  -------         ENDMOD        ?C?CSTPTR

  -------         MODULE        ?C?CSTOPTR
  C:24A7H         PUBLIC        ?C?CSTOPTR
  -------         ENDMOD        ?C?CSTOPTR

  -------         MODULE        ?C?IMUL
  C:24C9H         PUBLIC        ?C?IMUL
  -------         ENDMOD        ?C?IMUL

  -------         MODULE        ?C?UIDIV
  C:24DBH         PUBLIC        ?C?UIDIV
  -------         ENDMOD        ?C?UIDIV

  -------         MODULE        ?C?SIDIV
  C:2530H         PUBLIC        ?C?SIDIV
  -------         ENDMOD        ?C?SIDIV

  -------         MODULE        ?C?IILDX
  C:2566H         PUBLIC        ?C?IILDX
  -------         ENDMOD        ?C?IILDX

  -------         MODULE        ?C?ILDIX
  C:257CH         PUBLIC        ?C?ILDIX
  -------         ENDMOD        ?C?ILDIX

  -------         MODULE        ?C?ULDIV
  C:25CEH         PUBLIC        ?C?ULDIV
  -------         ENDMOD        ?C?ULDIV

  -------         MODULE        ?C?LNEG
  C:2660H         PUBLIC        ?C?LNEG
  -------         ENDMOD        ?C?LNEG

  -------         MODULE        ?C?ULCMP
  C:266EH         PUBLIC        ?C?ULCMP
  -------         ENDMOD        ?C?ULCMP

  -------         MODULE        ?C?LSTXDATA
  C:267FH         PUBLIC        ?C?LSTXDATA
  -------         ENDMOD        ?C?LSTXDATA

  -------         MODULE        ?C?LSTKXDATA
  C:268BH         PUBLIC        ?C?LSTKXDATA
  -------         ENDMOD        ?C?LSTKXDATA

  -------         MODULE        ?C?OFFXADD
  C:26BCH         PUBLIC        ?C?OFFXADD
  -------         ENDMOD        ?C?OFFXADD

  -------         MODULE        ?C?PLDIXDATA
  C:26C8H         PUBLIC        ?C?PLDIXDATA
  -------         ENDMOD        ?C?PLDIXDATA

  -------         MODULE        ?C?PSTXDATA
  C:26DFH         PUBLIC        ?C?PSTXDATA
  -------         ENDMOD        ?C?PSTXDATA
BL51 BANKED LINKER/LOCATER V6.22                                                      10/22/2015  22:34:14  PAGE 58



  -------         MODULE        ?C?CCASE
  C:26E8H         PUBLIC        ?C?CCASE
  -------         ENDMOD        ?C?CCASE

  -------         MODULE        PUTCHAR
  C:557CH         PUBLIC        _PUTCHAR
  -------         ENDMOD        PUTCHAR

  -------         MODULE        CABS
  C:5714H         PUBLIC        _CABS
  -------         ENDMOD        CABS

  -------         MODULE        ?C?MEMSET
  C:270EH         PUBLIC        ?C?MEMSET
  -------         ENDMOD        ?C?MEMSET

Program Size: data=35.1 xdata=803 code=22304
LINK/LOCATE RUN COMPLETE.  0 WARNING(S),  0 ERROR(S)
