BL51 BANKED LINKER/LOCATER V6.22                                                        10/08/2015  12:00:38  PAGE 1


BL51 BANKED LINKER/LOCATER V6.22, INVOKED BY:
D:\MYPROGRAM\KEIL\C51\BIN\BL51.EXE STARTUP.obj, perfect.obj, ..\8023.LIB TO perfect RAMSIZE (256) DISABLEWARNING (16)


MEMORY MODEL: LARGE WITH FLOATING POINT ARITHMETIC


INPUT MODULES INCLUDED:
  STARTUP.obj (?C_STARTUP)
  perfect.obj (PERFECT)
  ..\8023.LIB (8023)
  D:\MYPROGRAM\KEIL\C51\LIB\C51FPL.LIB (?C?FPMUL)
  D:\MYPROGRAM\KEIL\C51\LIB\C51FPL.LIB (?C?FCAST)
  D:\MYPROGRAM\KEIL\C51\LIB\C51FPL.LIB (?C?CASTF)
  D:\MYPROGRAM\KEIL\C51\LIB\C51FPL.LIB (PRINTF)
  D:\MYPROGRAM\KEIL\C51\LIB\C51FPL.LIB (?C?FPGETOPN)
  D:\MYPROGRAM\KEIL\C51\LIB\C51FPL.LIB (?C?FPROUND)
  D:\MYPROGRAM\KEIL\C51\LIB\C51FPL.LIB (?C?FPCONVERT)
  D:\MYPROGRAM\KEIL\C51\LIB\C51FPL.LIB (?C?FPADD)
  D:\MYPROGRAM\KEIL\C51\LIB\C51FPL.LIB (?C?FPDIV)
  D:\MYPROGRAM\KEIL\C51\LIB\C51FPL.LIB (?C?FTNPWR)
  D:\MYPROGRAM\KEIL\C51\LIB\C51L.LIB (?C_INIT)
  D:\MYPROGRAM\KEIL\C51\LIB\C51L.LIB (?C?CLDPTR)
  D:\MYPROGRAM\KEIL\C51\LIB\C51L.LIB (?C?CLDOPTR)
  D:\MYPROGRAM\KEIL\C51\LIB\C51L.LIB (?C?CILDOPTR)
  D:\MYPROGRAM\KEIL\C51\LIB\C51L.LIB (?C?CSTPTR)
  D:\MYPROGRAM\KEIL\C51\LIB\C51L.LIB (?C?IMUL)
  D:\MYPROGRAM\KEIL\C51\LIB\C51L.LIB (?C?UIDIV)
  D:\MYPROGRAM\KEIL\C51\LIB\C51L.LIB (?C?SIDIV)
  D:\MYPROGRAM\KEIL\C51\LIB\C51L.LIB (?C?IILDX)
  D:\MYPROGRAM\KEIL\C51\LIB\C51L.LIB (?C?ILDIX)
  D:\MYPROGRAM\KEIL\C51\LIB\C51L.LIB (?C?ULDIV)
  D:\MYPROGRAM\KEIL\C51\LIB\C51L.LIB (?C?LNEG)
  D:\MYPROGRAM\KEIL\C51\LIB\C51L.LIB (?C?ULCMP)
  D:\MYPROGRAM\KEIL\C51\LIB\C51L.LIB (?C?LSTXDATA)
  D:\MYPROGRAM\KEIL\C51\LIB\C51L.LIB (?C?LSTKXDATA)
  D:\MYPROGRAM\KEIL\C51\LIB\C51L.LIB (?C?PLDIXDATA)
  D:\MYPROGRAM\KEIL\C51\LIB\C51L.LIB (?C?PSTXDATA)
  D:\MYPROGRAM\KEIL\C51\LIB\C51L.LIB (?C?CCASE)
  D:\MYPROGRAM\KEIL\C51\LIB\C51L.LIB (PUTCHAR)
  D:\MYPROGRAM\KEIL\C51\LIB\C51L.LIB (CABS)
  D:\MYPROGRAM\KEIL\C51\LIB\C51L.LIB (?C?MEMSET)


LINK MAP OF MODULE:  perfect (?C_STARTUP)


            TYPE    BASE      LENGTH    RELOCATION   SEGMENT NAME
            -----------------------------------------------------

            * * * * * * *   D A T A   M E M O R Y   * * * * * * *
            REG     0000H     0008H     ABSOLUTE     "REG BANK 0"
            REG     0008H     0008H     ABSOLUTE     "REG BANK 1"
            DATA    0010H     000BH     UNIT         _DATA_GROUP_
            DATA    001BH     0005H     UNIT         ?DT?8023
            BIT     0020H.0   0001H.1   UNIT         ?BI?PRINTF?PRINTF
                    0021H.1   0000H.7                *** GAP ***
            DATA    0022H     0005H     UNIT         ?DT?PRINTF?PRINTF
BL51 BANKED LINKER/LOCATER V6.22                                                      10/08/2015  12:00:38  PAGE 2


            IDATA   0027H     0001H     UNIT         ?STACK

            * * * * * * *  X D A T A   M E M O R Y  * * * * * * *
            XDATA   0000H     0096H     UNIT         ?XD?8023
            XDATA   0096H     0061H     UNIT         ?XD?_FUN_ZDZJ?8023
            XDATA   00F7H     0030H     UNIT         ?XD?PRINTF?PRINTF
            XDATA   0127H     002FH     UNIT         _XDATA_GROUP_
            XDATA   0156H     002CH     UNIT         ?XD?_FUN_MIN?8023
            XDATA   0182H     000DH     UNIT         ?XD?_FUN_SJHZ?8023
            XDATA   018FH     0009H     UNIT         ?XD?_FUN_NAJIAN?8023
            XDATA   0198H     0005H     UNIT         ?XD?_FUN_FOLLINE?8023
            XDATA   019DH     0004H     UNIT         ?XD?FUN_CALIBRATION?8023
            XDATA   01A1H     0003H     UNIT         ?XD?_FUN_PYSJHZ?8023
            XDATA   01A4H     0003H     UNIT         ?XD?_FUN_QC?8023
            XDATA   01A7H     0002H     UNIT         ?XD?_FUN_PYHZ?8023
            XDATA   01A9H     0002H     UNIT         ?XD?_FUN_ZJZT?8023
            XDATA   01ABH     0001H     UNIT         ?XD?_FUN_SZ?8023
            XDATA   01ACH     0001H     UNIT         ?XD?_FUN_PY?8023
            XDATA   01ADH     0001H     UNIT         ?XD?_FUN_SJ?8023
            XDATA   01AEH     0001H     UNIT         ?XD?_FUN_HZ?8023
            XDATA   01AFH     0001H     UNIT         ?XD?_FUN_TURN?8023

            * * * * * * *   C O D E   M E M O R Y   * * * * * * *
            CODE    0000H     0003H     ABSOLUTE     
            CODE    0003H     0003H     ABSOLUTE     
            CODE    0006H     0001H     UNIT         ?PR?INT0INTERRUPT?PERFECT
            CODE    0007H     0001H     UNIT         ?PR?FUN_COORDINATE?8023
                    0008H     0003H                  *** GAP ***
            CODE    000BH     0003H     ABSOLUTE     
            CODE    000EH     000DH     UNIT         ?PR?FUN_STOPE2PROM?8023
            CODE    001BH     0003H     ABSOLUTE     
            CODE    001EH     10D0H     UNIT         ?PR?_FUN_ZDZJ?8023
            CODE    10EEH     0DFDH     UNIT         ?PR?_FUN_NAJIAN?8023
            CODE    1EEBH     07FFH     UNIT         ?C?LIB_CODE
            CODE    26EAH     050AH     UNIT         ?PR?FUN_TIMERMOVE?8023
            CODE    2BF4H     0483H     UNIT         ?PR?PRINTF?PRINTF
            CODE    3077H     02C1H     UNIT         ?PR?_FUN_SJHZ?8023
            CODE    3338H     023EH     UNIT         ?PR?_FUN_MOTORS?8023
            CODE    3576H     01DEH     UNIT         ?PR?_FUN_QC?8023
            CODE    3754H     01B5H     UNIT         ?PR?FUN_CALIBRATION?8023
            CODE    3909H     01AAH     UNIT         ?PR?_FUN_FOLLINE?8023
            CODE    3AB3H     0183H     UNIT         ?PR?_FUN_ZJZT?8023
            CODE    3C36H     015EH     UNIT         ?PR?_FUN_HZ?8023
            CODE    3D94H     015AH     UNIT         ?PR?_FUN_SJ?8023
            CODE    3EEEH     0144H     UNIT         ?PR?_FUN_PYHZ?8023
            CODE    4032H     0137H     UNIT         ?PR?_FUN_PY?8023
            CODE    4169H     012EH     UNIT         ?PR?_FUN_MOTORSRL?8023
            CODE    4297H     011CH     UNIT         ?PR?FUN_TEST?8023
            CODE    43B3H     00CBH     UNIT         ?PR?FUN_ZHUAJIAN?8023
            CODE    447EH     009DH     UNIT         ?PR?FUN_JTJP?8023
            CODE    451BH     008CH     UNIT         ?C_C51STARTUP
            CODE    45A7H     0089H     UNIT         ?PR?_FUN_MIN?8023
            CODE    4630H     0082H     UNIT         ?PR?_FUN_FLSETTING?8023
            CODE    46B2H     0081H     UNIT         ?PR?_FUN_START?8023
            CODE    4733H     007BH     UNIT         ?PR?_FUN_TURN?8023
            CODE    47AEH     0075H     UNIT         ?PR?_FUN_DELAY?8023
            CODE    4823H     0043H     UNIT         ?PR?MAIN?PERFECT
BL51 BANKED LINKER/LOCATER V6.22                                                      10/08/2015  12:00:38  PAGE 3


            CODE    4866H     0042H     UNIT         ?PR?_FUN_SZ?8023
            CODE    48A8H     0042H     UNIT         ?PR?FUN_STOP?8023
            CODE    48EAH     0031H     UNIT         ?PR?FUN_BACK?8023
            CODE    491BH     0031H     UNIT         ?C_INITSEG
            CODE    494CH     0027H     UNIT         ?PR?PUTCHAR?PUTCHAR
            CODE    4973H     0026H     UNIT         ?PR?FUN_TIMER0?8023
            CODE    4999H     0021H     UNIT         ?PR?_FUN_WRITEE2PROM?8023
            CODE    49BAH     0020H     UNIT         ?PR?_FUN_READE2PROM?8023
            CODE    49DAH     001DH     UNIT         ?PR?_FUN_CLEANE2PROM?8023
            CODE    49F7H     001BH     UNIT         ?PR?TIMER0INTERRUPT?PERFECT
            CODE    4A12H     001BH     UNIT         ?PR?TIMER1INTERRUPT?PERFECT
            CODE    4A2DH     001AH     UNIT         ?PR?_FUN_PWMR?8023
            CODE    4A47H     001AH     UNIT         ?PR?_FUN_PWML?8023
            CODE    4A61H     0018H     UNIT         ?PR?FUN_WAIT?8023
            CODE    4A79H     0016H     UNIT         ?PR?FUN_TIMER0INIT?8023
            CODE    4A8FH     0016H     UNIT         ?PR?FUN_TIMER1INIT?8023
            CODE    4AA5H     0013H     UNIT         ?PR?FUN_PORT?8023
            CODE    4AB8H     000CH     UNIT         ?PR?_FUN_PYSJHZ?8023
            CODE    4AC4H     000BH     UNIT         ?PR?FUN_PWMINIT?8023
            CODE    4ACFH     0009H     UNIT         ?CO?8023
            CODE    4AD8H     0008H     UNIT         ?PR?_CABS?CABS
            CODE    4AE0H     0007H     UNIT         ?PR?FUN_TIMER1?8023



OVERLAY MAP OF MODULE:   perfect (?C_STARTUP)


SEGMENT                               DATA_GROUP          XDATA_GROUP
  +--> CALLED SEGMENT               START    LENGTH     START    LENGTH
-----------------------------------------------------------------------
?C_C51STARTUP                       -----    -----      -----    -----
  +--> ?PR?MAIN?PERFECT
  +--> ?C_INITSEG

?PR?MAIN?PERFECT                    -----    -----      -----    -----
  +--> ?PR?_FUN_START?8023
  +--> ?PR?_FUN_FLSETTING?8023

?PR?_FUN_START?8023                 -----    -----      0127H    0007H
  +--> ?PR?FUN_PWMINIT?8023
  +--> ?PR?FUN_TIMER0INIT?8023
  +--> ?PR?FUN_TIMER1INIT?8023
  +--> ?PR?_FUN_MOTORS?8023
  +--> ?PR?FUN_WAIT?8023

?PR?_FUN_MOTORS?8023                -----    -----      012EH    0001H
  +--> ?PR?_CABS?CABS
  +--> ?PR?_FUN_PWML?8023
  +--> ?PR?_FUN_PWMR?8023

?PR?FUN_WAIT?8023                   -----    -----      -----    -----
  +--> ?PR?_FUN_DELAY?8023

?PR?_FUN_DELAY?8023                 0010H    0007H      -----    -----

?PR?_FUN_FLSETTING?8023             -----    -----      0127H    002EH
BL51 BANKED LINKER/LOCATER V6.22                                                      10/08/2015  12:00:38  PAGE 4



*** NEW ROOT ***************************************************

?PR?TIMER0INTERRUPT?PERFECT         -----    -----      -----    -----
  +--> ?PR?FUN_TIMER0?8023

?PR?FUN_TIMER0?8023                 -----    -----      -----    -----
  +--> ?PR?FUN_TIMERMOVE?8023

?PR?FUN_TIMERMOVE?8023              0017H    0004H      -----    -----
  +--> ?PR?_FUN_MOTORSRL?8023

?PR?_FUN_MOTORSRL?8023              -----    -----      0155H    0001H
  +--> ?PR?_CABS?CABS
  +--> ?PR?_FUN_PWML?8023
  +--> ?PR?_FUN_PWMR?8023

*** NEW ROOT ***************************************************

?PR?TIMER1INTERRUPT?PERFECT         -----    -----      -----    -----
  +--> ?PR?FUN_TIMER1?8023



SYMBOL TABLE OF MODULE:  perfect (?C_STARTUP)

  VALUE           TYPE          NAME
  ----------------------------------

  -------         MODULE        ?C_STARTUP
  C:451BH         SEGMENT       ?C_C51STARTUP
  I:0027H         SEGMENT       ?STACK
  C:0000H         PUBLIC        ?C_STARTUP
  D:00E0H         SYMBOL        ACC
  D:00F0H         SYMBOL        B
  D:0083H         SYMBOL        DPH
  D:0082H         SYMBOL        DPL
  N:0000H         SYMBOL        IBPSTACK
  N:0100H         SYMBOL        IBPSTACKTOP
  N:0080H         SYMBOL        IDATALEN
  C:451EH         SYMBOL        IDATALOOP
  N:0000H         SYMBOL        PBPSTACK
  N:0100H         SYMBOL        PBPSTACKTOP
  N:0000H         SYMBOL        PDATALEN
  N:0000H         SYMBOL        PDATASTART
  N:0000H         SYMBOL        PPAGE
  N:0000H         SYMBOL        PPAGEENABLE
  D:00A0H         SYMBOL        PPAGE_SFR
  D:0081H         SYMBOL        SP
  C:451BH         SYMBOL        STARTUP1
  N:0000H         SYMBOL        XBPSTACK
  N:0000H         SYMBOL        XBPSTACKTOP
  N:0000H         SYMBOL        XDATALEN
  N:0000H         SYMBOL        XDATASTART
  C:0000H         LINE#         126
  C:451BH         LINE#         133
  C:451DH         LINE#         134
BL51 BANKED LINKER/LOCATER V6.22                                                      10/08/2015  12:00:38  PAGE 5


  C:451EH         LINE#         135
  C:451FH         LINE#         136
  C:4521H         LINE#         185
  C:4524H         LINE#         196
  -------         ENDMOD        ?C_STARTUP

  -------         MODULE        PERFECT
  C:0000H         SYMBOL        _ICE_DUMMY_
  D:0080H         PUBLIC        P0
  D:0090H         PUBLIC        P1
  D:00A0H         PUBLIC        P2
  D:00B0H         PUBLIC        P3
  D:00C0H         PUBLIC        P4
  D:00C8H         PUBLIC        P5
  C:49F7H         PUBLIC        Timer0Interrupt
  C:4A12H         PUBLIC        Timer1Interrupt
  D:00A8H         PUBLIC        IE
  D:00B8H         PUBLIC        IP
  D:00D8H         PUBLIC        CCON
  C:4823H         PUBLIC        main
  C:0006H         PUBLIC        Int0Interrupt
  D:0098H         PUBLIC        SCON
  D:0088H         PUBLIC        TCON
  D:00D0H         PUBLIC        PSW
  -------         PROC          MAIN
  C:4823H         LINE#         2
  C:4823H         LINE#         3
  C:483DH         LINE#         27
  C:4864H         LINE#         44
  -------         ENDPROC       MAIN
  -------         PROC          INT0INTERRUPT
  C:0006H         LINE#         290
  C:0006H         LINE#         292
  -------         ENDPROC       INT0INTERRUPT
  -------         PROC          TIMER0INTERRUPT
  C:49F7H         LINE#         293
  C:4A04H         LINE#         294
  C:4A07H         LINE#         295
  -------         ENDPROC       TIMER0INTERRUPT
  -------         PROC          TIMER1INTERRUPT
  C:4A12H         LINE#         296
  C:4A1FH         LINE#         297
  C:4A22H         LINE#         298
  -------         ENDPROC       TIMER1INTERRUPT
  -------         ENDMOD        PERFECT

  -------         MODULE        8023
  C:0000H         SYMBOL        _ICE_DUMMY_
  D:0092H         PUBLIC        P1M0
  D:0093H         PUBLIC        P0M1
  C:3AB8H         PUBLIC        _fun_zjzt
  C:3576H         PUBLIC        _fun_qc
  C:4973H         PUBLIC        fun_timer0
  D:0096H         PUBLIC        P2M0
  D:0091H         PUBLIC        P1M1
  D:0080H         PUBLIC        P0
  C:4AE0H         PUBLIC        fun_timer1
BL51 BANKED LINKER/LOCATER V6.22                                                      10/08/2015  12:00:38  PAGE 6


  D:0095H         PUBLIC        P2M1
  D:0090H         PUBLIC        P1
  C:4630H         PUBLIC        _fun_flsetting
  D:00A0H         PUBLIC        P2
  X:0000H         PUBLIC        str_tfl
  B:0090H.2       PUBLIC        out_pwmr
  D:00B0H         PUBLIC        P3
  D:00C0H         PUBLIC        P4
  D:00C8H         PUBLIC        P5
  B:00A8H.7       PUBLIC        EA
  C:3D94H         PUBLIC        _fun_sj
  C:26EAH         PUBLIC        fun_timermove
  C:43B3H         PUBLIC        fun_zhuajian
  C:49DAH         PUBLIC        _fun_cleane2prom
  B:00B0H.6       PUBLIC        in_hpy
  D:00F9H         PUBLIC        CH
  C:3C36H         PUBLIC        _fun_hz
  D:00A8H         PUBLIC        IE
  D:00E9H         PUBLIC        CL
  D:00C5H         PUBLIC        IAP_CMD
  X:004CH         PUBLIC        str_now
  D:00FAH         PUBLIC        CCAP0H
  D:00FBH         PUBLIC        CCAP1H
  B:00B0H.5       PUBLIC        in_qpy
  C:4032H         PUBLIC        _fun_py
  D:00EAH         PUBLIC        CCAP0L
  B:00D8H.6       PUBLIC        CR
  D:00EBH         PUBLIC        CCAP1L
  D:00DAH         PUBLIC        CCAPM0
  D:00DBH         PUBLIC        CCAPM1
  C:3909H         PUBLIC        _fun_folline
  C:4866H         PUBLIC        _fun_sz
  D:00B8H         PUBLIC        IP
  B:00A0H.5       PUBLIC        in_hz
  D:0097H         PUBLIC        CLK_DIV
  C:10EEH         PUBLIC        _fun_najian
  D:00C3H         PUBLIC        IAP_ADDRH
  B:00B0H.4       PUBLIC        in_j
  C:49BAH         PUBLIC        _fun_reade2prom
  D:00C4H         PUBLIC        IAP_ADDRL
  D:00D9H         PUBLIC        CMOD
  D:00D8H         PUBLIC        CCON
  B:00B0H.3       PUBLIC        in_s
  B:00A0H.0       PUBLIC        out_dir1
  B:00A0H.2       PUBLIC        out_dir2
  D:0087H         PUBLIC        PCON
  C:4999H         PUBLIC        _fun_writee2prom
  C:4172H         PUBLIC        _fun_motorsrl
  D:0098H         PUBLIC        SCON
  D:0089H         PUBLIC        TMOD
  D:0088H         PUBLIC        TCON
  C:4A79H         PUBLIC        fun_timer0init
  C:4AC4H         PUBLIC        fun_pwminit
  C:4A8FH         PUBLIC        fun_timer1init
  C:3754H         PUBLIC        fun_calibration
  C:47B4H         PUBLIC        _fun_delay
  C:48EAH         PUBLIC        fun_back
BL51 BANKED LINKER/LOCATER V6.22                                                      10/08/2015  12:00:38  PAGE 7


  B:00A0H.1       PUBLIC        out_en1
  B:00A0H.3       PUBLIC        out_en2
  D:008EH         PUBLIC        AUXR
  X:0059H         PUBLIC        str_begin
  D:00C7H         PUBLIC        IAP_CONTR
  B:0080H.7       PUBLIC        in_ls1
  B:00A8H.1       PUBLIC        ET0
  B:0080H.6       PUBLIC        in_ls2
  B:0088H.5       PUBLIC        TF0
  B:00A8H.3       PUBLIC        ET1
  B:0080H.5       PUBLIC        in_ls3
  B:0088H.7       PUBLIC        TF1
  B:0080H.4       PUBLIC        in_ls4
  D:008CH         PUBLIC        TH0
  C:000EH         PUBLIC        fun_stope2prom
  B:0080H.3       PUBLIC        in_ls5
  D:008DH         PUBLIC        TH1
  B:0080H.2       PUBLIC        in_ls6
  D:001CH         PUBLIC        var_timer
  B:0080H.1       PUBLIC        in_ls7
  B:0080H.0       PUBLIC        in_ls8
  D:008AH         PUBLIC        TL0
  D:008BH         PUBLIC        TL1
  C:3341H         PUBLIC        _fun_motors
  B:0090H.6       PUBLIC        out_switchselect
  D:00C2H         PUBLIC        IAP_DATA
  B:0088H.4       PUBLIC        TR0
  C:4AB8H         PUBLIC        _fun_pysjhz
  B:0088H.6       PUBLIC        TR1
  C:0007H         PUBLIC        fun_coordinate
  D:00F2H         PUBLIC        PCA_PWM0
  B:00A0H.4       PUBLIC        in_wz1
  D:00F3H         PUBLIC        PCA_PWM1
  C:46B2H         PUBLIC        _fun_start
  B:00A0H.5       PUBLIC        in_wz2
  B:00A0H.6       PUBLIC        in_wz3
  B:00A0H.7       PUBLIC        in_wz4
  B:00A0H.4       PUBLIC        in_wz5
  C:4A61H         PUBLIC        fun_wait
  C:447EH         PUBLIC        fun_jtjp
  D:009CH         PUBLIC        BRT
  B:00B0H.2       PUBLIC        in_start
  C:3077H         PUBLIC        _fun_sjhz
  C:4297H         PUBLIC        fun_test
  C:4A47H         PUBLIC        _fun_pwml
  C:001EH         PUBLIC        _fun_zdzj
  C:45E8H         PUBLIC        _fun_min
  C:4AA5H         PUBLIC        fun_port
  X:0066H         PUBLIC        str_cod
  D:00C6H         PUBLIC        IAP_TRIG
  C:48A8H         PUBLIC        fun_stop
  C:4A2DH         PUBLIC        _fun_pwmr
  B:0090H.7       PUBLIC        out_motorselect
  C:4733H         PUBLIC        _fun_turn
  C:3EF2H         PUBLIC        _fun_pyhz
  D:00D0H         PUBLIC        PSW
  X:0089H         PUBLIC        str_next
BL51 BANKED LINKER/LOCATER V6.22                                                      10/08/2015  12:00:38  PAGE 8


  B:0090H.5       PUBLIC        out_pwml
  D:0094H         PUBLIC        P0M0
  C:47AEH         SYMBOL        L?1047
  C:47B0H         SYMBOL        L?1048
  -------         PROC          L?1046
  -------         ENDPROC       L?1046
  C:47AEH         SYMBOL        L?1047
  C:47B0H         SYMBOL        L?1048
  -------         PROC          _FUN_DELAY
  D:0006H         SYMBOL        par_value
  D:0005H         SYMBOL        par_model
  -------         DO            
  D:0015H         SYMBOL        loc_con
  -------         DO            
  D:0010H         SYMBOL        loc_i
  D:0011H         SYMBOL        loc_j
  D:0012H         SYMBOL        loc_i
  D:0013H         SYMBOL        loc_j
  D:0014H         SYMBOL        loc_k
  -------         ENDDO         
  -------         DO            
  D:0012H         SYMBOL        loc_i
  D:0013H         SYMBOL        loc_j
  D:0014H         SYMBOL        loc_k
  -------         ENDDO         
  -------         ENDDO         
  C:47B4H         LINE#         29
  C:47B4H         LINE#         30
  C:47B8H         LINE#         31
  C:47C4H         LINE#         32
  C:47C4H         LINE#         36
  C:47D6H         LINE#         37
  C:47D7H         LINE#         38
  C:47D8H         LINE#         39
  C:47DAH         LINE#         42
  C:47DAH         LINE#         46
  C:47ECH         LINE#         48
  C:47EDH         LINE#         49
  C:47EEH         LINE#         50
  C:47F1H         LINE#         51
  C:47F4H         LINE#         52
  C:47F4H         LINE#         53
  C:47F7H         LINE#         54
  C:47FAH         LINE#         55
  C:47FCH         LINE#         58
  C:47FCH         LINE#         62
  C:480EH         LINE#         64
  C:4811H         LINE#         65
  C:4814H         LINE#         66
  C:4817H         LINE#         67
  C:4817H         LINE#         68
  C:4817H         LINE#         69
  C:481AH         LINE#         70
  C:481DH         LINE#         71
  C:4820H         LINE#         72
  C:4822H         LINE#         75
  C:4822H         LINE#         76
BL51 BANKED LINKER/LOCATER V6.22                                                      10/08/2015  12:00:38  PAGE 9


  C:4822H         LINE#         77
  -------         ENDPROC       _FUN_DELAY
  -------         PROC          FUN_TIMER0INIT
  C:4A79H         LINE#         78
  C:4A79H         LINE#         82
  C:4A7CH         LINE#         83
  C:4A7FH         LINE#         84
  C:4A82H         LINE#         85
  C:4A85H         LINE#         86
  C:4A88H         LINE#         87
  C:4A8AH         LINE#         88
  C:4A8CH         LINE#         89
  C:4A8EH         LINE#         90
  -------         ENDPROC       FUN_TIMER0INIT
  -------         PROC          FUN_TIMER1INIT
  C:4A8FH         LINE#         91
  C:4A8FH         LINE#         95
  C:4A92H         LINE#         96
  C:4A95H         LINE#         97
  C:4A98H         LINE#         98
  C:4A9BH         LINE#         99
  C:4A9EH         LINE#         100
  C:4AA0H         LINE#         101
  C:4AA2H         LINE#         102
  C:4AA4H         LINE#         103
  -------         ENDPROC       FUN_TIMER1INIT
  -------         PROC          FUN_TIMER0
  C:4973H         LINE#         104
  C:4973H         LINE#         105
  C:4976H         LINE#         106
  C:4979H         LINE#         107
  C:498EH         LINE#         108
  C:4995H         LINE#         109
  C:4998H         LINE#         110
  -------         ENDPROC       FUN_TIMER0
  -------         PROC          FUN_TIMER1
  C:4AE0H         LINE#         111
  C:4AE0H         LINE#         112
  C:4AE3H         LINE#         113
  C:4AE6H         LINE#         114
  -------         ENDPROC       FUN_TIMER1
  -------         PROC          FUN_WAIT
  C:4A61H         LINE#         115
  C:4A61H         LINE#         119
  C:4A64H         LINE#         120
  C:4A6DH         LINE#         121
  C:4A70H         LINE#         122
  -------         ENDPROC       FUN_WAIT
  -------         PROC          FUN_PWMINIT
  C:4AC4H         LINE#         125
  C:4AC4H         LINE#         129
  C:4AC7H         LINE#         130
  C:4AC9H         LINE#         131
  C:4ACBH         LINE#         132
  C:4ACEH         LINE#         133
  -------         ENDPROC       FUN_PWMINIT
  -------         PROC          _FUN_PWMR
BL51 BANKED LINKER/LOCATER V6.22                                                      10/08/2015  12:00:38  PAGE 10


  D:0007H         SYMBOL        par_value
  C:4A2DH         LINE#         134
  C:4A2DH         LINE#         135
  C:4A40H         LINE#         136
  C:4A43H         LINE#         137
  C:4A46H         LINE#         138
  -------         ENDPROC       _FUN_PWMR
  -------         PROC          _FUN_PWML
  D:0007H         SYMBOL        par_value
  C:4A47H         LINE#         139
  C:4A47H         LINE#         140
  C:4A5AH         LINE#         141
  C:4A5DH         LINE#         142
  C:4A60H         LINE#         143
  -------         ENDPROC       _FUN_PWML
  -------         PROC          L?1052
  -------         ENDPROC       L?1052
  -------         PROC          _FUN_MOTORS
  D:0007H         SYMBOL        par_model
  X:012EH         SYMBOL        par_speed
  C:3341H         LINE#         144
  C:3346H         LINE#         145
  C:334DH         LINE#         146
  C:3352H         LINE#         147
  C:335DH         LINE#         148
  C:3360H         LINE#         149
  C:338EH         LINE#         150
  C:338EH         LINE#         151
  C:339BH         LINE#         154
  C:33A0H         LINE#         155
  C:33A7H         LINE#         156
  C:33A7H         LINE#         157
  C:33AAH         LINE#         158
  C:33B2H         LINE#         159
  C:33B8H         LINE#         160
  C:33BBH         LINE#         161
  C:33CAH         LINE#         162
  C:33D4H         LINE#         163
  C:33D4H         LINE#         164
  C:33D5H         LINE#         165
  C:33D5H         LINE#         166
  C:33E2H         LINE#         169
  C:33E7H         LINE#         170
  C:33EEH         LINE#         171
  C:33EEH         LINE#         172
  C:33F0H         LINE#         173
  C:33F8H         LINE#         174
  C:33FEH         LINE#         175
  C:3400H         LINE#         176
  C:340FH         LINE#         177
  C:3411H         LINE#         178
  C:3411H         LINE#         179
  C:3413H         LINE#         180
  C:3413H         LINE#         181
  C:3425H         LINE#         184
  C:342EH         LINE#         185
  C:3435H         LINE#         186
BL51 BANKED LINKER/LOCATER V6.22                                                      10/08/2015  12:00:38  PAGE 11


  C:3437H         LINE#         187
  C:343DH         LINE#         188
  C:3444H         LINE#         189
  C:3445H         LINE#         190
  C:344DH         LINE#         191
  C:344FH         LINE#         192
  C:3459H         LINE#         193
  C:3460H         LINE#         194
  C:3461H         LINE#         195
  C:3470H         LINE#         196
  C:3472H         LINE#         197
  C:347AH         LINE#         198
  C:3487H         LINE#         199
  C:3487H         LINE#         200
  C:3488H         LINE#         201
  C:3488H         LINE#         202
  C:3495H         LINE#         205
  C:349AH         LINE#         206
  C:34A1H         LINE#         207
  C:34A3H         LINE#         208
  C:34A5H         LINE#         209
  C:34ADH         LINE#         210
  C:34AFH         LINE#         211
  C:34B2H         LINE#         212
  C:34BDH         LINE#         213
  C:34BFH         LINE#         214
  C:34BFH         LINE#         215
  C:34C1H         LINE#         216
  C:34C1H         LINE#         217
  C:34CEH         LINE#         220
  C:34D3H         LINE#         221
  C:34DAH         LINE#         222
  C:34DCH         LINE#         223
  C:34DEH         LINE#         224
  C:34E6H         LINE#         225
  C:34E8H         LINE#         226
  C:34EBH         LINE#         227
  C:34F6H         LINE#         228
  C:34F8H         LINE#         229
  C:34F8H         LINE#         230
  C:34FAH         LINE#         231
  C:34FAH         LINE#         232
  C:3507H         LINE#         235
  C:350CH         LINE#         236
  C:3513H         LINE#         237
  C:3519H         LINE#         238
  C:351AH         LINE#         239
  C:3522H         LINE#         240
  C:3528H         LINE#         241
  C:3529H         LINE#         242
  C:3531H         LINE#         243
  C:3537H         LINE#         244
  C:3537H         LINE#         245
  C:3538H         LINE#         246
  C:3538H         LINE#         247
  C:3545H         LINE#         250
  C:354AH         LINE#         251
BL51 BANKED LINKER/LOCATER V6.22                                                      10/08/2015  12:00:38  PAGE 12


  C:3551H         LINE#         252
  C:3557H         LINE#         253
  C:3558H         LINE#         254
  C:3560H         LINE#         255
  C:3566H         LINE#         256
  C:3567H         LINE#         257
  C:356FH         LINE#         258
  C:3575H         LINE#         259
  C:3575H         LINE#         260
  C:3575H         LINE#         261
  C:3575H         LINE#         262
  C:3575H         LINE#         263
  C:3575H         LINE#         264
  -------         ENDPROC       _FUN_MOTORS
  -------         PROC          L?1056
  -------         ENDPROC       L?1056
  -------         PROC          _FUN_MOTORSRL
  D:0007H         SYMBOL        par_model
  X:0155H         SYMBOL        par_speed
  C:4172H         LINE#         265
  C:4177H         LINE#         266
  C:417EH         LINE#         267
  C:4183H         LINE#         268
  C:418EH         LINE#         269
  C:4191H         LINE#         270
  C:41A3H         LINE#         271
  C:41A3H         LINE#         272
  C:41B0H         LINE#         275
  C:41B5H         LINE#         276
  C:41BCH         LINE#         277
  C:41BCH         LINE#         278
  C:41BFH         LINE#         279
  C:41C7H         LINE#         280
  C:41CDH         LINE#         281
  C:41D0H         LINE#         282
  C:41DFH         LINE#         283
  C:41E9H         LINE#         284
  C:41E9H         LINE#         285
  C:41EAH         LINE#         286
  C:41EAH         LINE#         287
  C:41F7H         LINE#         290
  C:41FCH         LINE#         291
  C:4203H         LINE#         292
  C:4203H         LINE#         293
  C:4205H         LINE#         294
  C:420DH         LINE#         295
  C:4213H         LINE#         296
  C:4215H         LINE#         297
  C:4221H         LINE#         298
  C:4223H         LINE#         299
  C:4223H         LINE#         300
  C:4225H         LINE#         301
  C:4225H         LINE#         302
  C:4237H         LINE#         305
  C:4240H         LINE#         306
  C:4247H         LINE#         307
  C:4249H         LINE#         308
BL51 BANKED LINKER/LOCATER V6.22                                                      10/08/2015  12:00:38  PAGE 13


  C:424FH         LINE#         309
  C:4256H         LINE#         310
  C:4257H         LINE#         311
  C:425FH         LINE#         312
  C:4261H         LINE#         313
  C:426BH         LINE#         314
  C:4272H         LINE#         315
  C:4273H         LINE#         316
  C:427FH         LINE#         317
  C:4281H         LINE#         318
  C:4289H         LINE#         319
  C:4296H         LINE#         320
  C:4296H         LINE#         321
  C:4296H         LINE#         322
  C:4296H         LINE#         323
  C:4296H         LINE#         324
  C:4296H         LINE#         325
  -------         ENDPROC       _FUN_MOTORSRL
  -------         PROC          _FUN_SZ
  X:01ABH         SYMBOL        par_model
  C:4866H         LINE#         326
  C:486BH         LINE#         327
  C:4872H         LINE#         329
  C:4879H         LINE#         333
  C:4880H         LINE#         334
  C:4885H         LINE#         337
  C:4885H         LINE#         341
  C:488CH         LINE#         342
  C:488FH         LINE#         344
  C:488FH         LINE#         345
  C:4898H         LINE#         346
  C:489FH         LINE#         347
  C:48A7H         LINE#         348
  -------         ENDPROC       _FUN_SZ
  -------         PROC          _FUN_PY
  X:01ACH         SYMBOL        par_model
  C:4032H         LINE#         349
  C:4037H         LINE#         350
  C:4041H         LINE#         352
  C:405FH         LINE#         353
  C:405FH         LINE#         357
  C:4066H         LINE#         358
  C:4069H         LINE#         359
  C:4069H         LINE#         361
  C:406CH         LINE#         362
  C:406CH         LINE#         366
  C:4081H         LINE#         367
  C:4081H         LINE#         368
  C:4088H         LINE#         369
  C:408BH         LINE#         370
  C:408EH         LINE#         371
  C:408EH         LINE#         372
  C:4095H         LINE#         373
  C:4098H         LINE#         374
  C:409BH         LINE#         375
  C:409BH         LINE#         376
  C:40A2H         LINE#         377
BL51 BANKED LINKER/LOCATER V6.22                                                      10/08/2015  12:00:38  PAGE 14


  C:40A5H         LINE#         378
  C:40A8H         LINE#         379
  C:40A8H         LINE#         380
  C:40AFH         LINE#         381
  C:40B2H         LINE#         382
  C:40B5H         LINE#         383
  C:40B5H         LINE#         385
  C:40B5H         LINE#         386
  C:40B5H         LINE#         390
  C:40CBH         LINE#         391
  C:40CBH         LINE#         392
  C:40D2H         LINE#         393
  C:40D5H         LINE#         394
  C:40D7H         LINE#         395
  C:40D7H         LINE#         396
  C:40DEH         LINE#         397
  C:40E1H         LINE#         398
  C:40E3H         LINE#         399
  C:40E3H         LINE#         400
  C:40EAH         LINE#         401
  C:40EDH         LINE#         402
  C:40EFH         LINE#         403
  C:40EFH         LINE#         404
  C:40F6H         LINE#         405
  C:40F9H         LINE#         406
  C:40FBH         LINE#         407
  C:40FBH         LINE#         409
  C:40FBH         LINE#         410
  C:40FBH         LINE#         414
  C:410EH         LINE#         415
  C:410EH         LINE#         416
  C:4115H         LINE#         417
  C:4118H         LINE#         418
  C:411AH         LINE#         419
  C:411AH         LINE#         420
  C:4121H         LINE#         421
  C:4124H         LINE#         422
  C:4126H         LINE#         423
  C:4126H         LINE#         424
  C:412DH         LINE#         425
  C:4130H         LINE#         426
  C:4132H         LINE#         427
  C:4132H         LINE#         428
  C:4139H         LINE#         429
  C:4141H         LINE#         430
  C:4143H         LINE#         431
  C:4143H         LINE#         433
  C:4143H         LINE#         434
  C:4143H         LINE#         438
  C:414AH         LINE#         439
  C:414DH         LINE#         440
  C:4159H         LINE#         442
  C:4159H         LINE#         443
  C:4159H         LINE#         444
  C:4159H         LINE#         445
  C:4159H         LINE#         446
  C:4160H         LINE#         447
BL51 BANKED LINKER/LOCATER V6.22                                                      10/08/2015  12:00:38  PAGE 15


  C:4168H         LINE#         448
  -------         ENDPROC       _FUN_PY
  -------         PROC          _FUN_SJ
  X:01ADH         SYMBOL        par_model
  C:3D94H         LINE#         449
  C:3D99H         LINE#         450
  C:3DA3H         LINE#         452
  C:3DA5H         LINE#         453
  C:3DDCH         LINE#         454
  C:3DDCH         LINE#         458
  C:3DE3H         LINE#         459
  C:3DE5H         LINE#         460
  C:3DE8H         LINE#         461
  C:3DE8H         LINE#         463
  C:3DEBH         LINE#         464
  C:3DEBH         LINE#         468
  C:3DF8H         LINE#         469
  C:3DFAH         LINE#         470
  C:3DFAH         LINE#         471
  C:3DFDH         LINE#         472
  C:3DFDH         LINE#         473
  C:3E02H         LINE#         474
  C:3E04H         LINE#         475
  C:3E04H         LINE#         476
  C:3E04H         LINE#         478
  C:3E07H         LINE#         479
  C:3E07H         LINE#         483
  C:3E1FH         LINE#         484
  C:3E21H         LINE#         485
  C:3E24H         LINE#         486
  C:3E24H         LINE#         488
  C:3E27H         LINE#         489
  C:3E27H         LINE#         493
  C:3E34H         LINE#         494
  C:3E39H         LINE#         495
  C:3E3BH         LINE#         496
  C:3E3BH         LINE#         497
  C:3E3DH         LINE#         498
  C:3E3DH         LINE#         499
  C:3E42H         LINE#         500
  C:3E44H         LINE#         501
  C:3E44H         LINE#         502
  C:3E44H         LINE#         504
  C:3E46H         LINE#         505
  C:3E46H         LINE#         509
  C:3E5EH         LINE#         510
  C:3E60H         LINE#         511
  C:3E63H         LINE#         512
  C:3E63H         LINE#         514
  C:3E65H         LINE#         515
  C:3E65H         LINE#         519
  C:3E72H         LINE#         520
  C:3E77H         LINE#         521
  C:3E79H         LINE#         522
  C:3E79H         LINE#         523
  C:3E7BH         LINE#         524
  C:3E7BH         LINE#         525
BL51 BANKED LINKER/LOCATER V6.22                                                      10/08/2015  12:00:38  PAGE 16


  C:3E80H         LINE#         526
  C:3E82H         LINE#         527
  C:3E82H         LINE#         528
  C:3E82H         LINE#         530
  C:3E84H         LINE#         531
  C:3E84H         LINE#         535
  C:3E9CH         LINE#         536
  C:3E9EH         LINE#         537
  C:3EA1H         LINE#         538
  C:3EA1H         LINE#         540
  C:3EA3H         LINE#         541
  C:3EA3H         LINE#         545
  C:3EB0H         LINE#         546
  C:3EB5H         LINE#         547
  C:3EB7H         LINE#         548
  C:3EB7H         LINE#         549
  C:3EB9H         LINE#         550
  C:3EB9H         LINE#         551
  C:3EC0H         LINE#         552
  C:3EC3H         LINE#         553
  C:3EC3H         LINE#         555
  C:3EC5H         LINE#         556
  C:3EC5H         LINE#         560
  C:3ECCH         LINE#         561
  C:3ECEH         LINE#         562
  C:3ED1H         LINE#         563
  C:3EDEH         LINE#         565
  C:3EDEH         LINE#         566
  C:3EDEH         LINE#         567
  C:3EDEH         LINE#         568
  C:3EDEH         LINE#         569
  C:3EE5H         LINE#         570
  C:3EEDH         LINE#         571
  -------         ENDPROC       _FUN_SJ
  -------         PROC          _FUN_HZ
  X:01AEH         SYMBOL        par_model
  C:3C36H         LINE#         572
  C:3C3BH         LINE#         573
  C:3C46H         LINE#         575
  C:3C48H         LINE#         576
  C:3C63H         LINE#         577
  C:3C63H         LINE#         581
  C:3C72H         LINE#         582
  C:3C72H         LINE#         583
  C:3C79H         LINE#         584
  C:3C7CH         LINE#         585
  C:3C7FH         LINE#         586
  C:3C82H         LINE#         587
  C:3C85H         LINE#         588
  C:3C85H         LINE#         589
  C:3C88H         LINE#         590
  C:3C88H         LINE#         591
  C:3C8FH         LINE#         592
  C:3C92H         LINE#         593
  C:3C95H         LINE#         594
  C:3C95H         LINE#         595
  C:3C98H         LINE#         596
BL51 BANKED LINKER/LOCATER V6.22                                                      10/08/2015  12:00:38  PAGE 17


  C:3C98H         LINE#         597
  C:3C9FH         LINE#         598
  C:3CA2H         LINE#         599
  C:3CA5H         LINE#         600
  C:3CA5H         LINE#         601
  C:3CA8H         LINE#         602
  C:3CA8H         LINE#         603
  C:3CA8H         LINE#         604
  C:3CA8H         LINE#         606
  C:3CA8H         LINE#         607
  C:3CA8H         LINE#         611
  C:3CBAH         LINE#         612
  C:3CBAH         LINE#         613
  C:3CC1H         LINE#         614
  C:3CC4H         LINE#         615
  C:3CC7H         LINE#         616
  C:3CCAH         LINE#         617
  C:3CCDH         LINE#         618
  C:3CCDH         LINE#         619
  C:3CD0H         LINE#         620
  C:3CD0H         LINE#         621
  C:3CD7H         LINE#         622
  C:3CDAH         LINE#         623
  C:3CDDH         LINE#         624
  C:3CDDH         LINE#         625
  C:3CE0H         LINE#         626
  C:3CE0H         LINE#         627
  C:3CE7H         LINE#         628
  C:3CEAH         LINE#         629
  C:3CEDH         LINE#         630
  C:3CEDH         LINE#         631
  C:3CF0H         LINE#         632
  C:3CF0H         LINE#         633
  C:3CF0H         LINE#         634
  C:3CF0H         LINE#         636
  C:3CF0H         LINE#         637
  C:3CF0H         LINE#         641
  C:3D03H         LINE#         642
  C:3D03H         LINE#         643
  C:3D0AH         LINE#         644
  C:3D0DH         LINE#         645
  C:3D10H         LINE#         646
  C:3D10H         LINE#         647
  C:3D13H         LINE#         648
  C:3D13H         LINE#         649
  C:3D1AH         LINE#         650
  C:3D1DH         LINE#         651
  C:3D20H         LINE#         652
  C:3D20H         LINE#         653
  C:3D22H         LINE#         654
  C:3D22H         LINE#         655
  C:3D29H         LINE#         656
  C:3D2CH         LINE#         657
  C:3D2FH         LINE#         658
  C:3D32H         LINE#         659
  C:3D35H         LINE#         660
  C:3D35H         LINE#         661
BL51 BANKED LINKER/LOCATER V6.22                                                      10/08/2015  12:00:38  PAGE 18


  C:3D37H         LINE#         662
  C:3D37H         LINE#         663
  C:3D37H         LINE#         664
  C:3D37H         LINE#         666
  C:3D37H         LINE#         667
  C:3D37H         LINE#         671
  C:3D46H         LINE#         672
  C:3D46H         LINE#         673
  C:3D4DH         LINE#         674
  C:3D50H         LINE#         675
  C:3D53H         LINE#         676
  C:3D53H         LINE#         677
  C:3D55H         LINE#         678
  C:3D55H         LINE#         679
  C:3D5CH         LINE#         680
  C:3D5FH         LINE#         681
  C:3D62H         LINE#         682
  C:3D62H         LINE#         683
  C:3D64H         LINE#         684
  C:3D64H         LINE#         685
  C:3D6BH         LINE#         686
  C:3D6EH         LINE#         687
  C:3D71H         LINE#         688
  C:3D74H         LINE#         689
  C:3D77H         LINE#         690
  C:3D84H         LINE#         691
  C:3D84H         LINE#         692
  C:3D84H         LINE#         693
  C:3D84H         LINE#         694
  C:3D84H         LINE#         696
  C:3D84H         LINE#         697
  C:3D84H         LINE#         698
  C:3D84H         LINE#         699
  C:3D84H         LINE#         700
  C:3D8BH         LINE#         701
  C:3D93H         LINE#         702
  -------         ENDPROC       _FUN_HZ
  C:3EEEH         SYMBOL        L?1058
  -------         PROC          L?1057
  -------         ENDPROC       L?1057
  C:3EEEH         SYMBOL        L?1058
  -------         PROC          _FUN_PYHZ
  X:01A7H         SYMBOL        par_pymodel
  X:01A8H         SYMBOL        par_hzmodel
  C:3EF2H         LINE#         703
  C:3EFAH         LINE#         704
  C:3F08H         LINE#         705
  C:3F08H         LINE#         706
  C:3F17H         LINE#         707
  C:3F17H         LINE#         708
  C:3F17H         LINE#         709
  C:3F19H         LINE#         710
  C:3F19H         LINE#         711
  C:3F19H         LINE#         712
  C:3F1BH         LINE#         713
  C:3F1BH         LINE#         714
  C:3F1BH         LINE#         715
BL51 BANKED LINKER/LOCATER V6.22                                                      10/08/2015  12:00:38  PAGE 19


  C:3F1DH         LINE#         716
  C:3F1DH         LINE#         717
  C:3F1DH         LINE#         718
  C:3F1DH         LINE#         719
  C:3F1DH         LINE#         720
  C:3F1DH         LINE#         721
  C:3F2BH         LINE#         722
  C:3F2BH         LINE#         723
  C:3F2BH         LINE#         724
  C:3F2DH         LINE#         725
  C:3F2DH         LINE#         726
  C:3F2DH         LINE#         727
  C:3F2FH         LINE#         728
  C:3F2FH         LINE#         729
  C:3F2FH         LINE#         730
  C:3F31H         LINE#         731
  C:3F31H         LINE#         732
  C:3F31H         LINE#         733
  C:3F31H         LINE#         734
  C:3F31H         LINE#         735
  C:3F31H         LINE#         736
  C:3F40H         LINE#         737
  C:3F40H         LINE#         738
  C:3F40H         LINE#         739
  C:3F42H         LINE#         740
  C:3F42H         LINE#         741
  C:3F42H         LINE#         742
  C:3F44H         LINE#         743
  C:3F44H         LINE#         744
  C:3F44H         LINE#         745
  C:3F46H         LINE#         746
  C:3F46H         LINE#         747
  C:3F46H         LINE#         748
  C:3F46H         LINE#         749
  C:3F46H         LINE#         750
  C:3F46H         LINE#         751
  C:3F55H         LINE#         752
  C:3F55H         LINE#         753
  C:3F57H         LINE#         754
  C:3F59H         LINE#         755
  C:3F59H         LINE#         756
  C:3F5BH         LINE#         757
  C:3F5DH         LINE#         758
  C:3F5DH         LINE#         759
  C:3F64H         LINE#         760
  C:3F64H         LINE#         761
  C:3F64H         LINE#         762
  C:3F64H         LINE#         763
  C:3F64H         LINE#         764
  C:3F64H         LINE#         765
  C:3F64H         LINE#         766
  C:3F64H         LINE#         767
  C:3F64H         LINE#         768
  C:3F6CH         LINE#         769
  C:3F6EH         LINE#         770
  C:3F83H         LINE#         771
  C:3F83H         LINE#         772
BL51 BANKED LINKER/LOCATER V6.22                                                      10/08/2015  12:00:38  PAGE 20


  C:3F95H         LINE#         773
  C:3F95H         LINE#         774
  C:3F98H         LINE#         775
  C:3F9BH         LINE#         776
  C:3F9EH         LINE#         777
  C:3F9EH         LINE#         778
  C:3FA0H         LINE#         779
  C:3FA0H         LINE#         780
  C:3FA3H         LINE#         781
  C:3FA3H         LINE#         782
  C:3FA5H         LINE#         783
  C:3FA5H         LINE#         784
  C:3FA8H         LINE#         785
  C:3FA8H         LINE#         786
  C:3FAAH         LINE#         787
  C:3FAAH         LINE#         788
  C:3FAAH         LINE#         789
  C:3FAAH         LINE#         790
  C:3FAAH         LINE#         791
  C:3FAAH         LINE#         792
  C:3FB9H         LINE#         793
  C:3FB9H         LINE#         794
  C:3FBCH         LINE#         795
  C:3FBFH         LINE#         796
  C:3FC2H         LINE#         797
  C:3FC2H         LINE#         798
  C:3FC4H         LINE#         799
  C:3FC4H         LINE#         800
  C:3FC7H         LINE#         801
  C:3FC7H         LINE#         802
  C:3FC9H         LINE#         803
  C:3FC9H         LINE#         804
  C:3FCCH         LINE#         805
  C:3FCCH         LINE#         806
  C:3FCEH         LINE#         807
  C:3FCEH         LINE#         808
  C:3FCEH         LINE#         809
  C:3FCEH         LINE#         810
  C:3FCEH         LINE#         811
  C:3FCEH         LINE#         812
  C:3FDEH         LINE#         813
  C:3FDEH         LINE#         814
  C:3FE1H         LINE#         815
  C:3FE1H         LINE#         816
  C:3FE3H         LINE#         817
  C:3FE3H         LINE#         818
  C:3FE6H         LINE#         819
  C:3FE6H         LINE#         820
  C:3FE8H         LINE#         821
  C:3FE8H         LINE#         822
  C:3FEBH         LINE#         823
  C:3FEEH         LINE#         824
  C:3FF1H         LINE#         825
  C:3FF1H         LINE#         826
  C:3FF3H         LINE#         827
  C:3FF3H         LINE#         828
  C:3FF3H         LINE#         829
BL51 BANKED LINKER/LOCATER V6.22                                                      10/08/2015  12:00:38  PAGE 21


  C:3FF3H         LINE#         830
  C:3FF3H         LINE#         831
  C:3FF3H         LINE#         832
  C:4002H         LINE#         833
  C:4002H         LINE#         834
  C:4005H         LINE#         835
  C:4005H         LINE#         836
  C:4007H         LINE#         837
  C:4007H         LINE#         838
  C:400AH         LINE#         839
  C:400AH         LINE#         840
  C:400CH         LINE#         841
  C:400CH         LINE#         842
  C:400FH         LINE#         843
  C:4012H         LINE#         844
  C:4015H         LINE#         845
  C:4022H         LINE#         846
  C:4022H         LINE#         847
  C:4022H         LINE#         848
  C:4022H         LINE#         849
  C:4022H         LINE#         850
  C:4022H         LINE#         851
  C:4022H         LINE#         852
  C:4022H         LINE#         853
  C:4022H         LINE#         854
  C:4029H         LINE#         855
  C:4031H         LINE#         856
  -------         ENDPROC       _FUN_PYHZ
  -------         PROC          _FUN_SJHZ
  X:0182H         SYMBOL        par_sjmodel
  X:0183H         SYMBOL        par_hzmodel
  -------         DO            
  X:0184H         SYMBOL        loc_sjdelay
  X:0188H         SYMBOL        loc_hzdelay
  X:018CH         SYMBOL        loc_sjcgq
  X:018DH         SYMBOL        loc_hzcgq
  X:018EH         SYMBOL        loc_hzflag
  -------         ENDDO         
  C:3077H         LINE#         857
  C:3080H         LINE#         858
  C:3088H         LINE#         859
  C:3092H         LINE#         860
  C:3097H         LINE#         861
  C:3099H         LINE#         862
  C:309BH         LINE#         863
  C:30A6H         LINE#         864
  C:30B8H         LINE#         865
  C:30B8H         LINE#         866
  C:30C4H         LINE#         867
  C:30C4H         LINE#         868
  C:30C4H         LINE#         869
  C:30C4H         LINE#         870
  C:30C6H         LINE#         871
  C:30C6H         LINE#         872
  C:30C6H         LINE#         873
  C:30C6H         LINE#         874
  C:30C8H         LINE#         875
BL51 BANKED LINKER/LOCATER V6.22                                                      10/08/2015  12:00:38  PAGE 22


  C:30C8H         LINE#         876
  C:30C8H         LINE#         877
  C:30C8H         LINE#         878
  C:30CAH         LINE#         879
  C:30CAH         LINE#         880
  C:30CAH         LINE#         881
  C:30CAH         LINE#         882
  C:30CAH         LINE#         883
  C:30CAH         LINE#         884
  C:30D9H         LINE#         885
  C:30D9H         LINE#         886
  C:30D9H         LINE#         887
  C:30D9H         LINE#         888
  C:30DBH         LINE#         889
  C:30DBH         LINE#         890
  C:30DBH         LINE#         891
  C:30DBH         LINE#         892
  C:30DDH         LINE#         893
  C:30DDH         LINE#         894
  C:30DDH         LINE#         895
  C:30DDH         LINE#         896
  C:30DFH         LINE#         897
  C:30DFH         LINE#         898
  C:30DFH         LINE#         899
  C:30DFH         LINE#         900
  C:30DFH         LINE#         901
  C:30DFH         LINE#         902
  C:30EFH         LINE#         903
  C:30EFH         LINE#         904
  C:30EFH         LINE#         905
  C:30EFH         LINE#         906
  C:30F1H         LINE#         907
  C:30F1H         LINE#         908
  C:30F1H         LINE#         909
  C:30F1H         LINE#         910
  C:30F3H         LINE#         911
  C:30F3H         LINE#         912
  C:30F5H         LINE#         913
  C:30F5H         LINE#         914
  C:30F7H         LINE#         915
  C:30F7H         LINE#         916
  C:30F7H         LINE#         917
  C:30F7H         LINE#         918
  C:30F7H         LINE#         919
  C:30F7H         LINE#         920
  C:3106H         LINE#         921
  C:3106H         LINE#         922
  C:3108H         LINE#         923
  C:3108H         LINE#         924
  C:310AH         LINE#         925
  C:310AH         LINE#         926
  C:3111H         LINE#         927
  C:3117H         LINE#         928
  C:3119H         LINE#         929
  C:3119H         LINE#         930
  C:3120H         LINE#         931
  C:3126H         LINE#         932
BL51 BANKED LINKER/LOCATER V6.22                                                      10/08/2015  12:00:38  PAGE 23


  C:3126H         LINE#         933
  C:3126H         LINE#         934
  C:3126H         LINE#         935
  C:3126H         LINE#         936
  C:3126H         LINE#         937
  C:3126H         LINE#         938
  C:3126H         LINE#         939
  C:3126H         LINE#         940
  C:313EH         LINE#         941
  C:313EH         LINE#         942
  C:314BH         LINE#         943
  C:315BH         LINE#         944
  C:315EH         LINE#         945
  C:3161H         LINE#         946
  C:3170H         LINE#         947
  C:317CH         LINE#         948
  C:31B3H         LINE#         949
  C:31B3H         LINE#         950
  C:31B5H         LINE#         951
  C:31BEH         LINE#         952
  C:31C4H         LINE#         953
  C:31C4H         LINE#         954
  C:31C4H         LINE#         955
  C:31C4H         LINE#         956
  C:31C7H         LINE#         957
  C:31C7H         LINE#         958
  C:31C9H         LINE#         959
  C:31D2H         LINE#         960
  C:31E0H         LINE#         961
  C:31E0H         LINE#         962
  C:31E0H         LINE#         963
  C:31E0H         LINE#         964
  C:31E2H         LINE#         965
  C:31E2H         LINE#         966
  C:31E4H         LINE#         967
  C:31EDH         LINE#         968
  C:31F3H         LINE#         969
  C:31F3H         LINE#         970
  C:31F3H         LINE#         971
  C:31F3H         LINE#         972
  C:31F5H         LINE#         973
  C:31F5H         LINE#         974
  C:31F7H         LINE#         975
  C:3200H         LINE#         976
  C:3209H         LINE#         977
  C:3209H         LINE#         978
  C:3209H         LINE#         979
  C:3209H         LINE#         980
  C:320BH         LINE#         981
  C:320BH         LINE#         982
  C:320DH         LINE#         983
  C:3216H         LINE#         984
  C:321CH         LINE#         985
  C:321CH         LINE#         986
  C:321CH         LINE#         987
  C:321CH         LINE#         988
  C:321EH         LINE#         989
BL51 BANKED LINKER/LOCATER V6.22                                                      10/08/2015  12:00:38  PAGE 24


  C:321EH         LINE#         990
  C:3220H         LINE#         991
  C:3229H         LINE#         992
  C:3232H         LINE#         993
  C:3232H         LINE#         994
  C:3232H         LINE#         995
  C:3232H         LINE#         996
  C:3234H         LINE#         997
  C:3234H         LINE#         998
  C:3236H         LINE#         999
  C:323FH         LINE#         1000
  C:3245H         LINE#         1001
  C:3245H         LINE#         1002
  C:3245H         LINE#         1003
  C:3245H         LINE#         1004
  C:3247H         LINE#         1005
  C:3247H         LINE#         1006
  C:3249H         LINE#         1007
  C:3252H         LINE#         1008
  C:325DH         LINE#         1009
  C:3260H         LINE#         1010
  C:3260H         LINE#         1011
  C:3260H         LINE#         1012
  C:3262H         LINE#         1013
  C:3262H         LINE#         1014
  C:3264H         LINE#         1015
  C:326DH         LINE#         1016
  C:3270H         LINE#         1017
  C:328EH         LINE#         1018
  C:3294H         LINE#         1019
  C:3294H         LINE#         1020
  C:3296H         LINE#         1021
  C:3296H         LINE#         1022
  C:3296H         LINE#         1023
  C:3296H         LINE#         1024
  C:3296H         LINE#         1025
  C:329AH         LINE#         1026
  C:32B6H         LINE#         1027
  C:32BDH         LINE#         1028
  C:32C2H         LINE#         1029
  C:32CAH         LINE#         1030
  C:32CAH         LINE#         1031
  C:32CAH         LINE#         1032
  C:32E9H         LINE#         1033
  C:32EFH         LINE#         1034
  C:32F1H         LINE#         1035
  C:32FAH         LINE#         1036
  C:32FDH         LINE#         1037
  C:3301H         LINE#         1038
  C:3304H         LINE#         1039
  C:330FH         LINE#         1040
  C:3315H         LINE#         1041
  C:3318H         LINE#         1042
  C:3318H         LINE#         1043
  C:331BH         LINE#         1044
  C:331BH         LINE#         1045
  C:3322H         LINE#         1046
BL51 BANKED LINKER/LOCATER V6.22                                                      10/08/2015  12:00:38  PAGE 25


  C:332CH         LINE#         1047
  C:3334H         LINE#         1048
  C:3334H         LINE#         1049
  C:3334H         LINE#         1050
  C:3337H         LINE#         1051
  -------         ENDPROC       _FUN_SJHZ
  -------         PROC          _FUN_PYSJHZ
  X:01A1H         SYMBOL        par_pymodel
  X:01A2H         SYMBOL        par_sjmodel
  X:01A3H         SYMBOL        par_hzmodel
  C:4AB8H         LINE#         1052
  C:4AC3H         LINE#         1054
  -------         ENDPROC       _FUN_PYSJHZ
  -------         PROC          FUN_JTJP
  C:447EH         LINE#         1055
  C:447EH         LINE#         1056
  C:447EH         LINE#         1057
  C:449CH         LINE#         1058
  C:44A5H         LINE#         1059
  C:44ACH         LINE#         1061
  C:44ACH         LINE#         1062
  C:44B2H         LINE#         1063
  C:44B9H         LINE#         1064
  C:44BBH         LINE#         1065
  C:44BDH         LINE#         1066
  C:44C3H         LINE#         1067
  C:44CAH         LINE#         1068
  C:44CCH         LINE#         1069
  C:44CEH         LINE#         1070
  C:44CEH         LINE#         1071
  C:44D1H         LINE#         1072
  C:44D8H         LINE#         1073
  C:44DAH         LINE#         1074
  C:44DCH         LINE#         1075
  C:44DFH         LINE#         1076
  C:44E6H         LINE#         1077
  C:44E8H         LINE#         1078
  C:44EAH         LINE#         1079
  C:44EAH         LINE#         1080
  C:44F0H         LINE#         1081
  C:44F7H         LINE#         1082
  C:44FEH         LINE#         1083
  C:44FEH         LINE#         1084
  C:450AH         LINE#         1085
  C:4511H         LINE#         1086
  C:4518H         LINE#         1087
  C:4518H         LINE#         1088
  C:4518H         LINE#         1089
  C:4518H         LINE#         1090
  -------         ENDPROC       FUN_JTJP
  -------         PROC          FUN_TIMERMOVE
  -------         DO            
  D:001BH         SYMBOL        loc_con
  D:0017H         SYMBOL        loc_sdl
  D:0019H         SYMBOL        loc_sdr
  -------         ENDDO         
  C:26EAH         LINE#         1092
BL51 BANKED LINKER/LOCATER V6.22                                                      10/08/2015  12:00:38  PAGE 26


  C:26EAH         LINE#         1095
  C:270FH         LINE#         1096
  C:270FH         LINE#         1097
  C:2716H         LINE#         1098
  C:271CH         LINE#         1099
  C:272BH         LINE#         1100
  C:2739H         LINE#         1101
  C:273AH         LINE#         1102
  C:273AH         LINE#         1103
  C:2750H         LINE#         1104
  C:2768H         LINE#         1105
  C:276EH         LINE#         1106
  C:2772H         LINE#         1107
  C:2775H         LINE#         1108
  C:277CH         LINE#         1109
  C:277FH         LINE#         1110
  C:2792H         LINE#         1111
  C:2792H         LINE#         1112
  C:2792H         LINE#         1113
  C:279EH         LINE#         1114
  C:27A4H         LINE#         1115
  C:27BAH         LINE#         1116
  C:27D5H         LINE#         1117
  C:27D5H         LINE#         1118
  C:27DBH         LINE#         1119
  C:27F6H         LINE#         1120
  C:280CH         LINE#         1121
  C:280CH         LINE#         1122
  C:2812H         LINE#         1123
  C:282FH         LINE#         1124
  C:284FH         LINE#         1125
  C:284FH         LINE#         1126
  C:2855H         LINE#         1127
  C:2877H         LINE#         1128
  C:2892H         LINE#         1129
  C:2892H         LINE#         1130
  C:2898H         LINE#         1131
  C:28B5H         LINE#         1132
  C:28D5H         LINE#         1133
  C:28D5H         LINE#         1134
  C:28DEH         LINE#         1135
  C:2900H         LINE#         1136
  C:291BH         LINE#         1137
  C:291BH         LINE#         1138
  C:291BH         LINE#         1139
  C:291BH         LINE#         1140
  C:291BH         LINE#         1141
  C:291EH         LINE#         1142
  C:291EH         LINE#         1143
  C:2928H         LINE#         1144
  C:292CH         LINE#         1145
  C:292CH         LINE#         1146
  C:292FH         LINE#         1147
  C:292FH         LINE#         1148
  C:2944H         LINE#         1149
  C:2944H         LINE#         1150
  C:2964H         LINE#         1151
BL51 BANKED LINKER/LOCATER V6.22                                                      10/08/2015  12:00:38  PAGE 27


  C:2964H         LINE#         1152
  C:296EH         LINE#         1153
  C:2974H         LINE#         1154
  C:2974H         LINE#         1155
  C:2976H         LINE#         1156
  C:2976H         LINE#         1157
  C:2979H         LINE#         1158
  C:2983H         LINE#         1159
  C:2986H         LINE#         1160
  C:2988H         LINE#         1161
  C:2988H         LINE#         1162
  C:2992H         LINE#         1163
  C:299EH         LINE#         1164
  C:29A1H         LINE#         1165
  C:29A3H         LINE#         1166
  C:29A3H         LINE#         1167
  C:29A6H         LINE#         1168
  C:29B0H         LINE#         1169
  C:29CEH         LINE#         1170
  C:29CEH         LINE#         1171
  C:29CEH         LINE#         1172
  C:29D0H         LINE#         1173
  C:29D1H         LINE#         1174
  C:29D1H         LINE#         1175
  C:29F0H         LINE#         1176
  C:29F2H         LINE#         1177
  C:29F3H         LINE#         1178
  C:29F3H         LINE#         1179
  C:29FFH         LINE#         1180
  C:29FFH         LINE#         1181
  C:29FFH         LINE#         1182
  C:29FFH         LINE#         1183
  C:29FFH         LINE#         1184
  C:29FFH         LINE#         1185
  C:2A01H         LINE#         1186
  C:2A01H         LINE#         1187
  C:2A01H         LINE#         1188
  C:2A01H         LINE#         1189
  C:2A0CH         LINE#         1190
  C:2A0CH         LINE#         1191
  C:2A45H         LINE#         1192
  C:2A47H         LINE#         1193
  C:2A48H         LINE#         1194
  C:2A48H         LINE#         1195
  C:2A64H         LINE#         1196
  C:2A6BH         LINE#         1197
  C:2A75H         LINE#         1198
  C:2A7FH         LINE#         1199
  C:2A82H         LINE#         1200
  C:2A83H         LINE#         1201
  C:2A83H         LINE#         1202
  C:2A93H         LINE#         1203
  C:2A99H         LINE#         1204
  C:2AB1H         LINE#         1205
  C:2ACAH         LINE#         1206
  C:2ACAH         LINE#         1207
  C:2AD0H         LINE#         1208
BL51 BANKED LINKER/LOCATER V6.22                                                      10/08/2015  12:00:38  PAGE 28


  C:2AE9H         LINE#         1209
  C:2B01H         LINE#         1210
  C:2B01H         LINE#         1211
  C:2B07H         LINE#         1212
  C:2B20H         LINE#         1213
  C:2B3AH         LINE#         1214
  C:2B3AH         LINE#         1215
  C:2B40H         LINE#         1216
  C:2B5AH         LINE#         1217
  C:2B73H         LINE#         1218
  C:2B73H         LINE#         1219
  C:2B79H         LINE#         1220
  C:2B92H         LINE#         1221
  C:2BACH         LINE#         1222
  C:2BACH         LINE#         1223
  C:2BB2H         LINE#         1224
  C:2BCCH         LINE#         1225
  C:2BE5H         LINE#         1226
  C:2BE5H         LINE#         1227
  C:2BECH         LINE#         1228
  C:2BF3H         LINE#         1229
  C:2BF3H         LINE#         1230
  C:2BF3H         LINE#         1231
  C:2BF3H         LINE#         1232
  C:2BF3H         LINE#         1233
  C:2BF3H         LINE#         1234
  C:2BF3H         LINE#         1235
  C:2BF3H         LINE#         1236
  -------         ENDPROC       FUN_TIMERMOVE
  -------         PROC          _FUN_FLSETTING
  X:0127H         SYMBOL        par_gospeed
  X:0128H         SYMBOL        par_turnspeed
  X:0129H         SYMBOL        par_cachespeed
  -------         DO            
  X:012AH         SYMBOL        ellipsis_40
  X:0152H         SYMBOL        loc_argp
  D:0007H         SYMBOL        loc_step
  D:0006H         SYMBOL        loc_cachespeed
  -------         ENDDO         
  C:4630H         LINE#         1237
  C:463BH         LINE#         1239
  C:463DH         LINE#         1241
  C:4649H         LINE#         1242
  C:464BH         LINE#         1243
  C:464FH         LINE#         1244
  C:465EH         LINE#         1245
  C:4672H         LINE#         1246
  C:4674H         LINE#         1247
  C:4681H         LINE#         1250
  C:4687H         LINE#         1251
  C:4695H         LINE#         1252
  C:469DH         LINE#         1253
  C:46A5H         LINE#         1254
  C:46ADH         LINE#         1255
  C:46B1H         LINE#         1256
  -------         ENDPROC       _FUN_FLSETTING
  -------         PROC          _FUN_FOLLINE
BL51 BANKED LINKER/LOCATER V6.22                                                      10/08/2015  12:00:38  PAGE 29


  D:0007H         SYMBOL        par_con
  X:0198H         SYMBOL        par_speed
  -------         DO            
  X:0199H         SYMBOL        loc_con
  X:019AH         SYMBOL        loc_sdr
  X:019BH         SYMBOL        loc_sdl
  X:019CH         SYMBOL        loc_online
  -------         ENDDO         
  C:3909H         LINE#         1257
  C:390EH         LINE#         1258
  C:3911H         LINE#         1261
  C:391AH         LINE#         1262
  C:3932H         LINE#         1263
  C:3938H         LINE#         1264
  C:3942H         LINE#         1265
  C:3944H         LINE#         1266
  C:394BH         LINE#         1267
  C:394EH         LINE#         1268
  C:3954H         LINE#         1269
  C:3956H         LINE#         1270
  C:3956H         LINE#         1271
  C:3962H         LINE#         1272
  C:3968H         LINE#         1273
  C:3974H         LINE#         1274
  C:398CH         LINE#         1275
  C:398CH         LINE#         1276
  C:3992H         LINE#         1277
  C:39AAH         LINE#         1278
  C:39B8H         LINE#         1279
  C:39B8H         LINE#         1280
  C:39BEH         LINE#         1281
  C:39D0H         LINE#         1282
  C:39EEH         LINE#         1283
  C:39EEH         LINE#         1284
  C:39F4H         LINE#         1285
  C:3A12H         LINE#         1286
  C:3A24H         LINE#         1287
  C:3A24H         LINE#         1288
  C:3A2AH         LINE#         1289
  C:3A3CH         LINE#         1290
  C:3A5AH         LINE#         1291
  C:3A5AH         LINE#         1292
  C:3A60H         LINE#         1293
  C:3A7EH         LINE#         1294
  C:3A90H         LINE#         1295
  C:3A90H         LINE#         1296
  C:3A9AH         LINE#         1297
  C:3AA4H         LINE#         1298
  C:3AA9H         LINE#         1299
  C:3AA9H         LINE#         1300
  C:3AACH         LINE#         1301
  -------         ENDPROC       _FUN_FOLLINE
  -------         PROC          _FUN_TURN
  D:0007H         SYMBOL        par_model
  X:01AFH         SYMBOL        par_speed
  C:4733H         LINE#         1303
  C:4738H         LINE#         1304
BL51 BANKED LINKER/LOCATER V6.22                                                      10/08/2015  12:00:38  PAGE 30


  C:4748H         LINE#         1305
  C:4748H         LINE#         1306
  C:4752H         LINE#         1307
  C:4758H         LINE#         1308
  C:4758H         LINE#         1309
  C:475AH         LINE#         1310
  C:475AH         LINE#         1311
  C:475DH         LINE#         1312
  C:4767H         LINE#         1313
  C:476AH         LINE#         1314
  C:476CH         LINE#         1315
  C:476CH         LINE#         1316
  C:4776H         LINE#         1317
  C:4782H         LINE#         1318
  C:4785H         LINE#         1319
  C:4787H         LINE#         1320
  C:4787H         LINE#         1321
  C:478AH         LINE#         1322
  C:4794H         LINE#         1323
  C:47A1H         LINE#         1324
  C:47A1H         LINE#         1325
  C:47A1H         LINE#         1326
  C:47A7H         LINE#         1327
  -------         ENDPROC       _FUN_TURN
  -------         PROC          _FUN_QC
  D:0007H         SYMBOL        par_time
  X:01A4H         SYMBOL        par_speed
  -------         DO            
  X:01A5H         SYMBOL        loc_sdr
  X:01A6H         SYMBOL        loc_sdl
  -------         ENDDO         
  C:3576H         LINE#         1329
  C:357BH         LINE#         1331
  C:3598H         LINE#         1332
  C:35B7H         LINE#         1333
  C:35C3H         LINE#         1334
  C:35C9H         LINE#         1335
  C:35E2H         LINE#         1336
  C:35FEH         LINE#         1337
  C:35FEH         LINE#         1338
  C:3604H         LINE#         1339
  C:3620H         LINE#         1340
  C:363BH         LINE#         1341
  C:363BH         LINE#         1342
  C:3641H         LINE#         1343
  C:365DH         LINE#         1344
  C:3679H         LINE#         1345
  C:3679H         LINE#         1346
  C:367FH         LINE#         1347
  C:369BH         LINE#         1348
  C:36B7H         LINE#         1349
  C:36B7H         LINE#         1350
  C:36BDH         LINE#         1351
  C:36D8H         LINE#         1352
  C:36F4H         LINE#         1353
  C:36F4H         LINE#         1354
  C:36FAH         LINE#         1355
BL51 BANKED LINKER/LOCATER V6.22                                                      10/08/2015  12:00:38  PAGE 31


  C:3716H         LINE#         1356
  C:3731H         LINE#         1357
  C:3731H         LINE#         1358
  C:373BH         LINE#         1359
  C:3745H         LINE#         1360
  C:374AH         LINE#         1361
  C:374DH         LINE#         1362
  -------         ENDPROC       _FUN_QC
  -------         PROC          FUN_STOPE2PROM
  C:000EH         LINE#         1364
  C:000EH         LINE#         1365
  C:0011H         LINE#         1366
  C:0013H         LINE#         1367
  C:0015H         LINE#         1368
  C:0018H         LINE#         1369
  C:001AH         LINE#         1370
  -------         ENDPROC       FUN_STOPE2PROM
  -------         PROC          _FUN_READE2PROM
  D:0006H         SYMBOL        par_add
  -------         DO            
  D:0007H         SYMBOL        loc_dat
  -------         ENDDO         
  C:49BAH         LINE#         1371
  C:49BAH         LINE#         1373
  C:49BDH         LINE#         1374
  C:49C0H         LINE#         1375
  C:49C2H         LINE#         1376
  C:49C5H         LINE#         1377
  C:49C8H         LINE#         1378
  C:49CBH         LINE#         1379
  C:49D4H         LINE#         1380
  C:49D6H         LINE#         1381
  C:49D9H         LINE#         1382
  C:49D9H         LINE#         1383
  -------         ENDPROC       _FUN_READE2PROM
  -------         PROC          _FUN_WRITEE2PROM
  D:0006H         SYMBOL        par_add
  D:0005H         SYMBOL        par_dat
  C:4999H         LINE#         1384
  C:4999H         LINE#         1385
  C:499CH         LINE#         1386
  C:499FH         LINE#         1387
  C:49A1H         LINE#         1388
  C:49A4H         LINE#         1389
  C:49A8H         LINE#         1390
  C:49ABH         LINE#         1391
  C:49AEH         LINE#         1392
  C:49B7H         LINE#         1393
  -------         ENDPROC       _FUN_WRITEE2PROM
  -------         PROC          _FUN_CLEANE2PROM
  D:0006H         SYMBOL        par_add
  C:49DAH         LINE#         1395
  C:49DAH         LINE#         1396
  C:49DDH         LINE#         1397
  C:49E0H         LINE#         1398
  C:49E2H         LINE#         1399
  C:49E5H         LINE#         1400
BL51 BANKED LINKER/LOCATER V6.22                                                      10/08/2015  12:00:38  PAGE 32


  C:49E8H         LINE#         1401
  C:49EBH         LINE#         1402
  C:49F4H         LINE#         1403
  -------         ENDPROC       _FUN_CLEANE2PROM
  -------         PROC          FUN_CALIBRATION
  -------         DO            
  X:019DH         SYMBOL        loc_time
  -------         ENDDO         
  C:3754H         LINE#         1405
  C:3754H         LINE#         1408
  C:3759H         LINE#         1409
  C:375EH         LINE#         1410
  C:376CH         LINE#         1411
  C:3771H         LINE#         1412
  C:3776H         LINE#         1413
  C:379BH         LINE#         1414
  C:37BFH         LINE#         1415
  C:37E5H         LINE#         1416
  C:37EDH         LINE#         1417
  C:3814H         LINE#         1418
  C:383CH         LINE#         1419
  C:3864H         LINE#         1420
  C:388CH         LINE#         1421
  C:38B4H         LINE#         1422
  C:38DCH         LINE#         1423
  C:3902H         LINE#         1424
  C:3908H         LINE#         1425
  -------         ENDPROC       FUN_CALIBRATION
  -------         PROC          FUN_PORT
  C:4AA5H         LINE#         1426
  C:4AA5H         LINE#         1428
  C:4AA8H         LINE#         1429
  C:4AABH         LINE#         1430
  C:4AAEH         LINE#         1431
  C:4AB1H         LINE#         1432
  C:4AB4H         LINE#         1433
  C:4AB7H         LINE#         1434
  -------         ENDPROC       FUN_PORT
  -------         PROC          FUN_TEST
  C:4297H         LINE#         1435
  C:4297H         LINE#         1436
  C:429CH         LINE#         1437
  C:429FH         LINE#         1438
  C:42A4H         LINE#         1439
  C:42A7H         LINE#         1440
  C:42ACH         LINE#         1441
  C:42AFH         LINE#         1442
  C:42B4H         LINE#         1443
  C:42B7H         LINE#         1445
  C:42BDH         LINE#         1446
  C:42C2H         LINE#         1447
  C:42C5H         LINE#         1448
  C:42CAH         LINE#         1449
  C:42CDH         LINE#         1450
  C:42D2H         LINE#         1451
  C:42D5H         LINE#         1452
  C:42DAH         LINE#         1453
BL51 BANKED LINKER/LOCATER V6.22                                                      10/08/2015  12:00:38  PAGE 33


  C:42DDH         LINE#         1455
  C:42E2H         LINE#         1456
  C:42E5H         LINE#         1457
  C:42EAH         LINE#         1458
  C:42EDH         LINE#         1459
  C:42F2H         LINE#         1460
  C:42F5H         LINE#         1461
  C:42FAH         LINE#         1462
  C:42FDH         LINE#         1463
  C:4302H         LINE#         1464
  C:4305H         LINE#         1465
  C:430AH         LINE#         1466
  C:430DH         LINE#         1467
  C:4312H         LINE#         1468
  C:4315H         LINE#         1469
  C:431AH         LINE#         1470
  C:431DH         LINE#         1471
  C:4322H         LINE#         1473
  C:432AH         LINE#         1474
  C:4330H         LINE#         1475
  C:4335H         LINE#         1476
  C:4338H         LINE#         1477
  C:433DH         LINE#         1478
  C:4340H         LINE#         1479
  C:4345H         LINE#         1480
  C:4348H         LINE#         1481
  C:434DH         LINE#         1482
  C:4350H         LINE#         1483
  C:4358H         LINE#         1485
  C:435FH         LINE#         1486
  C:4362H         LINE#         1487
  C:4369H         LINE#         1488
  C:436CH         LINE#         1490
  C:4373H         LINE#         1491
  C:4376H         LINE#         1492
  C:437DH         LINE#         1493
  C:4380H         LINE#         1495
  C:4387H         LINE#         1496
  C:438EH         LINE#         1497
  C:4391H         LINE#         1498
  C:4398H         LINE#         1499
  C:439BH         LINE#         1501
  C:43A2H         LINE#         1502
  C:43A9H         LINE#         1503
  C:43ACH         LINE#         1504
  -------         ENDPROC       FUN_TEST
  C:45E0H         SYMBOL        L?1050
  C:45E3H         SYMBOL        L?1051
  -------         PROC          L?1049
  -------         ENDPROC       L?1049
  C:45E0H         SYMBOL        L?1050
  C:45E3H         SYMBOL        L?1051
  -------         PROC          _FUN_MIN
  X:0156H         SYMBOL        par_num
  -------         DO            
  X:0157H         SYMBOL        ellipsis_40
  X:017FH         SYMBOL        loc_argp
BL51 BANKED LINKER/LOCATER V6.22                                                      10/08/2015  12:00:38  PAGE 34


  D:0007H         SYMBOL        loc_min
  D:0006H         SYMBOL        loc_shu
  -------         ENDDO         
  C:45E8H         LINE#         1506
  C:45EDH         LINE#         1508
  C:45EFH         LINE#         1510
  C:45FDH         LINE#         1511
  C:4611H         LINE#         1512
  C:4611H         LINE#         1513
  C:4616H         LINE#         1514
  C:4618H         LINE#         1515
  C:462CH         LINE#         1516
  C:462FH         LINE#         1518
  C:462FH         LINE#         1519
  -------         ENDPROC       _FUN_MIN
  -------         PROC          FUN_COORDINATE
  C:0007H         LINE#         1520
  C:0007H         LINE#         1522
  -------         ENDPROC       FUN_COORDINATE
  -------         PROC          _FUN_ZDZJ
  X:0096H         SYMBOL        par_04
  X:009AH         SYMBOL        par_37
  -------         DO            
  X:009EH         SYMBOL        str_pass
  X:00C6H         SYMBOL        str_end
  X:00EEH         SYMBOL        loc_high
  X:00F6H         SYMBOL        loc_xh1
  -------         ENDDO         
  C:001EH         LINE#         1523
  C:0024H         LINE#         1528
  C:0033H         LINE#         1529
  C:0042H         LINE#         1530
  C:0051H         LINE#         1533
  C:0078H         LINE#         1534
  C:009FH         LINE#         1535
  C:00C6H         LINE#         1536
  C:00ECH         LINE#         1537
  C:0112H         LINE#         1538
  C:0137H         LINE#         1539
  C:015CH         LINE#         1540
  C:0178H         LINE#         1542
  C:019FH         LINE#         1543
  C:01C6H         LINE#         1544
  C:01EDH         LINE#         1545
  C:0213H         LINE#         1546
  C:0239H         LINE#         1547
  C:025EH         LINE#         1548
  C:0283H         LINE#         1549
  C:029FH         LINE#         1551
  C:02A5H         LINE#         1552
  C:02A8H         LINE#         1553
  C:02ABH         LINE#         1554
  C:02AEH         LINE#         1555
  C:02B3H         LINE#         1556
  C:02B6H         LINE#         1557
  C:02B9H         LINE#         1558
  C:02BCH         LINE#         1560
BL51 BANKED LINKER/LOCATER V6.22                                                      10/08/2015  12:00:38  PAGE 35


  C:02CFH         LINE#         1561
  C:02F5H         LINE#         1562
  C:0309H         LINE#         1563
  C:032FH         LINE#         1564
  C:0335H         LINE#         1565
  C:035BH         LINE#         1566
  C:0361H         LINE#         1567
  C:0387H         LINE#         1568
  C:038DH         LINE#         1569
  C:03B3H         LINE#         1570
  C:03B9H         LINE#         1571
  C:03DFH         LINE#         1572
  C:03E4H         LINE#         1573
  C:040AH         LINE#         1574
  C:040FH         LINE#         1575
  C:0435H         LINE#         1576
  C:0449H         LINE#         1578
  C:046FH         LINE#         1579
  C:0475H         LINE#         1580
  C:049BH         LINE#         1581
  C:04A1H         LINE#         1582
  C:04C7H         LINE#         1583
  C:04CDH         LINE#         1584
  C:04F3H         LINE#         1585
  C:04F9H         LINE#         1586
  C:051FH         LINE#         1587
  C:0525H         LINE#         1588
  C:054BH         LINE#         1589
  C:0550H         LINE#         1590
  C:0576H         LINE#         1591
  C:057BH         LINE#         1592
  C:05A1H         LINE#         1593
  C:05B5H         LINE#         1594
  C:05BEH         LINE#         1596
[...]
  C:3B96H         LINE#         1863
  C:3B9DH         LINE#         1864
  C:3BA4H         LINE#         1865
  C:3BA6H         LINE#         1866
  C:3BA8H         LINE#         1867
  C:3BA8H         LINE#         1868
  C:3BB8H         LINE#         1869
  C:3BB8H         LINE#         1870
  C:3BBFH         LINE#         1871
  C:3BC6H         LINE#         1872
  C:3BC8H         LINE#         1873
  C:3BCAH         LINE#         1874
  C:3BCAH         LINE#         1875
  C:3BD7H         LINE#         1876
  C:3BD7H         LINE#         1877
  C:3BDEH         LINE#         1878
  C:3BE5H         LINE#         1879
  C:3BEAH         LINE#         1880
  C:3BEAH         LINE#         1881
  C:3BEAH         LINE#         1882
  C:3BEAH         LINE#         1883
BL51 BANKED LINKER/LOCATER V6.22                                                      10/08/2015  12:00:38  PAGE 40


  C:3BEAH         LINE#         1884
  C:3BEAH         LINE#         1885
  C:3BF2H         LINE#         1886
  C:3C04H         LINE#         1887
  C:3C04H         LINE#         1888
  C:3C04H         LINE#         1889
  C:3C06H         LINE#         1890
  C:3C06H         LINE#         1891
  C:3C08H         LINE#         1892
  C:3C0AH         LINE#         1893
  C:3C0AH         LINE#         1894
  C:3C0CH         LINE#         1895
  C:3C0EH         LINE#         1896
  C:3C0EH         LINE#         1897
  C:3C10H         LINE#         1898
  C:3C12H         LINE#         1899
  C:3C12H         LINE#         1900
  C:3C14H         LINE#         1901
  C:3C16H         LINE#         1902
  C:3C16H         LINE#         1903
  C:3C21H         LINE#         1904
  C:3C25H         LINE#         1905
  C:3C30H         LINE#         1906
  C:3C35H         LINE#         1907
  C:3C35H         LINE#         1908
  C:3C35H         LINE#         1909
  C:3C35H         LINE#         1910
  -------         ENDPROC       _FUN_ZJZT
  -------         PROC          _FUN_NAJIAN
  X:018FH         SYMBOL        par_now
  X:0190H         SYMBOL        par_next
  X:0191H         SYMBOL        par_high
  X:0194H         SYMBOL        par_data
  -------         DO            
  X:0197H         SYMBOL        loc_high
  -------         ENDDO         
  C:10EEH         LINE#         1911
  C:10FFH         LINE#         1916
  C:114DH         LINE#         1918
  C:1162H         LINE#         1919
  C:116AH         LINE#         1920
  C:1192H         LINE#         1921
  C:119DH         LINE#         1922
  C:119DH         LINE#         1923
  C:119FH         LINE#         1924
  C:11BAH         LINE#         1925
  C:11C2H         LINE#         1926
  C:11F3H         LINE#         1927
  C:11FBH         LINE#         1928
  C:1255H         LINE#         1929
  C:1255H         LINE#         1931
  C:125FH         LINE#         1933
  C:127CH         LINE#         1935
  C:1281H         LINE#         1937
  C:12ADH         LINE#         1938
  C:12ADH         LINE#         1939
  C:12DEH         LINE#         1940
BL51 BANKED LINKER/LOCATER V6.22                                                      10/08/2015  12:00:38  PAGE 41


  C:12DEH         LINE#         1941
  C:12F4H         LINE#         1942
  C:12F7H         LINE#         1943
  C:12F7H         LINE#         1944
  C:12F7H         LINE#         1945
  C:12F9H         LINE#         1946
  C:12F9H         LINE#         1947
  C:1321H         LINE#         1948
  C:1324H         LINE#         1949
  C:1324H         LINE#         1950
  C:134CH         LINE#         1951
  C:134FH         LINE#         1952
  C:134FH         LINE#         1953
  C:134FH         LINE#         1954
  C:1351H         LINE#         1955
  C:1351H         LINE#         1956
  C:1379H         LINE#         1957
  C:137CH         LINE#         1958
  C:137CH         LINE#         1959
  C:13A4H         LINE#         1960
  C:13A7H         LINE#         1961
  C:13A7H         LINE#         1962
  C:13A7H         LINE#         1963
  C:13A7H         LINE#         1964
  C:13A7H         LINE#         1965
  C:13A7H         LINE#         1966
  C:13D3H         LINE#         1967
  C:13D3H         LINE#         1968
  C:13FAH         LINE#         1969
  C:13FDH         LINE#         1970
  C:13FDH         LINE#         1971
  C:1428H         LINE#         1972
  C:142BH         LINE#         1973
  C:142BH         LINE#         1974
  C:1453H         LINE#         1975
  C:1456H         LINE#         1976
  C:1456H         LINE#         1977
  C:147EH         LINE#         1978
  C:1481H         LINE#         1979
  C:1481H         LINE#         1980
  C:14ACH         LINE#         1981
  C:14AFH         LINE#         1982
  C:14AFH         LINE#         1983
  C:14DAH         LINE#         1984
  C:14DDH         LINE#         1985
  C:14DDH         LINE#         1986
  C:1505H         LINE#         1987
  C:1508H         LINE#         1988
  C:1508H         LINE#         1989
  C:1508H         LINE#         1990
  C:1508H         LINE#         1991
  C:1508H         LINE#         1992
  C:1508H         LINE#         1993
  C:1534H         LINE#         1994
  C:1534H         LINE#         1995
  C:1534H         LINE#         1996
  C:1537H         LINE#         1997
BL51 BANKED LINKER/LOCATER V6.22                                                      10/08/2015  12:00:38  PAGE 42


  C:1537H         LINE#         1998
  C:1562H         LINE#         1999
  C:1565H         LINE#         2000
  C:1565H         LINE#         2001
  C:1590H         LINE#         2002
  C:1593H         LINE#         2003
  C:1593H         LINE#         2004
  C:15BBH         LINE#         2005
  C:15BEH         LINE#         2006
  C:15BEH         LINE#         2007
  C:15E9H         LINE#         2008
  C:15ECH         LINE#         2009
  C:15ECH         LINE#         2010
  C:1617H         LINE#         2011
  C:161AH         LINE#         2012
  C:161AH         LINE#         2013
  C:1642H         LINE#         2014
  C:1645H         LINE#         2015
  C:1645H         LINE#         2016
  C:1645H         LINE#         2017
  C:1645H         LINE#         2018
  C:1645H         LINE#         2019
  C:1645H         LINE#         2020
  C:1671H         LINE#         2021
  C:1671H         LINE#         2022
  C:1699H         LINE#         2023
  C:169CH         LINE#         2024
  C:169CH         LINE#         2025
  C:16C4H         LINE#         2026
  C:16C7H         LINE#         2027
  C:16C7H         LINE#         2028
  C:16F2H         LINE#         2029
  C:16F5H         LINE#         2030
  C:16F5H         LINE#         2031
  C:1727H         LINE#         2032
  C:172AH         LINE#         2033
  C:172AH         LINE#         2034
  C:1752H         LINE#         2035
  C:1755H         LINE#         2036
  C:1755H         LINE#         2037
  C:177DH         LINE#         2038
  C:1780H         LINE#         2039
  C:1780H         LINE#         2040
  C:17B2H         LINE#         2041
  C:17B5H         LINE#         2042
  C:17B5H         LINE#         2043
  C:17B5H         LINE#         2044
  C:17B5H         LINE#         2045
  C:17B5H         LINE#         2046
  C:17B5H         LINE#         2047
  C:17E1H         LINE#         2048
  C:17E1H         LINE#         2049
  C:1809H         LINE#         2050
  C:180CH         LINE#         2051
  C:180CH         LINE#         2052
  C:1834H         LINE#         2053
  C:1837H         LINE#         2054
BL51 BANKED LINKER/LOCATER V6.22                                                      10/08/2015  12:00:38  PAGE 43


  C:1837H         LINE#         2055
  C:185FH         LINE#         2056
  C:1862H         LINE#         2057
  C:1862H         LINE#         2058
  C:1894H         LINE#         2059
  C:1897H         LINE#         2060
  C:1897H         LINE#         2061
  C:18C2H         LINE#         2062
  C:18C5H         LINE#         2063
  C:18C5H         LINE#         2064
  C:18EDH         LINE#         2065
  C:18F0H         LINE#         2066
  C:18F0H         LINE#         2067
  C:1922H         LINE#         2068
  C:1925H         LINE#         2069
  C:1925H         LINE#         2070
  C:1925H         LINE#         2071
  C:1925H         LINE#         2072
  C:1925H         LINE#         2073
  C:1925H         LINE#         2074
  C:1951H         LINE#         2075
  C:1951H         LINE#         2076
  C:1951H         LINE#         2077
  C:1954H         LINE#         2078
  C:1954H         LINE#         2079
  C:197FH         LINE#         2080
  C:1982H         LINE#         2081
  C:1982H         LINE#         2082
  C:19ADH         LINE#         2083
  C:19B0H         LINE#         2084
  C:19B0H         LINE#         2085
  C:19D8H         LINE#         2086
  C:19DBH         LINE#         2087
  C:19DBH         LINE#         2088
  C:1A06H         LINE#         2089
  C:1A09H         LINE#         2090
  C:1A09H         LINE#         2091
  C:1A34H         LINE#         2092
  C:1A37H         LINE#         2093
  C:1A37H         LINE#         2094
  C:1A5FH         LINE#         2095
  C:1A62H         LINE#         2096
  C:1A62H         LINE#         2097
  C:1A62H         LINE#         2098
  C:1A62H         LINE#         2099
  C:1A62H         LINE#         2100
  C:1A62H         LINE#         2101
  C:1A8EH         LINE#         2102
  C:1A8EH         LINE#         2103
  C:1ABFH         LINE#         2104
  C:1AC2H         LINE#         2105
  C:1AC2H         LINE#         2106
  C:1AEDH         LINE#         2107
  C:1AF0H         LINE#         2108
  C:1AF0H         LINE#         2109
  C:1B1BH         LINE#         2110
  C:1B1EH         LINE#         2111
BL51 BANKED LINKER/LOCATER V6.22                                                      10/08/2015  12:00:38  PAGE 44


  C:1B1EH         LINE#         2112
  C:1B53H         LINE#         2113
  C:1B56H         LINE#         2114
  C:1B56H         LINE#         2115
  C:1B8BH         LINE#         2116
  C:1B8EH         LINE#         2117
  C:1B8EH         LINE#         2118
  C:1BB9H         LINE#         2119
  C:1BBCH         LINE#         2120
  C:1BBCH         LINE#         2121
  C:1BE7H         LINE#         2122
  C:1BEAH         LINE#         2123
  C:1BEAH         LINE#         2124
  C:1BEAH         LINE#         2125
  C:1BEAH         LINE#         2126
  C:1BEAH         LINE#         2127
  C:1BEAH         LINE#         2128
  C:1C13H         LINE#         2129
  C:1C13H         LINE#         2130
  C:1C4EH         LINE#         2131
  C:1C51H         LINE#         2132
  C:1C51H         LINE#         2133
  C:1C86H         LINE#         2134
  C:1C89H         LINE#         2135
  C:1C89H         LINE#         2136
  C:1CBEH         LINE#         2137
  C:1CC1H         LINE#         2138
  C:1CC1H         LINE#         2139
  C:1D00H         LINE#         2140
  C:1D02H         LINE#         2141
  C:1D02H         LINE#         2142
  C:1D4AH         LINE#         2143
  C:1D4CH         LINE#         2144
  C:1D4CH         LINE#         2145
  C:1D8AH         LINE#         2146
  C:1D8CH         LINE#         2147
  C:1D8CH         LINE#         2148
  C:1DD3H         LINE#         2149
  C:1DD3H         LINE#         2150
  C:1DD3H         LINE#         2151
  C:1DD3H         LINE#         2152
  C:1DD3H         LINE#         2153
  C:1DD3H         LINE#         2154
  C:1DD3H         LINE#         2155
  C:1DD3H         LINE#         2156
  C:1DD3H         LINE#         2158
  C:1DDDH         LINE#         2160
  C:1DF7H         LINE#         2162
  C:1DFCH         LINE#         2166
  C:1E85H         LINE#         2167
  C:1EC4H         LINE#         2168
  C:1EDDH         LINE#         2169
  -------         ENDPROC       _FUN_NAJIAN
  -------         PROC          FUN_ZHUAJIAN
  C:43B3H         LINE#         2171
  C:43B3H         LINE#         2172
  C:43B8H         LINE#         2173
BL51 BANKED LINKER/LOCATER V6.22                                                      10/08/2015  12:00:38  PAGE 45


  C:43BDH         LINE#         2174
  C:43C2H         LINE#         2175
  C:43CAH         LINE#         2176
  C:43CFH         LINE#         2178
  C:43D6H         LINE#         2179
  C:43DDH         LINE#         2180
  C:43E4H         LINE#         2181
  C:43EBH         LINE#         2182
  C:4403H         LINE#         2183
  C:440FH         LINE#         2184
  C:4416H         LINE#         2185
  C:441FH         LINE#         2186
  C:4426H         LINE#         2187
  C:4428H         LINE#         2188
  C:4428H         LINE#         2189
  C:4428H         LINE#         2190
  C:4428H         LINE#         2191
  C:442AH         LINE#         2192
  C:4436H         LINE#         2193
  C:443DH         LINE#         2194
  C:4446H         LINE#         2195
  C:444DH         LINE#         2196
  C:4454H         LINE#         2197
  C:445DH         LINE#         2198
  C:4464H         LINE#         2199
  C:446DH         LINE#         2200
  C:446DH         LINE#         2201
  C:4474H         LINE#         2202
  C:4477H         LINE#         2203
  -------         ENDPROC       FUN_ZHUAJIAN
  -------         PROC          FUN_BACK
  C:48EAH         LINE#         2205
  C:48EAH         LINE#         2206
  C:48F1H         LINE#         2207
  C:48F4H         LINE#         2209
  C:48FBH         LINE#         2210
  C:4902H         LINE#         2211
  C:490BH         LINE#         2213
  C:4912H         LINE#         2214
  -------         ENDPROC       FUN_BACK
  -------         PROC          _FUN_START
  D:0007H         SYMBOL        par_x
  D:0005H         SYMBOL        par_y
  D:0003H         SYMBOL        par_ctfx
  X:012AH         SYMBOL        par_szzt
  X:012BH         SYMBOL        par_sjwz
  X:012CH         SYMBOL        par_pywz
  X:012DH         SYMBOL        par_hzfx
  C:46B2H         LINE#         2216
  C:46B2H         LINE#         2217
  C:46B5H         LINE#         2218
  C:46B8H         LINE#         2219
  C:46BAH         LINE#         2220
  C:46BCH         LINE#         2221
  C:46BFH         LINE#         2222
  C:46C2H         LINE#         2223
  C:46C5H         LINE#         2225
BL51 BANKED LINKER/LOCATER V6.22                                                      10/08/2015  12:00:38  PAGE 46


  C:46C7H         LINE#         2226
  C:46C9H         LINE#         2227
  C:46CBH         LINE#         2228
  C:46CDH         LINE#         2234
  C:46D0H         LINE#         2235
  C:46D3H         LINE#         2236
  C:46D6H         LINE#         2238
  C:46D8H         LINE#         2239
  C:46DAH         LINE#         2240
  C:46DCH         LINE#         2242
  C:46E1H         LINE#         2243
  C:46E4H         LINE#         2244
  C:46E9H         LINE#         2245
  C:46F1H         LINE#         2246
  C:46F9H         LINE#         2247
  C:4701H         LINE#         2248
  C:4709H         LINE#         2250
  C:470EH         LINE#         2251
  C:4714H         LINE#         2252
  C:471BH         LINE#         2253
  C:4722H         LINE#         2254
  C:4729H         LINE#         2255
  C:4730H         LINE#         2261
  -------         ENDPROC       _FUN_START
  -------         PROC          FUN_STOP
  C:48A8H         LINE#         2264
  C:48A8H         LINE#         2265
  C:48AAH         LINE#         2266
  C:48AFH         LINE#         2267
  C:48B5H         LINE#         2268
  C:48BCH         LINE#         2269
  C:48C3H         LINE#         2270
  C:48CAH         LINE#         2271
  C:48D1H         LINE#         2272
  C:48E8H         LINE#         2273
  -------         ENDPROC       FUN_STOP
  -------         ENDMOD        8023

  -------         MODULE        ?C?FPMUL
  C:1EEBH         PUBLIC        ?C?FPMUL
  -------         ENDMOD        ?C?FPMUL

  -------         MODULE        ?C?FCAST
  C:1FFBH         PUBLIC        ?C?FCASTC
  C:1FF6H         PUBLIC        ?C?FCASTI
  C:1FF1H         PUBLIC        ?C?FCASTL
  -------         ENDMOD        ?C?FCAST

  -------         MODULE        ?C?CASTF
  C:202FH         PUBLIC        ?C?CASTF
  -------         ENDMOD        ?C?CASTF

  -------         MODULE        PRINTF
  X:00F7H         PUBLIC        ?_PRINTF?BYTE
  X:00F7H         PUBLIC        ?_SPRINTF?BYTE
  C:2C5FH         PUBLIC        _PRINTF
  C:2C59H         PUBLIC        _SPRINTF
BL51 BANKED LINKER/LOCATER V6.22                                                      10/08/2015  12:00:38  PAGE 47


  -------         ENDMOD        PRINTF

  -------         MODULE        ?C?FPROUND
  C:20B0H         PUBLIC        ?C?FPROUND
  -------         ENDMOD        ?C?FPROUND

  -------         MODULE        ?C?FPCONVERT
  C:20EDH         PUBLIC        ?C?FPCONVERT
  -------         ENDMOD        ?C?FPCONVERT

  -------         MODULE        ?C?FPADD
  C:21F9H         PUBLIC        ?C?FPADD
  C:21F5H         PUBLIC        ?C?FPSUB
  -------         ENDMOD        ?C?FPADD

  -------         MODULE        ?C?FPDIV
  C:22EDH         PUBLIC        ?C?FPDIV
  -------         ENDMOD        ?C?FPDIV

  -------         MODULE        ?C?FTNPWR
  C:23BAH         PUBLIC        ?C?FTNPWR
  -------         ENDMOD        ?C?FTNPWR

  -------         MODULE        ?C?CLDPTR
  C:23FAH         PUBLIC        ?C?CLDPTR
  -------         ENDMOD        ?C?CLDPTR

  -------         MODULE        ?C?CLDOPTR
  C:2413H         PUBLIC        ?C?CLDOPTR
  -------         ENDMOD        ?C?CLDOPTR

  -------         MODULE        ?C?CILDOPTR
  C:2440H         PUBLIC        ?C?CILDOPTR
  -------         ENDMOD        ?C?CILDOPTR

  -------         MODULE        ?C?CSTPTR
  C:2473H         PUBLIC        ?C?CSTPTR
  -------         ENDMOD        ?C?CSTPTR

  -------         MODULE        ?C?IMUL
  C:2485H         PUBLIC        ?C?IMUL
  -------         ENDMOD        ?C?IMUL

  -------         MODULE        ?C?UIDIV
  C:2497H         PUBLIC        ?C?UIDIV
  -------         ENDMOD        ?C?UIDIV

  -------         MODULE        ?C?SIDIV
  C:24ECH         PUBLIC        ?C?SIDIV
  -------         ENDMOD        ?C?SIDIV

  -------         MODULE        ?C?IILDX
  C:2522H         PUBLIC        ?C?IILDX
  -------         ENDMOD        ?C?IILDX

  -------         MODULE        ?C?ILDIX
  C:2538H         PUBLIC        ?C?ILDIX
BL51 BANKED LINKER/LOCATER V6.22                                                      10/08/2015  12:00:38  PAGE 48


  -------         ENDMOD        ?C?ILDIX

  -------         MODULE        ?C?ULDIV
  C:258AH         PUBLIC        ?C?ULDIV
  -------         ENDMOD        ?C?ULDIV

  -------         MODULE        ?C?LNEG
  C:261CH         PUBLIC        ?C?LNEG
  -------         ENDMOD        ?C?LNEG

  -------         MODULE        ?C?ULCMP
  C:262AH         PUBLIC        ?C?ULCMP
  -------         ENDMOD        ?C?ULCMP

  -------         MODULE        ?C?LSTXDATA
  C:263BH         PUBLIC        ?C?LSTXDATA
  -------         ENDMOD        ?C?LSTXDATA

  -------         MODULE        ?C?LSTKXDATA
  C:2647H         PUBLIC        ?C?LSTKXDATA
  -------         ENDMOD        ?C?LSTKXDATA

  -------         MODULE        ?C?PLDIXDATA
  C:2678H         PUBLIC        ?C?PLDIXDATA
  -------         ENDMOD        ?C?PLDIXDATA

  -------         MODULE        ?C?PSTXDATA
  C:268FH         PUBLIC        ?C?PSTXDATA
  -------         ENDMOD        ?C?PSTXDATA

  -------         MODULE        ?C?CCASE
  C:2698H         PUBLIC        ?C?CCASE
  -------         ENDMOD        ?C?CCASE

  -------         MODULE        PUTCHAR
  C:494CH         PUBLIC        _PUTCHAR
  -------         ENDMOD        PUTCHAR

  -------         MODULE        CABS
  C:4AD8H         PUBLIC        _CABS
  -------         ENDMOD        CABS

  -------         MODULE        ?C?MEMSET
  C:26BEH         PUBLIC        ?C?MEMSET
  -------         ENDMOD        ?C?MEMSET

Program Size: data=39.1 xdata=432 code=19172
LINK/LOCATE RUN COMPLETE.  0 WARNING(S),  0 ERROR(S)
