BL51 BANKED LINKER/LOCATER V6.22                                                        10/30/2015  16:06:25  PAGE 1


BL51 BANKED LINKER/LOCATER V6.22, INVOKED BY:
D:\MYPROGRAM\KEIL\C51\BIN\BL51.EXE STARTUP.obj, perfect.obj, ..\8023.LIB TO perfect RAMSIZE (256) DISABLEWARNING (16)


MEMORY MODEL: LARGE WITH FLOATING POINT ARITHMETIC


INPUT MODULES INCLUDED:
  STARTUP.obj (?C_STARTUP)
  perfect.obj (PERFECT)
  ..\8023.LIB (8023)
  D:\MYPROGRAM\KEIL\C51\LIB\C51FPL.LIB (?C?FPMUL)
  D:\MYPROGRAM\KEIL\C51\LIB\C51FPL.LIB (?C?FCAST)
  D:\MYPROGRAM\KEIL\C51\LIB\C51FPL.LIB (?C?CASTF)
  D:\MYPROGRAM\KEIL\C51\LIB\C51FPL.LIB (PRINTF)
  D:\MYPROGRAM\KEIL\C51\LIB\C51FPL.LIB (?C?FPGETOPN)
  D:\MYPROGRAM\KEIL\C51\LIB\C51FPL.LIB (?C?FPROUND)
  D:\MYPROGRAM\KEIL\C51\LIB\C51FPL.LIB (?C?FPCONVERT)
  D:\MYPROGRAM\KEIL\C51\LIB\C51FPL.LIB (?C?FPADD)
  D:\MYPROGRAM\KEIL\C51\LIB\C51FPL.LIB (?C?FPDIV)
  D:\MYPROGRAM\KEIL\C51\LIB\C51FPL.LIB (?C?FTNPWR)
  D:\MYPROGRAM\KEIL\C51\LIB\C51L.LIB (?C_INIT)
  D:\MYPROGRAM\KEIL\C51\LIB\C51L.LIB (?C?COPY)
  D:\MYPROGRAM\KEIL\C51\LIB\C51L.LIB (?C?CLDPTR)
  D:\MYPROGRAM\KEIL\C51\LIB\C51L.LIB (?C?CLDOPTR)
  D:\MYPROGRAM\KEIL\C51\LIB\C51L.LIB (?C?CILDOPTR)
  D:\MYPROGRAM\KEIL\C51\LIB\C51L.LIB (?C?CSTPTR)
  D:\MYPROGRAM\KEIL\C51\LIB\C51L.LIB (?C?CSTOPTR)
  D:\MYPROGRAM\KEIL\C51\LIB\C51L.LIB (?C?IMUL)
  D:\MYPROGRAM\KEIL\C51\LIB\C51L.LIB (?C?UIDIV)
  D:\MYPROGRAM\KEIL\C51\LIB\C51L.LIB (?C?SIDIV)
  D:\MYPROGRAM\KEIL\C51\LIB\C51L.LIB (?C?IILDX)
  D:\MYPROGRAM\KEIL\C51\LIB\C51L.LIB (?C?ILDIX)
  D:\MYPROGRAM\KEIL\C51\LIB\C51L.LIB (?C?ULDIV)
  D:\MYPROGRAM\KEIL\C51\LIB\C51L.LIB (?C?LNEG)
  D:\MYPROGRAM\KEIL\C51\LIB\C51L.LIB (?C?ULCMP)
  D:\MYPROGRAM\KEIL\C51\LIB\C51L.LIB (?C?LSTXDATA)
  D:\MYPROGRAM\KEIL\C51\LIB\C51L.LIB (?C?LSTKXDATA)
  D:\MYPROGRAM\KEIL\C51\LIB\C51L.LIB (?C?OFFXADD)
  D:\MYPROGRAM\KEIL\C51\LIB\C51L.LIB (?C?PLDIXDATA)
  D:\MYPROGRAM\KEIL\C51\LIB\C51L.LIB (?C?PSTXDATA)
  D:\MYPROGRAM\KEIL\C51\LIB\C51L.LIB (?C?CCASE)
  D:\MYPROGRAM\KEIL\C51\LIB\C51L.LIB (PUTCHAR)
  D:\MYPROGRAM\KEIL\C51\LIB\C51L.LIB (CABS)
  D:\MYPROGRAM\KEIL\C51\LIB\C51L.LIB (?C?MEMSET)


LINK MAP OF MODULE:  perfect (?C_STARTUP)


            TYPE    BASE      LENGTH    RELOCATION   SEGMENT NAME
            -----------------------------------------------------

            * * * * * * *   D A T A   M E M O R Y   * * * * * * *
            REG     0000H     0008H     ABSOLUTE     "REG BANK 0"
            REG     0008H     0008H     ABSOLUTE     "REG BANK 1"
            DATA    0010H     000BH     UNIT         _DATA_GROUP_
            DATA    001BH     0005H     UNIT         ?DT?8023
BL51 BANKED LINKER/LOCATER V6.22                                                      10/30/2015  16:06:25  PAGE 2


            BIT     0020H.0   0001H.1   UNIT         _BIT_GROUP_
                    0021H.1   0000H.7                *** GAP ***
            DATA    0022H     0001H     UNIT         ?DT?_FUN_PYSJHZ?8023
            IDATA   0023H     0001H     UNIT         ?STACK

            * * * * * * *  X D A T A   M E M O R Y  * * * * * * *
            XDATA   0000H     0244H     UNIT         ?XD?8023
            XDATA   0244H     0061H     UNIT         ?XD?_FUN_ZDZJ?8023
            XDATA   02A5H     0032H     UNIT         _XDATA_GROUP_
            XDATA   02D7H     002EH     UNIT         ?XD?_FUN_FLSETTING?8023
            XDATA   0305H     002CH     UNIT         ?XD?_FUN_MIN?8023
            XDATA   0331H     0015H     UNIT         ?XD?_FUN_GETPUBLICY?8023
            XDATA   0346H     000EH     UNIT         ?XD?_FUN_PYSJHZ?8023
            XDATA   0354H     000DH     UNIT         ?XD?_FUN_SJHZ?8023
            XDATA   0361H     0009H     UNIT         ?XD?_FUN_NAJIAN?8023
            XDATA   036AH     0006H     UNIT         ?XD?_FUN_COORDINATE?8023
            XDATA   0370H     0005H     UNIT         ?XD?_FUN_FOLLINE?8023
            XDATA   0375H     0004H     UNIT         ?XD?FUN_CALIBRATION?8023
            XDATA   0379H     0003H     UNIT         ?XD?_FUN_QC?8023
            XDATA   037CH     0002H     UNIT         ?XD?_FUN_PYHZ?8023
            XDATA   037EH     0002H     UNIT         ?XD?_FUN_ZJZT?8023
            XDATA   0380H     0001H     UNIT         ?XD?_FUN_SZ?8023
            XDATA   0381H     0001H     UNIT         ?XD?_FUN_PY?8023
            XDATA   0382H     0001H     UNIT         ?XD?_FUN_SJ?8023
            XDATA   0383H     0001H     UNIT         ?XD?_FUN_HZ?8023
            XDATA   0384H     0001H     UNIT         ?XD?_FUN_TURN?8023

            * * * * * * *   C O D E   M E M O R Y   * * * * * * *
            CODE    0000H     0003H     ABSOLUTE     
            CODE    0003H     0003H     ABSOLUTE     
            CODE    0006H     0001H     UNIT         ?PR?INT0INTERRUPT?PERFECT
                    0007H     0004H                  *** GAP ***
            CODE    000BH     0003H     ABSOLUTE     
            CODE    000EH     000DH     UNIT         ?PR?FUN_STOPE2PROM?8023
            CODE    001BH     0003H     ABSOLUTE     
            CODE    001EH     10D0H     UNIT         ?PR?_FUN_ZDZJ?8023
            CODE    10EEH     0DFDH     UNIT         ?PR?_FUN_NAJIAN?8023
            CODE    1EEBH     0B95H     UNIT         ?PR?_FUN_RECORD?8023
            CODE    2A80H     0923H     UNIT         ?C?LIB_CODE
            CODE    33A3H     07E1H     UNIT         ?PR?_FUN_PBXY?8023
            CODE    3B84H     0557H     UNIT         ?PR?FUN_TIMERMOVE?8023
            CODE    40DBH     0483H     UNIT         ?PR?PRINTF?PRINTF
            CODE    455EH     044CH     UNIT         ?PR?_FUN_GETPUBLICY?8023
            CODE    49AAH     039AH     UNIT         ?PR?_FUN_PYSJHZ?8023
            CODE    4D44H     02C1H     UNIT         ?PR?_FUN_SJHZ?8023
            CODE    5005H     02B7H     UNIT         ?PR?_FUN_SETXY?8023
            CODE    52BCH     023EH     UNIT         ?PR?_FUN_MOTORS?8023
            CODE    54FAH     01DEH     UNIT         ?PR?_FUN_QC?8023
            CODE    56D8H     01B5H     UNIT         ?PR?FUN_CALIBRATION?8023
            CODE    588DH     01AEH     UNIT         ?PR?_FUN_MOTORSRL?8023
            CODE    5A3BH     01AAH     UNIT         ?PR?_FUN_FOLLINE?8023
            CODE    5BE5H     0183H     UNIT         ?PR?_FUN_ZJZT?8023
            CODE    5D68H     0175H     UNIT         ?PR?_FUN_XYMOVE?8023
            CODE    5EDDH     015EH     UNIT         ?PR?_FUN_HZ?8023
            CODE    603BH     015AH     UNIT         ?PR?_FUN_SJ?8023
            CODE    6195H     0147H     UNIT         ?PR?_FUN_PYHZ?8023
            CODE    62DCH     0137H     UNIT         ?PR?_FUN_PY?8023
BL51 BANKED LINKER/LOCATER V6.22                                                      10/30/2015  16:06:25  PAGE 3


            CODE    6413H     011CH     UNIT         ?PR?FUN_TEST?8023
            CODE    652FH     00CBH     UNIT         ?PR?FUN_ZHUAJIAN?8023
            CODE    65FAH     00C8H     UNIT         ?PR?_FUN_START?8023
            CODE    66C2H     00A4H     UNIT         ?PR?_FUN_GETXY?8023
            CODE    6766H     00A3H     UNIT         ?PR?FUN_JTJP?8023
            CODE    6809H     009BH     UNIT         ?PR?_FUN_GO?8023
            CODE    68A4H     008DH     UNIT         ?PR?MAIN?PERFECT
            CODE    6931H     008CH     UNIT         ?C_C51STARTUP
            CODE    69BDH     0083H     UNIT         ?PR?_FUN_FLSETTING?8023
            CODE    6A40H     007BH     UNIT         ?PR?_FUN_TURN?8023
            CODE    6ABBH     007BH     UNIT         ?PR?_FUN_MIN?8023
            CODE    6B36H     0075H     UNIT         ?PR?_FUN_DELAY?8023
            CODE    6BABH     0042H     UNIT         ?PR?_FUN_SZ?8023
            CODE    6BEDH     0042H     UNIT         ?PR?FUN_STOP?8023
            CODE    6C2FH     0032H     UNIT         ?PR?FUN_BACK?8023
            CODE    6C61H     002FH     UNIT         ?C_INITSEG
            CODE    6C90H     0027H     UNIT         ?PR?PUTCHAR?PUTCHAR
            CODE    6CB7H     0026H     UNIT         ?PR?FUN_TIMER0?8023
            CODE    6CDDH     0021H     UNIT         ?PR?_FUN_WRITEE2PROM?8023
            CODE    6CFEH     0020H     UNIT         ?PR?_FUN_READE2PROM?8023
            CODE    6D1EH     001DH     UNIT         ?PR?_FUN_CLEANE2PROM?8023
            CODE    6D3BH     001BH     UNIT         ?PR?TIMER0INTERRUPT?PERFECT
            CODE    6D56H     001BH     UNIT         ?PR?TIMER1INTERRUPT?PERFECT
            CODE    6D71H     001AH     UNIT         ?PR?FUN_WAIT?8023
            CODE    6D8BH     001AH     UNIT         ?PR?_FUN_PWMR?8023
            CODE    6DA5H     001AH     UNIT         ?PR?_FUN_PWML?8023
            CODE    6DBFH     0016H     UNIT         ?PR?FUN_TIMER0INIT?8023
            CODE    6DD5H     0016H     UNIT         ?PR?FUN_TIMER1INIT?8023
            CODE    6DEBH     0016H     UNIT         ?PR?FUN_ZBTFL?8023
            CODE    6E01H     0015H     UNIT         ?PR?FUN_MAINTFL?8023
            CODE    6E16H     0013H     UNIT         ?PR?FUN_PORT?8023
            CODE    6E29H     000CH     UNIT         ?PR?_FUN_COORDINATE?8023
            CODE    6E35H     000BH     UNIT         ?PR?FUN_PWMINIT?8023
            CODE    6E40H     0009H     UNIT         ?CO?8023
            CODE    6E49H     0008H     UNIT         ?PR?_CABS?CABS
            CODE    6E51H     0007H     UNIT         ?PR?FUN_TIMER1?8023



OVERLAY MAP OF MODULE:   perfect (?C_STARTUP)


SEGMENT                                BIT_GROUP          DATA_GROUP          XDATA_GROUP
  +--> CALLED SEGMENT               START    LENGTH     START    LENGTH     START    LENGTH
-------------------------------------------------------------------------------------------
?C_C51STARTUP                       -----    -----      -----    -----      -----    -----
  +--> ?PR?MAIN?PERFECT
  +--> ?C_INITSEG

?PR?MAIN?PERFECT                    -----    -----      -----    -----      -----    -----
  +--> ?PR?_FUN_START?8023
  +--> ?PR?_FUN_SETXY?8023
  +--> ?PR?_FUN_DELAY?8023
  +--> ?PR?_FUN_GO?8023
  +--> ?PR?FUN_ZBTFL?8023
  +--> ?PR?FUN_STOP?8023

BL51 BANKED LINKER/LOCATER V6.22                                                      10/30/2015  16:06:25  PAGE 4


?PR?_FUN_START?8023                 -----    -----      -----    -----      02A5H    0007H
  +--> ?PR?FUN_PORT?8023
  +--> ?PR?FUN_PWMINIT?8023
  +--> ?PR?FUN_TIMER0INIT?8023
  +--> ?PR?FUN_TIMER1INIT?8023
  +--> ?PR?_FUN_MOTORS?8023
  +--> ?PR?FUN_WAIT?8023

?PR?_FUN_MOTORS?8023                -----    -----      -----    -----      02ACH    0001H
  +--> ?PR?_CABS?CABS
  +--> ?PR?_FUN_PWML?8023
  +--> ?PR?_FUN_PWMR?8023

?PR?FUN_WAIT?8023                   -----    -----      -----    -----      -----    -----
  +--> ?PR?_FUN_DELAY?8023

?PR?_FUN_DELAY?8023                 -----    -----      0010H    0007H      -----    -----

?PR?_FUN_SETXY?8023                 -----    -----      -----    -----      02A5H    0019H
  +--> ?PR?_FUN_PBXY?8023

?PR?_FUN_PBXY?8023                  -----    -----      -----    -----      02BEH    0004H

?PR?_FUN_GO?8023                    -----    -----      -----    -----      -----    -----
  +--> ?PR?_FUN_GETXY?8023
  +--> ?PR?_FUN_RECORD?8023

?PR?_FUN_GETXY?8023                 -----    -----      -----    -----      02A5H    0001H

?PR?_FUN_RECORD?8023                -----    -----      -----    -----      02A5H    0006H
  +--> ?PR?_FUN_XYMOVE?8023

?PR?_FUN_XYMOVE?8023                -----    -----      -----    -----      02ABH    0001H

?PR?FUN_ZBTFL?8023                  -----    -----      -----    -----      -----    -----
  +--> ?PR?FUN_MAINTFL?8023

?PR?FUN_MAINTFL?8023                -----    -----      -----    -----      -----    -----
  +--> ?PR?_FUN_DELAY?8023
  +--> ?PR?FUN_JTJP?8023

?PR?FUN_JTJP?8023                   -----    -----      -----    -----      -----    -----
  +--> ?PR?_FUN_DELAY?8023
  +--> ?PR?_FUN_MOTORS?8023

?PR?FUN_STOP?8023                   -----    -----      -----    -----      -----    -----
  +--> ?PR?_FUN_MOTORS?8023
  +--> ?CO?8023
  +--> ?PR?PRINTF?PRINTF

?PR?PRINTF?PRINTF                   0020H.0  0001H.1    0010H    0005H      02A5H    0030H
  +--> ?PR?PUTCHAR?PUTCHAR

*** NEW ROOT ***************************************************

?PR?TIMER0INTERRUPT?PERFECT         -----    -----      -----    -----      -----    -----
  +--> ?PR?FUN_TIMER0?8023
BL51 BANKED LINKER/LOCATER V6.22                                                      10/30/2015  16:06:25  PAGE 5



?PR?FUN_TIMER0?8023                 -----    -----      -----    -----      -----    -----
  +--> ?PR?FUN_TIMERMOVE?8023

?PR?FUN_TIMERMOVE?8023              -----    -----      0017H    0004H      -----    -----
  +--> ?PR?_FUN_MOTORSRL?8023

?PR?_FUN_MOTORSRL?8023              -----    -----      -----    -----      02D5H    0002H
  +--> ?PR?_CABS?CABS
  +--> ?PR?_FUN_PWML?8023
  +--> ?PR?_FUN_PWMR?8023

*** NEW ROOT ***************************************************

?PR?TIMER1INTERRUPT?PERFECT         -----    -----      -----    -----      -----    -----
  +--> ?PR?FUN_TIMER1?8023



SYMBOL TABLE OF MODULE:  perfect (?C_STARTUP)

  VALUE           TYPE          NAME
  ----------------------------------

  -------         MODULE        ?C_STARTUP
  C:6931H         SEGMENT       ?C_C51STARTUP
  I:0023H         SEGMENT       ?STACK
  C:0000H         PUBLIC        ?C_STARTUP
  D:00E0H         SYMBOL        ACC
  D:00F0H         SYMBOL        B
  D:0083H         SYMBOL        DPH
  D:0082H         SYMBOL        DPL
  N:0000H         SYMBOL        IBPSTACK
  N:0100H         SYMBOL        IBPSTACKTOP
  N:0080H         SYMBOL        IDATALEN
  C:6934H         SYMBOL        IDATALOOP
  N:0000H         SYMBOL        PBPSTACK
  N:0100H         SYMBOL        PBPSTACKTOP
  N:0000H         SYMBOL        PDATALEN
  N:0000H         SYMBOL        PDATASTART
  N:0000H         SYMBOL        PPAGE
  N:0000H         SYMBOL        PPAGEENABLE
  D:00A0H         SYMBOL        PPAGE_SFR
  D:0081H         SYMBOL        SP
  C:6931H         SYMBOL        STARTUP1
  N:0000H         SYMBOL        XBPSTACK
  N:0000H         SYMBOL        XBPSTACKTOP
  N:0000H         SYMBOL        XDATALEN
  N:0000H         SYMBOL        XDATASTART
  C:0000H         LINE#         126
  C:6931H         LINE#         133
  C:6933H         LINE#         134
  C:6934H         LINE#         135
  C:6935H         LINE#         136
  C:6937H         LINE#         185
  C:693AH         LINE#         196
  -------         ENDMOD        ?C_STARTUP
BL51 BANKED LINKER/LOCATER V6.22                                                      10/30/2015  16:06:25  PAGE 6



  -------         MODULE        PERFECT
  C:0000H         SYMBOL        _ICE_DUMMY_
  D:0080H         PUBLIC        P0
  D:0090H         PUBLIC        P1
  D:00A0H         PUBLIC        P2
  D:00B0H         PUBLIC        P3
  D:00C0H         PUBLIC        P4
  D:00C8H         PUBLIC        P5
  C:6D3BH         PUBLIC        Timer0Interrupt
  C:6D56H         PUBLIC        Timer1Interrupt
  D:00A8H         PUBLIC        IE
  D:00B8H         PUBLIC        IP
  D:00D8H         PUBLIC        CCON
  C:68A4H         PUBLIC        main
  C:0006H         PUBLIC        Int0Interrupt
  D:0098H         PUBLIC        SCON
  D:0088H         PUBLIC        TCON
  D:00D0H         PUBLIC        PSW
  -------         PROC          MAIN
  C:68A4H         LINE#         3
  C:68A4H         LINE#         4
  C:68BEH         LINE#         12
  C:691DH         LINE#         19
  C:6926H         LINE#         20
  C:692BH         LINE#         21
  C:692EH         LINE#         23
  -------         ENDPROC       MAIN
  -------         PROC          INT0INTERRUPT
  C:0006H         LINE#         25
  C:0006H         LINE#         27
  -------         ENDPROC       INT0INTERRUPT
  -------         PROC          TIMER0INTERRUPT
  C:6D3BH         LINE#         28
  C:6D48H         LINE#         29
  C:6D4BH         LINE#         30
  -------         ENDPROC       TIMER0INTERRUPT
  -------         PROC          TIMER1INTERRUPT
  C:6D56H         LINE#         31
  C:6D63H         LINE#         32
  C:6D66H         LINE#         33
  -------         ENDPROC       TIMER1INTERRUPT
  -------         ENDMOD        PERFECT

  -------         MODULE        8023
  C:0000H         SYMBOL        _ICE_DUMMY_
  D:0092H         PUBLIC        P1M0
  D:0093H         PUBLIC        P0M1
  C:5BEAH         PUBLIC        _fun_zjzt
  C:54FAH         PUBLIC        _fun_qc
  C:6CB7H         PUBLIC        fun_timer0
  D:0096H         PUBLIC        P2M0
  D:0091H         PUBLIC        P1M1
  D:0080H         PUBLIC        P0
  C:6E51H         PUBLIC        fun_timer1
  D:0095H         PUBLIC        P2M1
  D:0090H         PUBLIC        P1
BL51 BANKED LINKER/LOCATER V6.22                                                      10/30/2015  16:06:25  PAGE 7


  C:6809H         PUBLIC        _fun_go
  C:69BDH         PUBLIC        _fun_flsetting
  D:00A0H         PUBLIC        P2
  X:0000H         PUBLIC        str_tfl
  B:0090H.2       PUBLIC        out_pwmr
  D:00B0H         PUBLIC        P3
  D:00C0H         PUBLIC        P4
  D:00C8H         PUBLIC        P5
  B:00A8H.7       PUBLIC        EA
  C:603BH         PUBLIC        _fun_sj
  C:3B84H         PUBLIC        fun_timermove
  C:652FH         PUBLIC        fun_zhuajian
  C:6D1EH         PUBLIC        _fun_cleane2prom
  B:00B0H.6       PUBLIC        in_hpy
  D:00F9H         PUBLIC        CH
  C:5EDDH         PUBLIC        _fun_hz
  D:00A8H         PUBLIC        IE
  D:00E9H         PUBLIC        CL
  D:00C5H         PUBLIC        IAP_CMD
  X:004CH         PUBLIC        str_now
  D:00FAH         PUBLIC        CCAP0H
  D:00FBH         PUBLIC        CCAP1H
  B:00B0H.5       PUBLIC        in_qpy
  C:62DCH         PUBLIC        _fun_py
  D:00EAH         PUBLIC        CCAP0L
  B:00D8H.6       PUBLIC        CR
  D:00EBH         PUBLIC        CCAP1L
  D:00DAH         PUBLIC        CCAPM0
  D:00DBH         PUBLIC        CCAPM1
  C:5A3BH         PUBLIC        _fun_folline
  C:6BABH         PUBLIC        _fun_sz
  D:00B8H         PUBLIC        IP
  C:6E01H         PUBLIC        fun_maintfl
  B:00A0H.5       PUBLIC        in_hz
  B:0098H.1       PUBLIC        TI
  D:0097H         PUBLIC        CLK_DIV
  C:10EEH         PUBLIC        _fun_najian
  D:00C3H         PUBLIC        IAP_ADDRH
  B:00B0H.4       PUBLIC        in_j
  C:6CFEH         PUBLIC        _fun_reade2prom
  D:00C4H         PUBLIC        IAP_ADDRL
  D:00D9H         PUBLIC        CMOD
  D:00D8H         PUBLIC        CCON
  B:00B0H.3       PUBLIC        in_s
  B:00A0H.0       PUBLIC        out_dir1
  B:00A0H.2       PUBLIC        out_dir2
  C:1EEBH         PUBLIC        _fun_record
  D:0087H         PUBLIC        PCON
  C:6CDDH         PUBLIC        _fun_writee2prom
  C:589FH         PUBLIC        _fun_motorsrl
  D:0098H         PUBLIC        SCON
  D:0089H         PUBLIC        TMOD
  D:0088H         PUBLIC        TCON
  C:6DBFH         PUBLIC        fun_timer0init
  C:6E35H         PUBLIC        fun_pwminit
  C:6DD5H         PUBLIC        fun_timer1init
  C:56D8H         PUBLIC        fun_calibration
BL51 BANKED LINKER/LOCATER V6.22                                                      10/30/2015  16:06:25  PAGE 8


  C:6B3CH         PUBLIC        _fun_delay
  C:6C2FH         PUBLIC        fun_back
  B:00A0H.1       PUBLIC        out_en1
  B:00A0H.3       PUBLIC        out_en2
  D:008EH         PUBLIC        AUXR
  X:0059H         PUBLIC        str_begin
  D:00C7H         PUBLIC        IAP_CONTR
  B:0080H.7       PUBLIC        in_ls1
  B:00A8H.1       PUBLIC        ET0
  B:0080H.6       PUBLIC        in_ls2
  B:0088H.5       PUBLIC        TF0
  B:00A8H.3       PUBLIC        ET1
  B:0080H.5       PUBLIC        in_ls3
  B:0088H.7       PUBLIC        TF1
  B:0080H.4       PUBLIC        in_ls4
  D:008CH         PUBLIC        TH0
  C:000EH         PUBLIC        fun_stope2prom
  B:0080H.3       PUBLIC        in_ls5
  D:008DH         PUBLIC        TH1
  B:0080H.2       PUBLIC        in_ls6
  D:001CH         PUBLIC        var_timer
  B:0080H.1       PUBLIC        in_ls7
  C:6DEBH         PUBLIC        fun_zbtfl
  B:0080H.0       PUBLIC        in_ls8
  D:008AH         PUBLIC        TL0
  D:008BH         PUBLIC        TL1
  C:52C5H         PUBLIC        _fun_motors
  B:0090H.6       PUBLIC        out_switchselect
  D:00C2H         PUBLIC        IAP_DATA
  B:0088H.4       PUBLIC        TR0
  C:5D6CH         PUBLIC        _fun_xymove
  C:49AAH         PUBLIC        _fun_pysjhz
  B:0088H.6       PUBLIC        TR1
  C:6E29H         PUBLIC        _fun_coordinate
  D:00F2H         PUBLIC        PCA_PWM0
  B:00A0H.4       PUBLIC        in_wz1
  D:00F3H         PUBLIC        PCA_PWM1
  C:65FAH         PUBLIC        _fun_start
  B:00A0H.5       PUBLIC        in_wz2
  B:00A0H.6       PUBLIC        in_wz3
  B:00A0H.7       PUBLIC        in_wz4
  C:66C2H         PUBLIC        _fun_getxy
  B:00A0H.4       PUBLIC        in_wz5
  C:6D71H         PUBLIC        fun_wait
  C:6766H         PUBLIC        fun_jtjp
  D:009CH         PUBLIC        BRT
  B:00B0H.2       PUBLIC        in_start
  C:455EH         PUBLIC        _fun_getpublicy
  C:5005H         PUBLIC        _fun_setxy
  X:0066H         PUBLIC        str_zbfl
  C:4D44H         PUBLIC        _fun_sjhz
  C:6413H         PUBLIC        fun_test
  C:6DA5H         PUBLIC        _fun_pwml
  C:001EH         PUBLIC        _fun_zdzj
  C:33ACH         PUBLIC        _fun_pbxy
  C:6AFCH         PUBLIC        _fun_min
  C:6E16H         PUBLIC        fun_port
BL51 BANKED LINKER/LOCATER V6.22                                                      10/30/2015  16:06:25  PAGE 9


  X:0210H         PUBLIC        str_cod
  D:00C6H         PUBLIC        IAP_TRIG
  C:6BEDH         PUBLIC        fun_stop
  C:6D8BH         PUBLIC        _fun_pwmr
  B:0090H.7       PUBLIC        out_motorselect
  C:6A40H         PUBLIC        _fun_turn
  C:6199H         PUBLIC        _fun_pyhz
  D:00D0H         PUBLIC        PSW
  X:0237H         PUBLIC        str_next
  B:0090H.5       PUBLIC        out_pwml
  D:0094H         PUBLIC        P0M0
  C:6B36H         SYMBOL        L?1508
  C:6B38H         SYMBOL        L?1509
  -------         PROC          L?1507
  -------         ENDPROC       L?1507
  C:6B36H         SYMBOL        L?1508
  C:6B38H         SYMBOL        L?1509
  -------         PROC          _FUN_DELAY
  D:0006H         SYMBOL        par_value
  D:0005H         SYMBOL        par_model
  -------         DO            
  D:0015H         SYMBOL        loc_con
  -------         DO            
  D:0010H         SYMBOL        loc_i
  D:0011H         SYMBOL        loc_j
  D:0012H         SYMBOL        loc_i
  D:0013H         SYMBOL        loc_j
  D:0014H         SYMBOL        loc_k
  -------         ENDDO         
  -------         DO            
  D:0012H         SYMBOL        loc_i
  D:0013H         SYMBOL        loc_j
  D:0014H         SYMBOL        loc_k
  -------         ENDDO         
  -------         ENDDO         
  C:6B3CH         LINE#         32
  C:6B3CH         LINE#         33
  C:6B40H         LINE#         34
  C:6B4CH         LINE#         35
  C:6B4CH         LINE#         36
  C:6B5EH         LINE#         37
  C:6B5FH         LINE#         38
  C:6B60H         LINE#         39
  C:6B62H         LINE#         41
  C:6B62H         LINE#         42
  C:6B74H         LINE#         44
  C:6B75H         LINE#         45
  C:6B76H         LINE#         46
  C:6B79H         LINE#         47
  C:6B7CH         LINE#         48
  C:6B7CH         LINE#         49
  C:6B7FH         LINE#         50
  C:6B82H         LINE#         51
  C:6B84H         LINE#         53
  C:6B84H         LINE#         54
  C:6B96H         LINE#         56
  C:6B99H         LINE#         57
BL51 BANKED LINKER/LOCATER V6.22                                                      10/30/2015  16:06:25  PAGE 10


  C:6B9CH         LINE#         58
  C:6B9FH         LINE#         59
  C:6B9FH         LINE#         60
  C:6B9FH         LINE#         61
  C:6BA2H         LINE#         62
  C:6BA5H         LINE#         63
  C:6BA8H         LINE#         64
  C:6BAAH         LINE#         66
  C:6BAAH         LINE#         67
  C:6BAAH         LINE#         68
  -------         ENDPROC       _FUN_DELAY
  -------         PROC          FUN_TIMER0INIT
  C:6DBFH         LINE#         69
  C:6DBFH         LINE#         70
  C:6DC2H         LINE#         71
  C:6DC5H         LINE#         72
  C:6DC8H         LINE#         73
  C:6DCBH         LINE#         74
  C:6DCEH         LINE#         75
  C:6DD0H         LINE#         76
  C:6DD2H         LINE#         77
  C:6DD4H         LINE#         78
  -------         ENDPROC       FUN_TIMER0INIT
  -------         PROC          FUN_TIMER1INIT
  C:6DD5H         LINE#         79
  C:6DD5H         LINE#         80
  C:6DD8H         LINE#         81
  C:6DDBH         LINE#         82
  C:6DDEH         LINE#         83
  C:6DE1H         LINE#         84
  C:6DE4H         LINE#         85
  C:6DE6H         LINE#         86
  C:6DE8H         LINE#         87
  C:6DEAH         LINE#         88
  -------         ENDPROC       FUN_TIMER1INIT
  -------         PROC          FUN_TIMER0
  C:6CB7H         LINE#         89
  C:6CB7H         LINE#         90
  C:6CBAH         LINE#         91
  C:6CBDH         LINE#         92
  C:6CD2H         LINE#         93
  C:6CD9H         LINE#         94
  C:6CDCH         LINE#         95
  -------         ENDPROC       FUN_TIMER0
  -------         PROC          FUN_TIMER1
  C:6E51H         LINE#         96
  C:6E51H         LINE#         97
  C:6E54H         LINE#         98
  C:6E57H         LINE#         99
  -------         ENDPROC       FUN_TIMER1
  -------         PROC          FUN_WAIT
  C:6D71H         LINE#         100
  C:6D71H         LINE#         101
  C:6D73H         LINE#         106
  C:6D76H         LINE#         107
  C:6D7FH         LINE#         108
  C:6D82H         LINE#         109
BL51 BANKED LINKER/LOCATER V6.22                                                      10/30/2015  16:06:25  PAGE 11


  -------         ENDPROC       FUN_WAIT
  -------         PROC          FUN_PWMINIT
  C:6E35H         LINE#         112
  C:6E35H         LINE#         113
  C:6E38H         LINE#         114
  C:6E3AH         LINE#         115
  C:6E3CH         LINE#         116
  C:6E3FH         LINE#         117
  -------         ENDPROC       FUN_PWMINIT
  -------         PROC          _FUN_PWMR
  D:0007H         SYMBOL        par_value
  C:6D8BH         LINE#         118
  C:6D8BH         LINE#         119
  C:6D9EH         LINE#         120
  C:6DA1H         LINE#         121
  C:6DA4H         LINE#         122
  -------         ENDPROC       _FUN_PWMR
  -------         PROC          _FUN_PWML
  D:0007H         SYMBOL        par_value
  C:6DA5H         LINE#         123
  C:6DA5H         LINE#         124
  C:6DB8H         LINE#         125
  C:6DBBH         LINE#         126
  C:6DBEH         LINE#         127
  -------         ENDPROC       _FUN_PWML
  -------         PROC          L?1516
  -------         ENDPROC       L?1516
  -------         PROC          _FUN_MOTORS
  D:0007H         SYMBOL        par_model
  X:02ACH         SYMBOL        par_speed
  C:52C5H         LINE#         128
  C:52CAH         LINE#         129
  C:52D1H         LINE#         130
  C:52D6H         LINE#         131
  C:52E1H         LINE#         132
  C:52E4H         LINE#         133
  C:5312H         LINE#         134
  C:5312H         LINE#         135
  C:531FH         LINE#         138
  C:5324H         LINE#         139
  C:532BH         LINE#         140
  C:532BH         LINE#         141
  C:532EH         LINE#         142
  C:5336H         LINE#         143
  C:533CH         LINE#         144
  C:533FH         LINE#         145
  C:534EH         LINE#         146
  C:5358H         LINE#         147
  C:5358H         LINE#         148
  C:5359H         LINE#         149
  C:5359H         LINE#         150
  C:5366H         LINE#         153
  C:536BH         LINE#         154
  C:5372H         LINE#         155
  C:5372H         LINE#         156
  C:5374H         LINE#         157
  C:537CH         LINE#         158
BL51 BANKED LINKER/LOCATER V6.22                                                      10/30/2015  16:06:25  PAGE 12


  C:5382H         LINE#         159
  C:5384H         LINE#         160
  C:5393H         LINE#         161
  C:5395H         LINE#         162
  C:5395H         LINE#         163
  C:5397H         LINE#         164
  C:5397H         LINE#         165
  C:53A9H         LINE#         168
  C:53B2H         LINE#         169
  C:53B9H         LINE#         170
  C:53BBH         LINE#         171
  C:53C1H         LINE#         172
  C:53C8H         LINE#         173
  C:53C9H         LINE#         174
  C:53D1H         LINE#         175
  C:53D3H         LINE#         176
  C:53DDH         LINE#         177
  C:53E4H         LINE#         178
  C:53E5H         LINE#         179
  C:53F4H         LINE#         180
  C:53F6H         LINE#         181
  C:53FEH         LINE#         182
  C:540BH         LINE#         183
  C:540BH         LINE#         184
  C:540CH         LINE#         185
  C:540CH         LINE#         186
  C:5419H         LINE#         189
  C:541EH         LINE#         190
  C:5425H         LINE#         191
  C:5427H         LINE#         192
  C:5429H         LINE#         193
  C:5431H         LINE#         194
  C:5433H         LINE#         195
  C:5436H         LINE#         196
  C:5441H         LINE#         197
  C:5443H         LINE#         198
  C:5443H         LINE#         199
  C:5445H         LINE#         200
  C:5445H         LINE#         201
  C:5452H         LINE#         204
  C:5457H         LINE#         205
  C:545EH         LINE#         206
  C:5460H         LINE#         207
  C:5462H         LINE#         208
  C:546AH         LINE#         209
  C:546CH         LINE#         210
  C:546FH         LINE#         211
  C:547AH         LINE#         212
  C:547CH         LINE#         213
  C:547CH         LINE#         214
  C:547EH         LINE#         215
  C:547EH         LINE#         216
  C:548BH         LINE#         219
  C:5490H         LINE#         220
  C:5497H         LINE#         221
  C:549DH         LINE#         222
  C:549EH         LINE#         223
BL51 BANKED LINKER/LOCATER V6.22                                                      10/30/2015  16:06:25  PAGE 13


  C:54A6H         LINE#         224
  C:54ACH         LINE#         225
  C:54ADH         LINE#         226
  C:54B5H         LINE#         227
  C:54BBH         LINE#         228
  C:54BBH         LINE#         229
  C:54BCH         LINE#         230
  C:54BCH         LINE#         231
  C:54C9H         LINE#         234
  C:54CEH         LINE#         235
  C:54D5H         LINE#         236
  C:54DBH         LINE#         237
  C:54DCH         LINE#         238
  C:54E4H         LINE#         239
  C:54EAH         LINE#         240
  C:54EBH         LINE#         241
  C:54F3H         LINE#         242
  C:54F9H         LINE#         243
  C:54F9H         LINE#         244
  C:54F9H         LINE#         245
  C:54F9H         LINE#         246
  C:54F9H         LINE#         247
  C:54F9H         LINE#         248
  -------         ENDPROC       _FUN_MOTORS
  -------         PROC          L?1515
  -------         ENDPROC       L?1515
  -------         PROC          _FUN_MOTORSRL
  D:0007H         SYMBOL        par_model
  X:02D5H         SYMBOL        par_speed
  C:589FH         LINE#         249
  C:58A7H         LINE#         250
  C:58B1H         LINE#         251
  C:58BCH         LINE#         252
  C:58CDH         LINE#         253
  C:58D4H         LINE#         254
  C:58E6H         LINE#         255
  C:58E6H         LINE#         256
  C:58FFH         LINE#         259
  C:5904H         LINE#         260
  C:590FH         LINE#         261
  C:590FH         LINE#         262
  C:5912H         LINE#         263
  C:591DH         LINE#         264
  C:5924H         LINE#         265
  C:5927H         LINE#         266
  C:593AH         LINE#         267
  C:5944H         LINE#         268
  C:5944H         LINE#         269
  C:5945H         LINE#         270
  C:5945H         LINE#         271
  C:595EH         LINE#         274
  C:5963H         LINE#         275
  C:596EH         LINE#         276
  C:596EH         LINE#         277
  C:5971H         LINE#         278
  C:597CH         LINE#         279
  C:5983H         LINE#         280
BL51 BANKED LINKER/LOCATER V6.22                                                      10/30/2015  16:06:25  PAGE 14


  C:5986H         LINE#         281
  C:5999H         LINE#         282
  C:599BH         LINE#         283
  C:599BH         LINE#         284
  C:599EH         LINE#         285
  C:599EH         LINE#         286
  C:59C8H         LINE#         289
  C:59D3H         LINE#         290
  C:59DEH         LINE#         291
  C:59E0H         LINE#         292
  C:59E6H         LINE#         293
  C:59EDH         LINE#         294
  C:59EEH         LINE#         295
  C:59F9H         LINE#         296
  C:59FBH         LINE#         297
  C:5A06H         LINE#         298
  C:5A11H         LINE#         299
  C:5A12H         LINE#         300
  C:5A22H         LINE#         301
  C:5A24H         LINE#         302
  C:5A2CH         LINE#         303
  C:5A3AH         LINE#         304
  C:5A3AH         LINE#         305
  C:5A3AH         LINE#         306
  C:5A3AH         LINE#         307
  C:5A3AH         LINE#         308
  C:5A3AH         LINE#         309
  -------         ENDPROC       _FUN_MOTORSRL
  -------         PROC          _FUN_SZ
  X:0380H         SYMBOL        par_model
  C:6BABH         LINE#         310
  C:6BB0H         LINE#         311
  C:6BB7H         LINE#         313
  C:6BBEH         LINE#         317
  C:6BC5H         LINE#         318
  C:6BCAH         LINE#         321
  C:6BCAH         LINE#         325
  C:6BD1H         LINE#         326
  C:6BD4H         LINE#         328
  C:6BD4H         LINE#         329
  C:6BDDH         LINE#         330
  C:6BE4H         LINE#         331
  C:6BECH         LINE#         332
  -------         ENDPROC       _FUN_SZ
  -------         PROC          _FUN_PY
  X:0381H         SYMBOL        par_model
  C:62DCH         LINE#         333
  C:62E1H         LINE#         334
  C:62EBH         LINE#         336
  C:6309H         LINE#         337
  C:6309H         LINE#         341
  C:6310H         LINE#         342
  C:6313H         LINE#         343
  C:6313H         LINE#         345
  C:6316H         LINE#         346
  C:6316H         LINE#         350
  C:632BH         LINE#         351
BL51 BANKED LINKER/LOCATER V6.22                                                      10/30/2015  16:06:25  PAGE 15


  C:632BH         LINE#         352
  C:6332H         LINE#         353
  C:6335H         LINE#         354
  C:6338H         LINE#         355
  C:6338H         LINE#         356
  C:633FH         LINE#         357
  C:6342H         LINE#         358
  C:6345H         LINE#         359
  C:6345H         LINE#         360
  C:634CH         LINE#         361
  C:634FH         LINE#         362
  C:6352H         LINE#         363
  C:6352H         LINE#         364
  C:6359H         LINE#         365
  C:635CH         LINE#         366
  C:635FH         LINE#         367
  C:635FH         LINE#         369
  C:635FH         LINE#         370
  C:635FH         LINE#         374
  C:6375H         LINE#         375
  C:6375H         LINE#         376
  C:637CH         LINE#         377
  C:637FH         LINE#         378
  C:6381H         LINE#         379
  C:6381H         LINE#         380
  C:6388H         LINE#         381
  C:638BH         LINE#         382
  C:638DH         LINE#         383
  C:638DH         LINE#         384
  C:6394H         LINE#         385
  C:6397H         LINE#         386
  C:6399H         LINE#         387
  C:6399H         LINE#         388
  C:63A0H         LINE#         389
  C:63A3H         LINE#         390
  C:63A5H         LINE#         391
  C:63A5H         LINE#         393
  C:63A5H         LINE#         394
  C:63A5H         LINE#         398
  C:63B8H         LINE#         399
  C:63B8H         LINE#         400
  C:63BFH         LINE#         401
  C:63C2H         LINE#         402
  C:63C4H         LINE#         403
  C:63C4H         LINE#         404
  C:63CBH         LINE#         405
  C:63CEH         LINE#         406
  C:63D0H         LINE#         407
  C:63D0H         LINE#         408
  C:63D7H         LINE#         409
  C:63DAH         LINE#         410
  C:63DCH         LINE#         411
  C:63DCH         LINE#         412
  C:63E3H         LINE#         413
  C:63EBH         LINE#         414
  C:63EDH         LINE#         415
  C:63EDH         LINE#         417
BL51 BANKED LINKER/LOCATER V6.22                                                      10/30/2015  16:06:25  PAGE 16


  C:63EDH         LINE#         418
  C:63EDH         LINE#         422
  C:63F4H         LINE#         423
  C:63F7H         LINE#         424
  C:6403H         LINE#         426
  C:6403H         LINE#         427
  C:6403H         LINE#         428
  C:6403H         LINE#         429
  C:6403H         LINE#         430
  C:640AH         LINE#         431
  C:6412H         LINE#         432
  -------         ENDPROC       _FUN_PY
  -------         PROC          _FUN_SJ
  X:0382H         SYMBOL        par_model
  C:603BH         LINE#         433
  C:6040H         LINE#         434
  C:604AH         LINE#         436
  C:604CH         LINE#         437
  C:6083H         LINE#         438
  C:6083H         LINE#         442
  C:608AH         LINE#         443
  C:608CH         LINE#         444
  C:608FH         LINE#         445
  C:608FH         LINE#         447
  C:6092H         LINE#         448
  C:6092H         LINE#         452
  C:609FH         LINE#         453
  C:60A1H         LINE#         454
  C:60A1H         LINE#         455
  C:60A4H         LINE#         456
  C:60A4H         LINE#         457
  C:60A9H         LINE#         458
  C:60ABH         LINE#         459
  C:60ABH         LINE#         460
  C:60ABH         LINE#         462
  C:60AEH         LINE#         463
  C:60AEH         LINE#         467
  C:60C6H         LINE#         468
  C:60C8H         LINE#         469
  C:60CBH         LINE#         470
  C:60CBH         LINE#         472
  C:60CEH         LINE#         473
  C:60CEH         LINE#         477
  C:60DBH         LINE#         478
  C:60E0H         LINE#         479
  C:60E2H         LINE#         480
  C:60E2H         LINE#         481
  C:60E4H         LINE#         482
  C:60E4H         LINE#         483
  C:60E9H         LINE#         484
  C:60EBH         LINE#         485
  C:60EBH         LINE#         486
  C:60EBH         LINE#         488
  C:60EDH         LINE#         489
  C:60EDH         LINE#         493
  C:6105H         LINE#         494
  C:6107H         LINE#         495
BL51 BANKED LINKER/LOCATER V6.22                                                      10/30/2015  16:06:25  PAGE 17


  C:610AH         LINE#         496
  C:610AH         LINE#         498
  C:610CH         LINE#         499
  C:610CH         LINE#         503
  C:6119H         LINE#         504
  C:611EH         LINE#         505
  C:6120H         LINE#         506
  C:6120H         LINE#         507
  C:6122H         LINE#         508
  C:6122H         LINE#         509
  C:6127H         LINE#         510
  C:6129H         LINE#         511
  C:6129H         LINE#         512
  C:6129H         LINE#         514
  C:612BH         LINE#         515
  C:612BH         LINE#         519
  C:6143H         LINE#         520
  C:6145H         LINE#         521
  C:6148H         LINE#         522
  C:6148H         LINE#         524
  C:614AH         LINE#         525
  C:614AH         LINE#         529
  C:6157H         LINE#         530
  C:615CH         LINE#         531
  C:615EH         LINE#         532
  C:615EH         LINE#         533
  C:6160H         LINE#         534
  C:6160H         LINE#         535
  C:6167H         LINE#         536
  C:616AH         LINE#         537
  C:616AH         LINE#         539
  C:616CH         LINE#         540
  C:616CH         LINE#         544
  C:6173H         LINE#         545
  C:6175H         LINE#         546
  C:6178H         LINE#         547
  C:6185H         LINE#         549
  C:6185H         LINE#         550
  C:6185H         LINE#         551
  C:6185H         LINE#         552
  C:6185H         LINE#         553
  C:618CH         LINE#         554
  C:6194H         LINE#         555
  -------         ENDPROC       _FUN_SJ
  -------         PROC          _FUN_HZ
  X:0383H         SYMBOL        par_model
  C:5EDDH         LINE#         556
  C:5EE2H         LINE#         557
  C:5EEDH         LINE#         559
  C:5EEFH         LINE#         560
  C:5F0AH         LINE#         561
  C:5F0AH         LINE#         565
  C:5F19H         LINE#         566
  C:5F19H         LINE#         567
  C:5F20H         LINE#         568
  C:5F23H         LINE#         569
  C:5F26H         LINE#         570
BL51 BANKED LINKER/LOCATER V6.22                                                      10/30/2015  16:06:25  PAGE 18


  C:5F29H         LINE#         571
  C:5F2CH         LINE#         572
  C:5F2CH         LINE#         573
  C:5F2FH         LINE#         574
  C:5F2FH         LINE#         575
  C:5F36H         LINE#         576
  C:5F39H         LINE#         577
  C:5F3CH         LINE#         578
  C:5F3CH         LINE#         579
  C:5F3FH         LINE#         580
  C:5F3FH         LINE#         581
  C:5F46H         LINE#         582
  C:5F49H         LINE#         583
  C:5F4CH         LINE#         584
  C:5F4CH         LINE#         585
  C:5F4FH         LINE#         586
  C:5F4FH         LINE#         587
  C:5F4FH         LINE#         588
  C:5F4FH         LINE#         590
  C:5F4FH         LINE#         591
  C:5F4FH         LINE#         595
  C:5F61H         LINE#         596
  C:5F61H         LINE#         597
  C:5F68H         LINE#         598
  C:5F6BH         LINE#         599
  C:5F6EH         LINE#         600
  C:5F71H         LINE#         601
  C:5F74H         LINE#         602
  C:5F74H         LINE#         603
  C:5F77H         LINE#         604
  C:5F77H         LINE#         605
  C:5F7EH         LINE#         606
  C:5F81H         LINE#         607
  C:5F84H         LINE#         608
  C:5F84H         LINE#         609
  C:5F87H         LINE#         610
  C:5F87H         LINE#         611
  C:5F8EH         LINE#         612
  C:5F91H         LINE#         613
  C:5F94H         LINE#         614
  C:5F94H         LINE#         615
  C:5F97H         LINE#         616
  C:5F97H         LINE#         617
  C:5F97H         LINE#         618
  C:5F97H         LINE#         620
  C:5F97H         LINE#         621
  C:5F97H         LINE#         625
  C:5FAAH         LINE#         626
  C:5FAAH         LINE#         627
  C:5FB1H         LINE#         628
  C:5FB4H         LINE#         629
  C:5FB7H         LINE#         630
  C:5FB7H         LINE#         631
  C:5FBAH         LINE#         632
  C:5FBAH         LINE#         633
  C:5FC1H         LINE#         634
  C:5FC4H         LINE#         635
BL51 BANKED LINKER/LOCATER V6.22                                                      10/30/2015  16:06:25  PAGE 19


  C:5FC7H         LINE#         636
  C:5FC7H         LINE#         637
  C:5FC9H         LINE#         638
  C:5FC9H         LINE#         639
  C:5FD0H         LINE#         640
  C:5FD3H         LINE#         641
  C:5FD6H         LINE#         642
  C:5FD9H         LINE#         643
  C:5FDCH         LINE#         644
  C:5FDCH         LINE#         645
  C:5FDEH         LINE#         646
  C:5FDEH         LINE#         647
  C:5FDEH         LINE#         648
  C:5FDEH         LINE#         650
  C:5FDEH         LINE#         651
  C:5FDEH         LINE#         655
  C:5FEDH         LINE#         656
  C:5FEDH         LINE#         657
  C:5FF4H         LINE#         658
  C:5FF7H         LINE#         659
  C:5FFAH         LINE#         660
  C:5FFAH         LINE#         661
  C:5FFCH         LINE#         662
  C:5FFCH         LINE#         663
  C:6003H         LINE#         664
  C:6006H         LINE#         665
  C:6009H         LINE#         666
  C:6009H         LINE#         667
  C:600BH         LINE#         668
  C:600BH         LINE#         669
  C:6012H         LINE#         670
  C:6015H         LINE#         671
  C:6018H         LINE#         672
  C:601BH         LINE#         673
  C:601EH         LINE#         674
  C:602BH         LINE#         675
  C:602BH         LINE#         676
  C:602BH         LINE#         677
  C:602BH         LINE#         678
  C:602BH         LINE#         680
  C:602BH         LINE#         681
  C:602BH         LINE#         682
  C:602BH         LINE#         683
  C:602BH         LINE#         684
  C:6032H         LINE#         685
  C:603AH         LINE#         686
  -------         ENDPROC       _FUN_HZ
  C:6195H         SYMBOL        L?1523
  -------         PROC          L?1522
  -------         ENDPROC       L?1522
  C:6195H         SYMBOL        L?1523
  -------         PROC          _FUN_PYHZ
  X:037CH         SYMBOL        par_pymodel
  X:037DH         SYMBOL        par_hzmodel
  C:6199H         LINE#         687
  C:61A1H         LINE#         688
  C:61AFH         LINE#         689
BL51 BANKED LINKER/LOCATER V6.22                                                      10/30/2015  16:06:25  PAGE 20


  C:61AFH         LINE#         690
  C:61BEH         LINE#         691
  C:61BEH         LINE#         692
  C:61BEH         LINE#         693
  C:61C0H         LINE#         694
  C:61C0H         LINE#         695
  C:61C0H         LINE#         696
  C:61C2H         LINE#         697
  C:61C2H         LINE#         698
  C:61C2H         LINE#         699
  C:61C4H         LINE#         700
  C:61C4H         LINE#         701
  C:61C4H         LINE#         702
  C:61C4H         LINE#         703
  C:61C4H         LINE#         704
  C:61C4H         LINE#         705
  C:61D2H         LINE#         706
  C:61D2H         LINE#         707
  C:61D2H         LINE#         708
  C:61D4H         LINE#         709
  C:61D4H         LINE#         710
  C:61D4H         LINE#         711
  C:61D6H         LINE#         712
  C:61D6H         LINE#         713
  C:61D6H         LINE#         714
  C:61D8H         LINE#         715
  C:61D8H         LINE#         716
  C:61D8H         LINE#         717
  C:61D8H         LINE#         718
  C:61D8H         LINE#         719
  C:61D8H         LINE#         720
  C:61E7H         LINE#         721
  C:61E7H         LINE#         722
  C:61E7H         LINE#         723
  C:61E9H         LINE#         724
  C:61E9H         LINE#         725
  C:61E9H         LINE#         726
  C:61EBH         LINE#         727
  C:61EBH         LINE#         728
  C:61EBH         LINE#         729
  C:61EDH         LINE#         730
  C:61EDH         LINE#         731
  C:61EDH         LINE#         732
  C:61EDH         LINE#         733
  C:61EDH         LINE#         734
  C:61EDH         LINE#         735
  C:61FCH         LINE#         736
  C:61FCH         LINE#         737
  C:61FEH         LINE#         738
  C:6200H         LINE#         739
  C:6200H         LINE#         740
  C:6202H         LINE#         741
  C:6204H         LINE#         742
  C:6204H         LINE#         743
  C:620BH         LINE#         744
  C:620BH         LINE#         745
  C:620BH         LINE#         746
BL51 BANKED LINKER/LOCATER V6.22                                                      10/30/2015  16:06:25  PAGE 21


  C:620BH         LINE#         747
  C:620BH         LINE#         748
  C:620BH         LINE#         749
  C:620BH         LINE#         750
  C:620BH         LINE#         751
  C:620BH         LINE#         752
  C:6213H         LINE#         753
  C:6215H         LINE#         754
  C:6218H         LINE#         755
  C:622DH         LINE#         756
  C:622DH         LINE#         757
  C:623FH         LINE#         758
  C:623FH         LINE#         759
  C:6242H         LINE#         760
  C:6245H         LINE#         761
  C:6248H         LINE#         762
  C:6248H         LINE#         763
  C:624AH         LINE#         764
  C:624AH         LINE#         765
  C:624DH         LINE#         766
  C:624DH         LINE#         767
  C:624FH         LINE#         768
  C:624FH         LINE#         769
  C:6252H         LINE#         770
  C:6252H         LINE#         771
  C:6254H         LINE#         772
  C:6254H         LINE#         773
  C:6254H         LINE#         774
  C:6254H         LINE#         775
  C:6254H         LINE#         776
  C:6254H         LINE#         777
  C:6263H         LINE#         778
  C:6263H         LINE#         779
  C:6266H         LINE#         780
  C:6269H         LINE#         781
  C:626CH         LINE#         782
  C:626CH         LINE#         783
  C:626EH         LINE#         784
  C:626EH         LINE#         785
  C:6271H         LINE#         786
  C:6271H         LINE#         787
  C:6273H         LINE#         788
  C:6273H         LINE#         789
  C:6276H         LINE#         790
  C:6276H         LINE#         791
  C:6278H         LINE#         792
  C:6278H         LINE#         793
  C:6278H         LINE#         794
  C:6278H         LINE#         795
  C:6278H         LINE#         796
  C:6278H         LINE#         797
  C:6288H         LINE#         798
  C:6288H         LINE#         799
  C:628BH         LINE#         800
  C:628BH         LINE#         801
  C:628DH         LINE#         802
  C:628DH         LINE#         803
BL51 BANKED LINKER/LOCATER V6.22                                                      10/30/2015  16:06:25  PAGE 22


  C:6290H         LINE#         804
  C:6290H         LINE#         805
  C:6292H         LINE#         806
  C:6292H         LINE#         807
  C:6295H         LINE#         808
  C:6298H         LINE#         809
  C:629BH         LINE#         810
  C:629BH         LINE#         811
  C:629DH         LINE#         812
  C:629DH         LINE#         813
  C:629DH         LINE#         814
  C:629DH         LINE#         815
  C:629DH         LINE#         816
  C:629DH         LINE#         817
  C:62ACH         LINE#         818
  C:62ACH         LINE#         819
  C:62AFH         LINE#         820
  C:62AFH         LINE#         821
  C:62B1H         LINE#         822
  C:62B1H         LINE#         823
  C:62B4H         LINE#         824
  C:62B4H         LINE#         825
  C:62B6H         LINE#         826
  C:62B6H         LINE#         827
  C:62B9H         LINE#         828
  C:62BCH         LINE#         829
  C:62BFH         LINE#         830
  C:62CCH         LINE#         831
  C:62CCH         LINE#         832
  C:62CCH         LINE#         833
  C:62CCH         LINE#         834
  C:62CCH         LINE#         835
  C:62CCH         LINE#         836
  C:62CCH         LINE#         837
  C:62CCH         LINE#         838
  C:62CCH         LINE#         839
  C:62D3H         LINE#         840
  C:62DBH         LINE#         841
  -------         ENDPROC       _FUN_PYHZ
  -------         PROC          _FUN_SJHZ
  X:0354H         SYMBOL        par_sjmodel
  X:0355H         SYMBOL        par_hzmodel
  -------         DO            
  X:0356H         SYMBOL        loc_sjdelay
  X:035AH         SYMBOL        loc_hzdelay
  X:035EH         SYMBOL        loc_sjcgq
  X:035FH         SYMBOL        loc_hzcgq
  X:0360H         SYMBOL        loc_hzflag
  -------         ENDDO         
  C:4D44H         LINE#         842
  C:4D4DH         LINE#         843
  C:4D55H         LINE#         844
  C:4D5FH         LINE#         845
  C:4D64H         LINE#         846
  C:4D66H         LINE#         847
  C:4D68H         LINE#         848
  C:4D73H         LINE#         849
BL51 BANKED LINKER/LOCATER V6.22                                                      10/30/2015  16:06:25  PAGE 23


  C:4D85H         LINE#         850
  C:4D85H         LINE#         851
  C:4D91H         LINE#         852
  C:4D91H         LINE#         853
  C:4D91H         LINE#         854
  C:4D91H         LINE#         855
  C:4D93H         LINE#         856
  C:4D93H         LINE#         857
  C:4D93H         LINE#         858
  C:4D93H         LINE#         859
  C:4D95H         LINE#         860
  C:4D95H         LINE#         861
  C:4D95H         LINE#         862
  C:4D95H         LINE#         863
  C:4D97H         LINE#         864
  C:4D97H         LINE#         865
  C:4D97H         LINE#         866
  C:4D97H         LINE#         867
  C:4D97H         LINE#         868
  C:4D97H         LINE#         869
  C:4DA6H         LINE#         870
  C:4DA6H         LINE#         871
  C:4DA6H         LINE#         872
  C:4DA6H         LINE#         873
  C:4DA8H         LINE#         874
  C:4DA8H         LINE#         875
  C:4DA8H         LINE#         876
  C:4DA8H         LINE#         877
  C:4DAAH         LINE#         878
  C:4DAAH         LINE#         879
  C:4DAAH         LINE#         880
  C:4DAAH         LINE#         881
  C:4DACH         LINE#         882
  C:4DACH         LINE#         883
  C:4DACH         LINE#         884
  C:4DACH         LINE#         885
  C:4DACH         LINE#         886
  C:4DACH         LINE#         887
  C:4DBCH         LINE#         888
  C:4DBCH         LINE#         889
  C:4DBCH         LINE#         890
  C:4DBCH         LINE#         891
  C:4DBEH         LINE#         892
  C:4DBEH         LINE#         893
  C:4DBEH         LINE#         894
  C:4DBEH         LINE#         895
  C:4DC0H         LINE#         896
  C:4DC0H         LINE#         897
  C:4DC2H         LINE#         898
  C:4DC2H         LINE#         899
  C:4DC4H         LINE#         900
  C:4DC4H         LINE#         901
  C:4DC4H         LINE#         902
  C:4DC4H         LINE#         903
  C:4DC4H         LINE#         904
  C:4DC4H         LINE#         905
  C:4DD3H         LINE#         906
BL51 BANKED LINKER/LOCATER V6.22                                                      10/30/2015  16:06:25  PAGE 24


  C:4DD3H         LINE#         907
  C:4DD5H         LINE#         908
  C:4DD5H         LINE#         909
  C:4DD7H         LINE#         910
  C:4DD7H         LINE#         911
  C:4DDEH         LINE#         912
  C:4DE4H         LINE#         913
  C:4DE6H         LINE#         914
  C:4DE6H         LINE#         915
  C:4DEDH         LINE#         916
  C:4DF3H         LINE#         917
  C:4DF3H         LINE#         918
  C:4DF3H         LINE#         919
  C:4DF3H         LINE#         920
  C:4DF3H         LINE#         921
  C:4DF3H         LINE#         922
  C:4DF3H         LINE#         923
  C:4DF3H         LINE#         924
  C:4DF3H         LINE#         925
  C:4E0BH         LINE#         926
  C:4E0BH         LINE#         927
  C:4E18H         LINE#         928
  C:4E28H         LINE#         929
  C:4E2BH         LINE#         930
  C:4E2EH         LINE#         931
  C:4E3DH         LINE#         932
  C:4E49H         LINE#         933
  C:4E80H         LINE#         934
  C:4E80H         LINE#         935
  C:4E82H         LINE#         936
  C:4E8BH         LINE#         937
  C:4E91H         LINE#         938
  C:4E91H         LINE#         939
  C:4E91H         LINE#         940
  C:4E91H         LINE#         941
  C:4E94H         LINE#         942
  C:4E94H         LINE#         943
  C:4E96H         LINE#         944
  C:4E9FH         LINE#         945
  C:4EADH         LINE#         946
  C:4EADH         LINE#         947
  C:4EADH         LINE#         948
  C:4EADH         LINE#         949
  C:4EAFH         LINE#         950
  C:4EAFH         LINE#         951
  C:4EB1H         LINE#         952
  C:4EBAH         LINE#         953
  C:4EC0H         LINE#         954
  C:4EC0H         LINE#         955
  C:4EC0H         LINE#         956
  C:4EC0H         LINE#         957
  C:4EC2H         LINE#         958
  C:4EC2H         LINE#         959
  C:4EC4H         LINE#         960
  C:4ECDH         LINE#         961
  C:4ED6H         LINE#         962
  C:4ED6H         LINE#         963
BL51 BANKED LINKER/LOCATER V6.22                                                      10/30/2015  16:06:25  PAGE 25


  C:4ED6H         LINE#         964
  C:4ED6H         LINE#         965
  C:4ED8H         LINE#         966
  C:4ED8H         LINE#         967
  C:4EDAH         LINE#         968
  C:4EE3H         LINE#         969
  C:4EE9H         LINE#         970
  C:4EE9H         LINE#         971
  C:4EE9H         LINE#         972
  C:4EE9H         LINE#         973
  C:4EEBH         LINE#         974
  C:4EEBH         LINE#         975
  C:4EEDH         LINE#         976
  C:4EF6H         LINE#         977
  C:4EFFH         LINE#         978
  C:4EFFH         LINE#         979
  C:4EFFH         LINE#         980
  C:4EFFH         LINE#         981
  C:4F01H         LINE#         982
  C:4F01H         LINE#         983
  C:4F03H         LINE#         984
  C:4F0CH         LINE#         985
  C:4F12H         LINE#         986
  C:4F12H         LINE#         987
  C:4F12H         LINE#         988
  C:4F12H         LINE#         989
  C:4F14H         LINE#         990
  C:4F14H         LINE#         991
  C:4F16H         LINE#         992
  C:4F1FH         LINE#         993
  C:4F2AH         LINE#         994
  C:4F2DH         LINE#         995
  C:4F2DH         LINE#         996
  C:4F2DH         LINE#         997
  C:4F2FH         LINE#         998
  C:4F2FH         LINE#         999
  C:4F31H         LINE#         1000
  C:4F3AH         LINE#         1001
  C:4F3DH         LINE#         1002
  C:4F5BH         LINE#         1003
  C:4F61H         LINE#         1004
  C:4F61H         LINE#         1005
  C:4F63H         LINE#         1006
  C:4F63H         LINE#         1007
  C:4F63H         LINE#         1008
  C:4F63H         LINE#         1009
  C:4F63H         LINE#         1010
  C:4F67H         LINE#         1011
  C:4F83H         LINE#         1012
  C:4F8AH         LINE#         1013
  C:4F8FH         LINE#         1014
  C:4F97H         LINE#         1015
  C:4F97H         LINE#         1016
  C:4F97H         LINE#         1017
  C:4FB6H         LINE#         1018
  C:4FBCH         LINE#         1019
  C:4FBEH         LINE#         1020
BL51 BANKED LINKER/LOCATER V6.22                                                      10/30/2015  16:06:25  PAGE 26


  C:4FC7H         LINE#         1021
  C:4FCAH         LINE#         1022
  C:4FCEH         LINE#         1023
  C:4FD1H         LINE#         1024
  C:4FDCH         LINE#         1025
  C:4FE2H         LINE#         1026
  C:4FE5H         LINE#         1027
  C:4FE5H         LINE#         1028
  C:4FE8H         LINE#         1029
  C:4FE8H         LINE#         1030
  C:4FEFH         LINE#         1031
  C:4FF9H         LINE#         1032
  C:5001H         LINE#         1033
  C:5001H         LINE#         1034
  C:5001H         LINE#         1035
  C:5004H         LINE#         1036
  -------         ENDPROC       _FUN_SJHZ
  -------         PROC          _FUN_PYSJHZ
  X:0346H         SYMBOL        par_pymodel
  X:0347H         SYMBOL        par_sjmodel
  X:0348H         SYMBOL        par_hzmodel
  -------         DO            
  X:0349H         SYMBOL        loc_sjdelay
  X:034DH         SYMBOL        loc_hzdelay
  X:0351H         SYMBOL        loc_sjcgq
  X:0352H         SYMBOL        loc_hzcgq
  X:0353H         SYMBOL        loc_hzflag
  B:0022H.0       SYMBOL        loc_pyflag
  -------         ENDDO         
  C:49AAH         LINE#         1037
  C:49B5H         LINE#         1038
  C:49BDH         LINE#         1039
  C:49C7H         LINE#         1040
  C:49CCH         LINE#         1041
  C:49CEH         LINE#         1042
  C:49D0H         LINE#         1043
  C:49D2H         LINE#         1044
  C:49DDH         LINE#         1045
  C:49EFH         LINE#         1046
  C:49EFH         LINE#         1047
  C:49FBH         LINE#         1048
  C:49FBH         LINE#         1049
  C:49FBH         LINE#         1050
  C:49FBH         LINE#         1051
  C:49FDH         LINE#         1052
  C:49FDH         LINE#         1053
  C:49FDH         LINE#         1054
  C:49FDH         LINE#         1055
  C:49FFH         LINE#         1056
  C:49FFH         LINE#         1057
  C:49FFH         LINE#         1058
  C:49FFH         LINE#         1059
  C:4A01H         LINE#         1060
  C:4A01H         LINE#         1061
  C:4A01H         LINE#         1062
  C:4A01H         LINE#         1063
  C:4A01H         LINE#         1064
BL51 BANKED LINKER/LOCATER V6.22                                                      10/30/2015  16:06:25  PAGE 27


  C:4A01H         LINE#         1065
  C:4A10H         LINE#         1066
  C:4A10H         LINE#         1067
  C:4A10H         LINE#         1068
  C:4A10H         LINE#         1069
  C:4A12H         LINE#         1070
  C:4A12H         LINE#         1071
  C:4A12H         LINE#         1072
  C:4A12H         LINE#         1073
  C:4A14H         LINE#         1074
  C:4A14H         LINE#         1075
  C:4A14H         LINE#         1076
  C:4A14H         LINE#         1077
  C:4A16H         LINE#         1078
  C:4A16H         LINE#         1079
  C:4A16H         LINE#         1080
  C:4A16H         LINE#         1081
  C:4A16H         LINE#         1082
  C:4A16H         LINE#         1083
  C:4A26H         LINE#         1084
  C:4A26H         LINE#         1085
  C:4A26H         LINE#         1086
  C:4A26H         LINE#         1087
  C:4A28H         LINE#         1088
  C:4A28H         LINE#         1089
  C:4A28H         LINE#         1090
  C:4A28H         LINE#         1091
  C:4A2AH         LINE#         1092
  C:4A2AH         LINE#         1093
  C:4A2CH         LINE#         1094
  C:4A2CH         LINE#         1095
  C:4A2EH         LINE#         1096
  C:4A2EH         LINE#         1097
  C:4A2EH         LINE#         1098
  C:4A2EH         LINE#         1099
  C:4A2EH         LINE#         1100
  C:4A2EH         LINE#         1101
  C:4A3DH         LINE#         1102
  C:4A3DH         LINE#         1103
  C:4A3FH         LINE#         1104
  C:4A3FH         LINE#         1105
  C:4A41H         LINE#         1106
  C:4A41H         LINE#         1107
  C:4A48H         LINE#         1108
  C:4A4EH         LINE#         1109
  C:4A50H         LINE#         1110
  C:4A50H         LINE#         1111
  C:4A57H         LINE#         1112
  C:4A5DH         LINE#         1113
  C:4A5DH         LINE#         1114
  C:4A5DH         LINE#         1115
  C:4A5DH         LINE#         1116
  C:4A5DH         LINE#         1117
  C:4A5DH         LINE#         1118
  C:4A5DH         LINE#         1119
  C:4A5DH         LINE#         1120
  C:4A5DH         LINE#         1121
BL51 BANKED LINKER/LOCATER V6.22                                                      10/30/2015  16:06:25  PAGE 28


  C:4A75H         LINE#         1122
  C:4A75H         LINE#         1123
  C:4A82H         LINE#         1124
  C:4A92H         LINE#         1125
  C:4A95H         LINE#         1126
  C:4A98H         LINE#         1127
  C:4AADH         LINE#         1128
  C:4AD1H         LINE#         1129
  C:4AD1H         LINE#         1130
  C:4B08H         LINE#         1131
  C:4B08H         LINE#         1132
  C:4B0AH         LINE#         1133
  C:4B13H         LINE#         1134
  C:4B19H         LINE#         1135
  C:4B19H         LINE#         1136
  C:4B19H         LINE#         1137
  C:4B19H         LINE#         1138
  C:4B1CH         LINE#         1139
  C:4B1CH         LINE#         1140
  C:4B1EH         LINE#         1141
  C:4B27H         LINE#         1142
  C:4B35H         LINE#         1143
  C:4B35H         LINE#         1144
  C:4B35H         LINE#         1145
  C:4B35H         LINE#         1146
  C:4B38H         LINE#         1147
  C:4B38H         LINE#         1148
  C:4B3AH         LINE#         1149
  C:4B43H         LINE#         1150
  C:4B49H         LINE#         1151
  C:4B49H         LINE#         1152
  C:4B49H         LINE#         1153
  C:4B49H         LINE#         1154
  C:4B4CH         LINE#         1155
  C:4B4CH         LINE#         1156
  C:4B4EH         LINE#         1157
  C:4B57H         LINE#         1158
  C:4B60H         LINE#         1159
  C:4B60H         LINE#         1160
  C:4B60H         LINE#         1161
  C:4B60H         LINE#         1162
  C:4B62H         LINE#         1163
  C:4B62H         LINE#         1164
  C:4B64H         LINE#         1165
  C:4B6DH         LINE#         1166
  C:4B73H         LINE#         1167
  C:4B73H         LINE#         1168
  C:4B73H         LINE#         1169
  C:4B73H         LINE#         1170
  C:4B75H         LINE#         1171
  C:4B75H         LINE#         1172
  C:4B77H         LINE#         1173
  C:4B80H         LINE#         1174
  C:4B89H         LINE#         1175
  C:4B89H         LINE#         1176
  C:4B89H         LINE#         1177
  C:4B89H         LINE#         1178
BL51 BANKED LINKER/LOCATER V6.22                                                      10/30/2015  16:06:25  PAGE 29


  C:4B8BH         LINE#         1179
  C:4B8BH         LINE#         1180
  C:4B8DH         LINE#         1181
  C:4B96H         LINE#         1182
  C:4B9CH         LINE#         1183
  C:4B9CH         LINE#         1184
  C:4B9CH         LINE#         1185
  C:4B9CH         LINE#         1186
  C:4B9EH         LINE#         1187
  C:4B9EH         LINE#         1188
  C:4BA0H         LINE#         1189
  C:4BA9H         LINE#         1190
  C:4BB7H         LINE#         1191
  C:4BBAH         LINE#         1192
  C:4BBAH         LINE#         1193
  C:4BBAH         LINE#         1194
  C:4BBCH         LINE#         1195
  C:4BBCH         LINE#         1196
  C:4BBEH         LINE#         1197
  C:4BC7H         LINE#         1198
  C:4BCDH         LINE#         1199
  C:4BEBH         LINE#         1200
  C:4BF1H         LINE#         1201
  C:4BF1H         LINE#         1202
  C:4BF4H         LINE#         1203
  C:4BF4H         LINE#         1204
  C:4BF4H         LINE#         1205
  C:4BF4H         LINE#         1206
  C:4BF4H         LINE#         1207
  C:4BF4H         LINE#         1208
  C:4C13H         LINE#         1209
  C:4C1AH         LINE#         1210
  C:4C1FH         LINE#         1211
  C:4C22H         LINE#         1212
  C:4C2AH         LINE#         1213
  C:4C2AH         LINE#         1214
  C:4C2DH         LINE#         1215
  C:4C2DH         LINE#         1216
  C:4C34H         LINE#         1217
  C:4C38H         LINE#         1218
  C:4C3FH         LINE#         1219
  C:4C46H         LINE#         1220
  C:4C4CH         LINE#         1221
  C:4C4FH         LINE#         1222
  C:4C4FH         LINE#         1223
  C:4C5AH         LINE#         1224
  C:4C75H         LINE#         1225
  C:4C7BH         LINE#         1226
  C:4C7BH         LINE#         1227
  C:4C83H         LINE#         1228
  C:4C9EH         LINE#         1229
  C:4CA4H         LINE#         1230
  C:4CA4H         LINE#         1231
  C:4CA6H         LINE#         1232
  C:4CA6H         LINE#         1233
  C:4CC2H         LINE#         1234
  C:4CC9H         LINE#         1235
BL51 BANKED LINKER/LOCATER V6.22                                                      10/30/2015  16:06:25  PAGE 30


  C:4CCEH         LINE#         1236
  C:4CD6H         LINE#         1237
  C:4CD6H         LINE#         1238
  C:4CD6H         LINE#         1239
  C:4CD6H         LINE#         1240
  C:4CD6H         LINE#         1241
  C:4CD6H         LINE#         1242
  C:4CF5H         LINE#         1243
  C:4CFBH         LINE#         1244
  C:4CFDH         LINE#         1245
  C:4D06H         LINE#         1246
  C:4D09H         LINE#         1247
  C:4D0DH         LINE#         1248
  C:4D10H         LINE#         1249
  C:4D1BH         LINE#         1250
  C:4D21H         LINE#         1251
  C:4D24H         LINE#         1252
  C:4D24H         LINE#         1253
  C:4D27H         LINE#         1254
  C:4D27H         LINE#         1255
  C:4D2EH         LINE#         1256
  C:4D38H         LINE#         1257
  C:4D40H         LINE#         1258
  C:4D40H         LINE#         1259
  C:4D40H         LINE#         1260
  C:4D43H         LINE#         1261
  -------         ENDPROC       _FUN_PYSJHZ
  -------         PROC          FUN_JTJP
  C:6766H         LINE#         1262
  C:6766H         LINE#         1263
  C:6766H         LINE#         1264
  C:6784H         LINE#         1265
  C:678DH         LINE#         1266
  C:6794H         LINE#         1268
  C:6794H         LINE#         1269
  C:6797H         LINE#         1270
  C:679EH         LINE#         1271
  C:67A0H         LINE#         1272
  C:67A2H         LINE#         1273
  C:67A5H         LINE#         1274
  C:67ACH         LINE#         1275
  C:67B3H         LINE#         1276
  C:67B3H         LINE#         1277
  C:67B9H         LINE#         1278
  C:67C0H         LINE#         1279
  C:67C2H         LINE#         1280
  C:67C4H         LINE#         1281
  C:67CAH         LINE#         1282
  C:67D1H         LINE#         1283
  C:67D8H         LINE#         1284
  C:67D8H         LINE#         1285
  C:67DEH         LINE#         1286
  C:67E5H         LINE#         1287
  C:67E7H         LINE#         1288
  C:67E9H         LINE#         1289
  C:67EFH         LINE#         1290
  C:67F6H         LINE#         1291
BL51 BANKED LINKER/LOCATER V6.22                                                      10/30/2015  16:06:25  PAGE 31


  C:67FDH         LINE#         1292
  C:67FDH         LINE#         1293
  C:6806H         LINE#         1294
  -------         ENDPROC       FUN_JTJP
  -------         PROC          FUN_TIMERMOVE
  -------         DO            
  D:001BH         SYMBOL        loc_con
  D:0017H         SYMBOL        loc_sdl
  D:0019H         SYMBOL        loc_sdr
  -------         ENDDO         
  C:3B84H         LINE#         1296
  C:3B84H         LINE#         1299
  C:3BA9H         LINE#         1300
  C:3BA9H         LINE#         1301
  C:3BB1H         LINE#         1302
  C:3BB7H         LINE#         1303
  C:3BC6H         LINE#         1304
  C:3BD4H         LINE#         1305
  C:3BD5H         LINE#         1306
  C:3BD5H         LINE#         1307
  C:3BEBH         LINE#         1308
  C:3C03H         LINE#         1309
  C:3C09H         LINE#         1310
  C:3C11H         LINE#         1311
  C:3C14H         LINE#         1312
  C:3C1BH         LINE#         1313
  C:3C1EH         LINE#         1314
  C:3C31H         LINE#         1315
  C:3C31H         LINE#         1316
  C:3C31H         LINE#         1318
  C:3C41H         LINE#         1319
  C:3C47H         LINE#         1320
  C:3C62H         LINE#         1321
  C:3C7DH         LINE#         1322
  C:3C7DH         LINE#         1323
  C:3C83H         LINE#         1324
  C:3C9EH         LINE#         1325
  C:3CB9H         LINE#         1326
  C:3CB9H         LINE#         1327
  C:3CBFH         LINE#         1328
  C:3CDFH         LINE#         1329
  C:3CFFH         LINE#         1330
  C:3CFFH         LINE#         1331
  C:3D05H         LINE#         1332
  C:3D25H         LINE#         1333
  C:3D45H         LINE#         1334
  C:3D45H         LINE#         1335
  C:3D4BH         LINE#         1336
  C:3D6BH         LINE#         1337
  C:3D8BH         LINE#         1338
  C:3D8BH         LINE#         1339
  C:3D94H         LINE#         1340
  C:3DB4H         LINE#         1341
  C:3DD4H         LINE#         1342
  C:3DD4H         LINE#         1343
  C:3DD4H         LINE#         1344
  C:3DD4H         LINE#         1345
BL51 BANKED LINKER/LOCATER V6.22                                                      10/30/2015  16:06:25  PAGE 32


  C:3DD4H         LINE#         1346
  C:3DD7H         LINE#         1347
  C:3DD7H         LINE#         1348
  C:3DE1H         LINE#         1349
  C:3DE6H         LINE#         1350
  C:3DE6H         LINE#         1351
  C:3DE9H         LINE#         1352
  C:3DE9H         LINE#         1353
  C:3DFEH         LINE#         1354
  C:3DFEH         LINE#         1355
  C:3E21H         LINE#         1356
  C:3E21H         LINE#         1357
  C:3E2FH         LINE#         1358
  C:3E3EH         LINE#         1359
  C:3E3EH         LINE#         1360
  C:3E40H         LINE#         1361
  C:3E40H         LINE#         1362
  C:3E43H         LINE#         1363
  C:3E51H         LINE#         1364
  C:3E54H         LINE#         1365
  C:3E56H         LINE#         1366
  C:3E56H         LINE#         1367
  C:3E64H         LINE#         1368
  C:3E79H         LINE#         1369
  C:3E7CH         LINE#         1370
  C:3E7EH         LINE#         1371
  C:3E7EH         LINE#         1372
  C:3E81H         LINE#         1373
  C:3E8FH         LINE#         1374
  C:3EADH         LINE#         1375
  C:3EADH         LINE#         1376
  C:3EADH         LINE#         1377
  C:3EAFH         LINE#         1378
  C:3EB0H         LINE#         1379
  C:3EB0H         LINE#         1380
  C:3ECFH         LINE#         1381
  C:3ED1H         LINE#         1382
  C:3ED2H         LINE#         1383
  C:3ED2H         LINE#         1384
  C:3EDBH         LINE#         1385
  C:3EDBH         LINE#         1386
  C:3EDBH         LINE#         1387
  C:3EDBH         LINE#         1388
  C:3EDBH         LINE#         1389
  C:3EDBH         LINE#         1390
  C:3EDDH         LINE#         1391
  C:3EDDH         LINE#         1392
  C:3EDDH         LINE#         1393
  C:3EDDH         LINE#         1394
  C:3EE8H         LINE#         1395
  C:3EE8H         LINE#         1396
  C:3F21H         LINE#         1397
  C:3F23H         LINE#         1398
  C:3F24H         LINE#         1399
  C:3F24H         LINE#         1400
  C:3F40H         LINE#         1401
  C:3F48H         LINE#         1402
BL51 BANKED LINKER/LOCATER V6.22                                                      10/30/2015  16:06:25  PAGE 33


  C:3F52H         LINE#         1403
  C:3F5CH         LINE#         1404
  C:3F5FH         LINE#         1405
  C:3F60H         LINE#         1406
  C:3F60H         LINE#         1407
  C:3F70H         LINE#         1408
  C:3F76H         LINE#         1409
  C:3F8FH         LINE#         1410
  C:3FA9H         LINE#         1411
  C:3FA9H         LINE#         1412
  C:3FAFH         LINE#         1413
  C:3FC9H         LINE#         1414
  C:3FE2H         LINE#         1415
  C:3FE2H         LINE#         1416
  C:3FE8H         LINE#         1417
  C:4002H         LINE#         1418
  C:401CH         LINE#         1419
  C:401CH         LINE#         1420
  C:4022H         LINE#         1421
  C:403CH         LINE#         1422
  C:4056H         LINE#         1423
  C:4056H         LINE#         1424
  C:405CH         LINE#         1425
  C:4075H         LINE#         1426
  C:408FH         LINE#         1427
  C:408FH         LINE#         1428
  C:4095H         LINE#         1429
  C:40AFH         LINE#         1430
  C:40C8H         LINE#         1431
  C:40C8H         LINE#         1432
  C:40D1H         LINE#         1433
  C:40DAH         LINE#         1434
  C:40DAH         LINE#         1435
  C:40DAH         LINE#         1436
  C:40DAH         LINE#         1437
  C:40DAH         LINE#         1438
  C:40DAH         LINE#         1439
  C:40DAH         LINE#         1440
  C:40DAH         LINE#         1441
  -------         ENDPROC       FUN_TIMERMOVE
  -------         PROC          _FUN_FLSETTING
  X:02D7H         SYMBOL        par_gospeed
  X:02D8H         SYMBOL        par_turnspeed
  X:02D9H         SYMBOL        par_cachespeed
  -------         DO            
  X:02DAH         SYMBOL        ellipsis_40
  X:0302H         SYMBOL        loc_argp
  D:0007H         SYMBOL        loc_step
  D:0006H         SYMBOL        loc_con
  -------         ENDDO         
  C:69BDH         LINE#         1442
  C:69C8H         LINE#         1444
  C:69CAH         LINE#         1446
  C:69D6H         LINE#         1447
  C:69D8H         LINE#         1448
  C:69DDH         LINE#         1449
  C:69ECH         LINE#         1450
BL51 BANKED LINKER/LOCATER V6.22                                                      10/30/2015  16:06:25  PAGE 34


  C:6A00H         LINE#         1451
  C:6A02H         LINE#         1452
  C:6A0FH         LINE#         1455
  C:6A15H         LINE#         1456
  C:6A23H         LINE#         1457
  C:6A2BH         LINE#         1458
  C:6A33H         LINE#         1459
  C:6A3BH         LINE#         1460
  C:6A3FH         LINE#         1461
  -------         ENDPROC       _FUN_FLSETTING
  -------         PROC          _FUN_FOLLINE
  D:0007H         SYMBOL        par_con
  X:0370H         SYMBOL        par_speed
  -------         DO            
  X:0371H         SYMBOL        loc_con
  X:0372H         SYMBOL        loc_sdr
  X:0373H         SYMBOL        loc_sdl
  X:0374H         SYMBOL        loc_online
  -------         ENDDO         
  C:5A3BH         LINE#         1462
  C:5A40H         LINE#         1463
  C:5A43H         LINE#         1466
  C:5A4CH         LINE#         1467
  C:5A64H         LINE#         1468
  C:5A6AH         LINE#         1469
  C:5A74H         LINE#         1470
  C:5A76H         LINE#         1471
  C:5A7DH         LINE#         1472
  C:5A80H         LINE#         1473
  C:5A86H         LINE#         1474
  C:5A88H         LINE#         1475
  C:5A88H         LINE#         1477
  C:5A94H         LINE#         1478
  C:5A9AH         LINE#         1479
  C:5AA6H         LINE#         1480
  C:5ABEH         LINE#         1481
  C:5ABEH         LINE#         1482
  C:5AC4H         LINE#         1483
  C:5ADCH         LINE#         1484
  C:5AEAH         LINE#         1485
  C:5AEAH         LINE#         1486
  C:5AF0H         LINE#         1487
  C:5B02H         LINE#         1488
  C:5B20H         LINE#         1489
  C:5B20H         LINE#         1490
  C:5B26H         LINE#         1491
  C:5B44H         LINE#         1492
  C:5B56H         LINE#         1493
  C:5B56H         LINE#         1494
  C:5B5CH         LINE#         1495
  C:5B6EH         LINE#         1496
  C:5B8CH         LINE#         1497
  C:5B8CH         LINE#         1498
  C:5B92H         LINE#         1499
  C:5BB0H         LINE#         1500
  C:5BC2H         LINE#         1501
  C:5BC2H         LINE#         1502
BL51 BANKED LINKER/LOCATER V6.22                                                      10/30/2015  16:06:25  PAGE 35


  C:5BCCH         LINE#         1503
  C:5BD6H         LINE#         1504
  C:5BDBH         LINE#         1505
  C:5BDBH         LINE#         1506
  C:5BDEH         LINE#         1507
  -------         ENDPROC       _FUN_FOLLINE
  -------         PROC          _FUN_TURN
  D:0007H         SYMBOL        par_model
  X:0384H         SYMBOL        par_speed
  C:6A40H         LINE#         1509
  C:6A45H         LINE#         1510
  C:6A55H         LINE#         1511
  C:6A55H         LINE#         1512
  C:6A5FH         LINE#         1513
  C:6A65H         LINE#         1514
  C:6A65H         LINE#         1515
  C:6A67H         LINE#         1516
  C:6A67H         LINE#         1517
  C:6A6AH         LINE#         1518
  C:6A74H         LINE#         1519
[...]
  C:5D1CH         LINE#         2874
  C:5D1CH         LINE#         2875
  C:5D1CH         LINE#         2876
  C:5D1CH         LINE#         2877
  C:5D1CH         LINE#         2878
  C:5D24H         LINE#         2879
  C:5D36H         LINE#         2880
  C:5D36H         LINE#         2881
  C:5D36H         LINE#         2882
  C:5D38H         LINE#         2883
  C:5D38H         LINE#         2884
  C:5D3AH         LINE#         2885
  C:5D3CH         LINE#         2886
  C:5D3CH         LINE#         2887
  C:5D3EH         LINE#         2888
  C:5D40H         LINE#         2889
  C:5D40H         LINE#         2890
  C:5D42H         LINE#         2891
  C:5D44H         LINE#         2892
  C:5D44H         LINE#         2893
  C:5D46H         LINE#         2894
  C:5D48H         LINE#         2895
  C:5D48H         LINE#         2896
  C:5D53H         LINE#         2897
  C:5D57H         LINE#         2898
  C:5D62H         LINE#         2899
  C:5D67H         LINE#         2900
  C:5D67H         LINE#         2901
  C:5D67H         LINE#         2902
  C:5D67H         LINE#         2903
  -------         ENDPROC       _FUN_ZJZT
  -------         PROC          _FUN_NAJIAN
  X:0361H         SYMBOL        par_now
  X:0362H         SYMBOL        par_next
  X:0363H         SYMBOL        par_high
  X:0366H         SYMBOL        par_data
  -------         DO            
  X:0369H         SYMBOL        loc_high
  -------         ENDDO         
  C:10EEH         LINE#         2904
  C:10FFH         LINE#         2909
  C:114DH         LINE#         2911
  C:1162H         LINE#         2912
  C:116AH         LINE#         2913
BL51 BANKED LINKER/LOCATER V6.22                                                      10/30/2015  16:06:25  PAGE 60


  C:1192H         LINE#         2914
  C:119DH         LINE#         2915
  C:119DH         LINE#         2916
  C:119FH         LINE#         2917
  C:11BAH         LINE#         2918
  C:11C2H         LINE#         2919
  C:11F3H         LINE#         2920
  C:11FBH         LINE#         2921
  C:1255H         LINE#         2922
  C:1255H         LINE#         2924
  C:125FH         LINE#         2926
  C:127CH         LINE#         2928
  C:1281H         LINE#         2930
  C:12ADH         LINE#         2931
  C:12ADH         LINE#         2932
  C:12DEH         LINE#         2933
  C:12DEH         LINE#         2934
  C:12F4H         LINE#         2935
  C:12F7H         LINE#         2936
  C:12F7H         LINE#         2937
  C:12F7H         LINE#         2938
  C:12F9H         LINE#         2939
  C:12F9H         LINE#         2940
  C:1321H         LINE#         2941
  C:1324H         LINE#         2942
  C:1324H         LINE#         2943
  C:134CH         LINE#         2944
  C:134FH         LINE#         2945
  C:134FH         LINE#         2946
  C:134FH         LINE#         2947
  C:1351H         LINE#         2948
  C:1351H         LINE#         2949
  C:1379H         LINE#         2950
  C:137CH         LINE#         2951
  C:137CH         LINE#         2952
  C:13A4H         LINE#         2953
  C:13A7H         LINE#         2954
  C:13A7H         LINE#         2955
  C:13A7H         LINE#         2956
  C:13A7H         LINE#         2957
  C:13A7H         LINE#         2958
  C:13A7H         LINE#         2959
  C:13D3H         LINE#         2960
  C:13D3H         LINE#         2961
  C:13FAH         LINE#         2962
  C:13FDH         LINE#         2963
  C:13FDH         LINE#         2964
  C:1428H         LINE#         2965
  C:142BH         LINE#         2966
  C:142BH         LINE#         2967
  C:1453H         LINE#         2968
  C:1456H         LINE#         2969
  C:1456H         LINE#         2970
  C:147EH         LINE#         2971
  C:1481H         LINE#         2972
  C:1481H         LINE#         2973
  C:14ACH         LINE#         2974
BL51 BANKED LINKER/LOCATER V6.22                                                      10/30/2015  16:06:25  PAGE 61


  C:14AFH         LINE#         2975
  C:14AFH         LINE#         2976
  C:14DAH         LINE#         2977
  C:14DDH         LINE#         2978
  C:14DDH         LINE#         2979
  C:1505H         LINE#         2980
  C:1508H         LINE#         2981
  C:1508H         LINE#         2982
  C:1508H         LINE#         2983
  C:1508H         LINE#         2984
  C:1508H         LINE#         2985
  C:1508H         LINE#         2986
  C:1534H         LINE#         2987
  C:1534H         LINE#         2988
  C:1534H         LINE#         2989
  C:1537H         LINE#         2990
  C:1537H         LINE#         2991
  C:1562H         LINE#         2992
  C:1565H         LINE#         2993
  C:1565H         LINE#         2994
  C:1590H         LINE#         2995
  C:1593H         LINE#         2996
  C:1593H         LINE#         2997
  C:15BBH         LINE#         2998
  C:15BEH         LINE#         2999
  C:15BEH         LINE#         3000
  C:15E9H         LINE#         3001
  C:15ECH         LINE#         3002
  C:15ECH         LINE#         3003
  C:1617H         LINE#         3004
  C:161AH         LINE#         3005
  C:161AH         LINE#         3006
  C:1642H         LINE#         3007
  C:1645H         LINE#         3008
  C:1645H         LINE#         3009
  C:1645H         LINE#         3010
  C:1645H         LINE#         3011
  C:1645H         LINE#         3012
  C:1645H         LINE#         3013
  C:1671H         LINE#         3014
  C:1671H         LINE#         3015
  C:1699H         LINE#         3016
  C:169CH         LINE#         3017
  C:169CH         LINE#         3018
  C:16C4H         LINE#         3019
  C:16C7H         LINE#         3020
  C:16C7H         LINE#         3021
  C:16F2H         LINE#         3022
  C:16F5H         LINE#         3023
  C:16F5H         LINE#         3024
  C:1727H         LINE#         3025
  C:172AH         LINE#         3026
  C:172AH         LINE#         3027
  C:1752H         LINE#         3028
  C:1755H         LINE#         3029
  C:1755H         LINE#         3030
  C:177DH         LINE#         3031
BL51 BANKED LINKER/LOCATER V6.22                                                      10/30/2015  16:06:25  PAGE 62


  C:1780H         LINE#         3032
  C:1780H         LINE#         3033
  C:17B2H         LINE#         3034
  C:17B5H         LINE#         3035
  C:17B5H         LINE#         3036
  C:17B5H         LINE#         3037
  C:17B5H         LINE#         3038
  C:17B5H         LINE#         3039
  C:17B5H         LINE#         3040
  C:17E1H         LINE#         3041
  C:17E1H         LINE#         3042
  C:1809H         LINE#         3043
  C:180CH         LINE#         3044
  C:180CH         LINE#         3045
  C:1834H         LINE#         3046
  C:1837H         LINE#         3047
  C:1837H         LINE#         3048
  C:185FH         LINE#         3049
  C:1862H         LINE#         3050
  C:1862H         LINE#         3051
  C:1894H         LINE#         3052
  C:1897H         LINE#         3053
  C:1897H         LINE#         3054
  C:18C2H         LINE#         3055
  C:18C5H         LINE#         3056
  C:18C5H         LINE#         3057
  C:18EDH         LINE#         3058
  C:18F0H         LINE#         3059
  C:18F0H         LINE#         3060
  C:1922H         LINE#         3061
  C:1925H         LINE#         3062
  C:1925H         LINE#         3063
  C:1925H         LINE#         3064
  C:1925H         LINE#         3065
  C:1925H         LINE#         3066
  C:1925H         LINE#         3067
  C:1951H         LINE#         3068
  C:1951H         LINE#         3069
  C:1951H         LINE#         3070
  C:1954H         LINE#         3071
  C:1954H         LINE#         3072
  C:197FH         LINE#         3073
  C:1982H         LINE#         3074
  C:1982H         LINE#         3075
  C:19ADH         LINE#         3076
  C:19B0H         LINE#         3077
  C:19B0H         LINE#         3078
  C:19D8H         LINE#         3079
  C:19DBH         LINE#         3080
  C:19DBH         LINE#         3081
  C:1A06H         LINE#         3082
  C:1A09H         LINE#         3083
  C:1A09H         LINE#         3084
  C:1A34H         LINE#         3085
  C:1A37H         LINE#         3086
  C:1A37H         LINE#         3087
  C:1A5FH         LINE#         3088
BL51 BANKED LINKER/LOCATER V6.22                                                      10/30/2015  16:06:25  PAGE 63


  C:1A62H         LINE#         3089
  C:1A62H         LINE#         3090
  C:1A62H         LINE#         3091
  C:1A62H         LINE#         3092
  C:1A62H         LINE#         3093
  C:1A62H         LINE#         3094
  C:1A8EH         LINE#         3095
  C:1A8EH         LINE#         3096
  C:1ABFH         LINE#         3097
  C:1AC2H         LINE#         3098
  C:1AC2H         LINE#         3099
  C:1AEDH         LINE#         3100
  C:1AF0H         LINE#         3101
  C:1AF0H         LINE#         3102
  C:1B1BH         LINE#         3103
  C:1B1EH         LINE#         3104
  C:1B1EH         LINE#         3105
  C:1B53H         LINE#         3106
  C:1B56H         LINE#         3107
  C:1B56H         LINE#         3108
  C:1B8BH         LINE#         3109
  C:1B8EH         LINE#         3110
  C:1B8EH         LINE#         3111
  C:1BB9H         LINE#         3112
  C:1BBCH         LINE#         3113
  C:1BBCH         LINE#         3114
  C:1BE7H         LINE#         3115
  C:1BEAH         LINE#         3116
  C:1BEAH         LINE#         3117
  C:1BEAH         LINE#         3118
  C:1BEAH         LINE#         3119
  C:1BEAH         LINE#         3120
  C:1BEAH         LINE#         3121
  C:1C13H         LINE#         3122
  C:1C13H         LINE#         3123
  C:1C4EH         LINE#         3124
  C:1C51H         LINE#         3125
  C:1C51H         LINE#         3126
  C:1C86H         LINE#         3127
  C:1C89H         LINE#         3128
  C:1C89H         LINE#         3129
  C:1CBEH         LINE#         3130
  C:1CC1H         LINE#         3131
  C:1CC1H         LINE#         3132
  C:1D00H         LINE#         3133
  C:1D02H         LINE#         3134
  C:1D02H         LINE#         3135
  C:1D4AH         LINE#         3136
  C:1D4CH         LINE#         3137
  C:1D4CH         LINE#         3138
  C:1D8AH         LINE#         3139
  C:1D8CH         LINE#         3140
  C:1D8CH         LINE#         3141
  C:1DD3H         LINE#         3142
  C:1DD3H         LINE#         3143
  C:1DD3H         LINE#         3144
  C:1DD3H         LINE#         3145
BL51 BANKED LINKER/LOCATER V6.22                                                      10/30/2015  16:06:25  PAGE 64


  C:1DD3H         LINE#         3146
  C:1DD3H         LINE#         3147
  C:1DD3H         LINE#         3148
  C:1DD3H         LINE#         3149
  C:1DD3H         LINE#         3151
  C:1DDDH         LINE#         3153
  C:1DF7H         LINE#         3155
  C:1DFCH         LINE#         3159
  C:1E85H         LINE#         3160
  C:1EC4H         LINE#         3161
  C:1EDDH         LINE#         3162
  -------         ENDPROC       _FUN_NAJIAN
  -------         PROC          FUN_ZHUAJIAN
  C:652FH         LINE#         3164
  C:652FH         LINE#         3165
  C:6534H         LINE#         3166
  C:6539H         LINE#         3167
  C:653EH         LINE#         3168
  C:6546H         LINE#         3169
  C:654BH         LINE#         3171
  C:6552H         LINE#         3172
  C:6559H         LINE#         3173
  C:6560H         LINE#         3174
  C:6567H         LINE#         3175
  C:657FH         LINE#         3176
  C:658BH         LINE#         3177
  C:6592H         LINE#         3178
  C:659BH         LINE#         3179
  C:65A2H         LINE#         3180
  C:65A4H         LINE#         3181
  C:65A4H         LINE#         3182
  C:65A4H         LINE#         3183
  C:65A4H         LINE#         3184
  C:65A6H         LINE#         3185
  C:65B2H         LINE#         3186
  C:65B9H         LINE#         3187
  C:65C2H         LINE#         3188
  C:65C9H         LINE#         3189
  C:65D0H         LINE#         3190
  C:65D9H         LINE#         3191
  C:65E0H         LINE#         3192
  C:65E9H         LINE#         3193
  C:65E9H         LINE#         3194
  C:65F0H         LINE#         3195
  C:65F3H         LINE#         3196
  -------         ENDPROC       FUN_ZHUAJIAN
  -------         PROC          FUN_BACK
  C:6C2FH         LINE#         3198
  C:6C2FH         LINE#         3199
  C:6C36H         LINE#         3200
  C:6C39H         LINE#         3202
  C:6C40H         LINE#         3203
  C:6C47H         LINE#         3204
  C:6C50H         LINE#         3206
  C:6C57H         LINE#         3207
  C:6C5AH         LINE#         3208
  -------         ENDPROC       FUN_BACK
BL51 BANKED LINKER/LOCATER V6.22                                                      10/30/2015  16:06:25  PAGE 65


  -------         PROC          _FUN_START
  X:02A5H         SYMBOL        par_x
  X:02A6H         SYMBOL        par_y
  X:02A7H         SYMBOL        par_ctfx
  X:02A8H         SYMBOL        par_szzt
  X:02A9H         SYMBOL        par_sjwz
  X:02AAH         SYMBOL        par_pywz
  X:02ABH         SYMBOL        par_hzfx
  C:65FAH         LINE#         3210
  C:6605H         LINE#         3211
  C:6605H         LINE#         3212
  C:6608H         LINE#         3213
  C:660BH         LINE#         3214
  C:660DH         LINE#         3215
  C:660FH         LINE#         3216
  C:6612H         LINE#         3217
  C:6615H         LINE#         3218
  C:6618H         LINE#         3220
  C:661AH         LINE#         3221
  C:661CH         LINE#         3222
  C:661EH         LINE#         3223
  C:6620H         LINE#         3225
  C:6623H         LINE#         3226
  C:6625H         LINE#         3228
  C:6628H         LINE#         3230
  C:662BH         LINE#         3231
  C:662EH         LINE#         3232
  C:6630H         LINE#         3233
  C:6632H         LINE#         3234
  C:663BH         LINE#         3236
  C:6648H         LINE#         3237
  C:6657H         LINE#         3238
  C:665CH         LINE#         3239
  C:6660H         LINE#         3241
  C:6668H         LINE#         3242
  C:6670H         LINE#         3243
  C:6678H         LINE#         3244
  C:6680H         LINE#         3245
  C:6688H         LINE#         3246
  C:6690H         LINE#         3247
  C:6698H         LINE#         3249
  C:669DH         LINE#         3250
  C:66A3H         LINE#         3251
  C:66AAH         LINE#         3252
  C:66B1H         LINE#         3253
  C:66B8H         LINE#         3254
  C:66BFH         LINE#         3260
  -------         ENDPROC       _FUN_START
  -------         PROC          FUN_STOP
  C:6BEDH         LINE#         3263
  C:6BEDH         LINE#         3264
  C:6BEFH         LINE#         3265
  C:6BF4H         LINE#         3266
  C:6BFAH         LINE#         3267
  C:6C01H         LINE#         3268
  C:6C08H         LINE#         3269
  C:6C0FH         LINE#         3270
BL51 BANKED LINKER/LOCATER V6.22                                                      10/30/2015  16:06:25  PAGE 66


  C:6C16H         LINE#         3271
  C:6C2DH         LINE#         3272
  -------         ENDPROC       FUN_STOP
  -------         ENDMOD        8023

  -------         MODULE        ?C?FPMUL
  C:2A80H         PUBLIC        ?C?FPMUL
  -------         ENDMOD        ?C?FPMUL

  -------         MODULE        ?C?FCAST
  C:2B90H         PUBLIC        ?C?FCASTC
  C:2B8BH         PUBLIC        ?C?FCASTI
  C:2B86H         PUBLIC        ?C?FCASTL
  -------         ENDMOD        ?C?FCAST

  -------         MODULE        ?C?CASTF
  C:2BC4H         PUBLIC        ?C?CASTF
  -------         ENDMOD        ?C?CASTF

  -------         MODULE        PRINTF
  X:02A5H         PUBLIC        ?_PRINTF?BYTE
  X:02A5H         PUBLIC        ?_SPRINTF?BYTE
  C:4146H         PUBLIC        _PRINTF
  C:4140H         PUBLIC        _SPRINTF
  -------         ENDMOD        PRINTF

  -------         MODULE        ?C?FPROUND
  C:2C45H         PUBLIC        ?C?FPROUND
  -------         ENDMOD        ?C?FPROUND

  -------         MODULE        ?C?FPCONVERT
  C:2C82H         PUBLIC        ?C?FPCONVERT
  -------         ENDMOD        ?C?FPCONVERT

  -------         MODULE        ?C?FPADD
  C:2D8EH         PUBLIC        ?C?FPADD
  C:2D8AH         PUBLIC        ?C?FPSUB
  -------         ENDMOD        ?C?FPADD

  -------         MODULE        ?C?FPDIV
  C:2E82H         PUBLIC        ?C?FPDIV
  -------         ENDMOD        ?C?FPDIV

  -------         MODULE        ?C?FTNPWR
  C:2F4FH         PUBLIC        ?C?FTNPWR
  -------         ENDMOD        ?C?FTNPWR

  -------         MODULE        ?C?COPY
  C:305FH         PUBLIC        ?C?COPY
  -------         ENDMOD        ?C?COPY

  -------         MODULE        ?C?CLDPTR
  C:3085H         PUBLIC        ?C?CLDPTR
  -------         ENDMOD        ?C?CLDPTR

  -------         MODULE        ?C?CLDOPTR
  C:309EH         PUBLIC        ?C?CLDOPTR
BL51 BANKED LINKER/LOCATER V6.22                                                      10/30/2015  16:06:25  PAGE 67


  -------         ENDMOD        ?C?CLDOPTR

  -------         MODULE        ?C?CILDOPTR
  C:30CBH         PUBLIC        ?C?CILDOPTR
  -------         ENDMOD        ?C?CILDOPTR

  -------         MODULE        ?C?CSTPTR
  C:30FEH         PUBLIC        ?C?CSTPTR
  -------         ENDMOD        ?C?CSTPTR

  -------         MODULE        ?C?CSTOPTR
  C:3110H         PUBLIC        ?C?CSTOPTR
  -------         ENDMOD        ?C?CSTOPTR

  -------         MODULE        ?C?IMUL
  C:3132H         PUBLIC        ?C?IMUL
  -------         ENDMOD        ?C?IMUL

  -------         MODULE        ?C?UIDIV
  C:3144H         PUBLIC        ?C?UIDIV
  -------         ENDMOD        ?C?UIDIV

  -------         MODULE        ?C?SIDIV
  C:3199H         PUBLIC        ?C?SIDIV
  -------         ENDMOD        ?C?SIDIV

  -------         MODULE        ?C?IILDX
  C:31CFH         PUBLIC        ?C?IILDX
  -------         ENDMOD        ?C?IILDX

  -------         MODULE        ?C?ILDIX
  C:31E5H         PUBLIC        ?C?ILDIX
  -------         ENDMOD        ?C?ILDIX

  -------         MODULE        ?C?ULDIV
  C:3237H         PUBLIC        ?C?ULDIV
  -------         ENDMOD        ?C?ULDIV

  -------         MODULE        ?C?LNEG
  C:32C9H         PUBLIC        ?C?LNEG
  -------         ENDMOD        ?C?LNEG

  -------         MODULE        ?C?ULCMP
  C:32D7H         PUBLIC        ?C?ULCMP
  -------         ENDMOD        ?C?ULCMP

  -------         MODULE        ?C?LSTXDATA
  C:32E8H         PUBLIC        ?C?LSTXDATA
  -------         ENDMOD        ?C?LSTXDATA

  -------         MODULE        ?C?LSTKXDATA
  C:32F4H         PUBLIC        ?C?LSTKXDATA
  -------         ENDMOD        ?C?LSTKXDATA

  -------         MODULE        ?C?OFFXADD
  C:3325H         PUBLIC        ?C?OFFXADD
  -------         ENDMOD        ?C?OFFXADD
BL51 BANKED LINKER/LOCATER V6.22                                                      10/30/2015  16:06:25  PAGE 68



  -------         MODULE        ?C?PLDIXDATA
  C:3331H         PUBLIC        ?C?PLDIXDATA
  -------         ENDMOD        ?C?PLDIXDATA

  -------         MODULE        ?C?PSTXDATA
  C:3348H         PUBLIC        ?C?PSTXDATA
  -------         ENDMOD        ?C?PSTXDATA

  -------         MODULE        ?C?CCASE
  C:3351H         PUBLIC        ?C?CCASE
  -------         ENDMOD        ?C?CCASE

  -------         MODULE        PUTCHAR
  C:6C90H         PUBLIC        _PUTCHAR
  -------         ENDMOD        PUTCHAR

  -------         MODULE        CABS
  C:6E49H         PUBLIC        _CABS
  -------         ENDMOD        CABS

  -------         MODULE        ?C?MEMSET
  C:3377H         PUBLIC        ?C?MEMSET
  -------         ENDMOD        ?C?MEMSET

Program Size: data=35.1 xdata=901 code=28244
LINK/LOCATE RUN COMPLETE.  0 WARNING(S),  0 ERROR(S)
