BL51 BANKED LINKER/LOCATER V6.22                                                        10/15/2015  01:32:07  PAGE 1


BL51 BANKED LINKER/LOCATER V6.22, INVOKED BY:
D:\MYPROGRAM\KEIL\C51\BIN\BL51.EXE STARTUP.obj, perfect.obj, ..\8023.LIB TO perfect RAMSIZE (256) DISABLEWARNING (16)


MEMORY MODEL: LARGE WITH FLOATING POINT ARITHMETIC


INPUT MODULES INCLUDED:
  STARTUP.obj (?C_STARTUP)
  perfect.obj (PERFECT)
  ..\8023.LIB (8023)
  D:\MYPROGRAM\KEIL\C51\LIB\C51FPL.LIB (?C?FPMUL)
  D:\MYPROGRAM\KEIL\C51\LIB\C51FPL.LIB (?C?FCAST)
  D:\MYPROGRAM\KEIL\C51\LIB\C51FPL.LIB (?C?CASTF)
  D:\MYPROGRAM\KEIL\C51\LIB\C51FPL.LIB (PRINTF)
  D:\MYPROGRAM\KEIL\C51\LIB\C51FPL.LIB (?C?FPGETOPN)
  D:\MYPROGRAM\KEIL\C51\LIB\C51FPL.LIB (?C?FPROUND)
  D:\MYPROGRAM\KEIL\C51\LIB\C51FPL.LIB (?C?FPCONVERT)
  D:\MYPROGRAM\KEIL\C51\LIB\C51FPL.LIB (?C?FPADD)
  D:\MYPROGRAM\KEIL\C51\LIB\C51FPL.LIB (?C?FPDIV)
  D:\MYPROGRAM\KEIL\C51\LIB\C51FPL.LIB (?C?FTNPWR)
  D:\MYPROGRAM\KEIL\C51\LIB\C51L.LIB (?C_INIT)
  D:\MYPROGRAM\KEIL\C51\LIB\C51L.LIB (?C?CLDPTR)
  D:\MYPROGRAM\KEIL\C51\LIB\C51L.LIB (?C?CLDOPTR)
  D:\MYPROGRAM\KEIL\C51\LIB\C51L.LIB (?C?CILDOPTR)
  D:\MYPROGRAM\KEIL\C51\LIB\C51L.LIB (?C?CSTPTR)
  D:\MYPROGRAM\KEIL\C51\LIB\C51L.LIB (?C?IMUL)
  D:\MYPROGRAM\KEIL\C51\LIB\C51L.LIB (?C?UIDIV)
  D:\MYPROGRAM\KEIL\C51\LIB\C51L.LIB (?C?SIDIV)
  D:\MYPROGRAM\KEIL\C51\LIB\C51L.LIB (?C?IILDX)
  D:\MYPROGRAM\KEIL\C51\LIB\C51L.LIB (?C?ILDIX)
  D:\MYPROGRAM\KEIL\C51\LIB\C51L.LIB (?C?ULDIV)
  D:\MYPROGRAM\KEIL\C51\LIB\C51L.LIB (?C?LNEG)
  D:\MYPROGRAM\KEIL\C51\LIB\C51L.LIB (?C?ULCMP)
  D:\MYPROGRAM\KEIL\C51\LIB\C51L.LIB (?C?LSTXDATA)
  D:\MYPROGRAM\KEIL\C51\LIB\C51L.LIB (?C?LSTKXDATA)
  D:\MYPROGRAM\KEIL\C51\LIB\C51L.LIB (?C?OFFXADD)
  D:\MYPROGRAM\KEIL\C51\LIB\C51L.LIB (?C?PLDIXDATA)
  D:\MYPROGRAM\KEIL\C51\LIB\C51L.LIB (?C?PSTXDATA)
  D:\MYPROGRAM\KEIL\C51\LIB\C51L.LIB (?C?CCASE)
  D:\MYPROGRAM\KEIL\C51\LIB\C51L.LIB (PUTCHAR)
  D:\MYPROGRAM\KEIL\C51\LIB\C51L.LIB (CABS)
  D:\MYPROGRAM\KEIL\C51\LIB\C51L.LIB (?C?MEMSET)


LINK MAP OF MODULE:  perfect (?C_STARTUP)


            TYPE    BASE      LENGTH    RELOCATION   SEGMENT NAME
            -----------------------------------------------------

            * * * * * * *   D A T A   M E M O R Y   * * * * * * *
            REG     0000H     0008H     ABSOLUTE     "REG BANK 0"
            REG     0008H     0008H     ABSOLUTE     "REG BANK 1"
            DATA    0010H     000BH     UNIT         _DATA_GROUP_
            DATA    001BH     0005H     UNIT         ?DT?8023
            BIT     0020H.0   0001H.1   UNIT         _BIT_GROUP_
                    0021H.1   0000H.7                *** GAP ***
BL51 BANKED LINKER/LOCATER V6.22                                                      10/15/2015  01:32:07  PAGE 2


            IDATA   0022H     0001H     UNIT         ?STACK

            * * * * * * *  X D A T A   M E M O R Y  * * * * * * *
            XDATA   0000H     0222H     UNIT         ?XD?8023
            XDATA   0222H     0061H     UNIT         ?XD?_FUN_ZDZJ?8023
            XDATA   0283H     0031H     UNIT         _XDATA_GROUP_
            XDATA   02B4H     002CH     UNIT         ?XD?_FUN_MIN?8023
            XDATA   02E0H     000DH     UNIT         ?XD?_FUN_SJHZ?8023
            XDATA   02EDH     0009H     UNIT         ?XD?_FUN_NAJIAN?8023
            XDATA   02F6H     0005H     UNIT         ?XD?_FUN_FOLLINE?8023
            XDATA   02FBH     0004H     UNIT         ?XD?FUN_CALIBRATION?8023
            XDATA   02FFH     0003H     UNIT         ?XD?_FUN_PYSJHZ?8023
            XDATA   0302H     0003H     UNIT         ?XD?_FUN_QC?8023
            XDATA   0305H     0002H     UNIT         ?XD?_FUN_PYHZ?8023
            XDATA   0307H     0002H     UNIT         ?XD?_FUN_ZJZT?8023
            XDATA   0309H     0001H     UNIT         ?XD?_FUN_SJ?8023
            XDATA   030AH     0001H     UNIT         ?XD?_FUN_HZ?8023
            XDATA   030BH     0001H     UNIT         ?XD?_FUN_TURN?8023

            * * * * * * *   C O D E   M E M O R Y   * * * * * * *
            CODE    0000H     0003H     ABSOLUTE     
            CODE    0003H     0003H     ABSOLUTE     
            CODE    0006H     0001H     UNIT         ?PR?INT0INTERRUPT?PERFECT
            CODE    0007H     0001H     UNIT         ?PR?FUN_COORDINATE?8023
                    0008H     0003H                  *** GAP ***
            CODE    000BH     0003H     ABSOLUTE     
            CODE    000EH     000DH     UNIT         ?PR?FUN_STOPE2PROM?8023
            CODE    001BH     0003H     ABSOLUTE     
            CODE    001EH     10D0H     UNIT         ?PR?_FUN_ZDZJ?8023
            CODE    10EEH     0DFDH     UNIT         ?PR?_FUN_NAJIAN?8023
            CODE    1EEBH     080BH     UNIT         ?C?LIB_CODE
            CODE    26F6H     0511H     UNIT         ?PR?FUN_TIMERMOVE?8023
            CODE    2C07H     0483H     UNIT         ?PR?PRINTF?PRINTF
            CODE    308AH     02C1H     UNIT         ?PR?_FUN_SJHZ?8023
            CODE    334BH     023EH     UNIT         ?PR?_FUN_MOTORS?8023
            CODE    3589H     01DEH     UNIT         ?PR?_FUN_QC?8023
            CODE    3767H     01B5H     UNIT         ?PR?FUN_CALIBRATION?8023
            CODE    391CH     01AAH     UNIT         ?PR?_FUN_FOLLINE?8023
            CODE    3AC6H     0183H     UNIT         ?PR?_FUN_ZJZT?8023
            CODE    3C49H     015EH     UNIT         ?PR?_FUN_HZ?8023
            CODE    3DA7H     015AH     UNIT         ?PR?_FUN_SJ?8023
            CODE    3F01H     0145H     UNIT         ?PR?_FUN_SETXY?8023
            CODE    4046H     0144H     UNIT         ?PR?_FUN_PYHZ?8023
            CODE    418AH     0137H     UNIT         ?PR?_FUN_PY?8023
            CODE    42C1H     012EH     UNIT         ?PR?_FUN_MOTORSRL?8023
            CODE    43EFH     011CH     UNIT         ?PR?FUN_TEST?8023
            CODE    450BH     00EDH     UNIT         ?PR?MAIN?PERFECT
            CODE    45F8H     00CBH     UNIT         ?PR?FUN_ZHUAJIAN?8023
            CODE    46C3H     00C8H     UNIT         ?PR?_FUN_START?8023
            CODE    478BH     009DH     UNIT         ?PR?FUN_JTJP?8023
            CODE    4828H     008CH     UNIT         ?C_C51STARTUP
            CODE    48B4H     0083H     UNIT         ?PR?_FUN_FLSETTING?8023
            CODE    4937H     007BH     UNIT         ?PR?_FUN_TURN?8023
            CODE    49B2H     007BH     UNIT         ?PR?_FUN_MIN?8023
            CODE    4A2DH     0075H     UNIT         ?PR?_FUN_DELAY?8023
            CODE    4AA2H     004CH     UNIT         ?PR?_FUN_GETXY?8023
            CODE    4AEEH     0042H     UNIT         ?PR?_FUN_SZ?8023
BL51 BANKED LINKER/LOCATER V6.22                                                      10/15/2015  01:32:07  PAGE 3


            CODE    4B30H     0042H     UNIT         ?PR?FUN_STOP?8023
            CODE    4B72H     0031H     UNIT         ?PR?FUN_BACK?8023
            CODE    4BA3H     002BH     UNIT         ?C_INITSEG
            CODE    4BCEH     0027H     UNIT         ?PR?PUTCHAR?PUTCHAR
            CODE    4BF5H     0026H     UNIT         ?PR?FUN_TIMER0?8023
            CODE    4C1BH     0021H     UNIT         ?PR?_FUN_WRITEE2PROM?8023
            CODE    4C3CH     0020H     UNIT         ?PR?_FUN_READE2PROM?8023
            CODE    4C5CH     001DH     UNIT         ?PR?_FUN_CLEANE2PROM?8023
            CODE    4C79H     001BH     UNIT         ?PR?TIMER0INTERRUPT?PERFECT
            CODE    4C94H     001BH     UNIT         ?PR?TIMER1INTERRUPT?PERFECT
            CODE    4CAFH     001AH     UNIT         ?PR?FUN_WAIT?8023
            CODE    4CC9H     001AH     UNIT         ?PR?_FUN_PWMR?8023
            CODE    4CE3H     001AH     UNIT         ?PR?_FUN_PWML?8023
            CODE    4CFDH     0016H     UNIT         ?PR?FUN_TIMER0INIT?8023
            CODE    4D13H     0016H     UNIT         ?PR?FUN_TIMER1INIT?8023
            CODE    4D29H     0013H     UNIT         ?PR?FUN_PORT?8023
            CODE    4D3CH     000CH     UNIT         ?PR?_FUN_PYSJHZ?8023
            CODE    4D48H     000BH     UNIT         ?PR?FUN_PWMINIT?8023
            CODE    4D53H     0009H     UNIT         ?CO?8023
            CODE    4D5CH     0008H     UNIT         ?PR?_CABS?CABS
            CODE    4D64H     0007H     UNIT         ?PR?FUN_TIMER1?8023



OVERLAY MAP OF MODULE:   perfect (?C_STARTUP)


SEGMENT                                BIT_GROUP          DATA_GROUP          XDATA_GROUP
  +--> CALLED SEGMENT               START    LENGTH     START    LENGTH     START    LENGTH
-------------------------------------------------------------------------------------------
?C_C51STARTUP                       -----    -----      -----    -----      -----    -----
  +--> ?PR?MAIN?PERFECT
  +--> ?C_INITSEG

?PR?MAIN?PERFECT                    -----    -----      -----    -----      -----    -----
  +--> ?PR?_FUN_START?8023
  +--> ?PR?_FUN_SETXY?8023
  +--> ?PR?_FUN_FLSETTING?8023
  +--> ?PR?_FUN_PY?8023
  +--> ?PR?_FUN_DELAY?8023
  +--> ?PR?_FUN_SZ?8023
  +--> ?PR?FUN_STOP?8023

?PR?_FUN_START?8023                 -----    -----      -----    -----      0283H    0007H
  +--> ?PR?FUN_PORT?8023
  +--> ?PR?FUN_PWMINIT?8023
  +--> ?PR?FUN_TIMER0INIT?8023
  +--> ?PR?FUN_TIMER1INIT?8023
  +--> ?PR?_FUN_MOTORS?8023
  +--> ?PR?FUN_WAIT?8023

?PR?_FUN_MOTORS?8023                -----    -----      -----    -----      028AH    0001H
  +--> ?PR?_CABS?CABS
  +--> ?PR?_FUN_PWML?8023
  +--> ?PR?_FUN_PWMR?8023

?PR?FUN_WAIT?8023                   -----    -----      -----    -----      -----    -----
BL51 BANKED LINKER/LOCATER V6.22                                                      10/15/2015  01:32:07  PAGE 4


  +--> ?PR?_FUN_DELAY?8023

?PR?_FUN_DELAY?8023                 -----    -----      0010H    0007H      -----    -----

?PR?_FUN_SETXY?8023                 -----    -----      -----    -----      0283H    0015H

?PR?_FUN_FLSETTING?8023             -----    -----      -----    -----      0283H    002EH

?PR?_FUN_PY?8023                    -----    -----      -----    -----      0283H    0001H
  +--> ?PR?_FUN_MOTORS?8023
  +--> ?PR?_FUN_DELAY?8023

?PR?_FUN_SZ?8023                    -----    -----      -----    -----      0283H    0001H
  +--> ?PR?_FUN_MOTORS?8023
  +--> ?PR?_FUN_DELAY?8023

?PR?FUN_STOP?8023                   -----    -----      -----    -----      -----    -----
  +--> ?PR?_FUN_MOTORS?8023
  +--> ?CO?8023
  +--> ?PR?PRINTF?PRINTF

?PR?PRINTF?PRINTF                   0020H.0  0001H.1    0010H    0005H      0283H    0030H
  +--> ?PR?PUTCHAR?PUTCHAR

*** NEW ROOT ***************************************************

?PR?TIMER0INTERRUPT?PERFECT         -----    -----      -----    -----      -----    -----
  +--> ?PR?FUN_TIMER0?8023

?PR?FUN_TIMER0?8023                 -----    -----      -----    -----      -----    -----
  +--> ?PR?FUN_TIMERMOVE?8023

?PR?FUN_TIMERMOVE?8023              -----    -----      0017H    0004H      -----    -----
  +--> ?PR?_FUN_MOTORSRL?8023

?PR?_FUN_MOTORSRL?8023              -----    -----      -----    -----      02B3H    0001H
  +--> ?PR?_CABS?CABS
  +--> ?PR?_FUN_PWML?8023
  +--> ?PR?_FUN_PWMR?8023

*** NEW ROOT ***************************************************

?PR?TIMER1INTERRUPT?PERFECT         -----    -----      -----    -----      -----    -----
  +--> ?PR?FUN_TIMER1?8023



SYMBOL TABLE OF MODULE:  perfect (?C_STARTUP)

  VALUE           TYPE          NAME
  ----------------------------------

  -------         MODULE        ?C_STARTUP
  C:4828H         SEGMENT       ?C_C51STARTUP
  I:0022H         SEGMENT       ?STACK
  C:0000H         PUBLIC        ?C_STARTUP
  D:00E0H         SYMBOL        ACC
BL51 BANKED LINKER/LOCATER V6.22                                                      10/15/2015  01:32:07  PAGE 5


  D:00F0H         SYMBOL        B
  D:0083H         SYMBOL        DPH
  D:0082H         SYMBOL        DPL
  N:0000H         SYMBOL        IBPSTACK
  N:0100H         SYMBOL        IBPSTACKTOP
  N:0080H         SYMBOL        IDATALEN
  C:482BH         SYMBOL        IDATALOOP
  N:0000H         SYMBOL        PBPSTACK
  N:0100H         SYMBOL        PBPSTACKTOP
  N:0000H         SYMBOL        PDATALEN
  N:0000H         SYMBOL        PDATASTART
  N:0000H         SYMBOL        PPAGE
  N:0000H         SYMBOL        PPAGEENABLE
  D:00A0H         SYMBOL        PPAGE_SFR
  D:0081H         SYMBOL        SP
  C:4828H         SYMBOL        STARTUP1
  N:0000H         SYMBOL        XBPSTACK
  N:0000H         SYMBOL        XBPSTACKTOP
  N:0000H         SYMBOL        XDATALEN
  N:0000H         SYMBOL        XDATASTART
  C:0000H         LINE#         126
  C:4828H         LINE#         133
  C:482AH         LINE#         134
  C:482BH         LINE#         135
  C:482CH         LINE#         136
  C:482EH         LINE#         185
  C:4831H         LINE#         196
  -------         ENDMOD        ?C_STARTUP

  -------         MODULE        PERFECT
  C:0000H         SYMBOL        _ICE_DUMMY_
  D:0080H         PUBLIC        P0
  D:0090H         PUBLIC        P1
  D:00A0H         PUBLIC        P2
  D:00B0H         PUBLIC        P3
  D:00C0H         PUBLIC        P4
  D:00C8H         PUBLIC        P5
  C:4C79H         PUBLIC        Timer0Interrupt
  C:4C94H         PUBLIC        Timer1Interrupt
  D:00A8H         PUBLIC        IE
  D:00B8H         PUBLIC        IP
  D:00D8H         PUBLIC        CCON
  C:450BH         PUBLIC        main
  C:0006H         PUBLIC        Int0Interrupt
  D:0098H         PUBLIC        SCON
  D:0088H         PUBLIC        TCON
  D:00D0H         PUBLIC        PSW
  -------         PROC          MAIN
  C:450BH         LINE#         2
  C:450BH         LINE#         3
  C:4525H         LINE#         11
  C:4570H         LINE#         19
  C:45CFH         LINE#         21
  C:45D4H         LINE#         22
  C:45D9H         LINE#         24
  C:45EBH         LINE#         26
  C:45F5H         LINE#         103
BL51 BANKED LINKER/LOCATER V6.22                                                      10/15/2015  01:32:07  PAGE 6


  -------         ENDPROC       MAIN
  -------         PROC          INT0INTERRUPT
  C:0006H         LINE#         105
  C:0006H         LINE#         107
  -------         ENDPROC       INT0INTERRUPT
  -------         PROC          TIMER0INTERRUPT
  C:4C79H         LINE#         108
  C:4C86H         LINE#         109
  C:4C89H         LINE#         110
  -------         ENDPROC       TIMER0INTERRUPT
  -------         PROC          TIMER1INTERRUPT
  C:4C94H         LINE#         111
  C:4CA1H         LINE#         112
  C:4CA4H         LINE#         113
  -------         ENDPROC       TIMER1INTERRUPT
  -------         ENDMOD        PERFECT

  -------         MODULE        8023
  C:0000H         SYMBOL        _ICE_DUMMY_
  D:0092H         PUBLIC        P1M0
  D:0093H         PUBLIC        P0M1
  C:3ACBH         PUBLIC        _fun_zjzt
  C:3589H         PUBLIC        _fun_qc
  C:4BF5H         PUBLIC        fun_timer0
  D:0096H         PUBLIC        P2M0
  D:0091H         PUBLIC        P1M1
  D:0080H         PUBLIC        P0
  C:4D64H         PUBLIC        fun_timer1
  D:0095H         PUBLIC        P2M1
  D:0090H         PUBLIC        P1
  C:48B4H         PUBLIC        _fun_flsetting
  D:00A0H         PUBLIC        P2
  X:0000H         PUBLIC        str_tfl
  B:0090H.2       PUBLIC        out_pwmr
  D:00B0H         PUBLIC        P3
  D:00C0H         PUBLIC        P4
  D:00C8H         PUBLIC        P5
  B:00A8H.7       PUBLIC        EA
  C:3DA7H         PUBLIC        _fun_sj
  C:26F6H         PUBLIC        fun_timermove
  C:45F8H         PUBLIC        fun_zhuajian
  C:4C5CH         PUBLIC        _fun_cleane2prom
  B:00B0H.6       PUBLIC        in_hpy
  D:00F9H         PUBLIC        CH
  C:3C49H         PUBLIC        _fun_hz
  D:00A8H         PUBLIC        IE
  D:00E9H         PUBLIC        CL
  D:00C5H         PUBLIC        IAP_CMD
  X:004CH         PUBLIC        str_now
  D:00FAH         PUBLIC        CCAP0H
  D:00FBH         PUBLIC        CCAP1H
  B:00B0H.5       PUBLIC        in_qpy
  C:418AH         PUBLIC        _fun_py
  D:00EAH         PUBLIC        CCAP0L
  B:00D8H.6       PUBLIC        CR
  D:00EBH         PUBLIC        CCAP1L
  D:00DAH         PUBLIC        CCAPM0
BL51 BANKED LINKER/LOCATER V6.22                                                      10/15/2015  01:32:07  PAGE 7


  D:00DBH         PUBLIC        CCAPM1
  C:391CH         PUBLIC        _fun_folline
  C:4AEEH         PUBLIC        _fun_sz
  D:00B8H         PUBLIC        IP
  B:00A0H.5       PUBLIC        in_hz
  B:0098H.1       PUBLIC        TI
  D:0097H         PUBLIC        CLK_DIV
  C:10EEH         PUBLIC        _fun_najian
  D:00C3H         PUBLIC        IAP_ADDRH
  B:00B0H.4       PUBLIC        in_j
  C:4C3CH         PUBLIC        _fun_reade2prom
  D:00C4H         PUBLIC        IAP_ADDRL
  D:00D9H         PUBLIC        CMOD
  D:00D8H         PUBLIC        CCON
  B:00B0H.3       PUBLIC        in_s
  B:00A0H.0       PUBLIC        out_dir1
  B:00A0H.2       PUBLIC        out_dir2
  D:0087H         PUBLIC        PCON
  C:4C1BH         PUBLIC        _fun_writee2prom
  C:42CAH         PUBLIC        _fun_motorsrl
  D:0098H         PUBLIC        SCON
  D:0089H         PUBLIC        TMOD
  D:0088H         PUBLIC        TCON
  C:4CFDH         PUBLIC        fun_timer0init
  C:4D48H         PUBLIC        fun_pwminit
  C:4D13H         PUBLIC        fun_timer1init
  C:3767H         PUBLIC        fun_calibration
  C:4A33H         PUBLIC        _fun_delay
  C:4B72H         PUBLIC        fun_back
  B:00A0H.1       PUBLIC        out_en1
  B:00A0H.3       PUBLIC        out_en2
  D:008EH         PUBLIC        AUXR
  X:0059H         PUBLIC        str_begin
  D:00C7H         PUBLIC        IAP_CONTR
  B:0080H.7       PUBLIC        in_ls1
  B:00A8H.1       PUBLIC        ET0
  B:0080H.6       PUBLIC        in_ls2
  B:0088H.5       PUBLIC        TF0
  B:00A8H.3       PUBLIC        ET1
  B:0080H.5       PUBLIC        in_ls3
  B:0088H.7       PUBLIC        TF1
  B:0080H.4       PUBLIC        in_ls4
  D:008CH         PUBLIC        TH0
  C:000EH         PUBLIC        fun_stope2prom
  B:0080H.3       PUBLIC        in_ls5
  D:008DH         PUBLIC        TH1
  B:0080H.2       PUBLIC        in_ls6
  D:001CH         PUBLIC        var_timer
  B:0080H.1       PUBLIC        in_ls7
  B:0080H.0       PUBLIC        in_ls8
  D:008AH         PUBLIC        TL0
  D:008BH         PUBLIC        TL1
  C:3354H         PUBLIC        _fun_motors
  B:0090H.6       PUBLIC        out_switchselect
  D:00C2H         PUBLIC        IAP_DATA
  B:0088H.4       PUBLIC        TR0
  C:4D3CH         PUBLIC        _fun_pysjhz
BL51 BANKED LINKER/LOCATER V6.22                                                      10/15/2015  01:32:07  PAGE 8


  B:0088H.6       PUBLIC        TR1
  C:0007H         PUBLIC        fun_coordinate
  D:00F2H         PUBLIC        PCA_PWM0
  B:00A0H.4       PUBLIC        in_wz1
  D:00F3H         PUBLIC        PCA_PWM1
  C:46C3H         PUBLIC        _fun_start
  B:00A0H.5       PUBLIC        in_wz2
  B:00A0H.6       PUBLIC        in_wz3
  B:00A0H.7       PUBLIC        in_wz4
  C:4AA2H         PUBLIC        _fun_getxy
  B:00A0H.4       PUBLIC        in_wz5
  C:4CAFH         PUBLIC        fun_wait
  C:478BH         PUBLIC        fun_jtjp
  D:009CH         PUBLIC        BRT
  B:00B0H.2       PUBLIC        in_start
  C:3F01H         PUBLIC        _fun_setxy
  X:0066H         PUBLIC        str_zbfl
  C:308AH         PUBLIC        _fun_sjhz
  C:43EFH         PUBLIC        fun_test
  C:4CE3H         PUBLIC        _fun_pwml
  C:001EH         PUBLIC        _fun_zdzj
  C:49F3H         PUBLIC        _fun_min
  C:4D29H         PUBLIC        fun_port
  X:01F2H         PUBLIC        str_cod
  D:00C6H         PUBLIC        IAP_TRIG
  C:4B30H         PUBLIC        fun_stop
  C:4CC9H         PUBLIC        _fun_pwmr
  B:0090H.7       PUBLIC        out_motorselect
  C:4937H         PUBLIC        _fun_turn
  C:404AH         PUBLIC        _fun_pyhz
  D:00D0H         PUBLIC        PSW
  X:0215H         PUBLIC        str_next
  B:0090H.5       PUBLIC        out_pwml
  D:0094H         PUBLIC        P0M0
  C:4A2DH         SYMBOL        L?1057
  C:4A2FH         SYMBOL        L?1058
  -------         PROC          L?1056
  -------         ENDPROC       L?1056
  C:4A2DH         SYMBOL        L?1057
  C:4A2FH         SYMBOL        L?1058
  -------         PROC          _FUN_DELAY
  D:0006H         SYMBOL        par_value
  D:0005H         SYMBOL        par_model
  -------         DO            
  D:0015H         SYMBOL        loc_con
  -------         DO            
  D:0010H         SYMBOL        loc_i
  D:0011H         SYMBOL        loc_j
  D:0012H         SYMBOL        loc_i
  D:0013H         SYMBOL        loc_j
  D:0014H         SYMBOL        loc_k
  -------         ENDDO         
  -------         DO            
  D:0012H         SYMBOL        loc_i
  D:0013H         SYMBOL        loc_j
  D:0014H         SYMBOL        loc_k
  -------         ENDDO         
BL51 BANKED LINKER/LOCATER V6.22                                                      10/15/2015  01:32:07  PAGE 9


  -------         ENDDO         
  C:4A33H         LINE#         30
  C:4A33H         LINE#         31
  C:4A37H         LINE#         32
  C:4A43H         LINE#         33
  C:4A43H         LINE#         37
  C:4A55H         LINE#         38
  C:4A56H         LINE#         39
  C:4A57H         LINE#         40
  C:4A59H         LINE#         43
  C:4A59H         LINE#         47
  C:4A6BH         LINE#         49
  C:4A6CH         LINE#         50
  C:4A6DH         LINE#         51
  C:4A70H         LINE#         52
  C:4A73H         LINE#         53
  C:4A73H         LINE#         54
  C:4A76H         LINE#         55
  C:4A79H         LINE#         56
  C:4A7BH         LINE#         59
  C:4A7BH         LINE#         63
  C:4A8DH         LINE#         65
  C:4A90H         LINE#         66
  C:4A93H         LINE#         67
  C:4A96H         LINE#         68
  C:4A96H         LINE#         69
  C:4A96H         LINE#         70
  C:4A99H         LINE#         71
  C:4A9CH         LINE#         72
  C:4A9FH         LINE#         73
  C:4AA1H         LINE#         76
  C:4AA1H         LINE#         77
  C:4AA1H         LINE#         78
  -------         ENDPROC       _FUN_DELAY
  -------         PROC          FUN_TIMER0INIT
  C:4CFDH         LINE#         79
  C:4CFDH         LINE#         83
  C:4D00H         LINE#         84
  C:4D03H         LINE#         85
  C:4D06H         LINE#         86
  C:4D09H         LINE#         87
  C:4D0CH         LINE#         88
  C:4D0EH         LINE#         89
  C:4D10H         LINE#         90
  C:4D12H         LINE#         91
  -------         ENDPROC       FUN_TIMER0INIT
  -------         PROC          FUN_TIMER1INIT
  C:4D13H         LINE#         92
  C:4D13H         LINE#         96
  C:4D16H         LINE#         97
  C:4D19H         LINE#         98
  C:4D1CH         LINE#         99
  C:4D1FH         LINE#         100
  C:4D22H         LINE#         101
  C:4D24H         LINE#         102
  C:4D26H         LINE#         103
  C:4D28H         LINE#         104
BL51 BANKED LINKER/LOCATER V6.22                                                      10/15/2015  01:32:07  PAGE 10


  -------         ENDPROC       FUN_TIMER1INIT
  -------         PROC          FUN_TIMER0
  C:4BF5H         LINE#         105
  C:4BF5H         LINE#         106
  C:4BF8H         LINE#         107
  C:4BFBH         LINE#         108
  C:4C10H         LINE#         109
  C:4C17H         LINE#         110
  C:4C1AH         LINE#         111
  -------         ENDPROC       FUN_TIMER0
  -------         PROC          FUN_TIMER1
  C:4D64H         LINE#         112
  C:4D64H         LINE#         113
  C:4D67H         LINE#         114
  C:4D6AH         LINE#         115
  -------         ENDPROC       FUN_TIMER1
  -------         PROC          FUN_WAIT
  C:4CAFH         LINE#         116
  C:4CAFH         LINE#         117
  C:4CB1H         LINE#         121
  C:4CB4H         LINE#         122
  C:4CBDH         LINE#         123
  C:4CC0H         LINE#         124
  -------         ENDPROC       FUN_WAIT
  -------         PROC          FUN_PWMINIT
  C:4D48H         LINE#         127
  C:4D48H         LINE#         131
  C:4D4BH         LINE#         132
  C:4D4DH         LINE#         133
  C:4D4FH         LINE#         134
  C:4D52H         LINE#         135
  -------         ENDPROC       FUN_PWMINIT
  -------         PROC          _FUN_PWMR
  D:0007H         SYMBOL        par_value
  C:4CC9H         LINE#         136
  C:4CC9H         LINE#         137
  C:4CDCH         LINE#         138
  C:4CDFH         LINE#         139
  C:4CE2H         LINE#         140
  -------         ENDPROC       _FUN_PWMR
  -------         PROC          _FUN_PWML
  D:0007H         SYMBOL        par_value
  C:4CE3H         LINE#         141
  C:4CE3H         LINE#         142
  C:4CF6H         LINE#         143
  C:4CF9H         LINE#         144
  C:4CFCH         LINE#         145
  -------         ENDPROC       _FUN_PWML
  -------         PROC          L?1062
  -------         ENDPROC       L?1062
  -------         PROC          _FUN_MOTORS
  D:0007H         SYMBOL        par_model
  X:028AH         SYMBOL        par_speed
  C:3354H         LINE#         146
  C:3359H         LINE#         147
  C:3360H         LINE#         148
  C:3365H         LINE#         149
BL51 BANKED LINKER/LOCATER V6.22                                                      10/15/2015  01:32:07  PAGE 11


  C:3370H         LINE#         150
  C:3373H         LINE#         151
  C:33A1H         LINE#         152
  C:33A1H         LINE#         153
  C:33AEH         LINE#         156
  C:33B3H         LINE#         157
  C:33BAH         LINE#         158
  C:33BAH         LINE#         159
  C:33BDH         LINE#         160
  C:33C5H         LINE#         161
  C:33CBH         LINE#         162
  C:33CEH         LINE#         163
  C:33DDH         LINE#         164
  C:33E7H         LINE#         165
  C:33E7H         LINE#         166
  C:33E8H         LINE#         167
  C:33E8H         LINE#         168
  C:33F5H         LINE#         171
  C:33FAH         LINE#         172
  C:3401H         LINE#         173
  C:3401H         LINE#         174
  C:3403H         LINE#         175
  C:340BH         LINE#         176
  C:3411H         LINE#         177
  C:3413H         LINE#         178
  C:3422H         LINE#         179
  C:3424H         LINE#         180
  C:3424H         LINE#         181
  C:3426H         LINE#         182
  C:3426H         LINE#         183
  C:3438H         LINE#         186
  C:3441H         LINE#         187
  C:3448H         LINE#         188
  C:344AH         LINE#         189
  C:3450H         LINE#         190
  C:3457H         LINE#         191
  C:3458H         LINE#         192
  C:3460H         LINE#         193
  C:3462H         LINE#         194
  C:346CH         LINE#         195
  C:3473H         LINE#         196
  C:3474H         LINE#         197
  C:3483H         LINE#         198
  C:3485H         LINE#         199
  C:348DH         LINE#         200
  C:349AH         LINE#         201
  C:349AH         LINE#         202
  C:349BH         LINE#         203
  C:349BH         LINE#         204
  C:34A8H         LINE#         207
  C:34ADH         LINE#         208
  C:34B4H         LINE#         209
  C:34B6H         LINE#         210
  C:34B8H         LINE#         211
  C:34C0H         LINE#         212
  C:34C2H         LINE#         213
  C:34C5H         LINE#         214
BL51 BANKED LINKER/LOCATER V6.22                                                      10/15/2015  01:32:07  PAGE 12


  C:34D0H         LINE#         215
  C:34D2H         LINE#         216
  C:34D2H         LINE#         217
  C:34D4H         LINE#         218
  C:34D4H         LINE#         219
  C:34E1H         LINE#         222
  C:34E6H         LINE#         223
  C:34EDH         LINE#         224
  C:34EFH         LINE#         225
  C:34F1H         LINE#         226
  C:34F9H         LINE#         227
  C:34FBH         LINE#         228
  C:34FEH         LINE#         229
  C:3509H         LINE#         230
  C:350BH         LINE#         231
  C:350BH         LINE#         232
  C:350DH         LINE#         233
  C:350DH         LINE#         234
  C:351AH         LINE#         237
  C:351FH         LINE#         238
  C:3526H         LINE#         239
  C:352CH         LINE#         240
  C:352DH         LINE#         241
  C:3535H         LINE#         242
  C:353BH         LINE#         243
  C:353CH         LINE#         244
  C:3544H         LINE#         245
  C:354AH         LINE#         246
  C:354AH         LINE#         247
  C:354BH         LINE#         248
  C:354BH         LINE#         249
  C:3558H         LINE#         252
  C:355DH         LINE#         253
  C:3564H         LINE#         254
  C:356AH         LINE#         255
  C:356BH         LINE#         256
  C:3573H         LINE#         257
  C:3579H         LINE#         258
  C:357AH         LINE#         259
  C:3582H         LINE#         260
  C:3588H         LINE#         261
  C:3588H         LINE#         262
  C:3588H         LINE#         263
  C:3588H         LINE#         264
  C:3588H         LINE#         265
  C:3588H         LINE#         266
  -------         ENDPROC       _FUN_MOTORS
  -------         PROC          L?1066
  -------         ENDPROC       L?1066
  -------         PROC          _FUN_MOTORSRL
  D:0007H         SYMBOL        par_model
  X:02B3H         SYMBOL        par_speed
  C:42CAH         LINE#         267
  C:42CFH         LINE#         268
  C:42D6H         LINE#         269
  C:42DBH         LINE#         270
  C:42E6H         LINE#         271
BL51 BANKED LINKER/LOCATER V6.22                                                      10/15/2015  01:32:07  PAGE 13


  C:42E9H         LINE#         272
  C:42FBH         LINE#         273
  C:42FBH         LINE#         274
  C:4308H         LINE#         277
  C:430DH         LINE#         278
  C:4314H         LINE#         279
  C:4314H         LINE#         280
  C:4317H         LINE#         281
  C:431FH         LINE#         282
  C:4325H         LINE#         283
  C:4328H         LINE#         284
  C:4337H         LINE#         285
  C:4341H         LINE#         286
  C:4341H         LINE#         287
  C:4342H         LINE#         288
  C:4342H         LINE#         289
  C:434FH         LINE#         292
  C:4354H         LINE#         293
  C:435BH         LINE#         294
  C:435BH         LINE#         295
  C:435DH         LINE#         296
  C:4365H         LINE#         297
  C:436BH         LINE#         298
  C:436DH         LINE#         299
  C:4379H         LINE#         300
  C:437BH         LINE#         301
  C:437BH         LINE#         302
  C:437DH         LINE#         303
  C:437DH         LINE#         304
  C:438FH         LINE#         307
  C:4398H         LINE#         308
  C:439FH         LINE#         309
  C:43A1H         LINE#         310
  C:43A7H         LINE#         311
  C:43AEH         LINE#         312
  C:43AFH         LINE#         313
  C:43B7H         LINE#         314
  C:43B9H         LINE#         315
  C:43C3H         LINE#         316
  C:43CAH         LINE#         317
  C:43CBH         LINE#         318
  C:43D7H         LINE#         319
  C:43D9H         LINE#         320
  C:43E1H         LINE#         321
  C:43EEH         LINE#         322
  C:43EEH         LINE#         323
  C:43EEH         LINE#         324
  C:43EEH         LINE#         325
  C:43EEH         LINE#         326
  C:43EEH         LINE#         327
  -------         ENDPROC       _FUN_MOTORSRL
  -------         PROC          _FUN_SZ
  X:0283H         SYMBOL        par_model
  C:4AEEH         LINE#         328
  C:4AF3H         LINE#         329
  C:4AFAH         LINE#         331
  C:4B01H         LINE#         335
BL51 BANKED LINKER/LOCATER V6.22                                                      10/15/2015  01:32:07  PAGE 14


  C:4B08H         LINE#         336
  C:4B0DH         LINE#         339
  C:4B0DH         LINE#         343
  C:4B14H         LINE#         344
  C:4B17H         LINE#         346
  C:4B17H         LINE#         347
  C:4B20H         LINE#         348
  C:4B27H         LINE#         349
  C:4B2FH         LINE#         350
  -------         ENDPROC       _FUN_SZ
  -------         PROC          _FUN_PY
  X:0283H         SYMBOL        par_model
  C:418AH         LINE#         351
  C:418FH         LINE#         352
  C:4199H         LINE#         354
  C:41B7H         LINE#         355
  C:41B7H         LINE#         359
  C:41BEH         LINE#         360
  C:41C1H         LINE#         361
  C:41C1H         LINE#         363
  C:41C4H         LINE#         364
  C:41C4H         LINE#         368
  C:41D9H         LINE#         369
  C:41D9H         LINE#         370
  C:41E0H         LINE#         371
  C:41E3H         LINE#         372
  C:41E6H         LINE#         373
  C:41E6H         LINE#         374
  C:41EDH         LINE#         375
  C:41F0H         LINE#         376
  C:41F3H         LINE#         377
  C:41F3H         LINE#         378
  C:41FAH         LINE#         379
  C:41FDH         LINE#         380
  C:4200H         LINE#         381
  C:4200H         LINE#         382
  C:4207H         LINE#         383
  C:420AH         LINE#         384
  C:420DH         LINE#         385
  C:420DH         LINE#         387
  C:420DH         LINE#         388
  C:420DH         LINE#         392
  C:4223H         LINE#         393
  C:4223H         LINE#         394
  C:422AH         LINE#         395
  C:422DH         LINE#         396
  C:422FH         LINE#         397
  C:422FH         LINE#         398
  C:4236H         LINE#         399
  C:4239H         LINE#         400
  C:423BH         LINE#         401
  C:423BH         LINE#         402
  C:4242H         LINE#         403
  C:4245H         LINE#         404
  C:4247H         LINE#         405
  C:4247H         LINE#         406
  C:424EH         LINE#         407
BL51 BANKED LINKER/LOCATER V6.22                                                      10/15/2015  01:32:07  PAGE 15


  C:4251H         LINE#         408
  C:4253H         LINE#         409
  C:4253H         LINE#         411
  C:4253H         LINE#         412
  C:4253H         LINE#         416
  C:4266H         LINE#         417
  C:4266H         LINE#         418
  C:426DH         LINE#         419
  C:4270H         LINE#         420
  C:4272H         LINE#         421
  C:4272H         LINE#         422
  C:4279H         LINE#         423
  C:427CH         LINE#         424
  C:427EH         LINE#         425
  C:427EH         LINE#         426
  C:4285H         LINE#         427
  C:4288H         LINE#         428
  C:428AH         LINE#         429
  C:428AH         LINE#         430
  C:4291H         LINE#         431
  C:4299H         LINE#         432
  C:429BH         LINE#         433
  C:429BH         LINE#         435
  C:429BH         LINE#         436
  C:429BH         LINE#         440
  C:42A2H         LINE#         441
  C:42A5H         LINE#         442
  C:42B1H         LINE#         444
  C:42B1H         LINE#         445
  C:42B1H         LINE#         446
  C:42B1H         LINE#         447
  C:42B1H         LINE#         448
  C:42B8H         LINE#         449
  C:42C0H         LINE#         450
  -------         ENDPROC       _FUN_PY
  -------         PROC          _FUN_SJ
  X:0309H         SYMBOL        par_model
  C:3DA7H         LINE#         451
  C:3DACH         LINE#         452
  C:3DB6H         LINE#         454
  C:3DB8H         LINE#         455
  C:3DEFH         LINE#         456
  C:3DEFH         LINE#         460
  C:3DF6H         LINE#         461
  C:3DF8H         LINE#         462
  C:3DFBH         LINE#         463
  C:3DFBH         LINE#         465
  C:3DFEH         LINE#         466
  C:3DFEH         LINE#         470
  C:3E0BH         LINE#         471
  C:3E0DH         LINE#         472
  C:3E0DH         LINE#         473
  C:3E10H         LINE#         474
  C:3E10H         LINE#         475
  C:3E15H         LINE#         476
  C:3E17H         LINE#         477
  C:3E17H         LINE#         478
BL51 BANKED LINKER/LOCATER V6.22                                                      10/15/2015  01:32:07  PAGE 16


  C:3E17H         LINE#         480
  C:3E1AH         LINE#         481
  C:3E1AH         LINE#         485
  C:3E32H         LINE#         486
  C:3E34H         LINE#         487
  C:3E37H         LINE#         488
  C:3E37H         LINE#         490
  C:3E3AH         LINE#         491
  C:3E3AH         LINE#         495
  C:3E47H         LINE#         496
  C:3E4CH         LINE#         497
  C:3E4EH         LINE#         498
  C:3E4EH         LINE#         499
  C:3E50H         LINE#         500
  C:3E50H         LINE#         501
  C:3E55H         LINE#         502
  C:3E57H         LINE#         503
  C:3E57H         LINE#         504
  C:3E57H         LINE#         506
  C:3E59H         LINE#         507
  C:3E59H         LINE#         511
  C:3E71H         LINE#         512
  C:3E73H         LINE#         513
  C:3E76H         LINE#         514
  C:3E76H         LINE#         516
  C:3E78H         LINE#         517
  C:3E78H         LINE#         521
  C:3E85H         LINE#         522
  C:3E8AH         LINE#         523
  C:3E8CH         LINE#         524
  C:3E8CH         LINE#         525
  C:3E8EH         LINE#         526
  C:3E8EH         LINE#         527
  C:3E93H         LINE#         528
  C:3E95H         LINE#         529
  C:3E95H         LINE#         530
  C:3E95H         LINE#         532
  C:3E97H         LINE#         533
  C:3E97H         LINE#         537
  C:3EAFH         LINE#         538
  C:3EB1H         LINE#         539
  C:3EB4H         LINE#         540
  C:3EB4H         LINE#         542
  C:3EB6H         LINE#         543
  C:3EB6H         LINE#         547
  C:3EC3H         LINE#         548
  C:3EC8H         LINE#         549
  C:3ECAH         LINE#         550
  C:3ECAH         LINE#         551
  C:3ECCH         LINE#         552
  C:3ECCH         LINE#         553
  C:3ED3H         LINE#         554
  C:3ED6H         LINE#         555
  C:3ED6H         LINE#         557
  C:3ED8H         LINE#         558
  C:3ED8H         LINE#         562
  C:3EDFH         LINE#         563
BL51 BANKED LINKER/LOCATER V6.22                                                      10/15/2015  01:32:07  PAGE 17


  C:3EE1H         LINE#         564
  C:3EE4H         LINE#         565
  C:3EF1H         LINE#         567
  C:3EF1H         LINE#         568
  C:3EF1H         LINE#         569
  C:3EF1H         LINE#         570
  C:3EF1H         LINE#         571
  C:3EF8H         LINE#         572
  C:3F00H         LINE#         573
  -------         ENDPROC       _FUN_SJ
  -------         PROC          _FUN_HZ
  X:030AH         SYMBOL        par_model
  C:3C49H         LINE#         574
  C:3C4EH         LINE#         575
  C:3C59H         LINE#         577
  C:3C5BH         LINE#         578
  C:3C76H         LINE#         579
  C:3C76H         LINE#         583
  C:3C85H         LINE#         584
  C:3C85H         LINE#         585
  C:3C8CH         LINE#         586
  C:3C8FH         LINE#         587
  C:3C92H         LINE#         588
  C:3C95H         LINE#         589
  C:3C98H         LINE#         590
  C:3C98H         LINE#         591
  C:3C9BH         LINE#         592
  C:3C9BH         LINE#         593
  C:3CA2H         LINE#         594
  C:3CA5H         LINE#         595
  C:3CA8H         LINE#         596
  C:3CA8H         LINE#         597
  C:3CABH         LINE#         598
  C:3CABH         LINE#         599
  C:3CB2H         LINE#         600
  C:3CB5H         LINE#         601
  C:3CB8H         LINE#         602
  C:3CB8H         LINE#         603
  C:3CBBH         LINE#         604
  C:3CBBH         LINE#         605
  C:3CBBH         LINE#         606
  C:3CBBH         LINE#         608
  C:3CBBH         LINE#         609
  C:3CBBH         LINE#         613
  C:3CCDH         LINE#         614
  C:3CCDH         LINE#         615
  C:3CD4H         LINE#         616
  C:3CD7H         LINE#         617
  C:3CDAH         LINE#         618
  C:3CDDH         LINE#         619
  C:3CE0H         LINE#         620
  C:3CE0H         LINE#         621
  C:3CE3H         LINE#         622
  C:3CE3H         LINE#         623
  C:3CEAH         LINE#         624
  C:3CEDH         LINE#         625
  C:3CF0H         LINE#         626
BL51 BANKED LINKER/LOCATER V6.22                                                      10/15/2015  01:32:07  PAGE 18


  C:3CF0H         LINE#         627
  C:3CF3H         LINE#         628
  C:3CF3H         LINE#         629
  C:3CFAH         LINE#         630
  C:3CFDH         LINE#         631
  C:3D00H         LINE#         632
  C:3D00H         LINE#         633
  C:3D03H         LINE#         634
  C:3D03H         LINE#         635
  C:3D03H         LINE#         636
  C:3D03H         LINE#         638
  C:3D03H         LINE#         639
  C:3D03H         LINE#         643
  C:3D16H         LINE#         644
  C:3D16H         LINE#         645
  C:3D1DH         LINE#         646
  C:3D20H         LINE#         647
  C:3D23H         LINE#         648
  C:3D23H         LINE#         649
  C:3D26H         LINE#         650
  C:3D26H         LINE#         651
  C:3D2DH         LINE#         652
  C:3D30H         LINE#         653
  C:3D33H         LINE#         654
  C:3D33H         LINE#         655
  C:3D35H         LINE#         656
  C:3D35H         LINE#         657
  C:3D3CH         LINE#         658
  C:3D3FH         LINE#         659
  C:3D42H         LINE#         660
  C:3D45H         LINE#         661
  C:3D48H         LINE#         662
  C:3D48H         LINE#         663
  C:3D4AH         LINE#         664
  C:3D4AH         LINE#         665
  C:3D4AH         LINE#         666
  C:3D4AH         LINE#         668
  C:3D4AH         LINE#         669
  C:3D4AH         LINE#         673
  C:3D59H         LINE#         674
  C:3D59H         LINE#         675
  C:3D60H         LINE#         676
  C:3D63H         LINE#         677
  C:3D66H         LINE#         678
  C:3D66H         LINE#         679
  C:3D68H         LINE#         680
  C:3D68H         LINE#         681
  C:3D6FH         LINE#         682
  C:3D72H         LINE#         683
  C:3D75H         LINE#         684
  C:3D75H         LINE#         685
  C:3D77H         LINE#         686
  C:3D77H         LINE#         687
  C:3D7EH         LINE#         688
  C:3D81H         LINE#         689
  C:3D84H         LINE#         690
  C:3D87H         LINE#         691
BL51 BANKED LINKER/LOCATER V6.22                                                      10/15/2015  01:32:07  PAGE 19


  C:3D8AH         LINE#         692
  C:3D97H         LINE#         693
  C:3D97H         LINE#         694
  C:3D97H         LINE#         695
  C:3D97H         LINE#         696
  C:3D97H         LINE#         698
  C:3D97H         LINE#         699
  C:3D97H         LINE#         700
  C:3D97H         LINE#         701
  C:3D97H         LINE#         702
  C:3D9EH         LINE#         703
  C:3DA6H         LINE#         704
  -------         ENDPROC       _FUN_HZ
  C:4046H         SYMBOL        L?1068
  -------         PROC          L?1067
  -------         ENDPROC       L?1067
  C:4046H         SYMBOL        L?1068
  -------         PROC          _FUN_PYHZ
  X:0305H         SYMBOL        par_pymodel
  X:0306H         SYMBOL        par_hzmodel
  C:404AH         LINE#         705
  C:4052H         LINE#         706
  C:4060H         LINE#         707
  C:4060H         LINE#         708
  C:406FH         LINE#         709
  C:406FH         LINE#         710
  C:406FH         LINE#         711
  C:4071H         LINE#         712
  C:4071H         LINE#         713
  C:4071H         LINE#         714
  C:4073H         LINE#         715
  C:4073H         LINE#         716
  C:4073H         LINE#         717
  C:4075H         LINE#         718
  C:4075H         LINE#         719
  C:4075H         LINE#         720
  C:4075H         LINE#         721
  C:4075H         LINE#         722
  C:4075H         LINE#         723
  C:4083H         LINE#         724
  C:4083H         LINE#         725
  C:4083H         LINE#         726
  C:4085H         LINE#         727
  C:4085H         LINE#         728
  C:4085H         LINE#         729
  C:4087H         LINE#         730
  C:4087H         LINE#         731
  C:4087H         LINE#         732
  C:4089H         LINE#         733
  C:4089H         LINE#         734
  C:4089H         LINE#         735
  C:4089H         LINE#         736
  C:4089H         LINE#         737
  C:4089H         LINE#         738
  C:4098H         LINE#         739
  C:4098H         LINE#         740
  C:4098H         LINE#         741
BL51 BANKED LINKER/LOCATER V6.22                                                      10/15/2015  01:32:07  PAGE 20


  C:409AH         LINE#         742
  C:409AH         LINE#         743
  C:409AH         LINE#         744
  C:409CH         LINE#         745
  C:409CH         LINE#         746
  C:409CH         LINE#         747
  C:409EH         LINE#         748
  C:409EH         LINE#         749
  C:409EH         LINE#         750
  C:409EH         LINE#         751
  C:409EH         LINE#         752
  C:409EH         LINE#         753
  C:40ADH         LINE#         754
  C:40ADH         LINE#         755
  C:40AFH         LINE#         756
  C:40B1H         LINE#         757
  C:40B1H         LINE#         758
  C:40B3H         LINE#         759
  C:40B5H         LINE#         760
  C:40B5H         LINE#         761
  C:40BCH         LINE#         762
  C:40BCH         LINE#         763
  C:40BCH         LINE#         764
  C:40BCH         LINE#         765
  C:40BCH         LINE#         766
  C:40BCH         LINE#         767
  C:40BCH         LINE#         768
  C:40BCH         LINE#         769
  C:40BCH         LINE#         770
  C:40C4H         LINE#         771
  C:40C6H         LINE#         772
  C:40DBH         LINE#         773
  C:40DBH         LINE#         774
  C:40EDH         LINE#         775
  C:40EDH         LINE#         776
  C:40F0H         LINE#         777
  C:40F3H         LINE#         778
  C:40F6H         LINE#         779
  C:40F6H         LINE#         780
  C:40F8H         LINE#         781
  C:40F8H         LINE#         782
  C:40FBH         LINE#         783
  C:40FBH         LINE#         784
  C:40FDH         LINE#         785
  C:40FDH         LINE#         786
  C:4100H         LINE#         787
  C:4100H         LINE#         788
  C:4102H         LINE#         789
  C:4102H         LINE#         790
  C:4102H         LINE#         791
  C:4102H         LINE#         792
  C:4102H         LINE#         793
  C:4102H         LINE#         794
  C:4111H         LINE#         795
  C:4111H         LINE#         796
  C:4114H         LINE#         797
  C:4117H         LINE#         798
BL51 BANKED LINKER/LOCATER V6.22                                                      10/15/2015  01:32:07  PAGE 21


  C:411AH         LINE#         799
  C:411AH         LINE#         800
  C:411CH         LINE#         801
  C:411CH         LINE#         802
  C:411FH         LINE#         803
  C:411FH         LINE#         804
  C:4121H         LINE#         805
  C:4121H         LINE#         806
  C:4124H         LINE#         807
  C:4124H         LINE#         808
  C:4126H         LINE#         809
  C:4126H         LINE#         810
  C:4126H         LINE#         811
  C:4126H         LINE#         812
  C:4126H         LINE#         813
  C:4126H         LINE#         814
  C:4136H         LINE#         815
  C:4136H         LINE#         816
  C:4139H         LINE#         817
  C:4139H         LINE#         818
  C:413BH         LINE#         819
  C:413BH         LINE#         820
  C:413EH         LINE#         821
  C:413EH         LINE#         822
  C:4140H         LINE#         823
  C:4140H         LINE#         824
  C:4143H         LINE#         825
  C:4146H         LINE#         826
  C:4149H         LINE#         827
  C:4149H         LINE#         828
  C:414BH         LINE#         829
  C:414BH         LINE#         830
  C:414BH         LINE#         831
  C:414BH         LINE#         832
  C:414BH         LINE#         833
  C:414BH         LINE#         834
  C:415AH         LINE#         835
  C:415AH         LINE#         836
  C:415DH         LINE#         837
  C:415DH         LINE#         838
  C:415FH         LINE#         839
  C:415FH         LINE#         840
  C:4162H         LINE#         841
  C:4162H         LINE#         842
  C:4164H         LINE#         843
  C:4164H         LINE#         844
  C:4167H         LINE#         845
  C:416AH         LINE#         846
  C:416DH         LINE#         847
  C:417AH         LINE#         848
  C:417AH         LINE#         849
  C:417AH         LINE#         850
  C:417AH         LINE#         851
  C:417AH         LINE#         852
  C:417AH         LINE#         853
  C:417AH         LINE#         854
  C:417AH         LINE#         855
BL51 BANKED LINKER/LOCATER V6.22                                                      10/15/2015  01:32:07  PAGE 22


  C:417AH         LINE#         856
  C:4181H         LINE#         857
  C:4189H         LINE#         858
  -------         ENDPROC       _FUN_PYHZ
  -------         PROC          _FUN_SJHZ
  X:02E0H         SYMBOL        par_sjmodel
  X:02E1H         SYMBOL        par_hzmodel
  -------         DO            
  X:02E2H         SYMBOL        loc_sjdelay
  X:02E6H         SYMBOL        loc_hzdelay
  X:02EAH         SYMBOL        loc_sjcgq
  X:02EBH         SYMBOL        loc_hzcgq
  X:02ECH         SYMBOL        loc_hzflag
  -------         ENDDO         
  C:308AH         LINE#         859
  C:3093H         LINE#         860
  C:309BH         LINE#         861
  C:30A5H         LINE#         862
  C:30AAH         LINE#         863
  C:30ACH         LINE#         864
  C:30AEH         LINE#         865
  C:30B9H         LINE#         866
  C:30CBH         LINE#         867
  C:30CBH         LINE#         868
  C:30D7H         LINE#         869
  C:30D7H         LINE#         870
  C:30D7H         LINE#         871
  C:30D7H         LINE#         872
  C:30D9H         LINE#         873
  C:30D9H         LINE#         874
  C:30D9H         LINE#         875
  C:30D9H         LINE#         876
  C:30DBH         LINE#         877
  C:30DBH         LINE#         878
  C:30DBH         LINE#         879
  C:30DBH         LINE#         880
  C:30DDH         LINE#         881
  C:30DDH         LINE#         882
  C:30DDH         LINE#         883
  C:30DDH         LINE#         884
  C:30DDH         LINE#         885
  C:30DDH         LINE#         886
  C:30ECH         LINE#         887
  C:30ECH         LINE#         888
  C:30ECH         LINE#         889
  C:30ECH         LINE#         890
  C:30EEH         LINE#         891
  C:30EEH         LINE#         892
  C:30EEH         LINE#         893
  C:30EEH         LINE#         894
  C:30F0H         LINE#         895
  C:30F0H         LINE#         896
  C:30F0H         LINE#         897
  C:30F0H         LINE#         898
  C:30F2H         LINE#         899
  C:30F2H         LINE#         900
  C:30F2H         LINE#         901
BL51 BANKED LINKER/LOCATER V6.22                                                      10/15/2015  01:32:07  PAGE 23


  C:30F2H         LINE#         902
  C:30F2H         LINE#         903
  C:30F2H         LINE#         904
  C:3102H         LINE#         905
  C:3102H         LINE#         906
  C:3102H         LINE#         907
  C:3102H         LINE#         908
  C:3104H         LINE#         909
  C:3104H         LINE#         910
  C:3104H         LINE#         911
  C:3104H         LINE#         912
  C:3106H         LINE#         913
  C:3106H         LINE#         914
  C:3108H         LINE#         915
  C:3108H         LINE#         916
  C:310AH         LINE#         917
  C:310AH         LINE#         918
  C:310AH         LINE#         919
  C:310AH         LINE#         920
  C:310AH         LINE#         921
  C:310AH         LINE#         922
  C:3119H         LINE#         923
  C:3119H         LINE#         924
  C:311BH         LINE#         925
  C:311BH         LINE#         926
  C:311DH         LINE#         927
  C:311DH         LINE#         928
  C:3124H         LINE#         929
  C:312AH         LINE#         930
  C:312CH         LINE#         931
  C:312CH         LINE#         932
  C:3133H         LINE#         933
  C:3139H         LINE#         934
  C:3139H         LINE#         935
  C:3139H         LINE#         936
  C:3139H         LINE#         937
  C:3139H         LINE#         938
  C:3139H         LINE#         939
  C:3139H         LINE#         940
  C:3139H         LINE#         941
  C:3139H         LINE#         942
  C:3151H         LINE#         943
  C:3151H         LINE#         944
  C:315EH         LINE#         945
  C:316EH         LINE#         946
  C:3171H         LINE#         947
  C:3174H         LINE#         948
  C:3183H         LINE#         949
  C:318FH         LINE#         950
  C:31C6H         LINE#         951
  C:31C6H         LINE#         952
  C:31C8H         LINE#         953
  C:31D1H         LINE#         954
  C:31D7H         LINE#         955
  C:31D7H         LINE#         956
  C:31D7H         LINE#         957
  C:31D7H         LINE#         958
BL51 BANKED LINKER/LOCATER V6.22                                                      10/15/2015  01:32:07  PAGE 24


  C:31DAH         LINE#         959
  C:31DAH         LINE#         960
  C:31DCH         LINE#         961
  C:31E5H         LINE#         962
  C:31F3H         LINE#         963
  C:31F3H         LINE#         964
  C:31F3H         LINE#         965
  C:31F3H         LINE#         966
  C:31F5H         LINE#         967
  C:31F5H         LINE#         968
  C:31F7H         LINE#         969
  C:3200H         LINE#         970
  C:3206H         LINE#         971
  C:3206H         LINE#         972
  C:3206H         LINE#         973
  C:3206H         LINE#         974
  C:3208H         LINE#         975
  C:3208H         LINE#         976
  C:320AH         LINE#         977
  C:3213H         LINE#         978
  C:321CH         LINE#         979
  C:321CH         LINE#         980
  C:321CH         LINE#         981
  C:321CH         LINE#         982
  C:321EH         LINE#         983
  C:321EH         LINE#         984
  C:3220H         LINE#         985
  C:3229H         LINE#         986
  C:322FH         LINE#         987
  C:322FH         LINE#         988
  C:322FH         LINE#         989
  C:322FH         LINE#         990
  C:3231H         LINE#         991
  C:3231H         LINE#         992
  C:3233H         LINE#         993
  C:323CH         LINE#         994
  C:3245H         LINE#         995
  C:3245H         LINE#         996
  C:3245H         LINE#         997
  C:3245H         LINE#         998
  C:3247H         LINE#         999
  C:3247H         LINE#         1000
  C:3249H         LINE#         1001
  C:3252H         LINE#         1002
  C:3258H         LINE#         1003
  C:3258H         LINE#         1004
  C:3258H         LINE#         1005
  C:3258H         LINE#         1006
  C:325AH         LINE#         1007
  C:325AH         LINE#         1008
  C:325CH         LINE#         1009
  C:3265H         LINE#         1010
  C:3270H         LINE#         1011
  C:3273H         LINE#         1012
  C:3273H         LINE#         1013
  C:3273H         LINE#         1014
  C:3275H         LINE#         1015
BL51 BANKED LINKER/LOCATER V6.22                                                      10/15/2015  01:32:07  PAGE 25


  C:3275H         LINE#         1016
  C:3277H         LINE#         1017
  C:3280H         LINE#         1018
  C:3283H         LINE#         1019
  C:32A1H         LINE#         1020
  C:32A7H         LINE#         1021
  C:32A7H         LINE#         1022
  C:32A9H         LINE#         1023
  C:32A9H         LINE#         1024
  C:32A9H         LINE#         1025
  C:32A9H         LINE#         1026
  C:32A9H         LINE#         1027
  C:32ADH         LINE#         1028
  C:32C9H         LINE#         1029
  C:32D0H         LINE#         1030
  C:32D5H         LINE#         1031
  C:32DDH         LINE#         1032
  C:32DDH         LINE#         1033
  C:32DDH         LINE#         1034
  C:32FCH         LINE#         1035
  C:3302H         LINE#         1036
  C:3304H         LINE#         1037
  C:330DH         LINE#         1038
  C:3310H         LINE#         1039
  C:3314H         LINE#         1040
  C:3317H         LINE#         1041
  C:3322H         LINE#         1042
  C:3328H         LINE#         1043
  C:332BH         LINE#         1044
  C:332BH         LINE#         1045
  C:332EH         LINE#         1046
  C:332EH         LINE#         1047
  C:3335H         LINE#         1048
  C:333FH         LINE#         1049
  C:3347H         LINE#         1050
  C:3347H         LINE#         1051
  C:3347H         LINE#         1052
  C:334AH         LINE#         1053
  -------         ENDPROC       _FUN_SJHZ
  -------         PROC          _FUN_PYSJHZ
  X:02FFH         SYMBOL        par_pymodel
  X:0300H         SYMBOL        par_sjmodel
  X:0301H         SYMBOL        par_hzmodel
  C:4D3CH         LINE#         1054
  C:4D47H         LINE#         1056
  -------         ENDPROC       _FUN_PYSJHZ
  -------         PROC          FUN_JTJP
  C:478BH         LINE#         1057
  C:478BH         LINE#         1058
  C:478BH         LINE#         1059
  C:47A9H         LINE#         1060
  C:47B2H         LINE#         1061
  C:47B9H         LINE#         1063
  C:47B9H         LINE#         1064
  C:47BFH         LINE#         1065
  C:47C6H         LINE#         1066
  C:47C8H         LINE#         1067
BL51 BANKED LINKER/LOCATER V6.22                                                      10/15/2015  01:32:07  PAGE 26


  C:47CAH         LINE#         1068
  C:47D0H         LINE#         1069
  C:47D7H         LINE#         1070
  C:47D9H         LINE#         1071
  C:47DBH         LINE#         1072
  C:47DBH         LINE#         1073
  C:47DEH         LINE#         1074
  C:47E5H         LINE#         1075
  C:47E7H         LINE#         1076
  C:47E9H         LINE#         1077
  C:47ECH         LINE#         1078
  C:47F3H         LINE#         1079
  C:47F5H         LINE#         1080
  C:47F7H         LINE#         1081
  C:47F7H         LINE#         1082
  C:47FDH         LINE#         1083
  C:4804H         LINE#         1084
  C:480BH         LINE#         1085
  C:480BH         LINE#         1086
  C:4817H         LINE#         1087
  C:481EH         LINE#         1088
  C:4825H         LINE#         1089
  C:4825H         LINE#         1090
  C:4825H         LINE#         1091
  C:4825H         LINE#         1092
  -------         ENDPROC       FUN_JTJP
  -------         PROC          FUN_TIMERMOVE
  -------         DO            
  D:001BH         SYMBOL        loc_con
  D:0017H         SYMBOL        loc_sdl
  D:0019H         SYMBOL        loc_sdr
  -------         ENDDO         
  C:26F6H         LINE#         1094
  C:26F6H         LINE#         1097
  C:271BH         LINE#         1098
  C:271BH         LINE#         1099
  C:2722H         LINE#         1100
  C:2728H         LINE#         1101
  C:2737H         LINE#         1102
  C:2745H         LINE#         1103
  C:2746H         LINE#         1104
  C:2746H         LINE#         1105
  C:275CH         LINE#         1106
  C:2774H         LINE#         1107
  C:277AH         LINE#         1108
  C:277EH         LINE#         1109
  C:2781H         LINE#         1110
  C:2788H         LINE#         1111
  C:278BH         LINE#         1112
  C:279EH         LINE#         1113
  C:279EH         LINE#         1114
  C:279EH         LINE#         1115
  C:27AEH         LINE#         1116
  C:27B4H         LINE#         1117
  C:27CAH         LINE#         1118
  C:27E5H         LINE#         1119
  C:27E5H         LINE#         1120
BL51 BANKED LINKER/LOCATER V6.22                                                      10/15/2015  01:32:07  PAGE 27


  C:27EBH         LINE#         1121
  C:2806H         LINE#         1122
  C:281CH         LINE#         1123
  C:281CH         LINE#         1124
  C:2822H         LINE#         1125
  C:283FH         LINE#         1126
  C:285FH         LINE#         1127
  C:285FH         LINE#         1128
  C:2865H         LINE#         1129
  C:2887H         LINE#         1130
  C:28A2H         LINE#         1131
  C:28A2H         LINE#         1132
  C:28A8H         LINE#         1133
  C:28C5H         LINE#         1134
  C:28E5H         LINE#         1135
  C:28E5H         LINE#         1136
  C:28EEH         LINE#         1137
  C:2910H         LINE#         1138
  C:292BH         LINE#         1139
  C:292BH         LINE#         1140
  C:292BH         LINE#         1141
  C:292BH         LINE#         1142
  C:292BH         LINE#         1143
  C:292EH         LINE#         1144
  C:292EH         LINE#         1145
  C:2938H         LINE#         1146
  C:293CH         LINE#         1147
  C:293CH         LINE#         1148
  C:293FH         LINE#         1149
  C:293FH         LINE#         1150
  C:2954H         LINE#         1151
  C:2954H         LINE#         1152
  C:2974H         LINE#         1153
  C:2974H         LINE#         1154
  C:297EH         LINE#         1155
  C:2984H         LINE#         1156
  C:2984H         LINE#         1157
  C:2986H         LINE#         1158
  C:2986H         LINE#         1159
  C:2989H         LINE#         1160
  C:2993H         LINE#         1161
  C:2996H         LINE#         1162
  C:2998H         LINE#         1163
  C:2998H         LINE#         1164
  C:29A2H         LINE#         1165
  C:29AEH         LINE#         1166
  C:29B1H         LINE#         1167
  C:29B3H         LINE#         1168
  C:29B3H         LINE#         1169
  C:29B6H         LINE#         1170
  C:29C0H         LINE#         1171
  C:29DEH         LINE#         1172
  C:29DEH         LINE#         1173
  C:29DEH         LINE#         1174
  C:29E0H         LINE#         1175
  C:29E1H         LINE#         1176
  C:29E1H         LINE#         1177
BL51 BANKED LINKER/LOCATER V6.22                                                      10/15/2015  01:32:07  PAGE 28


  C:2A00H         LINE#         1178
  C:2A02H         LINE#         1179
  C:2A03H         LINE#         1180
  C:2A03H         LINE#         1181
  C:2A0CH         LINE#         1182
  C:2A0CH         LINE#         1183
  C:2A0CH         LINE#         1184
  C:2A0CH         LINE#         1185
  C:2A0CH         LINE#         1186
  C:2A0CH         LINE#         1187
  C:2A0EH         LINE#         1188
  C:2A0EH         LINE#         1189
  C:2A0EH         LINE#         1190
  C:2A0EH         LINE#         1191
  C:2A19H         LINE#         1192
  C:2A19H         LINE#         1193
  C:2A52H         LINE#         1194
  C:2A54H         LINE#         1195
  C:2A55H         LINE#         1196
  C:2A55H         LINE#         1197
  C:2A71H         LINE#         1198
  C:2A78H         LINE#         1199
  C:2A82H         LINE#         1200
  C:2A8CH         LINE#         1201
  C:2A8FH         LINE#         1202
  C:2A90H         LINE#         1203
  C:2A90H         LINE#         1204
  C:2AA0H         LINE#         1205
  C:2AA6H         LINE#         1206
  C:2ABFH         LINE#         1207
  C:2AD9H         LINE#         1208
  C:2AD9H         LINE#         1209
  C:2ADFH         LINE#         1210
  C:2AF9H         LINE#         1211
  C:2B12H         LINE#         1212
  C:2B12H         LINE#         1213
  C:2B18H         LINE#         1214
  C:2B32H         LINE#         1215
  C:2B4CH         LINE#         1216
  C:2B4CH         LINE#         1217
  C:2B52H         LINE#         1218
  C:2B6CH         LINE#         1219
  C:2B86H         LINE#         1220
  C:2B86H         LINE#         1221
  C:2B8CH         LINE#         1222
  C:2BA5H         LINE#         1223
  C:2BBFH         LINE#         1224
  C:2BBFH         LINE#         1225
  C:2BC5H         LINE#         1226
  C:2BDFH         LINE#         1227
  C:2BF8H         LINE#         1228
  C:2BF8H         LINE#         1229
  C:2BFFH         LINE#         1230
  C:2C06H         LINE#         1231
  C:2C06H         LINE#         1232
  C:2C06H         LINE#         1233
  C:2C06H         LINE#         1234
BL51 BANKED LINKER/LOCATER V6.22                                                      10/15/2015  01:32:07  PAGE 29


  C:2C06H         LINE#         1235
  C:2C06H         LINE#         1236
  C:2C06H         LINE#         1237
  C:2C06H         LINE#         1238
  -------         ENDPROC       FUN_TIMERMOVE
  -------         PROC          _FUN_FLSETTING
  X:0283H         SYMBOL        par_gospeed
  X:0284H         SYMBOL        par_turnspeed
  X:0285H         SYMBOL        par_cachespeed
  -------         DO            
  X:0286H         SYMBOL        ellipsis_40
  X:02AEH         SYMBOL        loc_argp
  D:0007H         SYMBOL        loc_step
  D:0006H         SYMBOL        loc_con
  -------         ENDDO         
  C:48B4H         LINE#         1239
  C:48BFH         LINE#         1241
  C:48C1H         LINE#         1243
  C:48CDH         LINE#         1244
  C:48CFH         LINE#         1245
  C:48D4H         LINE#         1246
  C:48E3H         LINE#         1247
  C:48F7H         LINE#         1248
  C:48F9H         LINE#         1249
  C:4906H         LINE#         1252
  C:490CH         LINE#         1253
  C:491AH         LINE#         1254
  C:4922H         LINE#         1255
  C:492AH         LINE#         1256
  C:4932H         LINE#         1257
  C:4936H         LINE#         1258
  -------         ENDPROC       _FUN_FLSETTING
  -------         PROC          _FUN_FOLLINE
  D:0007H         SYMBOL        par_con
  X:02F6H         SYMBOL        par_speed
  -------         DO            
  X:02F7H         SYMBOL        loc_con
  X:02F8H         SYMBOL        loc_sdr
  X:02F9H         SYMBOL        loc_sdl
  X:02FAH         SYMBOL        loc_online
  -------         ENDDO         
  C:391CH         LINE#         1259
  C:3921H         LINE#         1260
  C:3924H         LINE#         1263
  C:392DH         LINE#         1264
  C:3945H         LINE#         1265
  C:394BH         LINE#         1266
  C:3955H         LINE#         1267
  C:3957H         LINE#         1268
  C:395EH         LINE#         1269
  C:3961H         LINE#         1270
  C:3967H         LINE#         1271
  C:3969H         LINE#         1272
  C:3969H         LINE#         1273
  C:3975H         LINE#         1274
  C:397BH         LINE#         1275
  C:3987H         LINE#         1276
BL51 BANKED LINKER/LOCATER V6.22                                                      10/15/2015  01:32:07  PAGE 30


  C:399FH         LINE#         1277
  C:399FH         LINE#         1278
  C:39A5H         LINE#         1279
  C:39BDH         LINE#         1280
  C:39CBH         LINE#         1281
  C:39CBH         LINE#         1282
  C:39D1H         LINE#         1283
  C:39E3H         LINE#         1284
  C:3A01H         LINE#         1285
  C:3A01H         LINE#         1286
  C:3A07H         LINE#         1287
  C:3A25H         LINE#         1288
  C:3A37H         LINE#         1289
  C:3A37H         LINE#         1290
  C:3A3DH         LINE#         1291
  C:3A4FH         LINE#         1292
  C:3A6DH         LINE#         1293
  C:3A6DH         LINE#         1294
  C:3A73H         LINE#         1295
  C:3A91H         LINE#         1296
  C:3AA3H         LINE#         1297
  C:3AA3H         LINE#         1298
  C:3AADH         LINE#         1299
  C:3AB7H         LINE#         1300
  C:3ABCH         LINE#         1301
  C:3ABCH         LINE#         1302
  C:3ABFH         LINE#         1303
  -------         ENDPROC       _FUN_FOLLINE
  -------         PROC          _FUN_TURN
  D:0007H         SYMBOL        par_model
  X:030BH         SYMBOL        par_speed
  C:4937H         LINE#         1305
  C:493CH         LINE#         1306
  C:494CH         LINE#         1307
  C:494CH         LINE#         1308
  C:4956H         LINE#         1309
  C:495CH         LINE#         1310
  C:495CH         LINE#         1311
  C:495EH         LINE#         1312
  C:495EH         LINE#         1313
  C:4961H         LINE#         1314
  C:496BH         LINE#         1315
  C:496EH         LINE#         1316
  C:4970H         LINE#         1317
  C:4970H         LINE#         1318
  C:497AH         LINE#         1319
  C:4986H         LINE#         1320
  C:4989H         LINE#         1321
  C:498BH         LINE#         1322
  C:498BH         LINE#         1323
  C:498EH         LINE#         1324
  C:4998H         LINE#         1325
  C:49A5H         LINE#         1326
  C:49A5H         LINE#         1327
  C:49A5H         LINE#         1328
  C:49ABH         LINE#         1329
  -------         ENDPROC       _FUN_TURN
BL51 BANKED LINKER/LOCATER V6.22                                                      10/15/2015  01:32:07  PAGE 31


  -------         PROC          _FUN_QC
  D:0007H         SYMBOL        par_time
  X:0302H         SYMBOL        par_speed
  -------         DO            
  X:0303H         SYMBOL        loc_sdr
  X:0304H         SYMBOL        loc_sdl
  -------         ENDDO         
  C:3589H         LINE#         1331
  C:358EH         LINE#         1333
  C:35ABH         LINE#         1334
  C:35CAH         LINE#         1335
  C:35D6H         LINE#         1336
  C:35DCH         LINE#         1337
  C:35F5H         LINE#         1338
  C:3611H         LINE#         1339
  C:3611H         LINE#         1340
  C:3617H         LINE#         1341
  C:3633H         LINE#         1342
  C:364EH         LINE#         1343
  C:364EH         LINE#         1344
  C:3654H         LINE#         1345
  C:3670H         LINE#         1346
  C:368CH         LINE#         1347
  C:368CH         LINE#         1348
  C:3692H         LINE#         1349
  C:36AEH         LINE#         1350
  C:36CAH         LINE#         1351
  C:36CAH         LINE#         1352
  C:36D0H         LINE#         1353
  C:36EBH         LINE#         1354
  C:3707H         LINE#         1355
  C:3707H         LINE#         1356
  C:370DH         LINE#         1357
  C:3729H         LINE#         1358
  C:3744H         LINE#         1359
  C:3744H         LINE#         1360
  C:374EH         LINE#         1361
  C:3758H         LINE#         1362
  C:375DH         LINE#         1363
  C:3760H         LINE#         1364
  -------         ENDPROC       _FUN_QC
  -------         PROC          FUN_STOPE2PROM
  C:000EH         LINE#         1366
  C:000EH         LINE#         1367
  C:0011H         LINE#         1368
  C:0013H         LINE#         1369
  C:0015H         LINE#         1370
  C:0018H         LINE#         1371
  C:001AH         LINE#         1372
  -------         ENDPROC       FUN_STOPE2PROM
  -------         PROC          _FUN_READE2PROM
  D:0006H         SYMBOL        par_add
  -------         DO            
  D:0007H         SYMBOL        loc_dat
  -------         ENDDO         
  C:4C3CH         LINE#         1373
  C:4C3CH         LINE#         1375
BL51 BANKED LINKER/LOCATER V6.22                                                      10/15/2015  01:32:07  PAGE 32


  C:4C3FH         LINE#         1376
  C:4C42H         LINE#         1377
  C:4C44H         LINE#         1378
  C:4C47H         LINE#         1379
  C:4C4AH         LINE#         1380
  C:4C4DH         LINE#         1381
  C:4C56H         LINE#         1382
  C:4C58H         LINE#         1383
  C:4C5BH         LINE#         1384
  C:4C5BH         LINE#         1385
  -------         ENDPROC       _FUN_READE2PROM
  -------         PROC          _FUN_WRITEE2PROM
  D:0006H         SYMBOL        par_add
  D:0005H         SYMBOL        par_dat
  C:4C1BH         LINE#         1386
  C:4C1BH         LINE#         1387
  C:4C1EH         LINE#         1388
  C:4C21H         LINE#         1389
  C:4C23H         LINE#         1390
  C:4C26H         LINE#         1391
  C:4C2AH         LINE#         1392
  C:4C2DH         LINE#         1393
  C:4C30H         LINE#         1394
  C:4C39H         LINE#         1395
  -------         ENDPROC       _FUN_WRITEE2PROM
  -------         PROC          _FUN_CLEANE2PROM
  D:0006H         SYMBOL        par_add
  C:4C5CH         LINE#         1397
  C:4C5CH         LINE#         1398
  C:4C5FH         LINE#         1399
  C:4C62H         LINE#         1400
  C:4C64H         LINE#         1401
  C:4C67H         LINE#         1402
  C:4C6AH         LINE#         1403
  C:4C6DH         LINE#         1404
  C:4C76H         LINE#         1405
  -------         ENDPROC       _FUN_CLEANE2PROM
  -------         PROC          FUN_CALIBRATION
  -------         DO            
  X:02FBH         SYMBOL        loc_time
  -------         ENDDO         
  C:3767H         LINE#         1407
  C:3767H         LINE#         1410
  C:376CH         LINE#         1411
  C:3771H         LINE#         1412
  C:377FH         LINE#         1413
  C:3784H         LINE#         1414
  C:3789H         LINE#         1415
  C:37AEH         LINE#         1416
  C:37D2H         LINE#         1417
  C:37F8H         LINE#         1418
  C:3800H         LINE#         1419
  C:3827H         LINE#         1420
  C:384FH         LINE#         1421
  C:3877H         LINE#         1422
  C:389FH         LINE#         1423
  C:38C7H         LINE#         1424
BL51 BANKED LINKER/LOCATER V6.22                                                      10/15/2015  01:32:07  PAGE 33


  C:38EFH         LINE#         1425
  C:3915H         LINE#         1426
  C:391BH         LINE#         1427
  -------         ENDPROC       FUN_CALIBRATION
  -------         PROC          FUN_PORT
  C:4D29H         LINE#         1428
  C:4D29H         LINE#         1430
  C:4D2CH         LINE#         1431
  C:4D2FH         LINE#         1432
  C:4D32H         LINE#         1433
  C:4D35H         LINE#         1434
  C:4D38H         LINE#         1435
  C:4D3BH         LINE#         1436
  -------         ENDPROC       FUN_PORT
  -------         PROC          FUN_TEST
  C:43EFH         LINE#         1437
  C:43EFH         LINE#         1438
  C:43F4H         LINE#         1439
  C:43F7H         LINE#         1440
  C:43FCH         LINE#         1441
  C:43FFH         LINE#         1442
  C:4404H         LINE#         1443
  C:4407H         LINE#         1444
  C:440CH         LINE#         1445
  C:440FH         LINE#         1447
  C:4415H         LINE#         1448
  C:441AH         LINE#         1449
  C:441DH         LINE#         1450
  C:4422H         LINE#         1451
  C:4425H         LINE#         1452
  C:442AH         LINE#         1453
  C:442DH         LINE#         1454
  C:4432H         LINE#         1455
  C:4435H         LINE#         1457
  C:443AH         LINE#         1458
  C:443DH         LINE#         1459
  C:4442H         LINE#         1460
  C:4445H         LINE#         1461
  C:444AH         LINE#         1462
  C:444DH         LINE#         1463
  C:4452H         LINE#         1464
  C:4455H         LINE#         1465
  C:445AH         LINE#         1466
  C:445DH         LINE#         1467
  C:4462H         LINE#         1468
  C:4465H         LINE#         1469
  C:446AH         LINE#         1470
  C:446DH         LINE#         1471
  C:4472H         LINE#         1472
  C:4475H         LINE#         1473
  C:447AH         LINE#         1475
  C:4482H         LINE#         1476
  C:4488H         LINE#         1477
  C:448DH         LINE#         1478
  C:4490H         LINE#         1479
  C:4495H         LINE#         1480
  C:4498H         LINE#         1481
BL51 BANKED LINKER/LOCATER V6.22                                                      10/15/2015  01:32:07  PAGE 34


  C:449DH         LINE#         1482
  C:44A0H         LINE#         1483
  C:44A5H         LINE#         1484
  C:44A8H         LINE#         1485
  C:44B0H         LINE#         1487
  C:44B7H         LINE#         1488
  C:44BAH         LINE#         1489
  C:44C1H         LINE#         1490
  C:44C4H         LINE#         1492
  C:44CBH         LINE#         1493
  C:44CEH         LINE#         1494
  C:44D5H         LINE#         1495
  C:44D8H         LINE#         1497
  C:44DFH         LINE#         1498
  C:44E6H         LINE#         1499
  C:44E9H         LINE#         1500
  C:44F0H         LINE#         1501
  C:44F3H         LINE#         1503
  C:44FAH         LINE#         1504
  C:4501H         LINE#         1505
  C:4504H         LINE#         1506
  -------         ENDPROC       FUN_TEST
  C:49EBH         SYMBOL        L?1060
  C:49EEH         SYMBOL        L?1061
  -------         PROC          L?1059
  -------         ENDPROC       L?1059
  C:49EBH         SYMBOL        L?1060
  C:49EEH         SYMBOL        L?1061
  -------         PROC          _FUN_MIN
  X:02B4H         SYMBOL        par_num
  -------         DO            
  X:02B5H         SYMBOL        ellipsis_40
  X:02DDH         SYMBOL        loc_argp
  D:0007H         SYMBOL        loc_min
  D:0006H         SYMBOL        loc_shu
  -------         ENDDO         
  C:49F3H         LINE#         1508
  C:49F8H         LINE#         1510
  C:49FAH         LINE#         1512
  C:4A08H         LINE#         1513
  C:4A0AH         LINE#         1514
  C:4A0FH         LINE#         1515
  C:4A14H         LINE#         1516
  C:4A16H         LINE#         1517
  C:4A2AH         LINE#         1518
  C:4A2CH         LINE#         1520
  C:4A2CH         LINE#         1521
  -------         ENDPROC       _FUN_MIN
  -------         PROC          FUN_COORDINATE
  C:0007H         LINE#         1522
  C:0007H         LINE#         1524
  -------         ENDPROC       FUN_COORDINATE
  -------         PROC          _FUN_SETXY
  D:0007H         SYMBOL        par_1x
  D:0005H         SYMBOL        par_1y
  D:0003H         SYMBOL        par_1value
  X:0286H         SYMBOL        par_1fx
BL51 BANKED LINKER/LOCATER V6.22                                                      10/15/2015  01:32:07  PAGE 35


  X:0287H         SYMBOL        par_2x
  X:0289H         SYMBOL        par_2y
  X:028AH         SYMBOL        par_2value
  X:028BH         SYMBOL        par_2fx
  X:028CH         SYMBOL        par_3x
  X:028EH         SYMBOL        par_3y
  X:028FH         SYMBOL        par_3value
  X:0290H         SYMBOL        par_3fx
  X:0291H         SYMBOL        par_4x
  X:0293H         SYMBOL        par_4y
  X:0294H         SYMBOL        par_4value
  X:0295H         SYMBOL        par_4fx
  X:0296H         SYMBOL        par_5value
  X:0297H         SYMBOL        par_5fx
  C:3F01H         LINE#         1525
  C:3F01H         LINE#         1529
  C:3F01H         LINE#         1531
  C:3F36H         LINE#         1532
  C:3F8BH         LINE#         1533
  C:3FE0H         LINE#         1534
  C:4035H         LINE#         1535
  C:4045H         LINE#         1536
  -------         ENDPROC       _FUN_SETXY
  -------         PROC          _FUN_GETXY
  D:0007H         SYMBOL        par_value
  -------         DO            
  D:0006H         SYMBOL        loc_xh1
  D:0005H         SYMBOL        loc_xh2
[...]
  C:3BDDH         LINE#         1900
  C:3BDDH         LINE#         1901
  C:3BEAH         LINE#         1902
  C:3BEAH         LINE#         1903
  C:3BF1H         LINE#         1904
  C:3BF8H         LINE#         1905
  C:3BFDH         LINE#         1906
  C:3BFDH         LINE#         1907
  C:3BFDH         LINE#         1908
  C:3BFDH         LINE#         1909
  C:3BFDH         LINE#         1910
  C:3BFDH         LINE#         1911
  C:3C05H         LINE#         1912
  C:3C17H         LINE#         1913
  C:3C17H         LINE#         1914
  C:3C17H         LINE#         1915
  C:3C19H         LINE#         1916
  C:3C19H         LINE#         1917
  C:3C1BH         LINE#         1918
  C:3C1DH         LINE#         1919
  C:3C1DH         LINE#         1920
  C:3C1FH         LINE#         1921
  C:3C21H         LINE#         1922
  C:3C21H         LINE#         1923
  C:3C23H         LINE#         1924
  C:3C25H         LINE#         1925
  C:3C25H         LINE#         1926
  C:3C27H         LINE#         1927
  C:3C29H         LINE#         1928
  C:3C29H         LINE#         1929
  C:3C34H         LINE#         1930
  C:3C38H         LINE#         1931
  C:3C43H         LINE#         1932
  C:3C48H         LINE#         1933
  C:3C48H         LINE#         1934
  C:3C48H         LINE#         1935
  C:3C48H         LINE#         1936
  -------         ENDPROC       _FUN_ZJZT
  -------         PROC          _FUN_NAJIAN
  X:02EDH         SYMBOL        par_now
  X:02EEH         SYMBOL        par_next
  X:02EFH         SYMBOL        par_high
  X:02F2H         SYMBOL        par_data
  -------         DO            
  X:02F5H         SYMBOL        loc_high
BL51 BANKED LINKER/LOCATER V6.22                                                      10/15/2015  01:32:07  PAGE 42


  -------         ENDDO         
  C:10EEH         LINE#         1937
  C:10FFH         LINE#         1942
  C:114DH         LINE#         1944
  C:1162H         LINE#         1945
  C:116AH         LINE#         1946
  C:1192H         LINE#         1947
  C:119DH         LINE#         1948
  C:119DH         LINE#         1949
  C:119FH         LINE#         1950
  C:11BAH         LINE#         1951
  C:11C2H         LINE#         1952
  C:11F3H         LINE#         1953
  C:11FBH         LINE#         1954
  C:1255H         LINE#         1955
  C:1255H         LINE#         1957
  C:125FH         LINE#         1959
  C:127CH         LINE#         1961
  C:1281H         LINE#         1963
  C:12ADH         LINE#         1964
  C:12ADH         LINE#         1965
  C:12DEH         LINE#         1966
  C:12DEH         LINE#         1967
  C:12F4H         LINE#         1968
  C:12F7H         LINE#         1969
  C:12F7H         LINE#         1970
  C:12F7H         LINE#         1971
  C:12F9H         LINE#         1972
  C:12F9H         LINE#         1973
  C:1321H         LINE#         1974
  C:1324H         LINE#         1975
  C:1324H         LINE#         1976
  C:134CH         LINE#         1977
  C:134FH         LINE#         1978
  C:134FH         LINE#         1979
  C:134FH         LINE#         1980
  C:1351H         LINE#         1981
  C:1351H         LINE#         1982
  C:1379H         LINE#         1983
  C:137CH         LINE#         1984
  C:137CH         LINE#         1985
  C:13A4H         LINE#         1986
  C:13A7H         LINE#         1987
  C:13A7H         LINE#         1988
  C:13A7H         LINE#         1989
  C:13A7H         LINE#         1990
  C:13A7H         LINE#         1991
  C:13A7H         LINE#         1992
  C:13D3H         LINE#         1993
  C:13D3H         LINE#         1994
  C:13FAH         LINE#         1995
  C:13FDH         LINE#         1996
  C:13FDH         LINE#         1997
  C:1428H         LINE#         1998
  C:142BH         LINE#         1999
  C:142BH         LINE#         2000
  C:1453H         LINE#         2001
BL51 BANKED LINKER/LOCATER V6.22                                                      10/15/2015  01:32:07  PAGE 43


  C:1456H         LINE#         2002
  C:1456H         LINE#         2003
  C:147EH         LINE#         2004
  C:1481H         LINE#         2005
  C:1481H         LINE#         2006
  C:14ACH         LINE#         2007
  C:14AFH         LINE#         2008
  C:14AFH         LINE#         2009
  C:14DAH         LINE#         2010
  C:14DDH         LINE#         2011
  C:14DDH         LINE#         2012
  C:1505H         LINE#         2013
  C:1508H         LINE#         2014
  C:1508H         LINE#         2015
  C:1508H         LINE#         2016
  C:1508H         LINE#         2017
  C:1508H         LINE#         2018
  C:1508H         LINE#         2019
  C:1534H         LINE#         2020
  C:1534H         LINE#         2021
  C:1534H         LINE#         2022
  C:1537H         LINE#         2023
  C:1537H         LINE#         2024
  C:1562H         LINE#         2025
  C:1565H         LINE#         2026
  C:1565H         LINE#         2027
  C:1590H         LINE#         2028
  C:1593H         LINE#         2029
  C:1593H         LINE#         2030
  C:15BBH         LINE#         2031
  C:15BEH         LINE#         2032
  C:15BEH         LINE#         2033
  C:15E9H         LINE#         2034
  C:15ECH         LINE#         2035
  C:15ECH         LINE#         2036
  C:1617H         LINE#         2037
  C:161AH         LINE#         2038
  C:161AH         LINE#         2039
  C:1642H         LINE#         2040
  C:1645H         LINE#         2041
  C:1645H         LINE#         2042
  C:1645H         LINE#         2043
  C:1645H         LINE#         2044
  C:1645H         LINE#         2045
  C:1645H         LINE#         2046
  C:1671H         LINE#         2047
  C:1671H         LINE#         2048
  C:1699H         LINE#         2049
  C:169CH         LINE#         2050
  C:169CH         LINE#         2051
  C:16C4H         LINE#         2052
  C:16C7H         LINE#         2053
  C:16C7H         LINE#         2054
  C:16F2H         LINE#         2055
  C:16F5H         LINE#         2056
  C:16F5H         LINE#         2057
  C:1727H         LINE#         2058
BL51 BANKED LINKER/LOCATER V6.22                                                      10/15/2015  01:32:07  PAGE 44


  C:172AH         LINE#         2059
  C:172AH         LINE#         2060
  C:1752H         LINE#         2061
  C:1755H         LINE#         2062
  C:1755H         LINE#         2063
  C:177DH         LINE#         2064
  C:1780H         LINE#         2065
  C:1780H         LINE#         2066
  C:17B2H         LINE#         2067
  C:17B5H         LINE#         2068
  C:17B5H         LINE#         2069
  C:17B5H         LINE#         2070
  C:17B5H         LINE#         2071
  C:17B5H         LINE#         2072
  C:17B5H         LINE#         2073
  C:17E1H         LINE#         2074
  C:17E1H         LINE#         2075
  C:1809H         LINE#         2076
  C:180CH         LINE#         2077
  C:180CH         LINE#         2078
  C:1834H         LINE#         2079
  C:1837H         LINE#         2080
  C:1837H         LINE#         2081
  C:185FH         LINE#         2082
  C:1862H         LINE#         2083
  C:1862H         LINE#         2084
  C:1894H         LINE#         2085
  C:1897H         LINE#         2086
  C:1897H         LINE#         2087
  C:18C2H         LINE#         2088
  C:18C5H         LINE#         2089
  C:18C5H         LINE#         2090
  C:18EDH         LINE#         2091
  C:18F0H         LINE#         2092
  C:18F0H         LINE#         2093
  C:1922H         LINE#         2094
  C:1925H         LINE#         2095
  C:1925H         LINE#         2096
  C:1925H         LINE#         2097
  C:1925H         LINE#         2098
  C:1925H         LINE#         2099
  C:1925H         LINE#         2100
  C:1951H         LINE#         2101
  C:1951H         LINE#         2102
  C:1951H         LINE#         2103
  C:1954H         LINE#         2104
  C:1954H         LINE#         2105
  C:197FH         LINE#         2106
  C:1982H         LINE#         2107
  C:1982H         LINE#         2108
  C:19ADH         LINE#         2109
  C:19B0H         LINE#         2110
  C:19B0H         LINE#         2111
  C:19D8H         LINE#         2112
  C:19DBH         LINE#         2113
  C:19DBH         LINE#         2114
  C:1A06H         LINE#         2115
BL51 BANKED LINKER/LOCATER V6.22                                                      10/15/2015  01:32:07  PAGE 45


  C:1A09H         LINE#         2116
  C:1A09H         LINE#         2117
  C:1A34H         LINE#         2118
  C:1A37H         LINE#         2119
  C:1A37H         LINE#         2120
  C:1A5FH         LINE#         2121
  C:1A62H         LINE#         2122
  C:1A62H         LINE#         2123
  C:1A62H         LINE#         2124
  C:1A62H         LINE#         2125
  C:1A62H         LINE#         2126
  C:1A62H         LINE#         2127
  C:1A8EH         LINE#         2128
  C:1A8EH         LINE#         2129
  C:1ABFH         LINE#         2130
  C:1AC2H         LINE#         2131
  C:1AC2H         LINE#         2132
  C:1AEDH         LINE#         2133
  C:1AF0H         LINE#         2134
  C:1AF0H         LINE#         2135
  C:1B1BH         LINE#         2136
  C:1B1EH         LINE#         2137
  C:1B1EH         LINE#         2138
  C:1B53H         LINE#         2139
  C:1B56H         LINE#         2140
  C:1B56H         LINE#         2141
  C:1B8BH         LINE#         2142
  C:1B8EH         LINE#         2143
  C:1B8EH         LINE#         2144
  C:1BB9H         LINE#         2145
  C:1BBCH         LINE#         2146
  C:1BBCH         LINE#         2147
  C:1BE7H         LINE#         2148
  C:1BEAH         LINE#         2149
  C:1BEAH         LINE#         2150
  C:1BEAH         LINE#         2151
  C:1BEAH         LINE#         2152
  C:1BEAH         LINE#         2153
  C:1BEAH         LINE#         2154
  C:1C13H         LINE#         2155
  C:1C13H         LINE#         2156
  C:1C4EH         LINE#         2157
  C:1C51H         LINE#         2158
  C:1C51H         LINE#         2159
  C:1C86H         LINE#         2160
  C:1C89H         LINE#         2161
  C:1C89H         LINE#         2162
  C:1CBEH         LINE#         2163
  C:1CC1H         LINE#         2164
  C:1CC1H         LINE#         2165
  C:1D00H         LINE#         2166
  C:1D02H         LINE#         2167
  C:1D02H         LINE#         2168
  C:1D4AH         LINE#         2169
  C:1D4CH         LINE#         2170
  C:1D4CH         LINE#         2171
  C:1D8AH         LINE#         2172
BL51 BANKED LINKER/LOCATER V6.22                                                      10/15/2015  01:32:07  PAGE 46


  C:1D8CH         LINE#         2173
  C:1D8CH         LINE#         2174
  C:1DD3H         LINE#         2175
  C:1DD3H         LINE#         2176
  C:1DD3H         LINE#         2177
  C:1DD3H         LINE#         2178
  C:1DD3H         LINE#         2179
  C:1DD3H         LINE#         2180
  C:1DD3H         LINE#         2181
  C:1DD3H         LINE#         2182
  C:1DD3H         LINE#         2184
  C:1DDDH         LINE#         2186
  C:1DF7H         LINE#         2188
  C:1DFCH         LINE#         2192
  C:1E85H         LINE#         2193
  C:1EC4H         LINE#         2194
  C:1EDDH         LINE#         2195
  -------         ENDPROC       _FUN_NAJIAN
  -------         PROC          FUN_ZHUAJIAN
  C:45F8H         LINE#         2197
  C:45F8H         LINE#         2198
  C:45FDH         LINE#         2199
  C:4602H         LINE#         2200
  C:4607H         LINE#         2201
  C:460FH         LINE#         2202
  C:4614H         LINE#         2204
  C:461BH         LINE#         2205
  C:4622H         LINE#         2206
  C:4629H         LINE#         2207
  C:4630H         LINE#         2208
  C:4648H         LINE#         2209
  C:4654H         LINE#         2210
  C:465BH         LINE#         2211
  C:4664H         LINE#         2212
  C:466BH         LINE#         2213
  C:466DH         LINE#         2214
  C:466DH         LINE#         2215
  C:466DH         LINE#         2216
  C:466DH         LINE#         2217
  C:466FH         LINE#         2218
  C:467BH         LINE#         2219
  C:4682H         LINE#         2220
  C:468BH         LINE#         2221
  C:4692H         LINE#         2222
  C:4699H         LINE#         2223
  C:46A2H         LINE#         2224
  C:46A9H         LINE#         2225
  C:46B2H         LINE#         2226
  C:46B2H         LINE#         2227
  C:46B9H         LINE#         2228
  C:46BCH         LINE#         2229
  -------         ENDPROC       FUN_ZHUAJIAN
  -------         PROC          FUN_BACK
  C:4B72H         LINE#         2231
  C:4B72H         LINE#         2232
  C:4B79H         LINE#         2233
  C:4B7CH         LINE#         2235
BL51 BANKED LINKER/LOCATER V6.22                                                      10/15/2015  01:32:07  PAGE 47


  C:4B83H         LINE#         2236
  C:4B8AH         LINE#         2237
  C:4B93H         LINE#         2239
  C:4B9AH         LINE#         2240
  -------         ENDPROC       FUN_BACK
  -------         PROC          _FUN_START
  X:0283H         SYMBOL        par_x
  X:0284H         SYMBOL        par_y
  X:0285H         SYMBOL        par_ctfx
  X:0286H         SYMBOL        par_szzt
  X:0287H         SYMBOL        par_sjwz
  X:0288H         SYMBOL        par_pywz
  X:0289H         SYMBOL        par_hzfx
  C:46C3H         LINE#         2242
  C:46CEH         LINE#         2243
  C:46CEH         LINE#         2244
  C:46D1H         LINE#         2245
  C:46D4H         LINE#         2246
  C:46D6H         LINE#         2247
  C:46D8H         LINE#         2248
  C:46DBH         LINE#         2249
  C:46DEH         LINE#         2250
  C:46E1H         LINE#         2252
  C:46E3H         LINE#         2253
  C:46E5H         LINE#         2254
  C:46E7H         LINE#         2255
  C:46E9H         LINE#         2257
  C:46ECH         LINE#         2258
  C:46EEH         LINE#         2260
  C:46F1H         LINE#         2262
  C:46F4H         LINE#         2263
  C:46F7H         LINE#         2264
  C:46F9H         LINE#         2265
  C:46FBH         LINE#         2266
  C:4704H         LINE#         2268
  C:4711H         LINE#         2269
  C:4720H         LINE#         2270
  C:4725H         LINE#         2271
  C:4729H         LINE#         2273
  C:4731H         LINE#         2274
  C:4739H         LINE#         2275
  C:4741H         LINE#         2276
  C:4749H         LINE#         2277
  C:4751H         LINE#         2278
  C:4759H         LINE#         2279
  C:4761H         LINE#         2281
  C:4766H         LINE#         2282
  C:476CH         LINE#         2283
  C:4773H         LINE#         2284
  C:477AH         LINE#         2285
  C:4781H         LINE#         2286
  C:4788H         LINE#         2292
  -------         ENDPROC       _FUN_START
  -------         PROC          FUN_STOP
  C:4B30H         LINE#         2295
  C:4B30H         LINE#         2296
  C:4B32H         LINE#         2297
BL51 BANKED LINKER/LOCATER V6.22                                                      10/15/2015  01:32:07  PAGE 48


  C:4B37H         LINE#         2298
  C:4B3DH         LINE#         2299
  C:4B44H         LINE#         2300
  C:4B4BH         LINE#         2301
  C:4B52H         LINE#         2302
  C:4B59H         LINE#         2303
  C:4B70H         LINE#         2304
  -------         ENDPROC       FUN_STOP
  -------         ENDMOD        8023

  -------         MODULE        ?C?FPMUL
  C:1EEBH         PUBLIC        ?C?FPMUL
  -------         ENDMOD        ?C?FPMUL

  -------         MODULE        ?C?FCAST
  C:1FFBH         PUBLIC        ?C?FCASTC
  C:1FF6H         PUBLIC        ?C?FCASTI
  C:1FF1H         PUBLIC        ?C?FCASTL
  -------         ENDMOD        ?C?FCAST

  -------         MODULE        ?C?CASTF
  C:202FH         PUBLIC        ?C?CASTF
  -------         ENDMOD        ?C?CASTF

  -------         MODULE        PRINTF
  X:0283H         PUBLIC        ?_PRINTF?BYTE
  X:0283H         PUBLIC        ?_SPRINTF?BYTE
  C:2C72H         PUBLIC        _PRINTF
  C:2C6CH         PUBLIC        _SPRINTF
  -------         ENDMOD        PRINTF

  -------         MODULE        ?C?FPROUND
  C:20B0H         PUBLIC        ?C?FPROUND
  -------         ENDMOD        ?C?FPROUND

  -------         MODULE        ?C?FPCONVERT
  C:20EDH         PUBLIC        ?C?FPCONVERT
  -------         ENDMOD        ?C?FPCONVERT

  -------         MODULE        ?C?FPADD
  C:21F9H         PUBLIC        ?C?FPADD
  C:21F5H         PUBLIC        ?C?FPSUB
  -------         ENDMOD        ?C?FPADD

  -------         MODULE        ?C?FPDIV
  C:22EDH         PUBLIC        ?C?FPDIV
  -------         ENDMOD        ?C?FPDIV

  -------         MODULE        ?C?FTNPWR
  C:23BAH         PUBLIC        ?C?FTNPWR
  -------         ENDMOD        ?C?FTNPWR

  -------         MODULE        ?C?CLDPTR
  C:23FAH         PUBLIC        ?C?CLDPTR
  -------         ENDMOD        ?C?CLDPTR

  -------         MODULE        ?C?CLDOPTR
BL51 BANKED LINKER/LOCATER V6.22                                                      10/15/2015  01:32:07  PAGE 49


  C:2413H         PUBLIC        ?C?CLDOPTR
  -------         ENDMOD        ?C?CLDOPTR

  -------         MODULE        ?C?CILDOPTR
  C:2440H         PUBLIC        ?C?CILDOPTR
  -------         ENDMOD        ?C?CILDOPTR

  -------         MODULE        ?C?CSTPTR
  C:2473H         PUBLIC        ?C?CSTPTR
  -------         ENDMOD        ?C?CSTPTR

  -------         MODULE        ?C?IMUL
  C:2485H         PUBLIC        ?C?IMUL
  -------         ENDMOD        ?C?IMUL

  -------         MODULE        ?C?UIDIV
  C:2497H         PUBLIC        ?C?UIDIV
  -------         ENDMOD        ?C?UIDIV

  -------         MODULE        ?C?SIDIV
  C:24ECH         PUBLIC        ?C?SIDIV
  -------         ENDMOD        ?C?SIDIV

  -------         MODULE        ?C?IILDX
  C:2522H         PUBLIC        ?C?IILDX
  -------         ENDMOD        ?C?IILDX

  -------         MODULE        ?C?ILDIX
  C:2538H         PUBLIC        ?C?ILDIX
  -------         ENDMOD        ?C?ILDIX

  -------         MODULE        ?C?ULDIV
  C:258AH         PUBLIC        ?C?ULDIV
  -------         ENDMOD        ?C?ULDIV

  -------         MODULE        ?C?LNEG
  C:261CH         PUBLIC        ?C?LNEG
  -------         ENDMOD        ?C?LNEG

  -------         MODULE        ?C?ULCMP
  C:262AH         PUBLIC        ?C?ULCMP
  -------         ENDMOD        ?C?ULCMP

  -------         MODULE        ?C?LSTXDATA
  C:263BH         PUBLIC        ?C?LSTXDATA
  -------         ENDMOD        ?C?LSTXDATA

  -------         MODULE        ?C?LSTKXDATA
  C:2647H         PUBLIC        ?C?LSTKXDATA
  -------         ENDMOD        ?C?LSTKXDATA

  -------         MODULE        ?C?OFFXADD
  C:2678H         PUBLIC        ?C?OFFXADD
  -------         ENDMOD        ?C?OFFXADD

  -------         MODULE        ?C?PLDIXDATA
  C:2684H         PUBLIC        ?C?PLDIXDATA
BL51 BANKED LINKER/LOCATER V6.22                                                      10/15/2015  01:32:07  PAGE 50


  -------         ENDMOD        ?C?PLDIXDATA

  -------         MODULE        ?C?PSTXDATA
  C:269BH         PUBLIC        ?C?PSTXDATA
  -------         ENDMOD        ?C?PSTXDATA

  -------         MODULE        ?C?CCASE
  C:26A4H         PUBLIC        ?C?CCASE
  -------         ENDMOD        ?C?CCASE

  -------         MODULE        PUTCHAR
  C:4BCEH         PUBLIC        _PUTCHAR
  -------         ENDMOD        PUTCHAR

  -------         MODULE        CABS
  C:4D5CH         PUBLIC        _CABS
  -------         ENDMOD        CABS

  -------         MODULE        ?C?MEMSET
  C:26CAH         PUBLIC        ?C?MEMSET
  -------         ENDMOD        ?C?MEMSET

Program Size: data=34.1 xdata=780 code=19816
LINK/LOCATE RUN COMPLETE.  0 WARNING(S),  0 ERROR(S)
