BL51 BANKED LINKER/LOCATER V6.22                                                        10/28/2015  07:58:43  PAGE 1


BL51 BANKED LINKER/LOCATER V6.22, INVOKED BY:
D:\MYPROGRAM\KEIL\C51\BIN\BL51.EXE STARTUP.obj, perfect.obj, ..\8023.LIB TO perfect RAMSIZE (256) DISABLEWARNING (16)


MEMORY MODEL: LARGE WITH FLOATING POINT ARITHMETIC


INPUT MODULES INCLUDED:
  STARTUP.obj (?C_STARTUP)
  perfect.obj (PERFECT)
  ..\8023.LIB (8023)
  D:\MYPROGRAM\KEIL\C51\LIB\C51FPL.LIB (?C?FPMUL)
  D:\MYPROGRAM\KEIL\C51\LIB\C51FPL.LIB (?C?FCAST)
  D:\MYPROGRAM\KEIL\C51\LIB\C51FPL.LIB (?C?CASTF)
  D:\MYPROGRAM\KEIL\C51\LIB\C51FPL.LIB (PRINTF)
  D:\MYPROGRAM\KEIL\C51\LIB\C51FPL.LIB (?C?FPGETOPN)
  D:\MYPROGRAM\KEIL\C51\LIB\C51FPL.LIB (?C?FPROUND)
  D:\MYPROGRAM\KEIL\C51\LIB\C51FPL.LIB (?C?FPCONVERT)
  D:\MYPROGRAM\KEIL\C51\LIB\C51FPL.LIB (?C?FPADD)
  D:\MYPROGRAM\KEIL\C51\LIB\C51FPL.LIB (?C?FPDIV)
  D:\MYPROGRAM\KEIL\C51\LIB\C51FPL.LIB (?C?FTNPWR)
  D:\MYPROGRAM\KEIL\C51\LIB\C51L.LIB (?C_INIT)
  D:\MYPROGRAM\KEIL\C51\LIB\C51L.LIB (?C?COPY)
  D:\MYPROGRAM\KEIL\C51\LIB\C51L.LIB (?C?CLDPTR)
  D:\MYPROGRAM\KEIL\C51\LIB\C51L.LIB (?C?CLDOPTR)
  D:\MYPROGRAM\KEIL\C51\LIB\C51L.LIB (?C?CILDOPTR)
  D:\MYPROGRAM\KEIL\C51\LIB\C51L.LIB (?C?CSTPTR)
  D:\MYPROGRAM\KEIL\C51\LIB\C51L.LIB (?C?CSTOPTR)
  D:\MYPROGRAM\KEIL\C51\LIB\C51L.LIB (?C?IMUL)
  D:\MYPROGRAM\KEIL\C51\LIB\C51L.LIB (?C?UIDIV)
  D:\MYPROGRAM\KEIL\C51\LIB\C51L.LIB (?C?SIDIV)
  D:\MYPROGRAM\KEIL\C51\LIB\C51L.LIB (?C?IILDX)
  D:\MYPROGRAM\KEIL\C51\LIB\C51L.LIB (?C?ILDIX)
  D:\MYPROGRAM\KEIL\C51\LIB\C51L.LIB (?C?ULDIV)
  D:\MYPROGRAM\KEIL\C51\LIB\C51L.LIB (?C?LNEG)
  D:\MYPROGRAM\KEIL\C51\LIB\C51L.LIB (?C?ULCMP)
  D:\MYPROGRAM\KEIL\C51\LIB\C51L.LIB (?C?LSTXDATA)
  D:\MYPROGRAM\KEIL\C51\LIB\C51L.LIB (?C?LSTKXDATA)
  D:\MYPROGRAM\KEIL\C51\LIB\C51L.LIB (?C?OFFXADD)
  D:\MYPROGRAM\KEIL\C51\LIB\C51L.LIB (?C?PLDIXDATA)
  D:\MYPROGRAM\KEIL\C51\LIB\C51L.LIB (?C?PSTXDATA)
  D:\MYPROGRAM\KEIL\C51\LIB\C51L.LIB (?C?CCASE)
  D:\MYPROGRAM\KEIL\C51\LIB\C51L.LIB (PUTCHAR)
  D:\MYPROGRAM\KEIL\C51\LIB\C51L.LIB (CABS)
  D:\MYPROGRAM\KEIL\C51\LIB\C51L.LIB (?C?MEMSET)


LINK MAP OF MODULE:  perfect (?C_STARTUP)


            TYPE    BASE      LENGTH    RELOCATION   SEGMENT NAME
            -----------------------------------------------------

            * * * * * * *   D A T A   M E M O R Y   * * * * * * *
            REG     0000H     0008H     ABSOLUTE     "REG BANK 0"
            REG     0008H     0008H     ABSOLUTE     "REG BANK 1"
            DATA    0010H     000BH     UNIT         _DATA_GROUP_
            DATA    001BH     0005H     UNIT         ?DT?8023
BL51 BANKED LINKER/LOCATER V6.22                                                      10/28/2015  07:58:43  PAGE 2


            BIT     0020H.0   0001H.1   UNIT         _BIT_GROUP_
                    0021H.1   0000H.7                *** GAP ***
            DATA    0022H     0001H     UNIT         ?DT?_FUN_PYSJHZ?8023
            IDATA   0023H     0001H     UNIT         ?STACK

            * * * * * * *  X D A T A   M E M O R Y  * * * * * * *
            XDATA   0000H     0244H     UNIT         ?XD?8023
            XDATA   0244H     0061H     UNIT         ?XD?_FUN_ZDZJ?8023
            XDATA   02A5H     0032H     UNIT         _XDATA_GROUP_
            XDATA   02D7H     002EH     UNIT         ?XD?_FUN_FLSETTING?8023
            XDATA   0305H     002CH     UNIT         ?XD?_FUN_MIN?8023
            XDATA   0331H     000EH     UNIT         ?XD?_FUN_PYSJHZ?8023
            XDATA   033FH     000DH     UNIT         ?XD?_FUN_SJHZ?8023
            XDATA   034CH     0009H     UNIT         ?XD?_FUN_NAJIAN?8023
            XDATA   0355H     0005H     UNIT         ?XD?_FUN_FOLLINE?8023
            XDATA   035AH     0004H     UNIT         ?XD?FUN_CALIBRATION?8023
            XDATA   035EH     0003H     UNIT         ?XD?_FUN_QC?8023
            XDATA   0361H     0002H     UNIT         ?XD?_FUN_PYHZ?8023
            XDATA   0363H     0002H     UNIT         ?XD?_FUN_ZJZT?8023
            XDATA   0365H     0001H     UNIT         ?XD?_FUN_SZ?8023
            XDATA   0366H     0001H     UNIT         ?XD?_FUN_PY?8023
            XDATA   0367H     0001H     UNIT         ?XD?_FUN_SJ?8023
            XDATA   0368H     0001H     UNIT         ?XD?_FUN_HZ?8023
            XDATA   0369H     0001H     UNIT         ?XD?_FUN_TURN?8023

            * * * * * * *   C O D E   M E M O R Y   * * * * * * *
            CODE    0000H     0003H     ABSOLUTE     
            CODE    0003H     0003H     ABSOLUTE     
            CODE    0006H     0001H     UNIT         ?PR?INT0INTERRUPT?PERFECT
            CODE    0007H     0001H     UNIT         ?PR?FUN_COORDINATE?8023
                    0008H     0003H                  *** GAP ***
            CODE    000BH     0003H     ABSOLUTE     
            CODE    000EH     000DH     UNIT         ?PR?FUN_STOPE2PROM?8023
            CODE    001BH     0003H     ABSOLUTE     
            CODE    001EH     10D0H     UNIT         ?PR?_FUN_ZDZJ?8023
            CODE    10EEH     0DFDH     UNIT         ?PR?_FUN_NAJIAN?8023
            CODE    1EEBH     0923H     UNIT         ?C?LIB_CODE
            CODE    280EH     07E1H     UNIT         ?PR?_FUN_PBXY?8023
            CODE    2FEFH     0557H     UNIT         ?PR?FUN_TIMERMOVE?8023
            CODE    3546H     0483H     UNIT         ?PR?PRINTF?PRINTF
            CODE    39C9H     039AH     UNIT         ?PR?_FUN_PYSJHZ?8023
            CODE    3D63H     037AH     UNIT         ?PR?_FUN_RECORD?8023
            CODE    40DDH     02C1H     UNIT         ?PR?_FUN_SJHZ?8023
            CODE    439EH     02B7H     UNIT         ?PR?_FUN_SETXY?8023
            CODE    4655H     023EH     UNIT         ?PR?_FUN_MOTORS?8023
            CODE    4893H     01DEH     UNIT         ?PR?_FUN_QC?8023
            CODE    4A71H     01B5H     UNIT         ?PR?FUN_CALIBRATION?8023
            CODE    4C26H     01AEH     UNIT         ?PR?_FUN_MOTORSRL?8023
            CODE    4DD4H     01AAH     UNIT         ?PR?_FUN_FOLLINE?8023
            CODE    4F7EH     01AAH     UNIT         ?PR?_FUN_XYMOVE?8023
            CODE    5128H     0183H     UNIT         ?PR?_FUN_ZJZT?8023
            CODE    52ABH     015EH     UNIT         ?PR?_FUN_HZ?8023
            CODE    5409H     015AH     UNIT         ?PR?_FUN_SJ?8023
            CODE    5563H     0147H     UNIT         ?PR?_FUN_PYHZ?8023
            CODE    56AAH     0137H     UNIT         ?PR?_FUN_PY?8023
            CODE    57E1H     011CH     UNIT         ?PR?FUN_TEST?8023
            CODE    58FDH     00CBH     UNIT         ?PR?FUN_ZHUAJIAN?8023
BL51 BANKED LINKER/LOCATER V6.22                                                      10/28/2015  07:58:43  PAGE 3


            CODE    59C8H     00C8H     UNIT         ?PR?_FUN_START?8023
            CODE    5A90H     00A4H     UNIT         ?PR?_FUN_GETXY?8023
            CODE    5B34H     00A3H     UNIT         ?PR?FUN_JTJP?8023
            CODE    5BD7H     008EH     UNIT         ?PR?_FUN_GO?8023
            CODE    5C65H     008CH     UNIT         ?C_C51STARTUP
            CODE    5CF1H     008AH     UNIT         ?PR?MAIN?PERFECT
            CODE    5D7BH     0083H     UNIT         ?PR?_FUN_FLSETTING?8023
            CODE    5DFEH     007BH     UNIT         ?PR?_FUN_TURN?8023
            CODE    5E79H     007BH     UNIT         ?PR?_FUN_MIN?8023
            CODE    5EF4H     0075H     UNIT         ?PR?_FUN_DELAY?8023
            CODE    5F69H     0042H     UNIT         ?PR?_FUN_SZ?8023
            CODE    5FABH     0042H     UNIT         ?PR?FUN_STOP?8023
            CODE    5FEDH     0032H     UNIT         ?PR?FUN_BACK?8023
            CODE    601FH     002FH     UNIT         ?C_INITSEG
            CODE    604EH     0027H     UNIT         ?PR?PUTCHAR?PUTCHAR
            CODE    6075H     0026H     UNIT         ?PR?FUN_TIMER0?8023
            CODE    609BH     0021H     UNIT         ?PR?_FUN_WRITEE2PROM?8023
            CODE    60BCH     0020H     UNIT         ?PR?_FUN_READE2PROM?8023
            CODE    60DCH     001DH     UNIT         ?PR?_FUN_CLEANE2PROM?8023
            CODE    60F9H     001BH     UNIT         ?PR?TIMER0INTERRUPT?PERFECT
            CODE    6114H     001BH     UNIT         ?PR?TIMER1INTERRUPT?PERFECT
            CODE    612FH     001AH     UNIT         ?PR?FUN_WAIT?8023
            CODE    6149H     001AH     UNIT         ?PR?_FUN_PWMR?8023
            CODE    6163H     001AH     UNIT         ?PR?_FUN_PWML?8023
            CODE    617DH     0016H     UNIT         ?PR?FUN_TIMER0INIT?8023
            CODE    6193H     0016H     UNIT         ?PR?FUN_TIMER1INIT?8023
            CODE    61A9H     0016H     UNIT         ?PR?FUN_ZBTFL?8023
            CODE    61BFH     0015H     UNIT         ?PR?FUN_MAINTFL?8023
            CODE    61D4H     0013H     UNIT         ?PR?FUN_PORT?8023
            CODE    61E7H     000BH     UNIT         ?PR?FUN_PWMINIT?8023
            CODE    61F2H     0009H     UNIT         ?CO?8023
            CODE    61FBH     0008H     UNIT         ?PR?_CABS?CABS
            CODE    6203H     0007H     UNIT         ?PR?FUN_TIMER1?8023



OVERLAY MAP OF MODULE:   perfect (?C_STARTUP)


SEGMENT                                BIT_GROUP          DATA_GROUP          XDATA_GROUP
  +--> CALLED SEGMENT               START    LENGTH     START    LENGTH     START    LENGTH
-------------------------------------------------------------------------------------------
?C_C51STARTUP                       -----    -----      -----    -----      -----    -----
  +--> ?PR?MAIN?PERFECT
  +--> ?C_INITSEG

?PR?MAIN?PERFECT                    -----    -----      -----    -----      -----    -----
  +--> ?PR?_FUN_START?8023
  +--> ?PR?_FUN_SETXY?8023
  +--> ?PR?_FUN_DELAY?8023
  +--> ?PR?_FUN_GO?8023
  +--> ?PR?FUN_STOP?8023

?PR?_FUN_START?8023                 -----    -----      -----    -----      02A5H    0007H
  +--> ?PR?FUN_PORT?8023
  +--> ?PR?FUN_PWMINIT?8023
  +--> ?PR?FUN_TIMER0INIT?8023
BL51 BANKED LINKER/LOCATER V6.22                                                      10/28/2015  07:58:43  PAGE 4


  +--> ?PR?FUN_TIMER1INIT?8023
  +--> ?PR?_FUN_MOTORS?8023
  +--> ?PR?FUN_WAIT?8023

?PR?_FUN_MOTORS?8023                -----    -----      -----    -----      02ACH    0001H
  +--> ?PR?_CABS?CABS
  +--> ?PR?_FUN_PWML?8023
  +--> ?PR?_FUN_PWMR?8023

?PR?FUN_WAIT?8023                   -----    -----      -----    -----      -----    -----
  +--> ?PR?_FUN_DELAY?8023

?PR?_FUN_DELAY?8023                 -----    -----      0010H    0007H      -----    -----

?PR?_FUN_SETXY?8023                 -----    -----      -----    -----      02A5H    0019H
  +--> ?PR?_FUN_PBXY?8023

?PR?_FUN_PBXY?8023                  -----    -----      -----    -----      02BEH    0004H

?PR?_FUN_GO?8023                    -----    -----      -----    -----      -----    -----
  +--> ?PR?_FUN_GETXY?8023
  +--> ?PR?_FUN_RECORD?8023

?PR?_FUN_GETXY?8023                 -----    -----      -----    -----      02A5H    0001H

?PR?_FUN_RECORD?8023                -----    -----      -----    -----      02A5H    0006H
  +--> ?PR?_FUN_XYMOVE?8023

?PR?_FUN_XYMOVE?8023                -----    -----      -----    -----      02ABH    0001H

?PR?FUN_STOP?8023                   -----    -----      -----    -----      -----    -----
  +--> ?PR?_FUN_MOTORS?8023
  +--> ?CO?8023
  +--> ?PR?PRINTF?PRINTF

?PR?PRINTF?PRINTF                   0020H.0  0001H.1    0010H    0005H      02A5H    0030H
  +--> ?PR?PUTCHAR?PUTCHAR

*** NEW ROOT ***************************************************

?PR?TIMER0INTERRUPT?PERFECT         -----    -----      -----    -----      -----    -----
  +--> ?PR?FUN_TIMER0?8023

?PR?FUN_TIMER0?8023                 -----    -----      -----    -----      -----    -----
  +--> ?PR?FUN_TIMERMOVE?8023

?PR?FUN_TIMERMOVE?8023              -----    -----      0017H    0004H      -----    -----
  +--> ?PR?_FUN_MOTORSRL?8023

?PR?_FUN_MOTORSRL?8023              -----    -----      -----    -----      02D5H    0002H
  +--> ?PR?_CABS?CABS
  +--> ?PR?_FUN_PWML?8023
  +--> ?PR?_FUN_PWMR?8023

*** NEW ROOT ***************************************************

?PR?TIMER1INTERRUPT?PERFECT         -----    -----      -----    -----      -----    -----
BL51 BANKED LINKER/LOCATER V6.22                                                      10/28/2015  07:58:43  PAGE 5


  +--> ?PR?FUN_TIMER1?8023



SYMBOL TABLE OF MODULE:  perfect (?C_STARTUP)

  VALUE           TYPE          NAME
  ----------------------------------

  -------         MODULE        ?C_STARTUP
  C:5C65H         SEGMENT       ?C_C51STARTUP
  I:0023H         SEGMENT       ?STACK
  C:0000H         PUBLIC        ?C_STARTUP
  D:00E0H         SYMBOL        ACC
  D:00F0H         SYMBOL        B
  D:0083H         SYMBOL        DPH
  D:0082H         SYMBOL        DPL
  N:0000H         SYMBOL        IBPSTACK
  N:0100H         SYMBOL        IBPSTACKTOP
  N:0080H         SYMBOL        IDATALEN
  C:5C68H         SYMBOL        IDATALOOP
  N:0000H         SYMBOL        PBPSTACK
  N:0100H         SYMBOL        PBPSTACKTOP
  N:0000H         SYMBOL        PDATALEN
  N:0000H         SYMBOL        PDATASTART
  N:0000H         SYMBOL        PPAGE
  N:0000H         SYMBOL        PPAGEENABLE
  D:00A0H         SYMBOL        PPAGE_SFR
  D:0081H         SYMBOL        SP
  C:5C65H         SYMBOL        STARTUP1
  N:0000H         SYMBOL        XBPSTACK
  N:0000H         SYMBOL        XBPSTACKTOP
  N:0000H         SYMBOL        XDATALEN
  N:0000H         SYMBOL        XDATASTART
  C:0000H         LINE#         126
  C:5C65H         LINE#         133
  C:5C67H         LINE#         134
  C:5C68H         LINE#         135
  C:5C69H         LINE#         136
  C:5C6BH         LINE#         185
  C:5C6EH         LINE#         196
  -------         ENDMOD        ?C_STARTUP

  -------         MODULE        PERFECT
  C:0000H         SYMBOL        _ICE_DUMMY_
  D:0080H         PUBLIC        P0
  D:0090H         PUBLIC        P1
  D:00A0H         PUBLIC        P2
  D:00B0H         PUBLIC        P3
  D:00C0H         PUBLIC        P4
  D:00C8H         PUBLIC        P5
  C:60F9H         PUBLIC        Timer0Interrupt
  C:6114H         PUBLIC        Timer1Interrupt
  D:00A8H         PUBLIC        IE
  D:00B8H         PUBLIC        IP
  D:00D8H         PUBLIC        CCON
  C:5CF1H         PUBLIC        main
BL51 BANKED LINKER/LOCATER V6.22                                                      10/28/2015  07:58:43  PAGE 6


  C:0006H         PUBLIC        Int0Interrupt
  D:0098H         PUBLIC        SCON
  D:0088H         PUBLIC        TCON
  D:00D0H         PUBLIC        PSW
  -------         PROC          MAIN
  C:5CF1H         LINE#         3
  C:5CF1H         LINE#         4
  C:5D0BH         LINE#         12
  C:5D6AH         LINE#         21
  C:5D73H         LINE#         22
  C:5D78H         LINE#         98
  -------         ENDPROC       MAIN
  -------         PROC          INT0INTERRUPT
  C:0006H         LINE#         100
  C:0006H         LINE#         102
  -------         ENDPROC       INT0INTERRUPT
  -------         PROC          TIMER0INTERRUPT
  C:60F9H         LINE#         103
  C:6106H         LINE#         104
  C:6109H         LINE#         105
  -------         ENDPROC       TIMER0INTERRUPT
  -------         PROC          TIMER1INTERRUPT
  C:6114H         LINE#         106
  C:6121H         LINE#         107
  C:6124H         LINE#         108
  -------         ENDPROC       TIMER1INTERRUPT
  -------         ENDMOD        PERFECT

  -------         MODULE        8023
  C:0000H         SYMBOL        _ICE_DUMMY_
  D:0092H         PUBLIC        P1M0
  D:0093H         PUBLIC        P0M1
  C:512DH         PUBLIC        _fun_zjzt
  C:4893H         PUBLIC        _fun_qc
  C:6075H         PUBLIC        fun_timer0
  D:0096H         PUBLIC        P2M0
  D:0091H         PUBLIC        P1M1
  D:0080H         PUBLIC        P0
  C:6203H         PUBLIC        fun_timer1
  D:0095H         PUBLIC        P2M1
  D:0090H         PUBLIC        P1
  C:5BD7H         PUBLIC        _fun_go
  C:5D7BH         PUBLIC        _fun_flsetting
  D:00A0H         PUBLIC        P2
  X:0000H         PUBLIC        str_tfl
  B:0090H.2       PUBLIC        out_pwmr
  D:00B0H         PUBLIC        P3
  D:00C0H         PUBLIC        P4
  D:00C8H         PUBLIC        P5
  B:00A8H.7       PUBLIC        EA
  C:5409H         PUBLIC        _fun_sj
  C:2FEFH         PUBLIC        fun_timermove
  C:58FDH         PUBLIC        fun_zhuajian
  C:60DCH         PUBLIC        _fun_cleane2prom
  B:00B0H.6       PUBLIC        in_hpy
  D:00F9H         PUBLIC        CH
  C:52ABH         PUBLIC        _fun_hz
BL51 BANKED LINKER/LOCATER V6.22                                                      10/28/2015  07:58:43  PAGE 7


  D:00A8H         PUBLIC        IE
  D:00E9H         PUBLIC        CL
  D:00C5H         PUBLIC        IAP_CMD
  X:004CH         PUBLIC        str_now
  D:00FAH         PUBLIC        CCAP0H
  D:00FBH         PUBLIC        CCAP1H
  B:00B0H.5       PUBLIC        in_qpy
  C:56AAH         PUBLIC        _fun_py
  D:00EAH         PUBLIC        CCAP0L
  B:00D8H.6       PUBLIC        CR
  D:00EBH         PUBLIC        CCAP1L
  D:00DAH         PUBLIC        CCAPM0
  D:00DBH         PUBLIC        CCAPM1
  C:4DD4H         PUBLIC        _fun_folline
  C:5F69H         PUBLIC        _fun_sz
  D:00B8H         PUBLIC        IP
  C:61BFH         PUBLIC        fun_maintfl
  B:00A0H.5       PUBLIC        in_hz
  B:0098H.1       PUBLIC        TI
  D:0097H         PUBLIC        CLK_DIV
  C:10EEH         PUBLIC        _fun_najian
  D:00C3H         PUBLIC        IAP_ADDRH
  B:00B0H.4       PUBLIC        in_j
  C:60BCH         PUBLIC        _fun_reade2prom
  D:00C4H         PUBLIC        IAP_ADDRL
  D:00D9H         PUBLIC        CMOD
  D:00D8H         PUBLIC        CCON
  B:00B0H.3       PUBLIC        in_s
  B:00A0H.0       PUBLIC        out_dir1
  B:00A0H.2       PUBLIC        out_dir2
  C:3D63H         PUBLIC        _fun_record
  D:0087H         PUBLIC        PCON
  C:609BH         PUBLIC        _fun_writee2prom
  C:4C38H         PUBLIC        _fun_motorsrl
  D:0098H         PUBLIC        SCON
  D:0089H         PUBLIC        TMOD
  D:0088H         PUBLIC        TCON
  C:617DH         PUBLIC        fun_timer0init
  C:61E7H         PUBLIC        fun_pwminit
  C:6193H         PUBLIC        fun_timer1init
  C:4A71H         PUBLIC        fun_calibration
  C:5EFAH         PUBLIC        _fun_delay
  C:5FEDH         PUBLIC        fun_back
  B:00A0H.1       PUBLIC        out_en1
  B:00A0H.3       PUBLIC        out_en2
  D:008EH         PUBLIC        AUXR
  X:0059H         PUBLIC        str_begin
  D:00C7H         PUBLIC        IAP_CONTR
  B:0080H.7       PUBLIC        in_ls1
  B:00A8H.1       PUBLIC        ET0
  B:0080H.6       PUBLIC        in_ls2
  B:0088H.5       PUBLIC        TF0
  B:00A8H.3       PUBLIC        ET1
  B:0080H.5       PUBLIC        in_ls3
  B:0088H.7       PUBLIC        TF1
  B:0080H.4       PUBLIC        in_ls4
  D:008CH         PUBLIC        TH0
BL51 BANKED LINKER/LOCATER V6.22                                                      10/28/2015  07:58:43  PAGE 8


  C:000EH         PUBLIC        fun_stope2prom
  B:0080H.3       PUBLIC        in_ls5
  D:008DH         PUBLIC        TH1
  B:0080H.2       PUBLIC        in_ls6
  D:001CH         PUBLIC        var_timer
  B:0080H.1       PUBLIC        in_ls7
  C:61A9H         PUBLIC        fun_zbtfl
  B:0080H.0       PUBLIC        in_ls8
  D:008AH         PUBLIC        TL0
  D:008BH         PUBLIC        TL1
  C:465EH         PUBLIC        _fun_motors
  B:0090H.6       PUBLIC        out_switchselect
  D:00C2H         PUBLIC        IAP_DATA
  B:0088H.4       PUBLIC        TR0
  C:4F82H         PUBLIC        _fun_xymove
  C:39C9H         PUBLIC        _fun_pysjhz
  B:0088H.6       PUBLIC        TR1
  C:0007H         PUBLIC        fun_coordinate
  D:00F2H         PUBLIC        PCA_PWM0
  B:00A0H.4       PUBLIC        in_wz1
  D:00F3H         PUBLIC        PCA_PWM1
  C:59C8H         PUBLIC        _fun_start
  B:00A0H.5       PUBLIC        in_wz2
  B:00A0H.6       PUBLIC        in_wz3
  B:00A0H.7       PUBLIC        in_wz4
  C:5A90H         PUBLIC        _fun_getxy
  B:00A0H.4       PUBLIC        in_wz5
  C:612FH         PUBLIC        fun_wait
  C:5B34H         PUBLIC        fun_jtjp
  D:009CH         PUBLIC        BRT
  B:00B0H.2       PUBLIC        in_start
  C:439EH         PUBLIC        _fun_setxy
  X:0066H         PUBLIC        str_zbfl
  C:40DDH         PUBLIC        _fun_sjhz
  C:57E1H         PUBLIC        fun_test
  C:6163H         PUBLIC        _fun_pwml
  C:001EH         PUBLIC        _fun_zdzj
  C:2817H         PUBLIC        _fun_pbxy
  C:5EBAH         PUBLIC        _fun_min
  C:61D4H         PUBLIC        fun_port
  X:0210H         PUBLIC        str_cod
  D:00C6H         PUBLIC        IAP_TRIG
  C:5FABH         PUBLIC        fun_stop
  C:6149H         PUBLIC        _fun_pwmr
  B:0090H.7       PUBLIC        out_motorselect
  C:5DFEH         PUBLIC        _fun_turn
  C:5567H         PUBLIC        _fun_pyhz
  D:00D0H         PUBLIC        PSW
  X:0237H         PUBLIC        str_next
  B:0090H.5       PUBLIC        out_pwml
  D:0094H         PUBLIC        P0M0
  C:5EF4H         SYMBOL        L?1344
  C:5EF6H         SYMBOL        L?1345
  -------         PROC          L?1343
  -------         ENDPROC       L?1343
  C:5EF4H         SYMBOL        L?1344
  C:5EF6H         SYMBOL        L?1345
BL51 BANKED LINKER/LOCATER V6.22                                                      10/28/2015  07:58:43  PAGE 9


  -------         PROC          _FUN_DELAY
  D:0006H         SYMBOL        par_value
  D:0005H         SYMBOL        par_model
  -------         DO            
  D:0015H         SYMBOL        loc_con
  -------         DO            
  D:0010H         SYMBOL        loc_i
  D:0011H         SYMBOL        loc_j
  D:0012H         SYMBOL        loc_i
  D:0013H         SYMBOL        loc_j
  D:0014H         SYMBOL        loc_k
  -------         ENDDO         
  -------         DO            
  D:0012H         SYMBOL        loc_i
  D:0013H         SYMBOL        loc_j
  D:0014H         SYMBOL        loc_k
  -------         ENDDO         
  -------         ENDDO         
  C:5EFAH         LINE#         32
  C:5EFAH         LINE#         33
  C:5EFEH         LINE#         34
  C:5F0AH         LINE#         35
  C:5F0AH         LINE#         39
  C:5F1CH         LINE#         40
  C:5F1DH         LINE#         41
  C:5F1EH         LINE#         42
  C:5F20H         LINE#         45
  C:5F20H         LINE#         49
  C:5F32H         LINE#         51
  C:5F33H         LINE#         52
  C:5F34H         LINE#         53
  C:5F37H         LINE#         54
  C:5F3AH         LINE#         55
  C:5F3AH         LINE#         56
  C:5F3DH         LINE#         57
  C:5F40H         LINE#         58
  C:5F42H         LINE#         61
  C:5F42H         LINE#         65
  C:5F54H         LINE#         67
  C:5F57H         LINE#         68
  C:5F5AH         LINE#         69
  C:5F5DH         LINE#         70
  C:5F5DH         LINE#         71
  C:5F5DH         LINE#         72
  C:5F60H         LINE#         73
  C:5F63H         LINE#         74
  C:5F66H         LINE#         75
  C:5F68H         LINE#         78
  C:5F68H         LINE#         79
  C:5F68H         LINE#         80
  -------         ENDPROC       _FUN_DELAY
  -------         PROC          FUN_TIMER0INIT
  C:617DH         LINE#         81
  C:617DH         LINE#         85
  C:6180H         LINE#         86
  C:6183H         LINE#         87
  C:6186H         LINE#         88
BL51 BANKED LINKER/LOCATER V6.22                                                      10/28/2015  07:58:43  PAGE 10


  C:6189H         LINE#         89
  C:618CH         LINE#         90
  C:618EH         LINE#         91
  C:6190H         LINE#         92
  C:6192H         LINE#         93
  -------         ENDPROC       FUN_TIMER0INIT
  -------         PROC          FUN_TIMER1INIT
  C:6193H         LINE#         94
  C:6193H         LINE#         98
  C:6196H         LINE#         99
  C:6199H         LINE#         100
  C:619CH         LINE#         101
  C:619FH         LINE#         102
  C:61A2H         LINE#         103
  C:61A4H         LINE#         104
  C:61A6H         LINE#         105
  C:61A8H         LINE#         106
  -------         ENDPROC       FUN_TIMER1INIT
  -------         PROC          FUN_TIMER0
  C:6075H         LINE#         107
  C:6075H         LINE#         108
  C:6078H         LINE#         109
  C:607BH         LINE#         110
  C:6090H         LINE#         111
  C:6097H         LINE#         112
  C:609AH         LINE#         113
  -------         ENDPROC       FUN_TIMER0
  -------         PROC          FUN_TIMER1
  C:6203H         LINE#         114
  C:6203H         LINE#         115
  C:6206H         LINE#         116
  C:6209H         LINE#         117
  -------         ENDPROC       FUN_TIMER1
  -------         PROC          FUN_WAIT
  C:612FH         LINE#         118
  C:612FH         LINE#         119
  C:6131H         LINE#         123
  C:6134H         LINE#         124
  C:613DH         LINE#         125
  C:6140H         LINE#         126
  -------         ENDPROC       FUN_WAIT
  -------         PROC          FUN_PWMINIT
  C:61E7H         LINE#         129
  C:61E7H         LINE#         133
  C:61EAH         LINE#         134
  C:61ECH         LINE#         135
  C:61EEH         LINE#         136
  C:61F1H         LINE#         137
  -------         ENDPROC       FUN_PWMINIT
  -------         PROC          _FUN_PWMR
  D:0007H         SYMBOL        par_value
  C:6149H         LINE#         138
  C:6149H         LINE#         139
  C:615CH         LINE#         140
  C:615FH         LINE#         141
  C:6162H         LINE#         142
  -------         ENDPROC       _FUN_PWMR
BL51 BANKED LINKER/LOCATER V6.22                                                      10/28/2015  07:58:43  PAGE 11


  -------         PROC          _FUN_PWML
  D:0007H         SYMBOL        par_value
  C:6163H         LINE#         143
  C:6163H         LINE#         144
  C:6176H         LINE#         145
  C:6179H         LINE#         146
  C:617CH         LINE#         147
  -------         ENDPROC       _FUN_PWML
  -------         PROC          L?1352
  -------         ENDPROC       L?1352
  -------         PROC          _FUN_MOTORS
  D:0007H         SYMBOL        par_model
  X:02ACH         SYMBOL        par_speed
  C:465EH         LINE#         148
  C:4663H         LINE#         149
  C:466AH         LINE#         150
  C:466FH         LINE#         151
  C:467AH         LINE#         152
  C:467DH         LINE#         153
  C:46ABH         LINE#         154
  C:46ABH         LINE#         155
  C:46B8H         LINE#         158
  C:46BDH         LINE#         159
  C:46C4H         LINE#         160
  C:46C4H         LINE#         161
  C:46C7H         LINE#         162
  C:46CFH         LINE#         163
  C:46D5H         LINE#         164
  C:46D8H         LINE#         165
  C:46E7H         LINE#         166
  C:46F1H         LINE#         167
  C:46F1H         LINE#         168
  C:46F2H         LINE#         169
  C:46F2H         LINE#         170
  C:46FFH         LINE#         173
  C:4704H         LINE#         174
  C:470BH         LINE#         175
  C:470BH         LINE#         176
  C:470DH         LINE#         177
  C:4715H         LINE#         178
  C:471BH         LINE#         179
  C:471DH         LINE#         180
  C:472CH         LINE#         181
  C:472EH         LINE#         182
  C:472EH         LINE#         183
  C:4730H         LINE#         184
  C:4730H         LINE#         185
  C:4742H         LINE#         188
  C:474BH         LINE#         189
  C:4752H         LINE#         190
  C:4754H         LINE#         191
  C:475AH         LINE#         192
  C:4761H         LINE#         193
  C:4762H         LINE#         194
  C:476AH         LINE#         195
  C:476CH         LINE#         196
  C:4776H         LINE#         197
BL51 BANKED LINKER/LOCATER V6.22                                                      10/28/2015  07:58:43  PAGE 12


  C:477DH         LINE#         198
  C:477EH         LINE#         199
  C:478DH         LINE#         200
  C:478FH         LINE#         201
  C:4797H         LINE#         202
  C:47A4H         LINE#         203
  C:47A4H         LINE#         204
  C:47A5H         LINE#         205
  C:47A5H         LINE#         206
  C:47B2H         LINE#         209
  C:47B7H         LINE#         210
  C:47BEH         LINE#         211
  C:47C0H         LINE#         212
  C:47C2H         LINE#         213
  C:47CAH         LINE#         214
  C:47CCH         LINE#         215
  C:47CFH         LINE#         216
  C:47DAH         LINE#         217
  C:47DCH         LINE#         218
  C:47DCH         LINE#         219
  C:47DEH         LINE#         220
  C:47DEH         LINE#         221
  C:47EBH         LINE#         224
  C:47F0H         LINE#         225
  C:47F7H         LINE#         226
  C:47F9H         LINE#         227
  C:47FBH         LINE#         228
  C:4803H         LINE#         229
  C:4805H         LINE#         230
  C:4808H         LINE#         231
  C:4813H         LINE#         232
  C:4815H         LINE#         233
  C:4815H         LINE#         234
  C:4817H         LINE#         235
  C:4817H         LINE#         236
  C:4824H         LINE#         239
  C:4829H         LINE#         240
  C:4830H         LINE#         241
  C:4836H         LINE#         242
  C:4837H         LINE#         243
  C:483FH         LINE#         244
  C:4845H         LINE#         245
  C:4846H         LINE#         246
  C:484EH         LINE#         247
  C:4854H         LINE#         248
  C:4854H         LINE#         249
  C:4855H         LINE#         250
  C:4855H         LINE#         251
  C:4862H         LINE#         254
  C:4867H         LINE#         255
  C:486EH         LINE#         256
  C:4874H         LINE#         257
  C:4875H         LINE#         258
  C:487DH         LINE#         259
  C:4883H         LINE#         260
  C:4884H         LINE#         261
  C:488CH         LINE#         262
BL51 BANKED LINKER/LOCATER V6.22                                                      10/28/2015  07:58:43  PAGE 13


  C:4892H         LINE#         263
  C:4892H         LINE#         264
  C:4892H         LINE#         265
  C:4892H         LINE#         266
  C:4892H         LINE#         267
  C:4892H         LINE#         268
  -------         ENDPROC       _FUN_MOTORS
  -------         PROC          L?1351
  -------         ENDPROC       L?1351
  -------         PROC          _FUN_MOTORSRL
  D:0007H         SYMBOL        par_model
  X:02D5H         SYMBOL        par_speed
  C:4C38H         LINE#         269
  C:4C40H         LINE#         270
  C:4C4AH         LINE#         271
  C:4C55H         LINE#         272
  C:4C66H         LINE#         273
  C:4C6DH         LINE#         274
  C:4C7FH         LINE#         275
  C:4C7FH         LINE#         276
  C:4C98H         LINE#         279
  C:4C9DH         LINE#         280
  C:4CA8H         LINE#         281
  C:4CA8H         LINE#         282
  C:4CABH         LINE#         283
  C:4CB6H         LINE#         284
  C:4CBDH         LINE#         285
  C:4CC0H         LINE#         286
  C:4CD3H         LINE#         287
  C:4CDDH         LINE#         288
  C:4CDDH         LINE#         289
  C:4CDEH         LINE#         290
  C:4CDEH         LINE#         291
  C:4CF7H         LINE#         294
  C:4CFCH         LINE#         295
  C:4D07H         LINE#         296
  C:4D07H         LINE#         297
  C:4D0AH         LINE#         298
  C:4D15H         LINE#         299
  C:4D1CH         LINE#         300
  C:4D1FH         LINE#         301
  C:4D32H         LINE#         302
  C:4D34H         LINE#         303
  C:4D34H         LINE#         304
  C:4D37H         LINE#         305
  C:4D37H         LINE#         306
  C:4D61H         LINE#         309
  C:4D6CH         LINE#         310
  C:4D77H         LINE#         311
  C:4D79H         LINE#         312
  C:4D7FH         LINE#         313
  C:4D86H         LINE#         314
  C:4D87H         LINE#         315
  C:4D92H         LINE#         316
  C:4D94H         LINE#         317
  C:4D9FH         LINE#         318
  C:4DAAH         LINE#         319
BL51 BANKED LINKER/LOCATER V6.22                                                      10/28/2015  07:58:43  PAGE 14


  C:4DABH         LINE#         320
  C:4DBBH         LINE#         321
  C:4DBDH         LINE#         322
  C:4DC5H         LINE#         323
  C:4DD3H         LINE#         324
  C:4DD3H         LINE#         325
  C:4DD3H         LINE#         326
  C:4DD3H         LINE#         327
  C:4DD3H         LINE#         328
  C:4DD3H         LINE#         329
  -------         ENDPROC       _FUN_MOTORSRL
  -------         PROC          _FUN_SZ
  X:0365H         SYMBOL        par_model
  C:5F69H         LINE#         330
  C:5F6EH         LINE#         331
  C:5F75H         LINE#         333
  C:5F7CH         LINE#         337
  C:5F83H         LINE#         338
  C:5F88H         LINE#         341
  C:5F88H         LINE#         345
  C:5F8FH         LINE#         346
  C:5F92H         LINE#         348
  C:5F92H         LINE#         349
  C:5F9BH         LINE#         350
  C:5FA2H         LINE#         351
  C:5FAAH         LINE#         352
  -------         ENDPROC       _FUN_SZ
  -------         PROC          _FUN_PY
  X:0366H         SYMBOL        par_model
  C:56AAH         LINE#         353
  C:56AFH         LINE#         354
  C:56B9H         LINE#         356
  C:56D7H         LINE#         357
  C:56D7H         LINE#         361
  C:56DEH         LINE#         362
  C:56E1H         LINE#         363
  C:56E1H         LINE#         365
  C:56E4H         LINE#         366
  C:56E4H         LINE#         370
  C:56F9H         LINE#         371
  C:56F9H         LINE#         372
  C:5700H         LINE#         373
  C:5703H         LINE#         374
  C:5706H         LINE#         375
  C:5706H         LINE#         376
  C:570DH         LINE#         377
  C:5710H         LINE#         378
  C:5713H         LINE#         379
  C:5713H         LINE#         380
  C:571AH         LINE#         381
  C:571DH         LINE#         382
  C:5720H         LINE#         383
  C:5720H         LINE#         384
  C:5727H         LINE#         385
  C:572AH         LINE#         386
  C:572DH         LINE#         387
  C:572DH         LINE#         389
BL51 BANKED LINKER/LOCATER V6.22                                                      10/28/2015  07:58:43  PAGE 15


  C:572DH         LINE#         390
  C:572DH         LINE#         394
  C:5743H         LINE#         395
  C:5743H         LINE#         396
  C:574AH         LINE#         397
  C:574DH         LINE#         398
  C:574FH         LINE#         399
  C:574FH         LINE#         400
  C:5756H         LINE#         401
  C:5759H         LINE#         402
  C:575BH         LINE#         403
  C:575BH         LINE#         404
  C:5762H         LINE#         405
  C:5765H         LINE#         406
  C:5767H         LINE#         407
  C:5767H         LINE#         408
  C:576EH         LINE#         409
  C:5771H         LINE#         410
  C:5773H         LINE#         411
  C:5773H         LINE#         413
  C:5773H         LINE#         414
  C:5773H         LINE#         418
  C:5786H         LINE#         419
  C:5786H         LINE#         420
  C:578DH         LINE#         421
  C:5790H         LINE#         422
  C:5792H         LINE#         423
  C:5792H         LINE#         424
  C:5799H         LINE#         425
  C:579CH         LINE#         426
  C:579EH         LINE#         427
  C:579EH         LINE#         428
  C:57A5H         LINE#         429
  C:57A8H         LINE#         430
  C:57AAH         LINE#         431
  C:57AAH         LINE#         432
  C:57B1H         LINE#         433
  C:57B9H         LINE#         434
  C:57BBH         LINE#         435
  C:57BBH         LINE#         437
  C:57BBH         LINE#         438
  C:57BBH         LINE#         442
  C:57C2H         LINE#         443
  C:57C5H         LINE#         444
  C:57D1H         LINE#         446
  C:57D1H         LINE#         447
  C:57D1H         LINE#         448
  C:57D1H         LINE#         449
  C:57D1H         LINE#         450
  C:57D8H         LINE#         451
  C:57E0H         LINE#         452
  -------         ENDPROC       _FUN_PY
  -------         PROC          _FUN_SJ
  X:0367H         SYMBOL        par_model
  C:5409H         LINE#         453
  C:540EH         LINE#         454
  C:5418H         LINE#         456
BL51 BANKED LINKER/LOCATER V6.22                                                      10/28/2015  07:58:43  PAGE 16


  C:541AH         LINE#         457
  C:5451H         LINE#         458
  C:5451H         LINE#         462
  C:5458H         LINE#         463
  C:545AH         LINE#         464
  C:545DH         LINE#         465
  C:545DH         LINE#         467
  C:5460H         LINE#         468
  C:5460H         LINE#         472
  C:546DH         LINE#         473
  C:546FH         LINE#         474
  C:546FH         LINE#         475
  C:5472H         LINE#         476
  C:5472H         LINE#         477
  C:5477H         LINE#         478
  C:5479H         LINE#         479
  C:5479H         LINE#         480
  C:5479H         LINE#         482
  C:547CH         LINE#         483
  C:547CH         LINE#         487
  C:5494H         LINE#         488
  C:5496H         LINE#         489
  C:5499H         LINE#         490
  C:5499H         LINE#         492
  C:549CH         LINE#         493
  C:549CH         LINE#         497
  C:54A9H         LINE#         498
  C:54AEH         LINE#         499
  C:54B0H         LINE#         500
  C:54B0H         LINE#         501
  C:54B2H         LINE#         502
  C:54B2H         LINE#         503
  C:54B7H         LINE#         504
  C:54B9H         LINE#         505
  C:54B9H         LINE#         506
  C:54B9H         LINE#         508
  C:54BBH         LINE#         509
  C:54BBH         LINE#         513
  C:54D3H         LINE#         514
  C:54D5H         LINE#         515
  C:54D8H         LINE#         516
  C:54D8H         LINE#         518
  C:54DAH         LINE#         519
  C:54DAH         LINE#         523
  C:54E7H         LINE#         524
  C:54ECH         LINE#         525
  C:54EEH         LINE#         526
  C:54EEH         LINE#         527
  C:54F0H         LINE#         528
  C:54F0H         LINE#         529
  C:54F5H         LINE#         530
  C:54F7H         LINE#         531
  C:54F7H         LINE#         532
  C:54F7H         LINE#         534
  C:54F9H         LINE#         535
  C:54F9H         LINE#         539
  C:5511H         LINE#         540
BL51 BANKED LINKER/LOCATER V6.22                                                      10/28/2015  07:58:43  PAGE 17


  C:5513H         LINE#         541
  C:5516H         LINE#         542
  C:5516H         LINE#         544
  C:5518H         LINE#         545
  C:5518H         LINE#         549
  C:5525H         LINE#         550
  C:552AH         LINE#         551
  C:552CH         LINE#         552
  C:552CH         LINE#         553
  C:552EH         LINE#         554
  C:552EH         LINE#         555
  C:5535H         LINE#         556
  C:5538H         LINE#         557
  C:5538H         LINE#         559
  C:553AH         LINE#         560
  C:553AH         LINE#         564
  C:5541H         LINE#         565
  C:5543H         LINE#         566
  C:5546H         LINE#         567
  C:5553H         LINE#         569
  C:5553H         LINE#         570
  C:5553H         LINE#         571
  C:5553H         LINE#         572
  C:5553H         LINE#         573
  C:555AH         LINE#         574
  C:5562H         LINE#         575
  -------         ENDPROC       _FUN_SJ
  -------         PROC          _FUN_HZ
  X:0368H         SYMBOL        par_model
  C:52ABH         LINE#         576
  C:52B0H         LINE#         577
  C:52BBH         LINE#         579
  C:52BDH         LINE#         580
  C:52D8H         LINE#         581
  C:52D8H         LINE#         585
  C:52E7H         LINE#         586
  C:52E7H         LINE#         587
  C:52EEH         LINE#         588
  C:52F1H         LINE#         589
  C:52F4H         LINE#         590
  C:52F7H         LINE#         591
  C:52FAH         LINE#         592
  C:52FAH         LINE#         593
  C:52FDH         LINE#         594
  C:52FDH         LINE#         595
  C:5304H         LINE#         596
  C:5307H         LINE#         597
  C:530AH         LINE#         598
  C:530AH         LINE#         599
  C:530DH         LINE#         600
  C:530DH         LINE#         601
  C:5314H         LINE#         602
  C:5317H         LINE#         603
  C:531AH         LINE#         604
  C:531AH         LINE#         605
  C:531DH         LINE#         606
  C:531DH         LINE#         607
BL51 BANKED LINKER/LOCATER V6.22                                                      10/28/2015  07:58:43  PAGE 18


  C:531DH         LINE#         608
  C:531DH         LINE#         610
  C:531DH         LINE#         611
  C:531DH         LINE#         615
  C:532FH         LINE#         616
  C:532FH         LINE#         617
  C:5336H         LINE#         618
  C:5339H         LINE#         619
  C:533CH         LINE#         620
  C:533FH         LINE#         621
  C:5342H         LINE#         622
  C:5342H         LINE#         623
  C:5345H         LINE#         624
  C:5345H         LINE#         625
  C:534CH         LINE#         626
  C:534FH         LINE#         627
  C:5352H         LINE#         628
  C:5352H         LINE#         629
  C:5355H         LINE#         630
  C:5355H         LINE#         631
  C:535CH         LINE#         632
  C:535FH         LINE#         633
  C:5362H         LINE#         634
  C:5362H         LINE#         635
  C:5365H         LINE#         636
  C:5365H         LINE#         637
  C:5365H         LINE#         638
  C:5365H         LINE#         640
  C:5365H         LINE#         641
  C:5365H         LINE#         645
  C:5378H         LINE#         646
  C:5378H         LINE#         647
  C:537FH         LINE#         648
  C:5382H         LINE#         649
  C:5385H         LINE#         650
  C:5385H         LINE#         651
  C:5388H         LINE#         652
  C:5388H         LINE#         653
  C:538FH         LINE#         654
  C:5392H         LINE#         655
  C:5395H         LINE#         656
  C:5395H         LINE#         657
  C:5397H         LINE#         658
  C:5397H         LINE#         659
  C:539EH         LINE#         660
  C:53A1H         LINE#         661
  C:53A4H         LINE#         662
  C:53A7H         LINE#         663
  C:53AAH         LINE#         664
  C:53AAH         LINE#         665
  C:53ACH         LINE#         666
  C:53ACH         LINE#         667
  C:53ACH         LINE#         668
  C:53ACH         LINE#         670
  C:53ACH         LINE#         671
  C:53ACH         LINE#         675
  C:53BBH         LINE#         676
BL51 BANKED LINKER/LOCATER V6.22                                                      10/28/2015  07:58:43  PAGE 19


  C:53BBH         LINE#         677
  C:53C2H         LINE#         678
  C:53C5H         LINE#         679
  C:53C8H         LINE#         680
  C:53C8H         LINE#         681
  C:53CAH         LINE#         682
  C:53CAH         LINE#         683
  C:53D1H         LINE#         684
  C:53D4H         LINE#         685
  C:53D7H         LINE#         686
  C:53D7H         LINE#         687
  C:53D9H         LINE#         688
  C:53D9H         LINE#         689
  C:53E0H         LINE#         690
  C:53E3H         LINE#         691
  C:53E6H         LINE#         692
  C:53E9H         LINE#         693
  C:53ECH         LINE#         694
  C:53F9H         LINE#         695
  C:53F9H         LINE#         696
  C:53F9H         LINE#         697
  C:53F9H         LINE#         698
  C:53F9H         LINE#         700
  C:53F9H         LINE#         701
  C:53F9H         LINE#         702
  C:53F9H         LINE#         703
  C:53F9H         LINE#         704
  C:5400H         LINE#         705
  C:5408H         LINE#         706
  -------         ENDPROC       _FUN_HZ
  C:5563H         SYMBOL        L?1359
  -------         PROC          L?1358
  -------         ENDPROC       L?1358
  C:5563H         SYMBOL        L?1359
  -------         PROC          _FUN_PYHZ
  X:0361H         SYMBOL        par_pymodel
  X:0362H         SYMBOL        par_hzmodel
  C:5567H         LINE#         707
  C:556FH         LINE#         708
  C:557DH         LINE#         709
  C:557DH         LINE#         710
  C:558CH         LINE#         711
  C:558CH         LINE#         712
  C:558CH         LINE#         713
  C:558EH         LINE#         714
  C:558EH         LINE#         715
  C:558EH         LINE#         716
  C:5590H         LINE#         717
  C:5590H         LINE#         718
  C:5590H         LINE#         719
  C:5592H         LINE#         720
  C:5592H         LINE#         721
  C:5592H         LINE#         722
  C:5592H         LINE#         723
  C:5592H         LINE#         724
  C:5592H         LINE#         725
  C:55A0H         LINE#         726
BL51 BANKED LINKER/LOCATER V6.22                                                      10/28/2015  07:58:43  PAGE 20


  C:55A0H         LINE#         727
  C:55A0H         LINE#         728
  C:55A2H         LINE#         729
  C:55A2H         LINE#         730
  C:55A2H         LINE#         731
  C:55A4H         LINE#         732
  C:55A4H         LINE#         733
  C:55A4H         LINE#         734
  C:55A6H         LINE#         735
  C:55A6H         LINE#         736
  C:55A6H         LINE#         737
  C:55A6H         LINE#         738
  C:55A6H         LINE#         739
  C:55A6H         LINE#         740
  C:55B5H         LINE#         741
  C:55B5H         LINE#         742
  C:55B5H         LINE#         743
  C:55B7H         LINE#         744
  C:55B7H         LINE#         745
  C:55B7H         LINE#         746
  C:55B9H         LINE#         747
  C:55B9H         LINE#         748
  C:55B9H         LINE#         749
  C:55BBH         LINE#         750
  C:55BBH         LINE#         751
  C:55BBH         LINE#         752
  C:55BBH         LINE#         753
  C:55BBH         LINE#         754
  C:55BBH         LINE#         755
  C:55CAH         LINE#         756
  C:55CAH         LINE#         757
  C:55CCH         LINE#         758
  C:55CEH         LINE#         759
  C:55CEH         LINE#         760
  C:55D0H         LINE#         761
  C:55D2H         LINE#         762
  C:55D2H         LINE#         763
  C:55D9H         LINE#         764
  C:55D9H         LINE#         765
  C:55D9H         LINE#         766
  C:55D9H         LINE#         767
  C:55D9H         LINE#         768
  C:55D9H         LINE#         769
  C:55D9H         LINE#         770
  C:55D9H         LINE#         771
  C:55D9H         LINE#         772
  C:55E1H         LINE#         773
  C:55E3H         LINE#         774
  C:55E6H         LINE#         775
  C:55FBH         LINE#         776
  C:55FBH         LINE#         777
  C:560DH         LINE#         778
  C:560DH         LINE#         779
  C:5610H         LINE#         780
  C:5613H         LINE#         781
  C:5616H         LINE#         782
  C:5616H         LINE#         783
BL51 BANKED LINKER/LOCATER V6.22                                                      10/28/2015  07:58:43  PAGE 21


  C:5618H         LINE#         784
  C:5618H         LINE#         785
  C:561BH         LINE#         786
  C:561BH         LINE#         787
  C:561DH         LINE#         788
  C:561DH         LINE#         789
  C:5620H         LINE#         790
  C:5620H         LINE#         791
  C:5622H         LINE#         792
  C:5622H         LINE#         793
  C:5622H         LINE#         794
  C:5622H         LINE#         795
  C:5622H         LINE#         796
  C:5622H         LINE#         797
  C:5631H         LINE#         798
  C:5631H         LINE#         799
  C:5634H         LINE#         800
  C:5637H         LINE#         801
  C:563AH         LINE#         802
  C:563AH         LINE#         803
  C:563CH         LINE#         804
  C:563CH         LINE#         805
  C:563FH         LINE#         806
  C:563FH         LINE#         807
  C:5641H         LINE#         808
  C:5641H         LINE#         809
  C:5644H         LINE#         810
  C:5644H         LINE#         811
  C:5646H         LINE#         812
  C:5646H         LINE#         813
  C:5646H         LINE#         814
  C:5646H         LINE#         815
  C:5646H         LINE#         816
  C:5646H         LINE#         817
  C:5656H         LINE#         818
  C:5656H         LINE#         819
  C:5659H         LINE#         820
  C:5659H         LINE#         821
  C:565BH         LINE#         822
  C:565BH         LINE#         823
  C:565EH         LINE#         824
  C:565EH         LINE#         825
  C:5660H         LINE#         826
  C:5660H         LINE#         827
  C:5663H         LINE#         828
  C:5666H         LINE#         829
  C:5669H         LINE#         830
  C:5669H         LINE#         831
  C:566BH         LINE#         832
  C:566BH         LINE#         833
  C:566BH         LINE#         834
  C:566BH         LINE#         835
  C:566BH         LINE#         836
  C:566BH         LINE#         837
  C:567AH         LINE#         838
  C:567AH         LINE#         839
  C:567DH         LINE#         840
BL51 BANKED LINKER/LOCATER V6.22                                                      10/28/2015  07:58:43  PAGE 22


  C:567DH         LINE#         841
  C:567FH         LINE#         842
  C:567FH         LINE#         843
  C:5682H         LINE#         844
  C:5682H         LINE#         845
  C:5684H         LINE#         846
  C:5684H         LINE#         847
  C:5687H         LINE#         848
  C:568AH         LINE#         849
  C:568DH         LINE#         850
  C:569AH         LINE#         851
  C:569AH         LINE#         852
  C:569AH         LINE#         853
  C:569AH         LINE#         854
  C:569AH         LINE#         855
  C:569AH         LINE#         856
  C:569AH         LINE#         857
  C:569AH         LINE#         858
  C:569AH         LINE#         859
  C:56A1H         LINE#         860
  C:56A9H         LINE#         861
  -------         ENDPROC       _FUN_PYHZ
  -------         PROC          _FUN_SJHZ
  X:033FH         SYMBOL        par_sjmodel
  X:0340H         SYMBOL        par_hzmodel
  -------         DO            
  X:0341H         SYMBOL        loc_sjdelay
  X:0345H         SYMBOL        loc_hzdelay
  X:0349H         SYMBOL        loc_sjcgq
  X:034AH         SYMBOL        loc_hzcgq
  X:034BH         SYMBOL        loc_hzflag
  -------         ENDDO         
  C:40DDH         LINE#         862
  C:40E6H         LINE#         863
  C:40EEH         LINE#         864
  C:40F8H         LINE#         865
  C:40FDH         LINE#         866
  C:40FFH         LINE#         867
  C:4101H         LINE#         868
  C:410CH         LINE#         869
  C:411EH         LINE#         870
  C:411EH         LINE#         871
  C:412AH         LINE#         872
  C:412AH         LINE#         873
  C:412AH         LINE#         874
  C:412AH         LINE#         875
  C:412CH         LINE#         876
  C:412CH         LINE#         877
  C:412CH         LINE#         878
  C:412CH         LINE#         879
  C:412EH         LINE#         880
  C:412EH         LINE#         881
  C:412EH         LINE#         882
  C:412EH         LINE#         883
  C:4130H         LINE#         884
  C:4130H         LINE#         885
  C:4130H         LINE#         886
BL51 BANKED LINKER/LOCATER V6.22                                                      10/28/2015  07:58:43  PAGE 23


  C:4130H         LINE#         887
  C:4130H         LINE#         888
  C:4130H         LINE#         889
  C:413FH         LINE#         890
  C:413FH         LINE#         891
  C:413FH         LINE#         892
  C:413FH         LINE#         893
  C:4141H         LINE#         894
  C:4141H         LINE#         895
  C:4141H         LINE#         896
  C:4141H         LINE#         897
  C:4143H         LINE#         898
  C:4143H         LINE#         899
  C:4143H         LINE#         900
  C:4143H         LINE#         901
  C:4145H         LINE#         902
  C:4145H         LINE#         903
  C:4145H         LINE#         904
  C:4145H         LINE#         905
  C:4145H         LINE#         906
  C:4145H         LINE#         907
  C:4155H         LINE#         908
  C:4155H         LINE#         909
  C:4155H         LINE#         910
  C:4155H         LINE#         911
  C:4157H         LINE#         912
  C:4157H         LINE#         913
  C:4157H         LINE#         914
  C:4157H         LINE#         915
  C:4159H         LINE#         916
  C:4159H         LINE#         917
  C:415BH         LINE#         918
  C:415BH         LINE#         919
  C:415DH         LINE#         920
  C:415DH         LINE#         921
  C:415DH         LINE#         922
  C:415DH         LINE#         923
  C:415DH         LINE#         924
  C:415DH         LINE#         925
  C:416CH         LINE#         926
  C:416CH         LINE#         927
  C:416EH         LINE#         928
  C:416EH         LINE#         929
  C:4170H         LINE#         930
  C:4170H         LINE#         931
  C:4177H         LINE#         932
  C:417DH         LINE#         933
  C:417FH         LINE#         934
  C:417FH         LINE#         935
  C:4186H         LINE#         936
  C:418CH         LINE#         937
  C:418CH         LINE#         938
  C:418CH         LINE#         939
  C:418CH         LINE#         940
  C:418CH         LINE#         941
  C:418CH         LINE#         942
  C:418CH         LINE#         943
BL51 BANKED LINKER/LOCATER V6.22                                                      10/28/2015  07:58:43  PAGE 24


  C:418CH         LINE#         944
  C:418CH         LINE#         945
  C:41A4H         LINE#         946
  C:41A4H         LINE#         947
  C:41B1H         LINE#         948
  C:41C1H         LINE#         949
  C:41C4H         LINE#         950
  C:41C7H         LINE#         951
  C:41D6H         LINE#         952
  C:41E2H         LINE#         953
  C:4219H         LINE#         954
  C:4219H         LINE#         955
  C:421BH         LINE#         956
  C:4224H         LINE#         957
  C:422AH         LINE#         958
  C:422AH         LINE#         959
  C:422AH         LINE#         960
  C:422AH         LINE#         961
  C:422DH         LINE#         962
  C:422DH         LINE#         963
  C:422FH         LINE#         964
  C:4238H         LINE#         965
  C:4246H         LINE#         966
  C:4246H         LINE#         967
  C:4246H         LINE#         968
  C:4246H         LINE#         969
  C:4248H         LINE#         970
  C:4248H         LINE#         971
  C:424AH         LINE#         972
  C:4253H         LINE#         973
  C:4259H         LINE#         974
  C:4259H         LINE#         975
  C:4259H         LINE#         976
  C:4259H         LINE#         977
  C:425BH         LINE#         978
  C:425BH         LINE#         979
  C:425DH         LINE#         980
  C:4266H         LINE#         981
  C:426FH         LINE#         982
  C:426FH         LINE#         983
  C:426FH         LINE#         984
  C:426FH         LINE#         985
  C:4271H         LINE#         986
  C:4271H         LINE#         987
  C:4273H         LINE#         988
  C:427CH         LINE#         989
  C:4282H         LINE#         990
  C:4282H         LINE#         991
  C:4282H         LINE#         992
  C:4282H         LINE#         993
  C:4284H         LINE#         994
  C:4284H         LINE#         995
  C:4286H         LINE#         996
  C:428FH         LINE#         997
  C:4298H         LINE#         998
  C:4298H         LINE#         999
  C:4298H         LINE#         1000
BL51 BANKED LINKER/LOCATER V6.22                                                      10/28/2015  07:58:43  PAGE 25


  C:4298H         LINE#         1001
  C:429AH         LINE#         1002
  C:429AH         LINE#         1003
  C:429CH         LINE#         1004
  C:42A5H         LINE#         1005
  C:42ABH         LINE#         1006
  C:42ABH         LINE#         1007
  C:42ABH         LINE#         1008
  C:42ABH         LINE#         1009
  C:42ADH         LINE#         1010
  C:42ADH         LINE#         1011
  C:42AFH         LINE#         1012
  C:42B8H         LINE#         1013
  C:42C3H         LINE#         1014
  C:42C6H         LINE#         1015
  C:42C6H         LINE#         1016
  C:42C6H         LINE#         1017
  C:42C8H         LINE#         1018
  C:42C8H         LINE#         1019
  C:42CAH         LINE#         1020
  C:42D3H         LINE#         1021
  C:42D6H         LINE#         1022
  C:42F4H         LINE#         1023
  C:42FAH         LINE#         1024
  C:42FAH         LINE#         1025
  C:42FCH         LINE#         1026
  C:42FCH         LINE#         1027
  C:42FCH         LINE#         1028
  C:42FCH         LINE#         1029
  C:42FCH         LINE#         1030
  C:4300H         LINE#         1031
  C:431CH         LINE#         1032
  C:4323H         LINE#         1033
  C:4328H         LINE#         1034
  C:4330H         LINE#         1035
  C:4330H         LINE#         1036
  C:4330H         LINE#         1037
  C:434FH         LINE#         1038
  C:4355H         LINE#         1039
  C:4357H         LINE#         1040
  C:4360H         LINE#         1041
  C:4363H         LINE#         1042
  C:4367H         LINE#         1043
  C:436AH         LINE#         1044
  C:4375H         LINE#         1045
  C:437BH         LINE#         1046
  C:437EH         LINE#         1047
  C:437EH         LINE#         1048
  C:4381H         LINE#         1049
  C:4381H         LINE#         1050
  C:4388H         LINE#         1051
  C:4392H         LINE#         1052
  C:439AH         LINE#         1053
  C:439AH         LINE#         1054
  C:439AH         LINE#         1055
  C:439DH         LINE#         1056
  -------         ENDPROC       _FUN_SJHZ
BL51 BANKED LINKER/LOCATER V6.22                                                      10/28/2015  07:58:43  PAGE 26


  -------         PROC          _FUN_PYSJHZ
  X:0331H         SYMBOL        par_pymodel
  X:0332H         SYMBOL        par_sjmodel
  X:0333H         SYMBOL        par_hzmodel
  -------         DO            
  X:0334H         SYMBOL        loc_sjdelay
  X:0338H         SYMBOL        loc_hzdelay
  X:033CH         SYMBOL        loc_sjcgq
  X:033DH         SYMBOL        loc_hzcgq
  X:033EH         SYMBOL        loc_hzflag
  B:0022H.0       SYMBOL        loc_pyflag
  -------         ENDDO         
  C:39C9H         LINE#         1057
  C:39D4H         LINE#         1058
  C:39DCH         LINE#         1059
  C:39E6H         LINE#         1060
  C:39EBH         LINE#         1061
  C:39EDH         LINE#         1062
  C:39EFH         LINE#         1063
  C:39F1H         LINE#         1064
  C:39FCH         LINE#         1065
  C:3A0EH         LINE#         1066
  C:3A0EH         LINE#         1067
  C:3A1AH         LINE#         1068
  C:3A1AH         LINE#         1069
  C:3A1AH         LINE#         1070
  C:3A1AH         LINE#         1071
  C:3A1CH         LINE#         1072
  C:3A1CH         LINE#         1073
  C:3A1CH         LINE#         1074
  C:3A1CH         LINE#         1075
  C:3A1EH         LINE#         1076
  C:3A1EH         LINE#         1077
  C:3A1EH         LINE#         1078
  C:3A1EH         LINE#         1079
  C:3A20H         LINE#         1080
  C:3A20H         LINE#         1081
  C:3A20H         LINE#         1082
  C:3A20H         LINE#         1083
  C:3A20H         LINE#         1084
  C:3A20H         LINE#         1085
  C:3A2FH         LINE#         1086
  C:3A2FH         LINE#         1087
  C:3A2FH         LINE#         1088
  C:3A2FH         LINE#         1089
  C:3A31H         LINE#         1090
  C:3A31H         LINE#         1091
  C:3A31H         LINE#         1092
  C:3A31H         LINE#         1093
  C:3A33H         LINE#         1094
  C:3A33H         LINE#         1095
  C:3A33H         LINE#         1096
  C:3A33H         LINE#         1097
  C:3A35H         LINE#         1098
  C:3A35H         LINE#         1099
  C:3A35H         LINE#         1100
  C:3A35H         LINE#         1101
BL51 BANKED LINKER/LOCATER V6.22                                                      10/28/2015  07:58:43  PAGE 27


  C:3A35H         LINE#         1102
  C:3A35H         LINE#         1103
  C:3A45H         LINE#         1104
  C:3A45H         LINE#         1105
  C:3A45H         LINE#         1106
  C:3A45H         LINE#         1107
  C:3A47H         LINE#         1108
  C:3A47H         LINE#         1109
  C:3A47H         LINE#         1110
  C:3A47H         LINE#         1111
  C:3A49H         LINE#         1112
  C:3A49H         LINE#         1113
  C:3A4BH         LINE#         1114
  C:3A4BH         LINE#         1115
  C:3A4DH         LINE#         1116
  C:3A4DH         LINE#         1117
  C:3A4DH         LINE#         1118
  C:3A4DH         LINE#         1119
  C:3A4DH         LINE#         1120
  C:3A4DH         LINE#         1121
  C:3A5CH         LINE#         1122
  C:3A5CH         LINE#         1123
  C:3A5EH         LINE#         1124
  C:3A5EH         LINE#         1125
  C:3A60H         LINE#         1126
  C:3A60H         LINE#         1127
  C:3A67H         LINE#         1128
  C:3A6DH         LINE#         1129
  C:3A6FH         LINE#         1130
  C:3A6FH         LINE#         1131
  C:3A76H         LINE#         1132
  C:3A7CH         LINE#         1133
  C:3A7CH         LINE#         1134
  C:3A7CH         LINE#         1135
  C:3A7CH         LINE#         1136
  C:3A7CH         LINE#         1137
  C:3A7CH         LINE#         1138
  C:3A7CH         LINE#         1139
  C:3A7CH         LINE#         1140
  C:3A7CH         LINE#         1141
  C:3A94H         LINE#         1142
  C:3A94H         LINE#         1143
  C:3AA1H         LINE#         1144
  C:3AB1H         LINE#         1145
  C:3AB4H         LINE#         1146
  C:3AB7H         LINE#         1147
  C:3ACCH         LINE#         1148
  C:3AF0H         LINE#         1149
  C:3AF0H         LINE#         1150
  C:3B27H         LINE#         1151
  C:3B27H         LINE#         1152
  C:3B29H         LINE#         1153
  C:3B32H         LINE#         1154
  C:3B38H         LINE#         1155
  C:3B38H         LINE#         1156
  C:3B38H         LINE#         1157
  C:3B38H         LINE#         1158
BL51 BANKED LINKER/LOCATER V6.22                                                      10/28/2015  07:58:43  PAGE 28


  C:3B3BH         LINE#         1159
  C:3B3BH         LINE#         1160
  C:3B3DH         LINE#         1161
  C:3B46H         LINE#         1162
  C:3B54H         LINE#         1163
  C:3B54H         LINE#         1164
  C:3B54H         LINE#         1165
  C:3B54H         LINE#         1166
  C:3B57H         LINE#         1167
  C:3B57H         LINE#         1168
  C:3B59H         LINE#         1169
  C:3B62H         LINE#         1170
  C:3B68H         LINE#         1171
  C:3B68H         LINE#         1172
  C:3B68H         LINE#         1173
  C:3B68H         LINE#         1174
  C:3B6BH         LINE#         1175
  C:3B6BH         LINE#         1176
  C:3B6DH         LINE#         1177
  C:3B76H         LINE#         1178
  C:3B7FH         LINE#         1179
  C:3B7FH         LINE#         1180
  C:3B7FH         LINE#         1181
  C:3B7FH         LINE#         1182
  C:3B81H         LINE#         1183
  C:3B81H         LINE#         1184
  C:3B83H         LINE#         1185
  C:3B8CH         LINE#         1186
  C:3B92H         LINE#         1187
  C:3B92H         LINE#         1188
  C:3B92H         LINE#         1189
  C:3B92H         LINE#         1190
  C:3B94H         LINE#         1191
  C:3B94H         LINE#         1192
  C:3B96H         LINE#         1193
  C:3B9FH         LINE#         1194
  C:3BA8H         LINE#         1195
  C:3BA8H         LINE#         1196
  C:3BA8H         LINE#         1197
  C:3BA8H         LINE#         1198
  C:3BAAH         LINE#         1199
  C:3BAAH         LINE#         1200
  C:3BACH         LINE#         1201
  C:3BB5H         LINE#         1202
  C:3BBBH         LINE#         1203
  C:3BBBH         LINE#         1204
  C:3BBBH         LINE#         1205
  C:3BBBH         LINE#         1206
  C:3BBDH         LINE#         1207
  C:3BBDH         LINE#         1208
  C:3BBFH         LINE#         1209
  C:3BC8H         LINE#         1210
  C:3BD6H         LINE#         1211
  C:3BD9H         LINE#         1212
  C:3BD9H         LINE#         1213
  C:3BD9H         LINE#         1214
  C:3BDBH         LINE#         1215
BL51 BANKED LINKER/LOCATER V6.22                                                      10/28/2015  07:58:43  PAGE 29


  C:3BDBH         LINE#         1216
  C:3BDDH         LINE#         1217
  C:3BE6H         LINE#         1218
  C:3BECH         LINE#         1219
  C:3C0AH         LINE#         1220
  C:3C10H         LINE#         1221
  C:3C10H         LINE#         1222
  C:3C13H         LINE#         1223
  C:3C13H         LINE#         1224
  C:3C13H         LINE#         1225
  C:3C13H         LINE#         1226
  C:3C13H         LINE#         1227
  C:3C13H         LINE#         1228
  C:3C32H         LINE#         1229
  C:3C39H         LINE#         1230
  C:3C3EH         LINE#         1231
  C:3C41H         LINE#         1232
  C:3C49H         LINE#         1233
  C:3C49H         LINE#         1234
  C:3C4CH         LINE#         1235
  C:3C4CH         LINE#         1236
  C:3C53H         LINE#         1237
  C:3C57H         LINE#         1238
  C:3C5EH         LINE#         1239
  C:3C65H         LINE#         1240
  C:3C6BH         LINE#         1241
  C:3C6EH         LINE#         1242
  C:3C6EH         LINE#         1243
  C:3C79H         LINE#         1244
  C:3C94H         LINE#         1245
  C:3C9AH         LINE#         1246
  C:3C9AH         LINE#         1247
  C:3CA2H         LINE#         1248
  C:3CBDH         LINE#         1249
  C:3CC3H         LINE#         1250
  C:3CC3H         LINE#         1251
  C:3CC5H         LINE#         1252
  C:3CC5H         LINE#         1253
  C:3CE1H         LINE#         1254
  C:3CE8H         LINE#         1255
  C:3CEDH         LINE#         1256
  C:3CF5H         LINE#         1257
  C:3CF5H         LINE#         1258
  C:3CF5H         LINE#         1259
  C:3CF5H         LINE#         1260
  C:3CF5H         LINE#         1261
  C:3CF5H         LINE#         1262
  C:3D14H         LINE#         1263
  C:3D1AH         LINE#         1264
  C:3D1CH         LINE#         1265
  C:3D25H         LINE#         1266
  C:3D28H         LINE#         1267
  C:3D2CH         LINE#         1268
  C:3D2FH         LINE#         1269
  C:3D3AH         LINE#         1270
  C:3D40H         LINE#         1271
  C:3D43H         LINE#         1272
BL51 BANKED LINKER/LOCATER V6.22                                                      10/28/2015  07:58:43  PAGE 30


  C:3D43H         LINE#         1273
  C:3D46H         LINE#         1274
  C:3D46H         LINE#         1275
  C:3D4DH         LINE#         1276
  C:3D57H         LINE#         1277
  C:3D5FH         LINE#         1278
  C:3D5FH         LINE#         1279
  C:3D5FH         LINE#         1280
  C:3D62H         LINE#         1281
  -------         ENDPROC       _FUN_PYSJHZ
  -------         PROC          FUN_JTJP
  C:5B34H         LINE#         1282
  C:5B34H         LINE#         1283
  C:5B34H         LINE#         1284
  C:5B52H         LINE#         1285
  C:5B5BH         LINE#         1286
  C:5B62H         LINE#         1288
  C:5B62H         LINE#         1289
  C:5B65H         LINE#         1290
  C:5B6CH         LINE#         1291
  C:5B6EH         LINE#         1292
  C:5B70H         LINE#         1293
  C:5B73H         LINE#         1294
  C:5B7AH         LINE#         1295
  C:5B81H         LINE#         1296
  C:5B81H         LINE#         1297
  C:5B87H         LINE#         1298
  C:5B8EH         LINE#         1299
  C:5B90H         LINE#         1300
  C:5B92H         LINE#         1301
  C:5B98H         LINE#         1302
  C:5B9FH         LINE#         1303
  C:5BA6H         LINE#         1304
  C:5BA6H         LINE#         1305
  C:5BACH         LINE#         1306
  C:5BB3H         LINE#         1307
  C:5BB5H         LINE#         1308
  C:5BB7H         LINE#         1309
  C:5BBDH         LINE#         1310
  C:5BC4H         LINE#         1311
  C:5BCBH         LINE#         1312
  C:5BCBH         LINE#         1313
  C:5BD4H         LINE#         1314
  -------         ENDPROC       FUN_JTJP
  -------         PROC          FUN_TIMERMOVE
  -------         DO            
  D:001BH         SYMBOL        loc_con
  D:0017H         SYMBOL        loc_sdl
  D:0019H         SYMBOL        loc_sdr
  -------         ENDDO         
  C:2FEFH         LINE#         1316
  C:2FEFH         LINE#         1319
  C:3014H         LINE#         1320
  C:3014H         LINE#         1321
  C:301CH         LINE#         1322
  C:3022H         LINE#         1323
  C:3031H         LINE#         1324
BL51 BANKED LINKER/LOCATER V6.22                                                      10/28/2015  07:58:43  PAGE 31


  C:303FH         LINE#         1325
  C:3040H         LINE#         1326
  C:3040H         LINE#         1327
  C:3056H         LINE#         1328
  C:306EH         LINE#         1329
  C:3074H         LINE#         1330
  C:307CH         LINE#         1331
  C:307FH         LINE#         1332
  C:3086H         LINE#         1333
  C:3089H         LINE#         1334
  C:309CH         LINE#         1335
  C:309CH         LINE#         1336
  C:309CH         LINE#         1338
  C:30ACH         LINE#         1339
  C:30B2H         LINE#         1340
  C:30CDH         LINE#         1341
  C:30E8H         LINE#         1342
  C:30E8H         LINE#         1343
  C:30EEH         LINE#         1344
  C:3109H         LINE#         1345
  C:3124H         LINE#         1346
  C:3124H         LINE#         1347
  C:312AH         LINE#         1348
  C:314AH         LINE#         1349
  C:316AH         LINE#         1350
  C:316AH         LINE#         1351
  C:3170H         LINE#         1352
  C:3190H         LINE#         1353
  C:31B0H         LINE#         1354
  C:31B0H         LINE#         1355
  C:31B6H         LINE#         1356
  C:31D6H         LINE#         1357
  C:31F6H         LINE#         1358
  C:31F6H         LINE#         1359
  C:31FFH         LINE#         1360
  C:321FH         LINE#         1361
  C:323FH         LINE#         1362
  C:323FH         LINE#         1363
  C:323FH         LINE#         1364
  C:323FH         LINE#         1365
  C:323FH         LINE#         1366
  C:3242H         LINE#         1367
  C:3242H         LINE#         1368
  C:324CH         LINE#         1369
  C:3251H         LINE#         1370
  C:3251H         LINE#         1371
  C:3254H         LINE#         1372
  C:3254H         LINE#         1373
  C:3269H         LINE#         1374
  C:3269H         LINE#         1375
  C:328CH         LINE#         1376
  C:328CH         LINE#         1377
  C:329AH         LINE#         1378
  C:32A9H         LINE#         1379
  C:32A9H         LINE#         1380
  C:32ABH         LINE#         1381
  C:32ABH         LINE#         1382
BL51 BANKED LINKER/LOCATER V6.22                                                      10/28/2015  07:58:43  PAGE 32


  C:32AEH         LINE#         1383
  C:32BCH         LINE#         1384
  C:32BFH         LINE#         1385
  C:32C1H         LINE#         1386
  C:32C1H         LINE#         1387
  C:32CFH         LINE#         1388
  C:32E4H         LINE#         1389
  C:32E7H         LINE#         1390
  C:32E9H         LINE#         1391
  C:32E9H         LINE#         1392
  C:32ECH         LINE#         1393
  C:32FAH         LINE#         1394
  C:3318H         LINE#         1395
  C:3318H         LINE#         1396
  C:3318H         LINE#         1397
  C:331AH         LINE#         1398
  C:331BH         LINE#         1399
  C:331BH         LINE#         1400
  C:333AH         LINE#         1401
  C:333CH         LINE#         1402
  C:333DH         LINE#         1403
  C:333DH         LINE#         1404
  C:3346H         LINE#         1405
  C:3346H         LINE#         1406
  C:3346H         LINE#         1407
  C:3346H         LINE#         1408
  C:3346H         LINE#         1409
  C:3346H         LINE#         1410
  C:3348H         LINE#         1411
  C:3348H         LINE#         1412
  C:3348H         LINE#         1413
  C:3348H         LINE#         1414
  C:3353H         LINE#         1415
  C:3353H         LINE#         1416
  C:338CH         LINE#         1417
  C:338EH         LINE#         1418
  C:338FH         LINE#         1419
  C:338FH         LINE#         1420
  C:33ABH         LINE#         1421
  C:33B3H         LINE#         1422
  C:33BDH         LINE#         1423
  C:33C7H         LINE#         1424
  C:33CAH         LINE#         1425
  C:33CBH         LINE#         1426
  C:33CBH         LINE#         1427
  C:33DBH         LINE#         1428
  C:33E1H         LINE#         1429
  C:33FAH         LINE#         1430
  C:3414H         LINE#         1431
  C:3414H         LINE#         1432
  C:341AH         LINE#         1433
  C:3434H         LINE#         1434
  C:344DH         LINE#         1435
  C:344DH         LINE#         1436
  C:3453H         LINE#         1437
  C:346DH         LINE#         1438
  C:3487H         LINE#         1439
BL51 BANKED LINKER/LOCATER V6.22                                                      10/28/2015  07:58:43  PAGE 33


  C:3487H         LINE#         1440
  C:348DH         LINE#         1441
  C:34A7H         LINE#         1442
  C:34C1H         LINE#         1443
  C:34C1H         LINE#         1444
  C:34C7H         LINE#         1445
  C:34E0H         LINE#         1446
  C:34FAH         LINE#         1447
  C:34FAH         LINE#         1448
  C:3500H         LINE#         1449
  C:351AH         LINE#         1450
  C:3533H         LINE#         1451
  C:3533H         LINE#         1452
  C:353CH         LINE#         1453
  C:3545H         LINE#         1454
  C:3545H         LINE#         1455
  C:3545H         LINE#         1456
  C:3545H         LINE#         1457
  C:3545H         LINE#         1458
  C:3545H         LINE#         1459
  C:3545H         LINE#         1460
  C:3545H         LINE#         1461
  -------         ENDPROC       FUN_TIMERMOVE
  -------         PROC          _FUN_FLSETTING
  X:02D7H         SYMBOL        par_gospeed
  X:02D8H         SYMBOL        par_turnspeed
  X:02D9H         SYMBOL        par_cachespeed
  -------         DO            
  X:02DAH         SYMBOL        ellipsis_40
  X:0302H         SYMBOL        loc_argp
  D:0007H         SYMBOL        loc_step
  D:0006H         SYMBOL        loc_con
  -------         ENDDO         
  C:5D7BH         LINE#         1462
  C:5D86H         LINE#         1464
  C:5D88H         LINE#         1466
  C:5D94H         LINE#         1467
  C:5D96H         LINE#         1468
  C:5D9BH         LINE#         1469
  C:5DAAH         LINE#         1470
  C:5DBEH         LINE#         1471
  C:5DC0H         LINE#         1472
  C:5DCDH         LINE#         1475
  C:5DD3H         LINE#         1476
  C:5DE1H         LINE#         1477
  C:5DE9H         LINE#         1478
  C:5DF1H         LINE#         1479
  C:5DF9H         LINE#         1480
  C:5DFDH         LINE#         1481
  -------         ENDPROC       _FUN_FLSETTING
  -------         PROC          _FUN_FOLLINE
  D:0007H         SYMBOL        par_con
  X:0355H         SYMBOL        par_speed
  -------         DO            
  X:0356H         SYMBOL        loc_con
  X:0357H         SYMBOL        loc_sdr
  X:0358H         SYMBOL        loc_sdl
BL51 BANKED LINKER/LOCATER V6.22                                                      10/28/2015  07:58:43  PAGE 34


  X:0359H         SYMBOL        loc_online
  -------         ENDDO         
  C:4DD4H         LINE#         1482
  C:4DD9H         LINE#         1483
  C:4DDCH         LINE#         1486
  C:4DE5H         LINE#         1487
  C:4DFDH         LINE#         1488
  C:4E03H         LINE#         1489
  C:4E0DH         LINE#         1490
  C:4E0FH         LINE#         1491
  C:4E16H         LINE#         1492
  C:4E19H         LINE#         1493
  C:4E1FH         LINE#         1494
  C:4E21H         LINE#         1495
  C:4E21H         LINE#         1497
  C:4E2DH         LINE#         1498
  C:4E33H         LINE#         1499
  C:4E3FH         LINE#         1500
  C:4E57H         LINE#         1501
  C:4E57H         LINE#         1502
  C:4E5DH         LINE#         1503
  C:4E75H         LINE#         1504
  C:4E83H         LINE#         1505
  C:4E83H         LINE#         1506
  C:4E89H         LINE#         1507
  C:4E9BH         LINE#         1508
  C:4EB9H         LINE#         1509
  C:4EB9H         LINE#         1510
  C:4EBFH         LINE#         1511
  C:4EDDH         LINE#         1512
  C:4EEFH         LINE#         1513
  C:4EEFH         LINE#         1514
  C:4EF5H         LINE#         1515
  C:4F07H         LINE#         1516
  C:4F25H         LINE#         1517
  C:4F25H         LINE#         1518
  C:4F2BH         LINE#         1519
  C:4F49H         LINE#         1520
  C:4F5BH         LINE#         1521
  C:4F5BH         LINE#         1522
  C:4F65H         LINE#         1523
  C:4F6FH         LINE#         1524
  C:4F74H         LINE#         1525
  C:4F74H         LINE#         1526
  C:4F77H         LINE#         1527
  -------         ENDPROC       _FUN_FOLLINE
  -------         PROC          _FUN_TURN
  D:0007H         SYMBOL        par_model
  X:0369H         SYMBOL        par_speed
  C:5DFEH         LINE#         1529
  C:5E03H         LINE#         1530
  C:5E13H         LINE#         1531
  C:5E13H         LINE#         1532
  C:5E1DH         LINE#         1533
  C:5E23H         LINE#         1534
  C:5E23H         LINE#         1535
  C:5E25H         LINE#         1536
BL51 BANKED LINKER/LOCATER V6.22                                                      10/28/2015  07:58:43  PAGE 35


  C:5E25H         LINE#         1537
  C:5E28H         LINE#         1538
  C:5E32H         LINE#         1539
  C:5E35H         LINE#         1540
  C:5E37H         LINE#         1541
  C:5E37H         LINE#         1542
  C:5E41H         LINE#         1543
  C:5E4DH         LINE#         1544
  C:5E50H         LINE#         1545
  C:5E52H         LINE#         1546
  C:5E52H         LINE#         1547
  C:5E55H         LINE#         1548
  C:5E5FH         LINE#         1549
  C:5E6CH         LINE#         1550
  C:5E6CH         LINE#         1551
  C:5E6CH         LINE#         1552
  C:5E72H         LINE#         1553
  -------         ENDPROC       _FUN_TURN
  -------         PROC          _FUN_QC
  D:0007H         SYMBOL        par_time
  X:035EH         SYMBOL        par_speed
[...]
  C:525FH         LINE#         2686
  C:525FH         LINE#         2687
  C:525FH         LINE#         2688
  C:525FH         LINE#         2689
  C:525FH         LINE#         2690
  C:5267H         LINE#         2691
  C:5279H         LINE#         2692
  C:5279H         LINE#         2693
  C:5279H         LINE#         2694
  C:527BH         LINE#         2695
  C:527BH         LINE#         2696
  C:527DH         LINE#         2697
  C:527FH         LINE#         2698
  C:527FH         LINE#         2699
  C:5281H         LINE#         2700
  C:5283H         LINE#         2701
  C:5283H         LINE#         2702
  C:5285H         LINE#         2703
  C:5287H         LINE#         2704
  C:5287H         LINE#         2705
  C:5289H         LINE#         2706
  C:528BH         LINE#         2707
  C:528BH         LINE#         2708
  C:5296H         LINE#         2709
  C:529AH         LINE#         2710
  C:52A5H         LINE#         2711
  C:52AAH         LINE#         2712
  C:52AAH         LINE#         2713
  C:52AAH         LINE#         2714
  C:52AAH         LINE#         2715
  -------         ENDPROC       _FUN_ZJZT
  -------         PROC          _FUN_NAJIAN
  X:034CH         SYMBOL        par_now
  X:034DH         SYMBOL        par_next
  X:034EH         SYMBOL        par_high
  X:0351H         SYMBOL        par_data
  -------         DO            
  X:0354H         SYMBOL        loc_high
  -------         ENDDO         
  C:10EEH         LINE#         2716
  C:10FFH         LINE#         2721
  C:114DH         LINE#         2723
  C:1162H         LINE#         2724
  C:116AH         LINE#         2725
  C:1192H         LINE#         2726
  C:119DH         LINE#         2727
  C:119DH         LINE#         2728
  C:119FH         LINE#         2729
BL51 BANKED LINKER/LOCATER V6.22                                                      10/28/2015  07:58:43  PAGE 56


  C:11BAH         LINE#         2730
  C:11C2H         LINE#         2731
  C:11F3H         LINE#         2732
  C:11FBH         LINE#         2733
  C:1255H         LINE#         2734
  C:1255H         LINE#         2736
  C:125FH         LINE#         2738
  C:127CH         LINE#         2740
  C:1281H         LINE#         2742
  C:12ADH         LINE#         2743
  C:12ADH         LINE#         2744
  C:12DEH         LINE#         2745
  C:12DEH         LINE#         2746
  C:12F4H         LINE#         2747
  C:12F7H         LINE#         2748
  C:12F7H         LINE#         2749
  C:12F7H         LINE#         2750
  C:12F9H         LINE#         2751
  C:12F9H         LINE#         2752
  C:1321H         LINE#         2753
  C:1324H         LINE#         2754
  C:1324H         LINE#         2755
  C:134CH         LINE#         2756
  C:134FH         LINE#         2757
  C:134FH         LINE#         2758
  C:134FH         LINE#         2759
  C:1351H         LINE#         2760
  C:1351H         LINE#         2761
  C:1379H         LINE#         2762
  C:137CH         LINE#         2763
  C:137CH         LINE#         2764
  C:13A4H         LINE#         2765
  C:13A7H         LINE#         2766
  C:13A7H         LINE#         2767
  C:13A7H         LINE#         2768
  C:13A7H         LINE#         2769
  C:13A7H         LINE#         2770
  C:13A7H         LINE#         2771
  C:13D3H         LINE#         2772
  C:13D3H         LINE#         2773
  C:13FAH         LINE#         2774
  C:13FDH         LINE#         2775
  C:13FDH         LINE#         2776
  C:1428H         LINE#         2777
  C:142BH         LINE#         2778
  C:142BH         LINE#         2779
  C:1453H         LINE#         2780
  C:1456H         LINE#         2781
  C:1456H         LINE#         2782
  C:147EH         LINE#         2783
  C:1481H         LINE#         2784
  C:1481H         LINE#         2785
  C:14ACH         LINE#         2786
  C:14AFH         LINE#         2787
  C:14AFH         LINE#         2788
  C:14DAH         LINE#         2789
  C:14DDH         LINE#         2790
BL51 BANKED LINKER/LOCATER V6.22                                                      10/28/2015  07:58:43  PAGE 57


  C:14DDH         LINE#         2791
  C:1505H         LINE#         2792
  C:1508H         LINE#         2793
  C:1508H         LINE#         2794
  C:1508H         LINE#         2795
  C:1508H         LINE#         2796
  C:1508H         LINE#         2797
  C:1508H         LINE#         2798
  C:1534H         LINE#         2799
  C:1534H         LINE#         2800
  C:1534H         LINE#         2801
  C:1537H         LINE#         2802
  C:1537H         LINE#         2803
  C:1562H         LINE#         2804
  C:1565H         LINE#         2805
  C:1565H         LINE#         2806
  C:1590H         LINE#         2807
  C:1593H         LINE#         2808
  C:1593H         LINE#         2809
  C:15BBH         LINE#         2810
  C:15BEH         LINE#         2811
  C:15BEH         LINE#         2812
  C:15E9H         LINE#         2813
  C:15ECH         LINE#         2814
  C:15ECH         LINE#         2815
  C:1617H         LINE#         2816
  C:161AH         LINE#         2817
  C:161AH         LINE#         2818
  C:1642H         LINE#         2819
  C:1645H         LINE#         2820
  C:1645H         LINE#         2821
  C:1645H         LINE#         2822
  C:1645H         LINE#         2823
  C:1645H         LINE#         2824
  C:1645H         LINE#         2825
  C:1671H         LINE#         2826
  C:1671H         LINE#         2827
  C:1699H         LINE#         2828
  C:169CH         LINE#         2829
  C:169CH         LINE#         2830
  C:16C4H         LINE#         2831
  C:16C7H         LINE#         2832
  C:16C7H         LINE#         2833
  C:16F2H         LINE#         2834
  C:16F5H         LINE#         2835
  C:16F5H         LINE#         2836
  C:1727H         LINE#         2837
  C:172AH         LINE#         2838
  C:172AH         LINE#         2839
  C:1752H         LINE#         2840
  C:1755H         LINE#         2841
  C:1755H         LINE#         2842
  C:177DH         LINE#         2843
  C:1780H         LINE#         2844
  C:1780H         LINE#         2845
  C:17B2H         LINE#         2846
  C:17B5H         LINE#         2847
BL51 BANKED LINKER/LOCATER V6.22                                                      10/28/2015  07:58:43  PAGE 58


  C:17B5H         LINE#         2848
  C:17B5H         LINE#         2849
  C:17B5H         LINE#         2850
  C:17B5H         LINE#         2851
  C:17B5H         LINE#         2852
  C:17E1H         LINE#         2853
  C:17E1H         LINE#         2854
  C:1809H         LINE#         2855
  C:180CH         LINE#         2856
  C:180CH         LINE#         2857
  C:1834H         LINE#         2858
  C:1837H         LINE#         2859
  C:1837H         LINE#         2860
  C:185FH         LINE#         2861
  C:1862H         LINE#         2862
  C:1862H         LINE#         2863
  C:1894H         LINE#         2864
  C:1897H         LINE#         2865
  C:1897H         LINE#         2866
  C:18C2H         LINE#         2867
  C:18C5H         LINE#         2868
  C:18C5H         LINE#         2869
  C:18EDH         LINE#         2870
  C:18F0H         LINE#         2871
  C:18F0H         LINE#         2872
  C:1922H         LINE#         2873
  C:1925H         LINE#         2874
  C:1925H         LINE#         2875
  C:1925H         LINE#         2876
  C:1925H         LINE#         2877
  C:1925H         LINE#         2878
  C:1925H         LINE#         2879
  C:1951H         LINE#         2880
  C:1951H         LINE#         2881
  C:1951H         LINE#         2882
  C:1954H         LINE#         2883
  C:1954H         LINE#         2884
  C:197FH         LINE#         2885
  C:1982H         LINE#         2886
  C:1982H         LINE#         2887
  C:19ADH         LINE#         2888
  C:19B0H         LINE#         2889
  C:19B0H         LINE#         2890
  C:19D8H         LINE#         2891
  C:19DBH         LINE#         2892
  C:19DBH         LINE#         2893
  C:1A06H         LINE#         2894
  C:1A09H         LINE#         2895
  C:1A09H         LINE#         2896
  C:1A34H         LINE#         2897
  C:1A37H         LINE#         2898
  C:1A37H         LINE#         2899
  C:1A5FH         LINE#         2900
  C:1A62H         LINE#         2901
  C:1A62H         LINE#         2902
  C:1A62H         LINE#         2903
  C:1A62H         LINE#         2904
BL51 BANKED LINKER/LOCATER V6.22                                                      10/28/2015  07:58:43  PAGE 59


  C:1A62H         LINE#         2905
  C:1A62H         LINE#         2906
  C:1A8EH         LINE#         2907
  C:1A8EH         LINE#         2908
  C:1ABFH         LINE#         2909
  C:1AC2H         LINE#         2910
  C:1AC2H         LINE#         2911
  C:1AEDH         LINE#         2912
  C:1AF0H         LINE#         2913
  C:1AF0H         LINE#         2914
  C:1B1BH         LINE#         2915
  C:1B1EH         LINE#         2916
  C:1B1EH         LINE#         2917
  C:1B53H         LINE#         2918
  C:1B56H         LINE#         2919
  C:1B56H         LINE#         2920
  C:1B8BH         LINE#         2921
  C:1B8EH         LINE#         2922
  C:1B8EH         LINE#         2923
  C:1BB9H         LINE#         2924
  C:1BBCH         LINE#         2925
  C:1BBCH         LINE#         2926
  C:1BE7H         LINE#         2927
  C:1BEAH         LINE#         2928
  C:1BEAH         LINE#         2929
  C:1BEAH         LINE#         2930
  C:1BEAH         LINE#         2931
  C:1BEAH         LINE#         2932
  C:1BEAH         LINE#         2933
  C:1C13H         LINE#         2934
  C:1C13H         LINE#         2935
  C:1C4EH         LINE#         2936
  C:1C51H         LINE#         2937
  C:1C51H         LINE#         2938
  C:1C86H         LINE#         2939
  C:1C89H         LINE#         2940
  C:1C89H         LINE#         2941
  C:1CBEH         LINE#         2942
  C:1CC1H         LINE#         2943
  C:1CC1H         LINE#         2944
  C:1D00H         LINE#         2945
  C:1D02H         LINE#         2946
  C:1D02H         LINE#         2947
  C:1D4AH         LINE#         2948
  C:1D4CH         LINE#         2949
  C:1D4CH         LINE#         2950
  C:1D8AH         LINE#         2951
  C:1D8CH         LINE#         2952
  C:1D8CH         LINE#         2953
  C:1DD3H         LINE#         2954
  C:1DD3H         LINE#         2955
  C:1DD3H         LINE#         2956
  C:1DD3H         LINE#         2957
  C:1DD3H         LINE#         2958
  C:1DD3H         LINE#         2959
  C:1DD3H         LINE#         2960
  C:1DD3H         LINE#         2961
BL51 BANKED LINKER/LOCATER V6.22                                                      10/28/2015  07:58:43  PAGE 60


  C:1DD3H         LINE#         2963
  C:1DDDH         LINE#         2965
  C:1DF7H         LINE#         2967
  C:1DFCH         LINE#         2971
  C:1E85H         LINE#         2972
  C:1EC4H         LINE#         2973
  C:1EDDH         LINE#         2974
  -------         ENDPROC       _FUN_NAJIAN
  -------         PROC          FUN_ZHUAJIAN
  C:58FDH         LINE#         2976
  C:58FDH         LINE#         2977
  C:5902H         LINE#         2978
  C:5907H         LINE#         2979
  C:590CH         LINE#         2980
  C:5914H         LINE#         2981
  C:5919H         LINE#         2983
  C:5920H         LINE#         2984
  C:5927H         LINE#         2985
  C:592EH         LINE#         2986
  C:5935H         LINE#         2987
  C:594DH         LINE#         2988
  C:5959H         LINE#         2989
  C:5960H         LINE#         2990
  C:5969H         LINE#         2991
  C:5970H         LINE#         2992
  C:5972H         LINE#         2993
  C:5972H         LINE#         2994
  C:5972H         LINE#         2995
  C:5972H         LINE#         2996
  C:5974H         LINE#         2997
  C:5980H         LINE#         2998
  C:5987H         LINE#         2999
  C:5990H         LINE#         3000
  C:5997H         LINE#         3001
  C:599EH         LINE#         3002
  C:59A7H         LINE#         3003
  C:59AEH         LINE#         3004
  C:59B7H         LINE#         3005
  C:59B7H         LINE#         3006
  C:59BEH         LINE#         3007
  C:59C1H         LINE#         3008
  -------         ENDPROC       FUN_ZHUAJIAN
  -------         PROC          FUN_BACK
  C:5FEDH         LINE#         3010
  C:5FEDH         LINE#         3011
  C:5FF4H         LINE#         3012
  C:5FF7H         LINE#         3014
  C:5FFEH         LINE#         3015
  C:6005H         LINE#         3016
  C:600EH         LINE#         3018
  C:6015H         LINE#         3019
  C:6018H         LINE#         3020
  -------         ENDPROC       FUN_BACK
  -------         PROC          _FUN_START
  X:02A5H         SYMBOL        par_x
  X:02A6H         SYMBOL        par_y
  X:02A7H         SYMBOL        par_ctfx
BL51 BANKED LINKER/LOCATER V6.22                                                      10/28/2015  07:58:43  PAGE 61


  X:02A8H         SYMBOL        par_szzt
  X:02A9H         SYMBOL        par_sjwz
  X:02AAH         SYMBOL        par_pywz
  X:02ABH         SYMBOL        par_hzfx
  C:59C8H         LINE#         3022
  C:59D3H         LINE#         3023
  C:59D3H         LINE#         3024
  C:59D6H         LINE#         3025
  C:59D9H         LINE#         3026
  C:59DBH         LINE#         3027
  C:59DDH         LINE#         3028
  C:59E0H         LINE#         3029
  C:59E3H         LINE#         3030
  C:59E6H         LINE#         3032
  C:59E8H         LINE#         3033
  C:59EAH         LINE#         3034
  C:59ECH         LINE#         3035
  C:59EEH         LINE#         3037
  C:59F1H         LINE#         3038
  C:59F3H         LINE#         3040
  C:59F6H         LINE#         3042
  C:59F9H         LINE#         3043
  C:59FCH         LINE#         3044
  C:59FEH         LINE#         3045
  C:5A00H         LINE#         3046
  C:5A09H         LINE#         3048
  C:5A16H         LINE#         3049
  C:5A25H         LINE#         3050
  C:5A2AH         LINE#         3051
  C:5A2EH         LINE#         3053
  C:5A36H         LINE#         3054
  C:5A3EH         LINE#         3055
  C:5A46H         LINE#         3056
  C:5A4EH         LINE#         3057
  C:5A56H         LINE#         3058
  C:5A5EH         LINE#         3059
  C:5A66H         LINE#         3061
  C:5A6BH         LINE#         3062
  C:5A71H         LINE#         3063
  C:5A78H         LINE#         3064
  C:5A7FH         LINE#         3065
  C:5A86H         LINE#         3066
  C:5A8DH         LINE#         3072
  -------         ENDPROC       _FUN_START
  -------         PROC          FUN_STOP
  C:5FABH         LINE#         3075
  C:5FABH         LINE#         3076
  C:5FADH         LINE#         3077
  C:5FB2H         LINE#         3078
  C:5FB8H         LINE#         3079
  C:5FBFH         LINE#         3080
  C:5FC6H         LINE#         3081
  C:5FCDH         LINE#         3082
  C:5FD4H         LINE#         3083
  C:5FEBH         LINE#         3084
  -------         ENDPROC       FUN_STOP
  -------         ENDMOD        8023
BL51 BANKED LINKER/LOCATER V6.22                                                      10/28/2015  07:58:43  PAGE 62



  -------         MODULE        ?C?FPMUL
  C:1EEBH         PUBLIC        ?C?FPMUL
  -------         ENDMOD        ?C?FPMUL

  -------         MODULE        ?C?FCAST
  C:1FFBH         PUBLIC        ?C?FCASTC
  C:1FF6H         PUBLIC        ?C?FCASTI
  C:1FF1H         PUBLIC        ?C?FCASTL
  -------         ENDMOD        ?C?FCAST

  -------         MODULE        ?C?CASTF
  C:202FH         PUBLIC        ?C?CASTF
  -------         ENDMOD        ?C?CASTF

  -------         MODULE        PRINTF
  X:02A5H         PUBLIC        ?_PRINTF?BYTE
  X:02A5H         PUBLIC        ?_SPRINTF?BYTE
  C:35B1H         PUBLIC        _PRINTF
  C:35ABH         PUBLIC        _SPRINTF
  -------         ENDMOD        PRINTF

  -------         MODULE        ?C?FPROUND
  C:20B0H         PUBLIC        ?C?FPROUND
  -------         ENDMOD        ?C?FPROUND

  -------         MODULE        ?C?FPCONVERT
  C:20EDH         PUBLIC        ?C?FPCONVERT
  -------         ENDMOD        ?C?FPCONVERT

  -------         MODULE        ?C?FPADD
  C:21F9H         PUBLIC        ?C?FPADD
  C:21F5H         PUBLIC        ?C?FPSUB
  -------         ENDMOD        ?C?FPADD

  -------         MODULE        ?C?FPDIV
  C:22EDH         PUBLIC        ?C?FPDIV
  -------         ENDMOD        ?C?FPDIV

  -------         MODULE        ?C?FTNPWR
  C:23BAH         PUBLIC        ?C?FTNPWR
  -------         ENDMOD        ?C?FTNPWR

  -------         MODULE        ?C?COPY
  C:24CAH         PUBLIC        ?C?COPY
  -------         ENDMOD        ?C?COPY

  -------         MODULE        ?C?CLDPTR
  C:24F0H         PUBLIC        ?C?CLDPTR
  -------         ENDMOD        ?C?CLDPTR

  -------         MODULE        ?C?CLDOPTR
  C:2509H         PUBLIC        ?C?CLDOPTR
  -------         ENDMOD        ?C?CLDOPTR

  -------         MODULE        ?C?CILDOPTR
  C:2536H         PUBLIC        ?C?CILDOPTR
BL51 BANKED LINKER/LOCATER V6.22                                                      10/28/2015  07:58:43  PAGE 63


  -------         ENDMOD        ?C?CILDOPTR

  -------         MODULE        ?C?CSTPTR
  C:2569H         PUBLIC        ?C?CSTPTR
  -------         ENDMOD        ?C?CSTPTR

  -------         MODULE        ?C?CSTOPTR
  C:257BH         PUBLIC        ?C?CSTOPTR
  -------         ENDMOD        ?C?CSTOPTR

  -------         MODULE        ?C?IMUL
  C:259DH         PUBLIC        ?C?IMUL
  -------         ENDMOD        ?C?IMUL

  -------         MODULE        ?C?UIDIV
  C:25AFH         PUBLIC        ?C?UIDIV
  -------         ENDMOD        ?C?UIDIV

  -------         MODULE        ?C?SIDIV
  C:2604H         PUBLIC        ?C?SIDIV
  -------         ENDMOD        ?C?SIDIV

  -------         MODULE        ?C?IILDX
  C:263AH         PUBLIC        ?C?IILDX
  -------         ENDMOD        ?C?IILDX

  -------         MODULE        ?C?ILDIX
  C:2650H         PUBLIC        ?C?ILDIX
  -------         ENDMOD        ?C?ILDIX

  -------         MODULE        ?C?ULDIV
  C:26A2H         PUBLIC        ?C?ULDIV
  -------         ENDMOD        ?C?ULDIV

  -------         MODULE        ?C?LNEG
  C:2734H         PUBLIC        ?C?LNEG
  -------         ENDMOD        ?C?LNEG

  -------         MODULE        ?C?ULCMP
  C:2742H         PUBLIC        ?C?ULCMP
  -------         ENDMOD        ?C?ULCMP

  -------         MODULE        ?C?LSTXDATA
  C:2753H         PUBLIC        ?C?LSTXDATA
  -------         ENDMOD        ?C?LSTXDATA

  -------         MODULE        ?C?LSTKXDATA
  C:275FH         PUBLIC        ?C?LSTKXDATA
  -------         ENDMOD        ?C?LSTKXDATA

  -------         MODULE        ?C?OFFXADD
  C:2790H         PUBLIC        ?C?OFFXADD
  -------         ENDMOD        ?C?OFFXADD

  -------         MODULE        ?C?PLDIXDATA
  C:279CH         PUBLIC        ?C?PLDIXDATA
  -------         ENDMOD        ?C?PLDIXDATA
BL51 BANKED LINKER/LOCATER V6.22                                                      10/28/2015  07:58:43  PAGE 64



  -------         MODULE        ?C?PSTXDATA
  C:27B3H         PUBLIC        ?C?PSTXDATA
  -------         ENDMOD        ?C?PSTXDATA

  -------         MODULE        ?C?CCASE
  C:27BCH         PUBLIC        ?C?CCASE
  -------         ENDMOD        ?C?CCASE

  -------         MODULE        PUTCHAR
  C:604EH         PUBLIC        _PUTCHAR
  -------         ENDMOD        PUTCHAR

  -------         MODULE        CABS
  C:61FBH         PUBLIC        _CABS
  -------         ENDMOD        CABS

  -------         MODULE        ?C?MEMSET
  C:27E2H         PUBLIC        ?C?MEMSET
  -------         ENDMOD        ?C?MEMSET

Program Size: data=35.1 xdata=874 code=25095
LINK/LOCATE RUN COMPLETE.  0 WARNING(S),  0 ERROR(S)
