BL51 BANKED LINKER/LOCATER V6.22                                                        10/26/2015  17:20:14  PAGE 1


BL51 BANKED LINKER/LOCATER V6.22, INVOKED BY:
D:\MYPROGRAM\KEIL\C51\BIN\BL51.EXE STARTUP.obj, perfect.obj, ..\8023.LIB TO perfect RAMSIZE (256) DISABLEWARNING (16)


MEMORY MODEL: LARGE WITH FLOATING POINT ARITHMETIC


INPUT MODULES INCLUDED:
  STARTUP.obj (?C_STARTUP)
  perfect.obj (PERFECT)
  ..\8023.LIB (8023)
  D:\MYPROGRAM\KEIL\C51\LIB\C51FPL.LIB (?C?FPMUL)
  D:\MYPROGRAM\KEIL\C51\LIB\C51FPL.LIB (?C?FCAST)
  D:\MYPROGRAM\KEIL\C51\LIB\C51FPL.LIB (?C?CASTF)
  D:\MYPROGRAM\KEIL\C51\LIB\C51FPL.LIB (PRINTF)
  D:\MYPROGRAM\KEIL\C51\LIB\C51FPL.LIB (?C?FPGETOPN)
  D:\MYPROGRAM\KEIL\C51\LIB\C51FPL.LIB (?C?FPROUND)
  D:\MYPROGRAM\KEIL\C51\LIB\C51FPL.LIB (?C?FPCONVERT)
  D:\MYPROGRAM\KEIL\C51\LIB\C51FPL.LIB (?C?FPADD)
  D:\MYPROGRAM\KEIL\C51\LIB\C51FPL.LIB (?C?FPDIV)
  D:\MYPROGRAM\KEIL\C51\LIB\C51FPL.LIB (?C?FTNPWR)
  D:\MYPROGRAM\KEIL\C51\LIB\C51L.LIB (?C_INIT)
  D:\MYPROGRAM\KEIL\C51\LIB\C51L.LIB (?C?CLDPTR)
  D:\MYPROGRAM\KEIL\C51\LIB\C51L.LIB (?C?CLDOPTR)
  D:\MYPROGRAM\KEIL\C51\LIB\C51L.LIB (?C?CILDOPTR)
  D:\MYPROGRAM\KEIL\C51\LIB\C51L.LIB (?C?CSTPTR)
  D:\MYPROGRAM\KEIL\C51\LIB\C51L.LIB (?C?CSTOPTR)
  D:\MYPROGRAM\KEIL\C51\LIB\C51L.LIB (?C?IMUL)
  D:\MYPROGRAM\KEIL\C51\LIB\C51L.LIB (?C?UIDIV)
  D:\MYPROGRAM\KEIL\C51\LIB\C51L.LIB (?C?SIDIV)
  D:\MYPROGRAM\KEIL\C51\LIB\C51L.LIB (?C?IILDX)
  D:\MYPROGRAM\KEIL\C51\LIB\C51L.LIB (?C?ILDIX)
  D:\MYPROGRAM\KEIL\C51\LIB\C51L.LIB (?C?ULDIV)
  D:\MYPROGRAM\KEIL\C51\LIB\C51L.LIB (?C?LNEG)
  D:\MYPROGRAM\KEIL\C51\LIB\C51L.LIB (?C?ULCMP)
  D:\MYPROGRAM\KEIL\C51\LIB\C51L.LIB (?C?LSTXDATA)
  D:\MYPROGRAM\KEIL\C51\LIB\C51L.LIB (?C?LSTKXDATA)
  D:\MYPROGRAM\KEIL\C51\LIB\C51L.LIB (?C?OFFXADD)
  D:\MYPROGRAM\KEIL\C51\LIB\C51L.LIB (?C?PLDIXDATA)
  D:\MYPROGRAM\KEIL\C51\LIB\C51L.LIB (?C?PSTXDATA)
  D:\MYPROGRAM\KEIL\C51\LIB\C51L.LIB (?C?CCASE)
  D:\MYPROGRAM\KEIL\C51\LIB\C51L.LIB (PUTCHAR)
  D:\MYPROGRAM\KEIL\C51\LIB\C51L.LIB (CABS)
  D:\MYPROGRAM\KEIL\C51\LIB\C51L.LIB (?C?MEMSET)


LINK MAP OF MODULE:  perfect (?C_STARTUP)


            TYPE    BASE      LENGTH    RELOCATION   SEGMENT NAME
            -----------------------------------------------------

            * * * * * * *   D A T A   M E M O R Y   * * * * * * *
            REG     0000H     0008H     ABSOLUTE     "REG BANK 0"
            REG     0008H     0008H     ABSOLUTE     "REG BANK 1"
            DATA    0010H     000BH     UNIT         _DATA_GROUP_
            DATA    001BH     0005H     UNIT         ?DT?8023
            BIT     0020H.0   0001H.1   UNIT         _BIT_GROUP_
BL51 BANKED LINKER/LOCATER V6.22                                                      10/26/2015  17:20:14  PAGE 2


                    0021H.1   0000H.7                *** GAP ***
            DATA    0022H     0001H     UNIT         ?DT?_FUN_PYSJHZ?8023
            IDATA   0023H     0001H     UNIT         ?STACK

            * * * * * * *  X D A T A   M E M O R Y  * * * * * * *
            XDATA   0000H     0226H     UNIT         ?XD?8023
            XDATA   0226H     0061H     UNIT         ?XD?_FUN_ZDZJ?8023
            XDATA   0287H     0032H     UNIT         _XDATA_GROUP_
            XDATA   02B9H     002EH     UNIT         ?XD?_FUN_FLSETTING?8023
            XDATA   02E7H     002CH     UNIT         ?XD?_FUN_MIN?8023
            XDATA   0313H     000EH     UNIT         ?XD?_FUN_PYSJHZ?8023
            XDATA   0321H     000DH     UNIT         ?XD?_FUN_SJHZ?8023
            XDATA   032EH     0009H     UNIT         ?XD?_FUN_NAJIAN?8023
            XDATA   0337H     0005H     UNIT         ?XD?_FUN_FOLLINE?8023
            XDATA   033CH     0004H     UNIT         ?XD?FUN_CALIBRATION?8023
            XDATA   0340H     0003H     UNIT         ?XD?_FUN_QC?8023
            XDATA   0343H     0002H     UNIT         ?XD?_FUN_PYHZ?8023
            XDATA   0345H     0002H     UNIT         ?XD?_FUN_ZJZT?8023
            XDATA   0347H     0001H     UNIT         ?XD?_FUN_SZ?8023
            XDATA   0348H     0001H     UNIT         ?XD?_FUN_PY?8023
            XDATA   0349H     0001H     UNIT         ?XD?_FUN_SJ?8023
            XDATA   034AH     0001H     UNIT         ?XD?_FUN_HZ?8023
            XDATA   034BH     0001H     UNIT         ?XD?_FUN_TURN?8023

            * * * * * * *   C O D E   M E M O R Y   * * * * * * *
            CODE    0000H     0003H     ABSOLUTE     
            CODE    0003H     0003H     ABSOLUTE     
            CODE    0006H     0001H     UNIT         ?PR?INT0INTERRUPT?PERFECT
            CODE    0007H     0001H     UNIT         ?PR?FUN_COORDINATE?8023
                    0008H     0003H                  *** GAP ***
            CODE    000BH     0003H     ABSOLUTE     
            CODE    000EH     000DH     UNIT         ?PR?FUN_STOPE2PROM?8023
            CODE    001BH     0003H     ABSOLUTE     
            CODE    001EH     10D0H     UNIT         ?PR?_FUN_ZDZJ?8023
            CODE    10EEH     0DFDH     UNIT         ?PR?_FUN_NAJIAN?8023
            CODE    1EEBH     082DH     UNIT         ?C?LIB_CODE
            CODE    2718H     0557H     UNIT         ?PR?FUN_TIMERMOVE?8023
            CODE    2C6FH     0483H     UNIT         ?PR?PRINTF?PRINTF
            CODE    30F2H     039AH     UNIT         ?PR?_FUN_PYSJHZ?8023
            CODE    348CH     037AH     UNIT         ?PR?_FUN_RECORD?8023
            CODE    3806H     02C1H     UNIT         ?PR?_FUN_SJHZ?8023
            CODE    3AC7H     023EH     UNIT         ?PR?_FUN_MOTORS?8023
            CODE    3D05H     01DEH     UNIT         ?PR?_FUN_QC?8023
            CODE    3EE3H     01C8H     UNIT         ?PR?_FUN_SETXY?8023
            CODE    40ABH     01B5H     UNIT         ?PR?FUN_CALIBRATION?8023
            CODE    4260H     01AEH     UNIT         ?PR?_FUN_MOTORSRL?8023
            CODE    440EH     01ABH     UNIT         ?PR?_FUN_PBXY?8023
            CODE    45B9H     01AAH     UNIT         ?PR?_FUN_FOLLINE?8023
            CODE    4763H     01AAH     UNIT         ?PR?_FUN_XYMOVE?8023
            CODE    490DH     0183H     UNIT         ?PR?_FUN_ZJZT?8023
            CODE    4A90H     015EH     UNIT         ?PR?_FUN_HZ?8023
            CODE    4BEEH     015AH     UNIT         ?PR?_FUN_SJ?8023
            CODE    4D48H     0147H     UNIT         ?PR?_FUN_PYHZ?8023
            CODE    4E8FH     0137H     UNIT         ?PR?_FUN_PY?8023
            CODE    4FC6H     011CH     UNIT         ?PR?FUN_TEST?8023
            CODE    50E2H     00CBH     UNIT         ?PR?FUN_ZHUAJIAN?8023
            CODE    51ADH     00C8H     UNIT         ?PR?_FUN_START?8023
BL51 BANKED LINKER/LOCATER V6.22                                                      10/26/2015  17:20:14  PAGE 3


            CODE    5275H     00A4H     UNIT         ?PR?_FUN_GETXY?8023
            CODE    5319H     00A3H     UNIT         ?PR?FUN_JTJP?8023
            CODE    53BCH     008CH     UNIT         ?C_C51STARTUP
            CODE    5448H     008AH     UNIT         ?PR?MAIN?PERFECT
            CODE    54D2H     0083H     UNIT         ?PR?_FUN_FLSETTING?8023
            CODE    5555H     007BH     UNIT         ?PR?_FUN_TURN?8023
            CODE    55D0H     007BH     UNIT         ?PR?_FUN_MIN?8023
            CODE    564BH     0075H     UNIT         ?PR?_FUN_DELAY?8023
            CODE    56C0H     004AH     UNIT         ?PR?_FUN_GO?8023
            CODE    570AH     0042H     UNIT         ?PR?_FUN_SZ?8023
            CODE    574CH     0042H     UNIT         ?PR?FUN_STOP?8023
            CODE    578EH     0032H     UNIT         ?PR?FUN_BACK?8023
            CODE    57C0H     002FH     UNIT         ?C_INITSEG
            CODE    57EFH     0027H     UNIT         ?PR?PUTCHAR?PUTCHAR
            CODE    5816H     0026H     UNIT         ?PR?FUN_TIMER0?8023
            CODE    583CH     0021H     UNIT         ?PR?_FUN_WRITEE2PROM?8023
            CODE    585DH     0020H     UNIT         ?PR?_FUN_READE2PROM?8023
            CODE    587DH     001DH     UNIT         ?PR?_FUN_CLEANE2PROM?8023
            CODE    589AH     001BH     UNIT         ?PR?TIMER0INTERRUPT?PERFECT
            CODE    58B5H     001BH     UNIT         ?PR?TIMER1INTERRUPT?PERFECT
            CODE    58D0H     001AH     UNIT         ?PR?FUN_WAIT?8023
            CODE    58EAH     001AH     UNIT         ?PR?_FUN_PWMR?8023
            CODE    5904H     001AH     UNIT         ?PR?_FUN_PWML?8023
            CODE    591EH     0016H     UNIT         ?PR?FUN_TIMER0INIT?8023
            CODE    5934H     0016H     UNIT         ?PR?FUN_TIMER1INIT?8023
            CODE    594AH     0013H     UNIT         ?PR?FUN_PORT?8023
            CODE    595DH     000BH     UNIT         ?PR?FUN_PWMINIT?8023
            CODE    5968H     0009H     UNIT         ?CO?8023
            CODE    5971H     0008H     UNIT         ?PR?_CABS?CABS
            CODE    5979H     0007H     UNIT         ?PR?FUN_TIMER1?8023



OVERLAY MAP OF MODULE:   perfect (?C_STARTUP)


SEGMENT                                BIT_GROUP          DATA_GROUP          XDATA_GROUP
  +--> CALLED SEGMENT               START    LENGTH     START    LENGTH     START    LENGTH
-------------------------------------------------------------------------------------------
?C_C51STARTUP                       -----    -----      -----    -----      -----    -----
  +--> ?PR?MAIN?PERFECT
  +--> ?C_INITSEG

?PR?MAIN?PERFECT                    -----    -----      -----    -----      -----    -----
  +--> ?PR?_FUN_START?8023
  +--> ?PR?_FUN_SETXY?8023
  +--> ?PR?_FUN_DELAY?8023
  +--> ?PR?_FUN_GO?8023
  +--> ?PR?FUN_STOP?8023

?PR?_FUN_START?8023                 -----    -----      -----    -----      0287H    0007H
  +--> ?PR?FUN_PORT?8023
  +--> ?PR?FUN_PWMINIT?8023
  +--> ?PR?FUN_TIMER0INIT?8023
  +--> ?PR?FUN_TIMER1INIT?8023
  +--> ?PR?_FUN_MOTORS?8023
  +--> ?PR?FUN_WAIT?8023
BL51 BANKED LINKER/LOCATER V6.22                                                      10/26/2015  17:20:14  PAGE 4



?PR?_FUN_MOTORS?8023                -----    -----      -----    -----      028EH    0001H
  +--> ?PR?_CABS?CABS
  +--> ?PR?_FUN_PWML?8023
  +--> ?PR?_FUN_PWMR?8023

?PR?FUN_WAIT?8023                   -----    -----      -----    -----      -----    -----
  +--> ?PR?_FUN_DELAY?8023

?PR?_FUN_DELAY?8023                 -----    -----      0010H    0007H      -----    -----

?PR?_FUN_SETXY?8023                 -----    -----      -----    -----      0287H    0019H
  +--> ?PR?_FUN_PBXY?8023

?PR?_FUN_PBXY?8023                  -----    -----      -----    -----      02A0H    0004H

?PR?_FUN_GO?8023                    -----    -----      -----    -----      -----    -----
  +--> ?PR?_FUN_GETXY?8023
  +--> ?PR?_FUN_RECORD?8023
  +--> ?PR?_FUN_DELAY?8023

?PR?_FUN_GETXY?8023                 -----    -----      -----    -----      0287H    0001H

?PR?_FUN_RECORD?8023                -----    -----      -----    -----      0287H    0006H
  +--> ?PR?_FUN_XYMOVE?8023

?PR?_FUN_XYMOVE?8023                -----    -----      -----    -----      028DH    0001H

?PR?FUN_STOP?8023                   -----    -----      -----    -----      -----    -----
  +--> ?PR?_FUN_MOTORS?8023
  +--> ?CO?8023
  +--> ?PR?PRINTF?PRINTF

?PR?PRINTF?PRINTF                   0020H.0  0001H.1    0010H    0005H      0287H    0030H
  +--> ?PR?PUTCHAR?PUTCHAR

*** NEW ROOT ***************************************************

?PR?TIMER0INTERRUPT?PERFECT         -----    -----      -----    -----      -----    -----
  +--> ?PR?FUN_TIMER0?8023

?PR?FUN_TIMER0?8023                 -----    -----      -----    -----      -----    -----
  +--> ?PR?FUN_TIMERMOVE?8023

?PR?FUN_TIMERMOVE?8023              -----    -----      0017H    0004H      -----    -----
  +--> ?PR?_FUN_MOTORSRL?8023

?PR?_FUN_MOTORSRL?8023              -----    -----      -----    -----      02B7H    0002H
  +--> ?PR?_CABS?CABS
  +--> ?PR?_FUN_PWML?8023
  +--> ?PR?_FUN_PWMR?8023

*** NEW ROOT ***************************************************

?PR?TIMER1INTERRUPT?PERFECT         -----    -----      -----    -----      -----    -----
  +--> ?PR?FUN_TIMER1?8023

BL51 BANKED LINKER/LOCATER V6.22                                                      10/26/2015  17:20:14  PAGE 5




SYMBOL TABLE OF MODULE:  perfect (?C_STARTUP)

  VALUE           TYPE          NAME
  ----------------------------------

  -------         MODULE        ?C_STARTUP
  C:53BCH         SEGMENT       ?C_C51STARTUP
  I:0023H         SEGMENT       ?STACK
  C:0000H         PUBLIC        ?C_STARTUP
  D:00E0H         SYMBOL        ACC
  D:00F0H         SYMBOL        B
  D:0083H         SYMBOL        DPH
  D:0082H         SYMBOL        DPL
  N:0000H         SYMBOL        IBPSTACK
  N:0100H         SYMBOL        IBPSTACKTOP
  N:0080H         SYMBOL        IDATALEN
  C:53BFH         SYMBOL        IDATALOOP
  N:0000H         SYMBOL        PBPSTACK
  N:0100H         SYMBOL        PBPSTACKTOP
  N:0000H         SYMBOL        PDATALEN
  N:0000H         SYMBOL        PDATASTART
  N:0000H         SYMBOL        PPAGE
  N:0000H         SYMBOL        PPAGEENABLE
  D:00A0H         SYMBOL        PPAGE_SFR
  D:0081H         SYMBOL        SP
  C:53BCH         SYMBOL        STARTUP1
  N:0000H         SYMBOL        XBPSTACK
  N:0000H         SYMBOL        XBPSTACKTOP
  N:0000H         SYMBOL        XDATALEN
  N:0000H         SYMBOL        XDATASTART
  C:0000H         LINE#         126
  C:53BCH         LINE#         133
  C:53BEH         LINE#         134
  C:53BFH         LINE#         135
  C:53C0H         LINE#         136
  C:53C2H         LINE#         185
  C:53C5H         LINE#         196
  -------         ENDMOD        ?C_STARTUP

  -------         MODULE        PERFECT
  C:0000H         SYMBOL        _ICE_DUMMY_
  D:0080H         PUBLIC        P0
  D:0090H         PUBLIC        P1
  D:00A0H         PUBLIC        P2
  D:00B0H         PUBLIC        P3
  D:00C0H         PUBLIC        P4
  D:00C8H         PUBLIC        P5
  C:589AH         PUBLIC        Timer0Interrupt
  C:58B5H         PUBLIC        Timer1Interrupt
  D:00A8H         PUBLIC        IE
  D:00B8H         PUBLIC        IP
  D:00D8H         PUBLIC        CCON
  C:5448H         PUBLIC        main
  C:0006H         PUBLIC        Int0Interrupt
  D:0098H         PUBLIC        SCON
BL51 BANKED LINKER/LOCATER V6.22                                                      10/26/2015  17:20:14  PAGE 6


  D:0088H         PUBLIC        TCON
  D:00D0H         PUBLIC        PSW
  -------         PROC          MAIN
  C:5448H         LINE#         3
  C:5448H         LINE#         4
  C:5462H         LINE#         12
  C:54C1H         LINE#         20
  C:54CAH         LINE#         21
  C:54CFH         LINE#         97
  -------         ENDPROC       MAIN
  -------         PROC          INT0INTERRUPT
  C:0006H         LINE#         99
  C:0006H         LINE#         101
  -------         ENDPROC       INT0INTERRUPT
  -------         PROC          TIMER0INTERRUPT
  C:589AH         LINE#         102
  C:58A7H         LINE#         103
  C:58AAH         LINE#         104
  -------         ENDPROC       TIMER0INTERRUPT
  -------         PROC          TIMER1INTERRUPT
  C:58B5H         LINE#         105
  C:58C2H         LINE#         106
  C:58C5H         LINE#         107
  -------         ENDPROC       TIMER1INTERRUPT
  -------         ENDMOD        PERFECT

  -------         MODULE        8023
  C:0000H         SYMBOL        _ICE_DUMMY_
  D:0092H         PUBLIC        P1M0
  D:0093H         PUBLIC        P0M1
  C:4912H         PUBLIC        _fun_zjzt
  C:3D05H         PUBLIC        _fun_qc
  C:5816H         PUBLIC        fun_timer0
  D:0096H         PUBLIC        P2M0
  D:0091H         PUBLIC        P1M1
  D:0080H         PUBLIC        P0
  C:5979H         PUBLIC        fun_timer1
  D:0095H         PUBLIC        P2M1
  D:0090H         PUBLIC        P1
  C:56C0H         PUBLIC        _fun_go
  C:54D2H         PUBLIC        _fun_flsetting
  D:00A0H         PUBLIC        P2
  X:0000H         PUBLIC        str_tfl
  B:0090H.2       PUBLIC        out_pwmr
  D:00B0H         PUBLIC        P3
  D:00C0H         PUBLIC        P4
  D:00C8H         PUBLIC        P5
  B:00A8H.7       PUBLIC        EA
  C:4BEEH         PUBLIC        _fun_sj
  C:2718H         PUBLIC        fun_timermove
  C:50E2H         PUBLIC        fun_zhuajian
  C:587DH         PUBLIC        _fun_cleane2prom
  B:00B0H.6       PUBLIC        in_hpy
  D:00F9H         PUBLIC        CH
  C:4A90H         PUBLIC        _fun_hz
  D:00A8H         PUBLIC        IE
  D:00E9H         PUBLIC        CL
BL51 BANKED LINKER/LOCATER V6.22                                                      10/26/2015  17:20:14  PAGE 7


  D:00C5H         PUBLIC        IAP_CMD
  X:004CH         PUBLIC        str_now
  D:00FAH         PUBLIC        CCAP0H
  D:00FBH         PUBLIC        CCAP1H
  B:00B0H.5       PUBLIC        in_qpy
  C:4E8FH         PUBLIC        _fun_py
  D:00EAH         PUBLIC        CCAP0L
  B:00D8H.6       PUBLIC        CR
  D:00EBH         PUBLIC        CCAP1L
  D:00DAH         PUBLIC        CCAPM0
  D:00DBH         PUBLIC        CCAPM1
  C:45B9H         PUBLIC        _fun_folline
  C:570AH         PUBLIC        _fun_sz
  D:00B8H         PUBLIC        IP
  B:00A0H.5       PUBLIC        in_hz
  B:0098H.1       PUBLIC        TI
  D:0097H         PUBLIC        CLK_DIV
  C:10EEH         PUBLIC        _fun_najian
  D:00C3H         PUBLIC        IAP_ADDRH
  B:00B0H.4       PUBLIC        in_j
  C:585DH         PUBLIC        _fun_reade2prom
  D:00C4H         PUBLIC        IAP_ADDRL
  D:00D9H         PUBLIC        CMOD
  D:00D8H         PUBLIC        CCON
  B:00B0H.3       PUBLIC        in_s
  B:00A0H.0       PUBLIC        out_dir1
  B:00A0H.2       PUBLIC        out_dir2
  C:348CH         PUBLIC        _fun_record
  D:0087H         PUBLIC        PCON
  C:583CH         PUBLIC        _fun_writee2prom
  C:4272H         PUBLIC        _fun_motorsrl
  D:0098H         PUBLIC        SCON
  D:0089H         PUBLIC        TMOD
  D:0088H         PUBLIC        TCON
  C:591EH         PUBLIC        fun_timer0init
  C:595DH         PUBLIC        fun_pwminit
  C:5934H         PUBLIC        fun_timer1init
  C:40ABH         PUBLIC        fun_calibration
  C:5651H         PUBLIC        _fun_delay
  C:578EH         PUBLIC        fun_back
  B:00A0H.1       PUBLIC        out_en1
  B:00A0H.3       PUBLIC        out_en2
  D:008EH         PUBLIC        AUXR
  X:0059H         PUBLIC        str_begin
  D:00C7H         PUBLIC        IAP_CONTR
  B:0080H.7       PUBLIC        in_ls1
  B:00A8H.1       PUBLIC        ET0
  B:0080H.6       PUBLIC        in_ls2
  B:0088H.5       PUBLIC        TF0
  B:00A8H.3       PUBLIC        ET1
  B:0080H.5       PUBLIC        in_ls3
  B:0088H.7       PUBLIC        TF1
  B:0080H.4       PUBLIC        in_ls4
  D:008CH         PUBLIC        TH0
  C:000EH         PUBLIC        fun_stope2prom
  B:0080H.3       PUBLIC        in_ls5
  D:008DH         PUBLIC        TH1
BL51 BANKED LINKER/LOCATER V6.22                                                      10/26/2015  17:20:14  PAGE 8


  B:0080H.2       PUBLIC        in_ls6
  D:001CH         PUBLIC        var_timer
  B:0080H.1       PUBLIC        in_ls7
  B:0080H.0       PUBLIC        in_ls8
  D:008AH         PUBLIC        TL0
  D:008BH         PUBLIC        TL1
  C:3AD0H         PUBLIC        _fun_motors
  B:0090H.6       PUBLIC        out_switchselect
  D:00C2H         PUBLIC        IAP_DATA
  B:0088H.4       PUBLIC        TR0
  C:4767H         PUBLIC        _fun_xymove
  C:30F2H         PUBLIC        _fun_pysjhz
  B:0088H.6       PUBLIC        TR1
  C:0007H         PUBLIC        fun_coordinate
  D:00F2H         PUBLIC        PCA_PWM0
  B:00A0H.4       PUBLIC        in_wz1
  D:00F3H         PUBLIC        PCA_PWM1
  C:51ADH         PUBLIC        _fun_start
  B:00A0H.5       PUBLIC        in_wz2
  B:00A0H.6       PUBLIC        in_wz3
  B:00A0H.7       PUBLIC        in_wz4
  C:5275H         PUBLIC        _fun_getxy
  B:00A0H.4       PUBLIC        in_wz5
  C:58D0H         PUBLIC        fun_wait
  C:5319H         PUBLIC        fun_jtjp
  D:009CH         PUBLIC        BRT
  B:00B0H.2       PUBLIC        in_start
  C:3EE3H         PUBLIC        _fun_setxy
  X:0066H         PUBLIC        str_zbfl
  C:3806H         PUBLIC        _fun_sjhz
  C:4FC6H         PUBLIC        fun_test
  C:5904H         PUBLIC        _fun_pwml
  C:001EH         PUBLIC        _fun_zdzj
  C:4417H         PUBLIC        _fun_pbxy
  C:5611H         PUBLIC        _fun_min
  C:594AH         PUBLIC        fun_port
  X:01F2H         PUBLIC        str_cod
  D:00C6H         PUBLIC        IAP_TRIG
  C:574CH         PUBLIC        fun_stop
  C:58EAH         PUBLIC        _fun_pwmr
  B:0090H.7       PUBLIC        out_motorselect
  C:5555H         PUBLIC        _fun_turn
  C:4D4CH         PUBLIC        _fun_pyhz
  D:00D0H         PUBLIC        PSW
  X:0219H         PUBLIC        str_next
  B:0090H.5       PUBLIC        out_pwml
  D:0094H         PUBLIC        P0M0
  C:564BH         SYMBOL        L?1307
  C:564DH         SYMBOL        L?1308
  -------         PROC          L?1306
  -------         ENDPROC       L?1306
  C:564BH         SYMBOL        L?1307
  C:564DH         SYMBOL        L?1308
  -------         PROC          _FUN_DELAY
  D:0006H         SYMBOL        par_value
  D:0005H         SYMBOL        par_model
  -------         DO            
BL51 BANKED LINKER/LOCATER V6.22                                                      10/26/2015  17:20:14  PAGE 9


  D:0015H         SYMBOL        loc_con
  -------         DO            
  D:0010H         SYMBOL        loc_i
  D:0011H         SYMBOL        loc_j
  D:0012H         SYMBOL        loc_i
  D:0013H         SYMBOL        loc_j
  D:0014H         SYMBOL        loc_k
  -------         ENDDO         
  -------         DO            
  D:0012H         SYMBOL        loc_i
  D:0013H         SYMBOL        loc_j
  D:0014H         SYMBOL        loc_k
  -------         ENDDO         
  -------         ENDDO         
  C:5651H         LINE#         32
  C:5651H         LINE#         33
  C:5655H         LINE#         34
  C:5661H         LINE#         35
  C:5661H         LINE#         39
  C:5673H         LINE#         40
  C:5674H         LINE#         41
  C:5675H         LINE#         42
  C:5677H         LINE#         45
  C:5677H         LINE#         49
  C:5689H         LINE#         51
  C:568AH         LINE#         52
  C:568BH         LINE#         53
  C:568EH         LINE#         54
  C:5691H         LINE#         55
  C:5691H         LINE#         56
  C:5694H         LINE#         57
  C:5697H         LINE#         58
  C:5699H         LINE#         61
  C:5699H         LINE#         65
  C:56ABH         LINE#         67
  C:56AEH         LINE#         68
  C:56B1H         LINE#         69
  C:56B4H         LINE#         70
  C:56B4H         LINE#         71
  C:56B4H         LINE#         72
  C:56B7H         LINE#         73
  C:56BAH         LINE#         74
  C:56BDH         LINE#         75
  C:56BFH         LINE#         78
  C:56BFH         LINE#         79
  C:56BFH         LINE#         80
  -------         ENDPROC       _FUN_DELAY
  -------         PROC          FUN_TIMER0INIT
  C:591EH         LINE#         81
  C:591EH         LINE#         85
  C:5921H         LINE#         86
  C:5924H         LINE#         87
  C:5927H         LINE#         88
  C:592AH         LINE#         89
  C:592DH         LINE#         90
  C:592FH         LINE#         91
  C:5931H         LINE#         92
BL51 BANKED LINKER/LOCATER V6.22                                                      10/26/2015  17:20:14  PAGE 10


  C:5933H         LINE#         93
  -------         ENDPROC       FUN_TIMER0INIT
  -------         PROC          FUN_TIMER1INIT
  C:5934H         LINE#         94
  C:5934H         LINE#         98
  C:5937H         LINE#         99
  C:593AH         LINE#         100
  C:593DH         LINE#         101
  C:5940H         LINE#         102
  C:5943H         LINE#         103
  C:5945H         LINE#         104
  C:5947H         LINE#         105
  C:5949H         LINE#         106
  -------         ENDPROC       FUN_TIMER1INIT
  -------         PROC          FUN_TIMER0
  C:5816H         LINE#         107
  C:5816H         LINE#         108
  C:5819H         LINE#         109
  C:581CH         LINE#         110
  C:5831H         LINE#         111
  C:5838H         LINE#         112
  C:583BH         LINE#         113
  -------         ENDPROC       FUN_TIMER0
  -------         PROC          FUN_TIMER1
  C:5979H         LINE#         114
  C:5979H         LINE#         115
  C:597CH         LINE#         116
  C:597FH         LINE#         117
  -------         ENDPROC       FUN_TIMER1
  -------         PROC          FUN_WAIT
  C:58D0H         LINE#         118
  C:58D0H         LINE#         119
  C:58D2H         LINE#         123
  C:58D5H         LINE#         124
  C:58DEH         LINE#         125
  C:58E1H         LINE#         126
  -------         ENDPROC       FUN_WAIT
  -------         PROC          FUN_PWMINIT
  C:595DH         LINE#         129
  C:595DH         LINE#         133
  C:5960H         LINE#         134
  C:5962H         LINE#         135
  C:5964H         LINE#         136
  C:5967H         LINE#         137
  -------         ENDPROC       FUN_PWMINIT
  -------         PROC          _FUN_PWMR
  D:0007H         SYMBOL        par_value
  C:58EAH         LINE#         138
  C:58EAH         LINE#         139
  C:58FDH         LINE#         140
  C:5900H         LINE#         141
  C:5903H         LINE#         142
  -------         ENDPROC       _FUN_PWMR
  -------         PROC          _FUN_PWML
  D:0007H         SYMBOL        par_value
  C:5904H         LINE#         143
  C:5904H         LINE#         144
BL51 BANKED LINKER/LOCATER V6.22                                                      10/26/2015  17:20:14  PAGE 11


  C:5917H         LINE#         145
  C:591AH         LINE#         146
  C:591DH         LINE#         147
  -------         ENDPROC       _FUN_PWML
  -------         PROC          L?1315
  -------         ENDPROC       L?1315
  -------         PROC          _FUN_MOTORS
  D:0007H         SYMBOL        par_model
  X:028EH         SYMBOL        par_speed
  C:3AD0H         LINE#         148
  C:3AD5H         LINE#         149
  C:3ADCH         LINE#         150
  C:3AE1H         LINE#         151
  C:3AECH         LINE#         152
  C:3AEFH         LINE#         153
  C:3B1DH         LINE#         154
  C:3B1DH         LINE#         155
  C:3B2AH         LINE#         158
  C:3B2FH         LINE#         159
  C:3B36H         LINE#         160
  C:3B36H         LINE#         161
  C:3B39H         LINE#         162
  C:3B41H         LINE#         163
  C:3B47H         LINE#         164
  C:3B4AH         LINE#         165
  C:3B59H         LINE#         166
  C:3B63H         LINE#         167
  C:3B63H         LINE#         168
  C:3B64H         LINE#         169
  C:3B64H         LINE#         170
  C:3B71H         LINE#         173
  C:3B76H         LINE#         174
  C:3B7DH         LINE#         175
  C:3B7DH         LINE#         176
  C:3B7FH         LINE#         177
  C:3B87H         LINE#         178
  C:3B8DH         LINE#         179
  C:3B8FH         LINE#         180
  C:3B9EH         LINE#         181
  C:3BA0H         LINE#         182
  C:3BA0H         LINE#         183
  C:3BA2H         LINE#         184
  C:3BA2H         LINE#         185
  C:3BB4H         LINE#         188
  C:3BBDH         LINE#         189
  C:3BC4H         LINE#         190
  C:3BC6H         LINE#         191
  C:3BCCH         LINE#         192
  C:3BD3H         LINE#         193
  C:3BD4H         LINE#         194
  C:3BDCH         LINE#         195
  C:3BDEH         LINE#         196
  C:3BE8H         LINE#         197
  C:3BEFH         LINE#         198
  C:3BF0H         LINE#         199
  C:3BFFH         LINE#         200
  C:3C01H         LINE#         201
BL51 BANKED LINKER/LOCATER V6.22                                                      10/26/2015  17:20:14  PAGE 12


  C:3C09H         LINE#         202
  C:3C16H         LINE#         203
  C:3C16H         LINE#         204
  C:3C17H         LINE#         205
  C:3C17H         LINE#         206
  C:3C24H         LINE#         209
  C:3C29H         LINE#         210
  C:3C30H         LINE#         211
  C:3C32H         LINE#         212
  C:3C34H         LINE#         213
  C:3C3CH         LINE#         214
  C:3C3EH         LINE#         215
  C:3C41H         LINE#         216
  C:3C4CH         LINE#         217
  C:3C4EH         LINE#         218
  C:3C4EH         LINE#         219
  C:3C50H         LINE#         220
  C:3C50H         LINE#         221
  C:3C5DH         LINE#         224
  C:3C62H         LINE#         225
  C:3C69H         LINE#         226
  C:3C6BH         LINE#         227
  C:3C6DH         LINE#         228
  C:3C75H         LINE#         229
  C:3C77H         LINE#         230
  C:3C7AH         LINE#         231
  C:3C85H         LINE#         232
  C:3C87H         LINE#         233
  C:3C87H         LINE#         234
  C:3C89H         LINE#         235
  C:3C89H         LINE#         236
  C:3C96H         LINE#         239
  C:3C9BH         LINE#         240
  C:3CA2H         LINE#         241
  C:3CA8H         LINE#         242
  C:3CA9H         LINE#         243
  C:3CB1H         LINE#         244
  C:3CB7H         LINE#         245
  C:3CB8H         LINE#         246
  C:3CC0H         LINE#         247
  C:3CC6H         LINE#         248
  C:3CC6H         LINE#         249
  C:3CC7H         LINE#         250
  C:3CC7H         LINE#         251
  C:3CD4H         LINE#         254
  C:3CD9H         LINE#         255
  C:3CE0H         LINE#         256
  C:3CE6H         LINE#         257
  C:3CE7H         LINE#         258
  C:3CEFH         LINE#         259
  C:3CF5H         LINE#         260
  C:3CF6H         LINE#         261
  C:3CFEH         LINE#         262
  C:3D04H         LINE#         263
  C:3D04H         LINE#         264
  C:3D04H         LINE#         265
  C:3D04H         LINE#         266
BL51 BANKED LINKER/LOCATER V6.22                                                      10/26/2015  17:20:14  PAGE 13


  C:3D04H         LINE#         267
  C:3D04H         LINE#         268
  -------         ENDPROC       _FUN_MOTORS
  -------         PROC          L?1314
  -------         ENDPROC       L?1314
  -------         PROC          _FUN_MOTORSRL
  D:0007H         SYMBOL        par_model
  X:02B7H         SYMBOL        par_speed
  C:4272H         LINE#         269
  C:427AH         LINE#         270
  C:4284H         LINE#         271
  C:428FH         LINE#         272
  C:42A0H         LINE#         273
  C:42A7H         LINE#         274
  C:42B9H         LINE#         275
  C:42B9H         LINE#         276
  C:42D2H         LINE#         279
  C:42D7H         LINE#         280
  C:42E2H         LINE#         281
  C:42E2H         LINE#         282
  C:42E5H         LINE#         283
  C:42F0H         LINE#         284
  C:42F7H         LINE#         285
  C:42FAH         LINE#         286
  C:430DH         LINE#         287
  C:4317H         LINE#         288
  C:4317H         LINE#         289
  C:4318H         LINE#         290
  C:4318H         LINE#         291
  C:4331H         LINE#         294
  C:4336H         LINE#         295
  C:4341H         LINE#         296
  C:4341H         LINE#         297
  C:4344H         LINE#         298
  C:434FH         LINE#         299
  C:4356H         LINE#         300
  C:4359H         LINE#         301
  C:436CH         LINE#         302
  C:436EH         LINE#         303
  C:436EH         LINE#         304
  C:4371H         LINE#         305
  C:4371H         LINE#         306
  C:439BH         LINE#         309
  C:43A6H         LINE#         310
  C:43B1H         LINE#         311
  C:43B3H         LINE#         312
  C:43B9H         LINE#         313
  C:43C0H         LINE#         314
  C:43C1H         LINE#         315
  C:43CCH         LINE#         316
  C:43CEH         LINE#         317
  C:43D9H         LINE#         318
  C:43E4H         LINE#         319
  C:43E5H         LINE#         320
  C:43F5H         LINE#         321
  C:43F7H         LINE#         322
  C:43FFH         LINE#         323
BL51 BANKED LINKER/LOCATER V6.22                                                      10/26/2015  17:20:14  PAGE 14


  C:440DH         LINE#         324
  C:440DH         LINE#         325
  C:440DH         LINE#         326
  C:440DH         LINE#         327
  C:440DH         LINE#         328
  C:440DH         LINE#         329
  -------         ENDPROC       _FUN_MOTORSRL
  -------         PROC          _FUN_SZ
  X:0347H         SYMBOL        par_model
  C:570AH         LINE#         330
  C:570FH         LINE#         331
  C:5716H         LINE#         333
  C:571DH         LINE#         337
  C:5724H         LINE#         338
  C:5729H         LINE#         341
  C:5729H         LINE#         345
  C:5730H         LINE#         346
  C:5733H         LINE#         348
  C:5733H         LINE#         349
  C:573CH         LINE#         350
  C:5743H         LINE#         351
  C:574BH         LINE#         352
  -------         ENDPROC       _FUN_SZ
  -------         PROC          _FUN_PY
  X:0348H         SYMBOL        par_model
  C:4E8FH         LINE#         353
  C:4E94H         LINE#         354
  C:4E9EH         LINE#         356
  C:4EBCH         LINE#         357
  C:4EBCH         LINE#         361
  C:4EC3H         LINE#         362
  C:4EC6H         LINE#         363
  C:4EC6H         LINE#         365
  C:4EC9H         LINE#         366
  C:4EC9H         LINE#         370
  C:4EDEH         LINE#         371
  C:4EDEH         LINE#         372
  C:4EE5H         LINE#         373
  C:4EE8H         LINE#         374
  C:4EEBH         LINE#         375
  C:4EEBH         LINE#         376
  C:4EF2H         LINE#         377
  C:4EF5H         LINE#         378
  C:4EF8H         LINE#         379
  C:4EF8H         LINE#         380
  C:4EFFH         LINE#         381
  C:4F02H         LINE#         382
  C:4F05H         LINE#         383
  C:4F05H         LINE#         384
  C:4F0CH         LINE#         385
  C:4F0FH         LINE#         386
  C:4F12H         LINE#         387
  C:4F12H         LINE#         389
  C:4F12H         LINE#         390
  C:4F12H         LINE#         394
  C:4F28H         LINE#         395
  C:4F28H         LINE#         396
BL51 BANKED LINKER/LOCATER V6.22                                                      10/26/2015  17:20:14  PAGE 15


  C:4F2FH         LINE#         397
  C:4F32H         LINE#         398
  C:4F34H         LINE#         399
  C:4F34H         LINE#         400
  C:4F3BH         LINE#         401
  C:4F3EH         LINE#         402
  C:4F40H         LINE#         403
  C:4F40H         LINE#         404
  C:4F47H         LINE#         405
  C:4F4AH         LINE#         406
  C:4F4CH         LINE#         407
  C:4F4CH         LINE#         408
  C:4F53H         LINE#         409
  C:4F56H         LINE#         410
  C:4F58H         LINE#         411
  C:4F58H         LINE#         413
  C:4F58H         LINE#         414
  C:4F58H         LINE#         418
  C:4F6BH         LINE#         419
  C:4F6BH         LINE#         420
  C:4F72H         LINE#         421
  C:4F75H         LINE#         422
  C:4F77H         LINE#         423
  C:4F77H         LINE#         424
  C:4F7EH         LINE#         425
  C:4F81H         LINE#         426
  C:4F83H         LINE#         427
  C:4F83H         LINE#         428
  C:4F8AH         LINE#         429
  C:4F8DH         LINE#         430
  C:4F8FH         LINE#         431
  C:4F8FH         LINE#         432
  C:4F96H         LINE#         433
  C:4F9EH         LINE#         434
  C:4FA0H         LINE#         435
  C:4FA0H         LINE#         437
  C:4FA0H         LINE#         438
  C:4FA0H         LINE#         442
  C:4FA7H         LINE#         443
  C:4FAAH         LINE#         444
  C:4FB6H         LINE#         446
  C:4FB6H         LINE#         447
  C:4FB6H         LINE#         448
  C:4FB6H         LINE#         449
  C:4FB6H         LINE#         450
  C:4FBDH         LINE#         451
  C:4FC5H         LINE#         452
  -------         ENDPROC       _FUN_PY
  -------         PROC          _FUN_SJ
  X:0349H         SYMBOL        par_model
  C:4BEEH         LINE#         453
  C:4BF3H         LINE#         454
  C:4BFDH         LINE#         456
  C:4BFFH         LINE#         457
  C:4C36H         LINE#         458
  C:4C36H         LINE#         462
  C:4C3DH         LINE#         463
BL51 BANKED LINKER/LOCATER V6.22                                                      10/26/2015  17:20:14  PAGE 16


  C:4C3FH         LINE#         464
  C:4C42H         LINE#         465
  C:4C42H         LINE#         467
  C:4C45H         LINE#         468
  C:4C45H         LINE#         472
  C:4C52H         LINE#         473
  C:4C54H         LINE#         474
  C:4C54H         LINE#         475
  C:4C57H         LINE#         476
  C:4C57H         LINE#         477
  C:4C5CH         LINE#         478
  C:4C5EH         LINE#         479
  C:4C5EH         LINE#         480
  C:4C5EH         LINE#         482
  C:4C61H         LINE#         483
  C:4C61H         LINE#         487
  C:4C79H         LINE#         488
  C:4C7BH         LINE#         489
  C:4C7EH         LINE#         490
  C:4C7EH         LINE#         492
  C:4C81H         LINE#         493
  C:4C81H         LINE#         497
  C:4C8EH         LINE#         498
  C:4C93H         LINE#         499
  C:4C95H         LINE#         500
  C:4C95H         LINE#         501
  C:4C97H         LINE#         502
  C:4C97H         LINE#         503
  C:4C9CH         LINE#         504
  C:4C9EH         LINE#         505
  C:4C9EH         LINE#         506
  C:4C9EH         LINE#         508
  C:4CA0H         LINE#         509
  C:4CA0H         LINE#         513
  C:4CB8H         LINE#         514
  C:4CBAH         LINE#         515
  C:4CBDH         LINE#         516
  C:4CBDH         LINE#         518
  C:4CBFH         LINE#         519
  C:4CBFH         LINE#         523
  C:4CCCH         LINE#         524
  C:4CD1H         LINE#         525
  C:4CD3H         LINE#         526
  C:4CD3H         LINE#         527
  C:4CD5H         LINE#         528
  C:4CD5H         LINE#         529
  C:4CDAH         LINE#         530
  C:4CDCH         LINE#         531
  C:4CDCH         LINE#         532
  C:4CDCH         LINE#         534
  C:4CDEH         LINE#         535
  C:4CDEH         LINE#         539
  C:4CF6H         LINE#         540
  C:4CF8H         LINE#         541
  C:4CFBH         LINE#         542
  C:4CFBH         LINE#         544
  C:4CFDH         LINE#         545
BL51 BANKED LINKER/LOCATER V6.22                                                      10/26/2015  17:20:14  PAGE 17


  C:4CFDH         LINE#         549
  C:4D0AH         LINE#         550
  C:4D0FH         LINE#         551
  C:4D11H         LINE#         552
  C:4D11H         LINE#         553
  C:4D13H         LINE#         554
  C:4D13H         LINE#         555
  C:4D1AH         LINE#         556
  C:4D1DH         LINE#         557
  C:4D1DH         LINE#         559
  C:4D1FH         LINE#         560
  C:4D1FH         LINE#         564
  C:4D26H         LINE#         565
  C:4D28H         LINE#         566
  C:4D2BH         LINE#         567
  C:4D38H         LINE#         569
  C:4D38H         LINE#         570
  C:4D38H         LINE#         571
  C:4D38H         LINE#         572
  C:4D38H         LINE#         573
  C:4D3FH         LINE#         574
  C:4D47H         LINE#         575
  -------         ENDPROC       _FUN_SJ
  -------         PROC          _FUN_HZ
  X:034AH         SYMBOL        par_model
  C:4A90H         LINE#         576
  C:4A95H         LINE#         577
  C:4AA0H         LINE#         579
  C:4AA2H         LINE#         580
  C:4ABDH         LINE#         581
  C:4ABDH         LINE#         585
  C:4ACCH         LINE#         586
  C:4ACCH         LINE#         587
  C:4AD3H         LINE#         588
  C:4AD6H         LINE#         589
  C:4AD9H         LINE#         590
  C:4ADCH         LINE#         591
  C:4ADFH         LINE#         592
  C:4ADFH         LINE#         593
  C:4AE2H         LINE#         594
  C:4AE2H         LINE#         595
  C:4AE9H         LINE#         596
  C:4AECH         LINE#         597
  C:4AEFH         LINE#         598
  C:4AEFH         LINE#         599
  C:4AF2H         LINE#         600
  C:4AF2H         LINE#         601
  C:4AF9H         LINE#         602
  C:4AFCH         LINE#         603
  C:4AFFH         LINE#         604
  C:4AFFH         LINE#         605
  C:4B02H         LINE#         606
  C:4B02H         LINE#         607
  C:4B02H         LINE#         608
  C:4B02H         LINE#         610
  C:4B02H         LINE#         611
  C:4B02H         LINE#         615
BL51 BANKED LINKER/LOCATER V6.22                                                      10/26/2015  17:20:14  PAGE 18


  C:4B14H         LINE#         616
  C:4B14H         LINE#         617
  C:4B1BH         LINE#         618
  C:4B1EH         LINE#         619
  C:4B21H         LINE#         620
  C:4B24H         LINE#         621
  C:4B27H         LINE#         622
  C:4B27H         LINE#         623
  C:4B2AH         LINE#         624
  C:4B2AH         LINE#         625
  C:4B31H         LINE#         626
  C:4B34H         LINE#         627
  C:4B37H         LINE#         628
  C:4B37H         LINE#         629
  C:4B3AH         LINE#         630
  C:4B3AH         LINE#         631
  C:4B41H         LINE#         632
  C:4B44H         LINE#         633
  C:4B47H         LINE#         634
  C:4B47H         LINE#         635
  C:4B4AH         LINE#         636
  C:4B4AH         LINE#         637
  C:4B4AH         LINE#         638
  C:4B4AH         LINE#         640
  C:4B4AH         LINE#         641
  C:4B4AH         LINE#         645
  C:4B5DH         LINE#         646
  C:4B5DH         LINE#         647
  C:4B64H         LINE#         648
  C:4B67H         LINE#         649
  C:4B6AH         LINE#         650
  C:4B6AH         LINE#         651
  C:4B6DH         LINE#         652
  C:4B6DH         LINE#         653
  C:4B74H         LINE#         654
  C:4B77H         LINE#         655
  C:4B7AH         LINE#         656
  C:4B7AH         LINE#         657
  C:4B7CH         LINE#         658
  C:4B7CH         LINE#         659
  C:4B83H         LINE#         660
  C:4B86H         LINE#         661
  C:4B89H         LINE#         662
  C:4B8CH         LINE#         663
  C:4B8FH         LINE#         664
  C:4B8FH         LINE#         665
  C:4B91H         LINE#         666
  C:4B91H         LINE#         667
  C:4B91H         LINE#         668
  C:4B91H         LINE#         670
  C:4B91H         LINE#         671
  C:4B91H         LINE#         675
  C:4BA0H         LINE#         676
  C:4BA0H         LINE#         677
  C:4BA7H         LINE#         678
  C:4BAAH         LINE#         679
  C:4BADH         LINE#         680
BL51 BANKED LINKER/LOCATER V6.22                                                      10/26/2015  17:20:14  PAGE 19


  C:4BADH         LINE#         681
  C:4BAFH         LINE#         682
  C:4BAFH         LINE#         683
  C:4BB6H         LINE#         684
  C:4BB9H         LINE#         685
  C:4BBCH         LINE#         686
  C:4BBCH         LINE#         687
  C:4BBEH         LINE#         688
  C:4BBEH         LINE#         689
  C:4BC5H         LINE#         690
  C:4BC8H         LINE#         691
  C:4BCBH         LINE#         692
  C:4BCEH         LINE#         693
  C:4BD1H         LINE#         694
  C:4BDEH         LINE#         695
  C:4BDEH         LINE#         696
  C:4BDEH         LINE#         697
  C:4BDEH         LINE#         698
  C:4BDEH         LINE#         700
  C:4BDEH         LINE#         701
  C:4BDEH         LINE#         702
  C:4BDEH         LINE#         703
  C:4BDEH         LINE#         704
  C:4BE5H         LINE#         705
  C:4BEDH         LINE#         706
  -------         ENDPROC       _FUN_HZ
  C:4D48H         SYMBOL        L?1322
  -------         PROC          L?1321
  -------         ENDPROC       L?1321
  C:4D48H         SYMBOL        L?1322
  -------         PROC          _FUN_PYHZ
  X:0343H         SYMBOL        par_pymodel
  X:0344H         SYMBOL        par_hzmodel
  C:4D4CH         LINE#         707
  C:4D54H         LINE#         708
  C:4D62H         LINE#         709
  C:4D62H         LINE#         710
  C:4D71H         LINE#         711
  C:4D71H         LINE#         712
  C:4D71H         LINE#         713
  C:4D73H         LINE#         714
  C:4D73H         LINE#         715
  C:4D73H         LINE#         716
  C:4D75H         LINE#         717
  C:4D75H         LINE#         718
  C:4D75H         LINE#         719
  C:4D77H         LINE#         720
  C:4D77H         LINE#         721
  C:4D77H         LINE#         722
  C:4D77H         LINE#         723
  C:4D77H         LINE#         724
  C:4D77H         LINE#         725
  C:4D85H         LINE#         726
  C:4D85H         LINE#         727
  C:4D85H         LINE#         728
  C:4D87H         LINE#         729
  C:4D87H         LINE#         730
BL51 BANKED LINKER/LOCATER V6.22                                                      10/26/2015  17:20:14  PAGE 20


  C:4D87H         LINE#         731
  C:4D89H         LINE#         732
  C:4D89H         LINE#         733
  C:4D89H         LINE#         734
  C:4D8BH         LINE#         735
  C:4D8BH         LINE#         736
  C:4D8BH         LINE#         737
  C:4D8BH         LINE#         738
  C:4D8BH         LINE#         739
  C:4D8BH         LINE#         740
  C:4D9AH         LINE#         741
  C:4D9AH         LINE#         742
  C:4D9AH         LINE#         743
  C:4D9CH         LINE#         744
  C:4D9CH         LINE#         745
  C:4D9CH         LINE#         746
  C:4D9EH         LINE#         747
  C:4D9EH         LINE#         748
  C:4D9EH         LINE#         749
  C:4DA0H         LINE#         750
  C:4DA0H         LINE#         751
  C:4DA0H         LINE#         752
  C:4DA0H         LINE#         753
  C:4DA0H         LINE#         754
  C:4DA0H         LINE#         755
  C:4DAFH         LINE#         756
  C:4DAFH         LINE#         757
  C:4DB1H         LINE#         758
  C:4DB3H         LINE#         759
  C:4DB3H         LINE#         760
  C:4DB5H         LINE#         761
  C:4DB7H         LINE#         762
  C:4DB7H         LINE#         763
  C:4DBEH         LINE#         764
  C:4DBEH         LINE#         765
  C:4DBEH         LINE#         766
  C:4DBEH         LINE#         767
  C:4DBEH         LINE#         768
  C:4DBEH         LINE#         769
  C:4DBEH         LINE#         770
  C:4DBEH         LINE#         771
  C:4DBEH         LINE#         772
  C:4DC6H         LINE#         773
  C:4DC8H         LINE#         774
  C:4DCBH         LINE#         775
  C:4DE0H         LINE#         776
  C:4DE0H         LINE#         777
  C:4DF2H         LINE#         778
  C:4DF2H         LINE#         779
  C:4DF5H         LINE#         780
  C:4DF8H         LINE#         781
  C:4DFBH         LINE#         782
  C:4DFBH         LINE#         783
  C:4DFDH         LINE#         784
  C:4DFDH         LINE#         785
  C:4E00H         LINE#         786
  C:4E00H         LINE#         787
BL51 BANKED LINKER/LOCATER V6.22                                                      10/26/2015  17:20:14  PAGE 21


  C:4E02H         LINE#         788
  C:4E02H         LINE#         789
  C:4E05H         LINE#         790
  C:4E05H         LINE#         791
  C:4E07H         LINE#         792
  C:4E07H         LINE#         793
  C:4E07H         LINE#         794
  C:4E07H         LINE#         795
  C:4E07H         LINE#         796
  C:4E07H         LINE#         797
  C:4E16H         LINE#         798
  C:4E16H         LINE#         799
  C:4E19H         LINE#         800
  C:4E1CH         LINE#         801
  C:4E1FH         LINE#         802
  C:4E1FH         LINE#         803
  C:4E21H         LINE#         804
  C:4E21H         LINE#         805
  C:4E24H         LINE#         806
  C:4E24H         LINE#         807
  C:4E26H         LINE#         808
  C:4E26H         LINE#         809
  C:4E29H         LINE#         810
  C:4E29H         LINE#         811
  C:4E2BH         LINE#         812
  C:4E2BH         LINE#         813
  C:4E2BH         LINE#         814
  C:4E2BH         LINE#         815
  C:4E2BH         LINE#         816
  C:4E2BH         LINE#         817
  C:4E3BH         LINE#         818
  C:4E3BH         LINE#         819
  C:4E3EH         LINE#         820
  C:4E3EH         LINE#         821
  C:4E40H         LINE#         822
  C:4E40H         LINE#         823
  C:4E43H         LINE#         824
  C:4E43H         LINE#         825
  C:4E45H         LINE#         826
  C:4E45H         LINE#         827
  C:4E48H         LINE#         828
  C:4E4BH         LINE#         829
  C:4E4EH         LINE#         830
  C:4E4EH         LINE#         831
  C:4E50H         LINE#         832
  C:4E50H         LINE#         833
  C:4E50H         LINE#         834
  C:4E50H         LINE#         835
  C:4E50H         LINE#         836
  C:4E50H         LINE#         837
  C:4E5FH         LINE#         838
  C:4E5FH         LINE#         839
  C:4E62H         LINE#         840
  C:4E62H         LINE#         841
  C:4E64H         LINE#         842
  C:4E64H         LINE#         843
  C:4E67H         LINE#         844
BL51 BANKED LINKER/LOCATER V6.22                                                      10/26/2015  17:20:14  PAGE 22


  C:4E67H         LINE#         845
  C:4E69H         LINE#         846
  C:4E69H         LINE#         847
  C:4E6CH         LINE#         848
  C:4E6FH         LINE#         849
  C:4E72H         LINE#         850
  C:4E7FH         LINE#         851
  C:4E7FH         LINE#         852
  C:4E7FH         LINE#         853
  C:4E7FH         LINE#         854
  C:4E7FH         LINE#         855
  C:4E7FH         LINE#         856
  C:4E7FH         LINE#         857
  C:4E7FH         LINE#         858
  C:4E7FH         LINE#         859
  C:4E86H         LINE#         860
  C:4E8EH         LINE#         861
  -------         ENDPROC       _FUN_PYHZ
  -------         PROC          _FUN_SJHZ
  X:0321H         SYMBOL        par_sjmodel
  X:0322H         SYMBOL        par_hzmodel
  -------         DO            
  X:0323H         SYMBOL        loc_sjdelay
  X:0327H         SYMBOL        loc_hzdelay
  X:032BH         SYMBOL        loc_sjcgq
  X:032CH         SYMBOL        loc_hzcgq
  X:032DH         SYMBOL        loc_hzflag
  -------         ENDDO         
  C:3806H         LINE#         862
  C:380FH         LINE#         863
  C:3817H         LINE#         864
  C:3821H         LINE#         865
  C:3826H         LINE#         866
  C:3828H         LINE#         867
  C:382AH         LINE#         868
  C:3835H         LINE#         869
  C:3847H         LINE#         870
  C:3847H         LINE#         871
  C:3853H         LINE#         872
  C:3853H         LINE#         873
  C:3853H         LINE#         874
  C:3853H         LINE#         875
  C:3855H         LINE#         876
  C:3855H         LINE#         877
  C:3855H         LINE#         878
  C:3855H         LINE#         879
  C:3857H         LINE#         880
  C:3857H         LINE#         881
  C:3857H         LINE#         882
  C:3857H         LINE#         883
  C:3859H         LINE#         884
  C:3859H         LINE#         885
  C:3859H         LINE#         886
  C:3859H         LINE#         887
  C:3859H         LINE#         888
  C:3859H         LINE#         889
  C:3868H         LINE#         890
BL51 BANKED LINKER/LOCATER V6.22                                                      10/26/2015  17:20:14  PAGE 23


  C:3868H         LINE#         891
  C:3868H         LINE#         892
  C:3868H         LINE#         893
  C:386AH         LINE#         894
  C:386AH         LINE#         895
  C:386AH         LINE#         896
  C:386AH         LINE#         897
  C:386CH         LINE#         898
  C:386CH         LINE#         899
  C:386CH         LINE#         900
  C:386CH         LINE#         901
  C:386EH         LINE#         902
  C:386EH         LINE#         903
  C:386EH         LINE#         904
  C:386EH         LINE#         905
  C:386EH         LINE#         906
  C:386EH         LINE#         907
  C:387EH         LINE#         908
  C:387EH         LINE#         909
  C:387EH         LINE#         910
  C:387EH         LINE#         911
  C:3880H         LINE#         912
  C:3880H         LINE#         913
  C:3880H         LINE#         914
  C:3880H         LINE#         915
  C:3882H         LINE#         916
  C:3882H         LINE#         917
  C:3884H         LINE#         918
  C:3884H         LINE#         919
  C:3886H         LINE#         920
  C:3886H         LINE#         921
  C:3886H         LINE#         922
  C:3886H         LINE#         923
  C:3886H         LINE#         924
  C:3886H         LINE#         925
  C:3895H         LINE#         926
  C:3895H         LINE#         927
  C:3897H         LINE#         928
  C:3897H         LINE#         929
  C:3899H         LINE#         930
  C:3899H         LINE#         931
  C:38A0H         LINE#         932
  C:38A6H         LINE#         933
  C:38A8H         LINE#         934
  C:38A8H         LINE#         935
  C:38AFH         LINE#         936
  C:38B5H         LINE#         937
  C:38B5H         LINE#         938
  C:38B5H         LINE#         939
  C:38B5H         LINE#         940
  C:38B5H         LINE#         941
  C:38B5H         LINE#         942
  C:38B5H         LINE#         943
  C:38B5H         LINE#         944
  C:38B5H         LINE#         945
  C:38CDH         LINE#         946
  C:38CDH         LINE#         947
BL51 BANKED LINKER/LOCATER V6.22                                                      10/26/2015  17:20:14  PAGE 24


  C:38DAH         LINE#         948
  C:38EAH         LINE#         949
  C:38EDH         LINE#         950
  C:38F0H         LINE#         951
  C:38FFH         LINE#         952
  C:390BH         LINE#         953
  C:3942H         LINE#         954
  C:3942H         LINE#         955
  C:3944H         LINE#         956
  C:394DH         LINE#         957
  C:3953H         LINE#         958
  C:3953H         LINE#         959
  C:3953H         LINE#         960
  C:3953H         LINE#         961
  C:3956H         LINE#         962
  C:3956H         LINE#         963
  C:3958H         LINE#         964
  C:3961H         LINE#         965
  C:396FH         LINE#         966
  C:396FH         LINE#         967
  C:396FH         LINE#         968
  C:396FH         LINE#         969
  C:3971H         LINE#         970
  C:3971H         LINE#         971
  C:3973H         LINE#         972
  C:397CH         LINE#         973
  C:3982H         LINE#         974
  C:3982H         LINE#         975
  C:3982H         LINE#         976
  C:3982H         LINE#         977
  C:3984H         LINE#         978
  C:3984H         LINE#         979
  C:3986H         LINE#         980
  C:398FH         LINE#         981
  C:3998H         LINE#         982
  C:3998H         LINE#         983
  C:3998H         LINE#         984
  C:3998H         LINE#         985
  C:399AH         LINE#         986
  C:399AH         LINE#         987
  C:399CH         LINE#         988
  C:39A5H         LINE#         989
  C:39ABH         LINE#         990
  C:39ABH         LINE#         991
  C:39ABH         LINE#         992
  C:39ABH         LINE#         993
  C:39ADH         LINE#         994
  C:39ADH         LINE#         995
  C:39AFH         LINE#         996
  C:39B8H         LINE#         997
  C:39C1H         LINE#         998
  C:39C1H         LINE#         999
  C:39C1H         LINE#         1000
  C:39C1H         LINE#         1001
  C:39C3H         LINE#         1002
  C:39C3H         LINE#         1003
  C:39C5H         LINE#         1004
BL51 BANKED LINKER/LOCATER V6.22                                                      10/26/2015  17:20:14  PAGE 25


  C:39CEH         LINE#         1005
  C:39D4H         LINE#         1006
  C:39D4H         LINE#         1007
  C:39D4H         LINE#         1008
  C:39D4H         LINE#         1009
  C:39D6H         LINE#         1010
  C:39D6H         LINE#         1011
  C:39D8H         LINE#         1012
  C:39E1H         LINE#         1013
  C:39ECH         LINE#         1014
  C:39EFH         LINE#         1015
  C:39EFH         LINE#         1016
  C:39EFH         LINE#         1017
  C:39F1H         LINE#         1018
  C:39F1H         LINE#         1019
  C:39F3H         LINE#         1020
  C:39FCH         LINE#         1021
  C:39FFH         LINE#         1022
  C:3A1DH         LINE#         1023
  C:3A23H         LINE#         1024
  C:3A23H         LINE#         1025
  C:3A25H         LINE#         1026
  C:3A25H         LINE#         1027
  C:3A25H         LINE#         1028
  C:3A25H         LINE#         1029
  C:3A25H         LINE#         1030
  C:3A29H         LINE#         1031
  C:3A45H         LINE#         1032
  C:3A4CH         LINE#         1033
  C:3A51H         LINE#         1034
  C:3A59H         LINE#         1035
  C:3A59H         LINE#         1036
  C:3A59H         LINE#         1037
  C:3A78H         LINE#         1038
  C:3A7EH         LINE#         1039
  C:3A80H         LINE#         1040
  C:3A89H         LINE#         1041
  C:3A8CH         LINE#         1042
  C:3A90H         LINE#         1043
  C:3A93H         LINE#         1044
  C:3A9EH         LINE#         1045
  C:3AA4H         LINE#         1046
  C:3AA7H         LINE#         1047
  C:3AA7H         LINE#         1048
  C:3AAAH         LINE#         1049
  C:3AAAH         LINE#         1050
  C:3AB1H         LINE#         1051
  C:3ABBH         LINE#         1052
  C:3AC3H         LINE#         1053
  C:3AC3H         LINE#         1054
  C:3AC3H         LINE#         1055
  C:3AC6H         LINE#         1056
  -------         ENDPROC       _FUN_SJHZ
  -------         PROC          _FUN_PYSJHZ
  X:0313H         SYMBOL        par_pymodel
  X:0314H         SYMBOL        par_sjmodel
  X:0315H         SYMBOL        par_hzmodel
BL51 BANKED LINKER/LOCATER V6.22                                                      10/26/2015  17:20:14  PAGE 26


  -------         DO            
  X:0316H         SYMBOL        loc_sjdelay
  X:031AH         SYMBOL        loc_hzdelay
  X:031EH         SYMBOL        loc_sjcgq
  X:031FH         SYMBOL        loc_hzcgq
  X:0320H         SYMBOL        loc_hzflag
  B:0022H.0       SYMBOL        loc_pyflag
  -------         ENDDO         
  C:30F2H         LINE#         1057
  C:30FDH         LINE#         1058
  C:3105H         LINE#         1059
  C:310FH         LINE#         1060
  C:3114H         LINE#         1061
  C:3116H         LINE#         1062
  C:3118H         LINE#         1063
  C:311AH         LINE#         1064
  C:3125H         LINE#         1065
  C:3137H         LINE#         1066
  C:3137H         LINE#         1067
  C:3143H         LINE#         1068
  C:3143H         LINE#         1069
  C:3143H         LINE#         1070
  C:3143H         LINE#         1071
  C:3145H         LINE#         1072
  C:3145H         LINE#         1073
  C:3145H         LINE#         1074
  C:3145H         LINE#         1075
  C:3147H         LINE#         1076
  C:3147H         LINE#         1077
  C:3147H         LINE#         1078
  C:3147H         LINE#         1079
  C:3149H         LINE#         1080
  C:3149H         LINE#         1081
  C:3149H         LINE#         1082
  C:3149H         LINE#         1083
  C:3149H         LINE#         1084
  C:3149H         LINE#         1085
  C:3158H         LINE#         1086
  C:3158H         LINE#         1087
  C:3158H         LINE#         1088
  C:3158H         LINE#         1089
  C:315AH         LINE#         1090
  C:315AH         LINE#         1091
  C:315AH         LINE#         1092
  C:315AH         LINE#         1093
  C:315CH         LINE#         1094
  C:315CH         LINE#         1095
  C:315CH         LINE#         1096
  C:315CH         LINE#         1097
  C:315EH         LINE#         1098
  C:315EH         LINE#         1099
  C:315EH         LINE#         1100
  C:315EH         LINE#         1101
  C:315EH         LINE#         1102
  C:315EH         LINE#         1103
  C:316EH         LINE#         1104
  C:316EH         LINE#         1105
BL51 BANKED LINKER/LOCATER V6.22                                                      10/26/2015  17:20:14  PAGE 27


  C:316EH         LINE#         1106
  C:316EH         LINE#         1107
  C:3170H         LINE#         1108
  C:3170H         LINE#         1109
  C:3170H         LINE#         1110
  C:3170H         LINE#         1111
  C:3172H         LINE#         1112
  C:3172H         LINE#         1113
  C:3174H         LINE#         1114
  C:3174H         LINE#         1115
  C:3176H         LINE#         1116
  C:3176H         LINE#         1117
  C:3176H         LINE#         1118
  C:3176H         LINE#         1119
  C:3176H         LINE#         1120
  C:3176H         LINE#         1121
  C:3185H         LINE#         1122
  C:3185H         LINE#         1123
  C:3187H         LINE#         1124
  C:3187H         LINE#         1125
  C:3189H         LINE#         1126
  C:3189H         LINE#         1127
  C:3190H         LINE#         1128
  C:3196H         LINE#         1129
  C:3198H         LINE#         1130
  C:3198H         LINE#         1131
  C:319FH         LINE#         1132
  C:31A5H         LINE#         1133
  C:31A5H         LINE#         1134
  C:31A5H         LINE#         1135
  C:31A5H         LINE#         1136
  C:31A5H         LINE#         1137
  C:31A5H         LINE#         1138
  C:31A5H         LINE#         1139
  C:31A5H         LINE#         1140
  C:31A5H         LINE#         1141
  C:31BDH         LINE#         1142
  C:31BDH         LINE#         1143
  C:31CAH         LINE#         1144
  C:31DAH         LINE#         1145
  C:31DDH         LINE#         1146
  C:31E0H         LINE#         1147
  C:31F5H         LINE#         1148
  C:3219H         LINE#         1149
  C:3219H         LINE#         1150
  C:3250H         LINE#         1151
  C:3250H         LINE#         1152
  C:3252H         LINE#         1153
  C:325BH         LINE#         1154
  C:3261H         LINE#         1155
  C:3261H         LINE#         1156
  C:3261H         LINE#         1157
  C:3261H         LINE#         1158
  C:3264H         LINE#         1159
  C:3264H         LINE#         1160
  C:3266H         LINE#         1161
  C:326FH         LINE#         1162
BL51 BANKED LINKER/LOCATER V6.22                                                      10/26/2015  17:20:14  PAGE 28


  C:327DH         LINE#         1163
  C:327DH         LINE#         1164
  C:327DH         LINE#         1165
  C:327DH         LINE#         1166
  C:3280H         LINE#         1167
  C:3280H         LINE#         1168
  C:3282H         LINE#         1169
  C:328BH         LINE#         1170
  C:3291H         LINE#         1171
  C:3291H         LINE#         1172
  C:3291H         LINE#         1173
  C:3291H         LINE#         1174
  C:3294H         LINE#         1175
  C:3294H         LINE#         1176
  C:3296H         LINE#         1177
  C:329FH         LINE#         1178
  C:32A8H         LINE#         1179
  C:32A8H         LINE#         1180
  C:32A8H         LINE#         1181
  C:32A8H         LINE#         1182
  C:32AAH         LINE#         1183
  C:32AAH         LINE#         1184
  C:32ACH         LINE#         1185
  C:32B5H         LINE#         1186
  C:32BBH         LINE#         1187
  C:32BBH         LINE#         1188
  C:32BBH         LINE#         1189
  C:32BBH         LINE#         1190
  C:32BDH         LINE#         1191
  C:32BDH         LINE#         1192
  C:32BFH         LINE#         1193
  C:32C8H         LINE#         1194
  C:32D1H         LINE#         1195
  C:32D1H         LINE#         1196
  C:32D1H         LINE#         1197
  C:32D1H         LINE#         1198
  C:32D3H         LINE#         1199
  C:32D3H         LINE#         1200
  C:32D5H         LINE#         1201
  C:32DEH         LINE#         1202
  C:32E4H         LINE#         1203
  C:32E4H         LINE#         1204
  C:32E4H         LINE#         1205
  C:32E4H         LINE#         1206
  C:32E6H         LINE#         1207
  C:32E6H         LINE#         1208
  C:32E8H         LINE#         1209
  C:32F1H         LINE#         1210
  C:32FFH         LINE#         1211
  C:3302H         LINE#         1212
  C:3302H         LINE#         1213
  C:3302H         LINE#         1214
  C:3304H         LINE#         1215
  C:3304H         LINE#         1216
  C:3306H         LINE#         1217
  C:330FH         LINE#         1218
  C:3315H         LINE#         1219
BL51 BANKED LINKER/LOCATER V6.22                                                      10/26/2015  17:20:14  PAGE 29


  C:3333H         LINE#         1220
  C:3339H         LINE#         1221
  C:3339H         LINE#         1222
  C:333CH         LINE#         1223
  C:333CH         LINE#         1224
  C:333CH         LINE#         1225
  C:333CH         LINE#         1226
  C:333CH         LINE#         1227
  C:333CH         LINE#         1228
  C:335BH         LINE#         1229
  C:3362H         LINE#         1230
  C:3367H         LINE#         1231
  C:336AH         LINE#         1232
  C:3372H         LINE#         1233
  C:3372H         LINE#         1234
  C:3375H         LINE#         1235
  C:3375H         LINE#         1236
  C:337CH         LINE#         1237
  C:3380H         LINE#         1238
  C:3387H         LINE#         1239
  C:338EH         LINE#         1240
  C:3394H         LINE#         1241
  C:3397H         LINE#         1242
  C:3397H         LINE#         1243
  C:33A2H         LINE#         1244
  C:33BDH         LINE#         1245
  C:33C3H         LINE#         1246
  C:33C3H         LINE#         1247
  C:33CBH         LINE#         1248
  C:33E6H         LINE#         1249
  C:33ECH         LINE#         1250
  C:33ECH         LINE#         1251
  C:33EEH         LINE#         1252
  C:33EEH         LINE#         1253
  C:340AH         LINE#         1254
  C:3411H         LINE#         1255
  C:3416H         LINE#         1256
  C:341EH         LINE#         1257
  C:341EH         LINE#         1258
  C:341EH         LINE#         1259
  C:341EH         LINE#         1260
  C:341EH         LINE#         1261
  C:341EH         LINE#         1262
  C:343DH         LINE#         1263
  C:3443H         LINE#         1264
  C:3445H         LINE#         1265
  C:344EH         LINE#         1266
  C:3451H         LINE#         1267
  C:3455H         LINE#         1268
  C:3458H         LINE#         1269
  C:3463H         LINE#         1270
  C:3469H         LINE#         1271
  C:346CH         LINE#         1272
  C:346CH         LINE#         1273
  C:346FH         LINE#         1274
  C:346FH         LINE#         1275
  C:3476H         LINE#         1276
BL51 BANKED LINKER/LOCATER V6.22                                                      10/26/2015  17:20:14  PAGE 30


  C:3480H         LINE#         1277
  C:3488H         LINE#         1278
  C:3488H         LINE#         1279
  C:3488H         LINE#         1280
  C:348BH         LINE#         1281
  -------         ENDPROC       _FUN_PYSJHZ
  -------         PROC          FUN_JTJP
  C:5319H         LINE#         1282
  C:5319H         LINE#         1283
  C:5319H         LINE#         1284
  C:5337H         LINE#         1285
  C:5340H         LINE#         1286
  C:5347H         LINE#         1288
  C:5347H         LINE#         1289
  C:534AH         LINE#         1290
  C:5351H         LINE#         1291
  C:5353H         LINE#         1292
  C:5355H         LINE#         1293
  C:5358H         LINE#         1294
  C:535FH         LINE#         1295
  C:5366H         LINE#         1296
  C:5366H         LINE#         1297
  C:536CH         LINE#         1298
  C:5373H         LINE#         1299
  C:5375H         LINE#         1300
  C:5377H         LINE#         1301
  C:537DH         LINE#         1302
  C:5384H         LINE#         1303
  C:538BH         LINE#         1304
  C:538BH         LINE#         1305
  C:5391H         LINE#         1306
  C:5398H         LINE#         1307
  C:539AH         LINE#         1308
  C:539CH         LINE#         1309
  C:53A2H         LINE#         1310
  C:53A9H         LINE#         1311
  C:53B0H         LINE#         1312
  C:53B0H         LINE#         1313
  C:53B9H         LINE#         1314
  -------         ENDPROC       FUN_JTJP
  -------         PROC          FUN_TIMERMOVE
  -------         DO            
  D:001BH         SYMBOL        loc_con
  D:0017H         SYMBOL        loc_sdl
  D:0019H         SYMBOL        loc_sdr
  -------         ENDDO         
  C:2718H         LINE#         1316
  C:2718H         LINE#         1319
  C:273DH         LINE#         1320
  C:273DH         LINE#         1321
  C:2745H         LINE#         1322
  C:274BH         LINE#         1323
  C:275AH         LINE#         1324
  C:2768H         LINE#         1325
  C:2769H         LINE#         1326
  C:2769H         LINE#         1327
  C:277FH         LINE#         1328
BL51 BANKED LINKER/LOCATER V6.22                                                      10/26/2015  17:20:14  PAGE 31


  C:2797H         LINE#         1329
  C:279DH         LINE#         1330
  C:27A5H         LINE#         1331
  C:27A8H         LINE#         1332
  C:27AFH         LINE#         1333
  C:27B2H         LINE#         1334
  C:27C5H         LINE#         1335
  C:27C5H         LINE#         1336
  C:27C5H         LINE#         1338
  C:27D5H         LINE#         1339
  C:27DBH         LINE#         1340
  C:27F6H         LINE#         1341
  C:2811H         LINE#         1342
  C:2811H         LINE#         1343
  C:2817H         LINE#         1344
  C:2832H         LINE#         1345
  C:284DH         LINE#         1346
  C:284DH         LINE#         1347
  C:2853H         LINE#         1348
  C:2873H         LINE#         1349
  C:2893H         LINE#         1350
  C:2893H         LINE#         1351
  C:2899H         LINE#         1352
  C:28B9H         LINE#         1353
  C:28D9H         LINE#         1354
  C:28D9H         LINE#         1355
  C:28DFH         LINE#         1356
  C:28FFH         LINE#         1357
  C:291FH         LINE#         1358
  C:291FH         LINE#         1359
  C:2928H         LINE#         1360
  C:2948H         LINE#         1361
  C:2968H         LINE#         1362
  C:2968H         LINE#         1363
  C:2968H         LINE#         1364
  C:2968H         LINE#         1365
  C:2968H         LINE#         1366
  C:296BH         LINE#         1367
  C:296BH         LINE#         1368
  C:2975H         LINE#         1369
  C:297AH         LINE#         1370
  C:297AH         LINE#         1371
  C:297DH         LINE#         1372
  C:297DH         LINE#         1373
  C:2992H         LINE#         1374
  C:2992H         LINE#         1375
  C:29B5H         LINE#         1376
  C:29B5H         LINE#         1377
  C:29C3H         LINE#         1378
  C:29D2H         LINE#         1379
  C:29D2H         LINE#         1380
  C:29D4H         LINE#         1381
  C:29D4H         LINE#         1382
  C:29D7H         LINE#         1383
  C:29E5H         LINE#         1384
  C:29E8H         LINE#         1385
  C:29EAH         LINE#         1386
BL51 BANKED LINKER/LOCATER V6.22                                                      10/26/2015  17:20:14  PAGE 32


  C:29EAH         LINE#         1387
  C:29F8H         LINE#         1388
  C:2A0DH         LINE#         1389
  C:2A10H         LINE#         1390
  C:2A12H         LINE#         1391
  C:2A12H         LINE#         1392
  C:2A15H         LINE#         1393
  C:2A23H         LINE#         1394
  C:2A41H         LINE#         1395
  C:2A41H         LINE#         1396
  C:2A41H         LINE#         1397
  C:2A43H         LINE#         1398
  C:2A44H         LINE#         1399
  C:2A44H         LINE#         1400
  C:2A63H         LINE#         1401
  C:2A65H         LINE#         1402
  C:2A66H         LINE#         1403
  C:2A66H         LINE#         1404
  C:2A6FH         LINE#         1405
  C:2A6FH         LINE#         1406
  C:2A6FH         LINE#         1407
  C:2A6FH         LINE#         1408
  C:2A6FH         LINE#         1409
  C:2A6FH         LINE#         1410
  C:2A71H         LINE#         1411
  C:2A71H         LINE#         1412
  C:2A71H         LINE#         1413
  C:2A71H         LINE#         1414
  C:2A7CH         LINE#         1415
  C:2A7CH         LINE#         1416
  C:2AB5H         LINE#         1417
  C:2AB7H         LINE#         1418
  C:2AB8H         LINE#         1419
  C:2AB8H         LINE#         1420
  C:2AD4H         LINE#         1421
  C:2ADCH         LINE#         1422
  C:2AE6H         LINE#         1423
  C:2AF0H         LINE#         1424
  C:2AF3H         LINE#         1425
  C:2AF4H         LINE#         1426
  C:2AF4H         LINE#         1427
  C:2B04H         LINE#         1428
  C:2B0AH         LINE#         1429
  C:2B23H         LINE#         1430
  C:2B3DH         LINE#         1431
  C:2B3DH         LINE#         1432
  C:2B43H         LINE#         1433
  C:2B5DH         LINE#         1434
  C:2B76H         LINE#         1435
  C:2B76H         LINE#         1436
  C:2B7CH         LINE#         1437
  C:2B96H         LINE#         1438
  C:2BB0H         LINE#         1439
  C:2BB0H         LINE#         1440
  C:2BB6H         LINE#         1441
  C:2BD0H         LINE#         1442
  C:2BEAH         LINE#         1443
BL51 BANKED LINKER/LOCATER V6.22                                                      10/26/2015  17:20:14  PAGE 33


  C:2BEAH         LINE#         1444
  C:2BF0H         LINE#         1445
  C:2C09H         LINE#         1446
  C:2C23H         LINE#         1447
  C:2C23H         LINE#         1448
  C:2C29H         LINE#         1449
  C:2C43H         LINE#         1450
  C:2C5CH         LINE#         1451
  C:2C5CH         LINE#         1452
  C:2C65H         LINE#         1453
  C:2C6EH         LINE#         1454
  C:2C6EH         LINE#         1455
  C:2C6EH         LINE#         1456
  C:2C6EH         LINE#         1457
  C:2C6EH         LINE#         1458
  C:2C6EH         LINE#         1459
  C:2C6EH         LINE#         1460
  C:2C6EH         LINE#         1461
  -------         ENDPROC       FUN_TIMERMOVE
  -------         PROC          _FUN_FLSETTING
  X:02B9H         SYMBOL        par_gospeed
  X:02BAH         SYMBOL        par_turnspeed
  X:02BBH         SYMBOL        par_cachespeed
  -------         DO            
  X:02BCH         SYMBOL        ellipsis_40
  X:02E4H         SYMBOL        loc_argp
  D:0007H         SYMBOL        loc_step
  D:0006H         SYMBOL        loc_con
  -------         ENDDO         
  C:54D2H         LINE#         1462
  C:54DDH         LINE#         1464
  C:54DFH         LINE#         1466
  C:54EBH         LINE#         1467
  C:54EDH         LINE#         1468
  C:54F2H         LINE#         1469
  C:5501H         LINE#         1470
  C:5515H         LINE#         1471
  C:5517H         LINE#         1472
  C:5524H         LINE#         1475
  C:552AH         LINE#         1476
  C:5538H         LINE#         1477
  C:5540H         LINE#         1478
  C:5548H         LINE#         1479
  C:5550H         LINE#         1480
  C:5554H         LINE#         1481
  -------         ENDPROC       _FUN_FLSETTING
  -------         PROC          _FUN_FOLLINE
  D:0007H         SYMBOL        par_con
  X:0337H         SYMBOL        par_speed
  -------         DO            
  X:0338H         SYMBOL        loc_con
  X:0339H         SYMBOL        loc_sdr
  X:033AH         SYMBOL        loc_sdl
  X:033BH         SYMBOL        loc_online
  -------         ENDDO         
  C:45B9H         LINE#         1482
  C:45BEH         LINE#         1483
BL51 BANKED LINKER/LOCATER V6.22                                                      10/26/2015  17:20:14  PAGE 34


  C:45C1H         LINE#         1486
  C:45CAH         LINE#         1487
  C:45E2H         LINE#         1488
  C:45E8H         LINE#         1489
  C:45F2H         LINE#         1490
  C:45F4H         LINE#         1491
  C:45FBH         LINE#         1492
  C:45FEH         LINE#         1493
  C:4604H         LINE#         1494
  C:4606H         LINE#         1495
  C:4606H         LINE#         1497
  C:4612H         LINE#         1498
  C:4618H         LINE#         1499
  C:4624H         LINE#         1500
  C:463CH         LINE#         1501
  C:463CH         LINE#         1502
  C:4642H         LINE#         1503
  C:465AH         LINE#         1504
  C:4668H         LINE#         1505
  C:4668H         LINE#         1506
  C:466EH         LINE#         1507
  C:4680H         LINE#         1508
  C:469EH         LINE#         1509
  C:469EH         LINE#         1510
  C:46A4H         LINE#         1511
  C:46C2H         LINE#         1512
  C:46D4H         LINE#         1513
  C:46D4H         LINE#         1514
  C:46DAH         LINE#         1515
  C:46ECH         LINE#         1516
  C:470AH         LINE#         1517
  C:470AH         LINE#         1518
  C:4710H         LINE#         1519
  C:472EH         LINE#         1520
  C:4740H         LINE#         1521
  C:4740H         LINE#         1522
  C:474AH         LINE#         1523
  C:4754H         LINE#         1524
  C:4759H         LINE#         1525
  C:4759H         LINE#         1526
  C:475CH         LINE#         1527
  -------         ENDPROC       _FUN_FOLLINE
  -------         PROC          _FUN_TURN
  D:0007H         SYMBOL        par_model
  X:034BH         SYMBOL        par_speed
  C:5555H         LINE#         1529
  C:555AH         LINE#         1530
  C:556AH         LINE#         1531
  C:556AH         LINE#         1532
  C:5574H         LINE#         1533
  C:557AH         LINE#         1534
  C:557AH         LINE#         1535
  C:557CH         LINE#         1536
  C:557CH         LINE#         1537
  C:557FH         LINE#         1538
  C:5589H         LINE#         1539
  C:558CH         LINE#         1540
BL51 BANKED LINKER/LOCATER V6.22                                                      10/26/2015  17:20:14  PAGE 35


  C:558EH         LINE#         1541
  C:558EH         LINE#         1542
  C:5598H         LINE#         1543
  C:55A4H         LINE#         1544
  C:55A7H         LINE#         1545
  C:55A9H         LINE#         1546
  C:55A9H         LINE#         1547
  C:55ACH         LINE#         1548
  C:55B6H         LINE#         1549
  C:55C3H         LINE#         1550
  C:55C3H         LINE#         1551
  C:55C3H         LINE#         1552
  C:55C9H         LINE#         1553
  -------         ENDPROC       _FUN_TURN
  -------         PROC          _FUN_QC
  D:0007H         SYMBOL        par_time
  X:0340H         SYMBOL        par_speed
  -------         DO            
  X:0341H         SYMBOL        loc_sdr
  X:0342H         SYMBOL        loc_sdl
  -------         ENDDO         
  C:3D05H         LINE#         1555
  C:3D0AH         LINE#         1557
  C:3D27H         LINE#         1558
[...]
  C:4A38H         LINE#         2507
  C:4A3FH         LINE#         2508
  C:4A44H         LINE#         2509
  C:4A44H         LINE#         2510
  C:4A44H         LINE#         2511
  C:4A44H         LINE#         2512
  C:4A44H         LINE#         2513
  C:4A44H         LINE#         2514
  C:4A4CH         LINE#         2515
  C:4A5EH         LINE#         2516
  C:4A5EH         LINE#         2517
  C:4A5EH         LINE#         2518
  C:4A60H         LINE#         2519
  C:4A60H         LINE#         2520
  C:4A62H         LINE#         2521
  C:4A64H         LINE#         2522
  C:4A64H         LINE#         2523
  C:4A66H         LINE#         2524
  C:4A68H         LINE#         2525
  C:4A68H         LINE#         2526
  C:4A6AH         LINE#         2527
  C:4A6CH         LINE#         2528
  C:4A6CH         LINE#         2529
  C:4A6EH         LINE#         2530
  C:4A70H         LINE#         2531
  C:4A70H         LINE#         2532
  C:4A7BH         LINE#         2533
  C:4A7FH         LINE#         2534
  C:4A8AH         LINE#         2535
  C:4A8FH         LINE#         2536
  C:4A8FH         LINE#         2537
  C:4A8FH         LINE#         2538
  C:4A8FH         LINE#         2539
  -------         ENDPROC       _FUN_ZJZT
  -------         PROC          _FUN_NAJIAN
  X:032EH         SYMBOL        par_now
  X:032FH         SYMBOL        par_next
  X:0330H         SYMBOL        par_high
  X:0333H         SYMBOL        par_data
  -------         DO            
  X:0336H         SYMBOL        loc_high
  -------         ENDDO         
  C:10EEH         LINE#         2540
  C:10FFH         LINE#         2545
  C:114DH         LINE#         2547
  C:1162H         LINE#         2548
BL51 BANKED LINKER/LOCATER V6.22                                                      10/26/2015  17:20:14  PAGE 53


  C:116AH         LINE#         2549
  C:1192H         LINE#         2550
  C:119DH         LINE#         2551
  C:119DH         LINE#         2552
  C:119FH         LINE#         2553
  C:11BAH         LINE#         2554
  C:11C2H         LINE#         2555
  C:11F3H         LINE#         2556
  C:11FBH         LINE#         2557
  C:1255H         LINE#         2558
  C:1255H         LINE#         2560
  C:125FH         LINE#         2562
  C:127CH         LINE#         2564
  C:1281H         LINE#         2566
  C:12ADH         LINE#         2567
  C:12ADH         LINE#         2568
  C:12DEH         LINE#         2569
  C:12DEH         LINE#         2570
  C:12F4H         LINE#         2571
  C:12F7H         LINE#         2572
  C:12F7H         LINE#         2573
  C:12F7H         LINE#         2574
  C:12F9H         LINE#         2575
  C:12F9H         LINE#         2576
  C:1321H         LINE#         2577
  C:1324H         LINE#         2578
  C:1324H         LINE#         2579
  C:134CH         LINE#         2580
  C:134FH         LINE#         2581
  C:134FH         LINE#         2582
  C:134FH         LINE#         2583
  C:1351H         LINE#         2584
  C:1351H         LINE#         2585
  C:1379H         LINE#         2586
  C:137CH         LINE#         2587
  C:137CH         LINE#         2588
  C:13A4H         LINE#         2589
  C:13A7H         LINE#         2590
  C:13A7H         LINE#         2591
  C:13A7H         LINE#         2592
  C:13A7H         LINE#         2593
  C:13A7H         LINE#         2594
  C:13A7H         LINE#         2595
  C:13D3H         LINE#         2596
  C:13D3H         LINE#         2597
  C:13FAH         LINE#         2598
  C:13FDH         LINE#         2599
  C:13FDH         LINE#         2600
  C:1428H         LINE#         2601
  C:142BH         LINE#         2602
  C:142BH         LINE#         2603
  C:1453H         LINE#         2604
  C:1456H         LINE#         2605
  C:1456H         LINE#         2606
  C:147EH         LINE#         2607
  C:1481H         LINE#         2608
  C:1481H         LINE#         2609
BL51 BANKED LINKER/LOCATER V6.22                                                      10/26/2015  17:20:14  PAGE 54


  C:14ACH         LINE#         2610
  C:14AFH         LINE#         2611
  C:14AFH         LINE#         2612
  C:14DAH         LINE#         2613
  C:14DDH         LINE#         2614
  C:14DDH         LINE#         2615
  C:1505H         LINE#         2616
  C:1508H         LINE#         2617
  C:1508H         LINE#         2618
  C:1508H         LINE#         2619
  C:1508H         LINE#         2620
  C:1508H         LINE#         2621
  C:1508H         LINE#         2622
  C:1534H         LINE#         2623
  C:1534H         LINE#         2624
  C:1534H         LINE#         2625
  C:1537H         LINE#         2626
  C:1537H         LINE#         2627
  C:1562H         LINE#         2628
  C:1565H         LINE#         2629
  C:1565H         LINE#         2630
  C:1590H         LINE#         2631
  C:1593H         LINE#         2632
  C:1593H         LINE#         2633
  C:15BBH         LINE#         2634
  C:15BEH         LINE#         2635
  C:15BEH         LINE#         2636
  C:15E9H         LINE#         2637
  C:15ECH         LINE#         2638
  C:15ECH         LINE#         2639
  C:1617H         LINE#         2640
  C:161AH         LINE#         2641
  C:161AH         LINE#         2642
  C:1642H         LINE#         2643
  C:1645H         LINE#         2644
  C:1645H         LINE#         2645
  C:1645H         LINE#         2646
  C:1645H         LINE#         2647
  C:1645H         LINE#         2648
  C:1645H         LINE#         2649
  C:1671H         LINE#         2650
  C:1671H         LINE#         2651
  C:1699H         LINE#         2652
  C:169CH         LINE#         2653
  C:169CH         LINE#         2654
  C:16C4H         LINE#         2655
  C:16C7H         LINE#         2656
  C:16C7H         LINE#         2657
  C:16F2H         LINE#         2658
  C:16F5H         LINE#         2659
  C:16F5H         LINE#         2660
  C:1727H         LINE#         2661
  C:172AH         LINE#         2662
  C:172AH         LINE#         2663
  C:1752H         LINE#         2664
  C:1755H         LINE#         2665
  C:1755H         LINE#         2666
BL51 BANKED LINKER/LOCATER V6.22                                                      10/26/2015  17:20:14  PAGE 55


  C:177DH         LINE#         2667
  C:1780H         LINE#         2668
  C:1780H         LINE#         2669
  C:17B2H         LINE#         2670
  C:17B5H         LINE#         2671
  C:17B5H         LINE#         2672
  C:17B5H         LINE#         2673
  C:17B5H         LINE#         2674
  C:17B5H         LINE#         2675
  C:17B5H         LINE#         2676
  C:17E1H         LINE#         2677
  C:17E1H         LINE#         2678
  C:1809H         LINE#         2679
  C:180CH         LINE#         2680
  C:180CH         LINE#         2681
  C:1834H         LINE#         2682
  C:1837H         LINE#         2683
  C:1837H         LINE#         2684
  C:185FH         LINE#         2685
  C:1862H         LINE#         2686
  C:1862H         LINE#         2687
  C:1894H         LINE#         2688
  C:1897H         LINE#         2689
  C:1897H         LINE#         2690
  C:18C2H         LINE#         2691
  C:18C5H         LINE#         2692
  C:18C5H         LINE#         2693
  C:18EDH         LINE#         2694
  C:18F0H         LINE#         2695
  C:18F0H         LINE#         2696
  C:1922H         LINE#         2697
  C:1925H         LINE#         2698
  C:1925H         LINE#         2699
  C:1925H         LINE#         2700
  C:1925H         LINE#         2701
  C:1925H         LINE#         2702
  C:1925H         LINE#         2703
  C:1951H         LINE#         2704
  C:1951H         LINE#         2705
  C:1951H         LINE#         2706
  C:1954H         LINE#         2707
  C:1954H         LINE#         2708
  C:197FH         LINE#         2709
  C:1982H         LINE#         2710
  C:1982H         LINE#         2711
  C:19ADH         LINE#         2712
  C:19B0H         LINE#         2713
  C:19B0H         LINE#         2714
  C:19D8H         LINE#         2715
  C:19DBH         LINE#         2716
  C:19DBH         LINE#         2717
  C:1A06H         LINE#         2718
  C:1A09H         LINE#         2719
  C:1A09H         LINE#         2720
  C:1A34H         LINE#         2721
  C:1A37H         LINE#         2722
  C:1A37H         LINE#         2723
BL51 BANKED LINKER/LOCATER V6.22                                                      10/26/2015  17:20:14  PAGE 56


  C:1A5FH         LINE#         2724
  C:1A62H         LINE#         2725
  C:1A62H         LINE#         2726
  C:1A62H         LINE#         2727
  C:1A62H         LINE#         2728
  C:1A62H         LINE#         2729
  C:1A62H         LINE#         2730
  C:1A8EH         LINE#         2731
  C:1A8EH         LINE#         2732
  C:1ABFH         LINE#         2733
  C:1AC2H         LINE#         2734
  C:1AC2H         LINE#         2735
  C:1AEDH         LINE#         2736
  C:1AF0H         LINE#         2737
  C:1AF0H         LINE#         2738
  C:1B1BH         LINE#         2739
  C:1B1EH         LINE#         2740
  C:1B1EH         LINE#         2741
  C:1B53H         LINE#         2742
  C:1B56H         LINE#         2743
  C:1B56H         LINE#         2744
  C:1B8BH         LINE#         2745
  C:1B8EH         LINE#         2746
  C:1B8EH         LINE#         2747
  C:1BB9H         LINE#         2748
  C:1BBCH         LINE#         2749
  C:1BBCH         LINE#         2750
  C:1BE7H         LINE#         2751
  C:1BEAH         LINE#         2752
  C:1BEAH         LINE#         2753
  C:1BEAH         LINE#         2754
  C:1BEAH         LINE#         2755
  C:1BEAH         LINE#         2756
  C:1BEAH         LINE#         2757
  C:1C13H         LINE#         2758
  C:1C13H         LINE#         2759
  C:1C4EH         LINE#         2760
  C:1C51H         LINE#         2761
  C:1C51H         LINE#         2762
  C:1C86H         LINE#         2763
  C:1C89H         LINE#         2764
  C:1C89H         LINE#         2765
  C:1CBEH         LINE#         2766
  C:1CC1H         LINE#         2767
  C:1CC1H         LINE#         2768
  C:1D00H         LINE#         2769
  C:1D02H         LINE#         2770
  C:1D02H         LINE#         2771
  C:1D4AH         LINE#         2772
  C:1D4CH         LINE#         2773
  C:1D4CH         LINE#         2774
  C:1D8AH         LINE#         2775
  C:1D8CH         LINE#         2776
  C:1D8CH         LINE#         2777
  C:1DD3H         LINE#         2778
  C:1DD3H         LINE#         2779
  C:1DD3H         LINE#         2780
BL51 BANKED LINKER/LOCATER V6.22                                                      10/26/2015  17:20:14  PAGE 57


  C:1DD3H         LINE#         2781
  C:1DD3H         LINE#         2782
  C:1DD3H         LINE#         2783
  C:1DD3H         LINE#         2784
  C:1DD3H         LINE#         2785
  C:1DD3H         LINE#         2787
  C:1DDDH         LINE#         2789
  C:1DF7H         LINE#         2791
  C:1DFCH         LINE#         2795
  C:1E85H         LINE#         2796
  C:1EC4H         LINE#         2797
  C:1EDDH         LINE#         2798
  -------         ENDPROC       _FUN_NAJIAN
  -------         PROC          FUN_ZHUAJIAN
  C:50E2H         LINE#         2800
  C:50E2H         LINE#         2801
  C:50E7H         LINE#         2802
  C:50ECH         LINE#         2803
  C:50F1H         LINE#         2804
  C:50F9H         LINE#         2805
  C:50FEH         LINE#         2807
  C:5105H         LINE#         2808
  C:510CH         LINE#         2809
  C:5113H         LINE#         2810
  C:511AH         LINE#         2811
  C:5132H         LINE#         2812
  C:513EH         LINE#         2813
  C:5145H         LINE#         2814
  C:514EH         LINE#         2815
  C:5155H         LINE#         2816
  C:5157H         LINE#         2817
  C:5157H         LINE#         2818
  C:5157H         LINE#         2819
  C:5157H         LINE#         2820
  C:5159H         LINE#         2821
  C:5165H         LINE#         2822
  C:516CH         LINE#         2823
  C:5175H         LINE#         2824
  C:517CH         LINE#         2825
  C:5183H         LINE#         2826
  C:518CH         LINE#         2827
  C:5193H         LINE#         2828
  C:519CH         LINE#         2829
  C:519CH         LINE#         2830
  C:51A3H         LINE#         2831
  C:51A6H         LINE#         2832
  -------         ENDPROC       FUN_ZHUAJIAN
  -------         PROC          FUN_BACK
  C:578EH         LINE#         2834
  C:578EH         LINE#         2835
  C:5795H         LINE#         2836
  C:5798H         LINE#         2838
  C:579FH         LINE#         2839
  C:57A6H         LINE#         2840
  C:57AFH         LINE#         2842
  C:57B6H         LINE#         2843
  C:57B9H         LINE#         2844
BL51 BANKED LINKER/LOCATER V6.22                                                      10/26/2015  17:20:14  PAGE 58


  -------         ENDPROC       FUN_BACK
  -------         PROC          _FUN_START
  X:0287H         SYMBOL        par_x
  X:0288H         SYMBOL        par_y
  X:0289H         SYMBOL        par_ctfx
  X:028AH         SYMBOL        par_szzt
  X:028BH         SYMBOL        par_sjwz
  X:028CH         SYMBOL        par_pywz
  X:028DH         SYMBOL        par_hzfx
  C:51ADH         LINE#         2846
  C:51B8H         LINE#         2847
  C:51B8H         LINE#         2848
  C:51BBH         LINE#         2849
  C:51BEH         LINE#         2850
  C:51C0H         LINE#         2851
  C:51C2H         LINE#         2852
  C:51C5H         LINE#         2853
  C:51C8H         LINE#         2854
  C:51CBH         LINE#         2856
  C:51CDH         LINE#         2857
  C:51CFH         LINE#         2858
  C:51D1H         LINE#         2859
  C:51D3H         LINE#         2861
  C:51D6H         LINE#         2862
  C:51D8H         LINE#         2864
  C:51DBH         LINE#         2866
  C:51DEH         LINE#         2867
  C:51E1H         LINE#         2868
  C:51E3H         LINE#         2869
  C:51E5H         LINE#         2870
  C:51EEH         LINE#         2872
  C:51FBH         LINE#         2873
  C:520AH         LINE#         2874
  C:520FH         LINE#         2875
  C:5213H         LINE#         2877
  C:521BH         LINE#         2878
  C:5223H         LINE#         2879
  C:522BH         LINE#         2880
  C:5233H         LINE#         2881
  C:523BH         LINE#         2882
  C:5243H         LINE#         2883
  C:524BH         LINE#         2885
  C:5250H         LINE#         2886
  C:5256H         LINE#         2887
  C:525DH         LINE#         2888
  C:5264H         LINE#         2889
  C:526BH         LINE#         2890
  C:5272H         LINE#         2896
  -------         ENDPROC       _FUN_START
  -------         PROC          FUN_STOP
  C:574CH         LINE#         2899
  C:574CH         LINE#         2900
  C:574EH         LINE#         2901
  C:5753H         LINE#         2902
  C:5759H         LINE#         2903
  C:5760H         LINE#         2904
  C:5767H         LINE#         2905
BL51 BANKED LINKER/LOCATER V6.22                                                      10/26/2015  17:20:14  PAGE 59


  C:576EH         LINE#         2906
  C:5775H         LINE#         2907
  C:578CH         LINE#         2908
  -------         ENDPROC       FUN_STOP
  -------         ENDMOD        8023

  -------         MODULE        ?C?FPMUL
  C:1EEBH         PUBLIC        ?C?FPMUL
  -------         ENDMOD        ?C?FPMUL

  -------         MODULE        ?C?FCAST
  C:1FFBH         PUBLIC        ?C?FCASTC
  C:1FF6H         PUBLIC        ?C?FCASTI
  C:1FF1H         PUBLIC        ?C?FCASTL
  -------         ENDMOD        ?C?FCAST

  -------         MODULE        ?C?CASTF
  C:202FH         PUBLIC        ?C?CASTF
  -------         ENDMOD        ?C?CASTF

  -------         MODULE        PRINTF
  X:0287H         PUBLIC        ?_PRINTF?BYTE
  X:0287H         PUBLIC        ?_SPRINTF?BYTE
  C:2CDAH         PUBLIC        _PRINTF
  C:2CD4H         PUBLIC        _SPRINTF
  -------         ENDMOD        PRINTF

  -------         MODULE        ?C?FPROUND
  C:20B0H         PUBLIC        ?C?FPROUND
  -------         ENDMOD        ?C?FPROUND

  -------         MODULE        ?C?FPCONVERT
  C:20EDH         PUBLIC        ?C?FPCONVERT
  -------         ENDMOD        ?C?FPCONVERT

  -------         MODULE        ?C?FPADD
  C:21F9H         PUBLIC        ?C?FPADD
  C:21F5H         PUBLIC        ?C?FPSUB
  -------         ENDMOD        ?C?FPADD

  -------         MODULE        ?C?FPDIV
  C:22EDH         PUBLIC        ?C?FPDIV
  -------         ENDMOD        ?C?FPDIV

  -------         MODULE        ?C?FTNPWR
  C:23BAH         PUBLIC        ?C?FTNPWR
  -------         ENDMOD        ?C?FTNPWR

  -------         MODULE        ?C?CLDPTR
  C:23FAH         PUBLIC        ?C?CLDPTR
  -------         ENDMOD        ?C?CLDPTR

  -------         MODULE        ?C?CLDOPTR
  C:2413H         PUBLIC        ?C?CLDOPTR
  -------         ENDMOD        ?C?CLDOPTR

  -------         MODULE        ?C?CILDOPTR
BL51 BANKED LINKER/LOCATER V6.22                                                      10/26/2015  17:20:14  PAGE 60


  C:2440H         PUBLIC        ?C?CILDOPTR
  -------         ENDMOD        ?C?CILDOPTR

  -------         MODULE        ?C?CSTPTR
  C:2473H         PUBLIC        ?C?CSTPTR
  -------         ENDMOD        ?C?CSTPTR

  -------         MODULE        ?C?CSTOPTR
  C:2485H         PUBLIC        ?C?CSTOPTR
  -------         ENDMOD        ?C?CSTOPTR

  -------         MODULE        ?C?IMUL
  C:24A7H         PUBLIC        ?C?IMUL
  -------         ENDMOD        ?C?IMUL

  -------         MODULE        ?C?UIDIV
  C:24B9H         PUBLIC        ?C?UIDIV
  -------         ENDMOD        ?C?UIDIV

  -------         MODULE        ?C?SIDIV
  C:250EH         PUBLIC        ?C?SIDIV
  -------         ENDMOD        ?C?SIDIV

  -------         MODULE        ?C?IILDX
  C:2544H         PUBLIC        ?C?IILDX
  -------         ENDMOD        ?C?IILDX

  -------         MODULE        ?C?ILDIX
  C:255AH         PUBLIC        ?C?ILDIX
  -------         ENDMOD        ?C?ILDIX

  -------         MODULE        ?C?ULDIV
  C:25ACH         PUBLIC        ?C?ULDIV
  -------         ENDMOD        ?C?ULDIV

  -------         MODULE        ?C?LNEG
  C:263EH         PUBLIC        ?C?LNEG
  -------         ENDMOD        ?C?LNEG

  -------         MODULE        ?C?ULCMP
  C:264CH         PUBLIC        ?C?ULCMP
  -------         ENDMOD        ?C?ULCMP

  -------         MODULE        ?C?LSTXDATA
  C:265DH         PUBLIC        ?C?LSTXDATA
  -------         ENDMOD        ?C?LSTXDATA

  -------         MODULE        ?C?LSTKXDATA
  C:2669H         PUBLIC        ?C?LSTKXDATA
  -------         ENDMOD        ?C?LSTKXDATA

  -------         MODULE        ?C?OFFXADD
  C:269AH         PUBLIC        ?C?OFFXADD
  -------         ENDMOD        ?C?OFFXADD

  -------         MODULE        ?C?PLDIXDATA
  C:26A6H         PUBLIC        ?C?PLDIXDATA
BL51 BANKED LINKER/LOCATER V6.22                                                      10/26/2015  17:20:14  PAGE 61


  -------         ENDMOD        ?C?PLDIXDATA

  -------         MODULE        ?C?PSTXDATA
  C:26BDH         PUBLIC        ?C?PSTXDATA
  -------         ENDMOD        ?C?PSTXDATA

  -------         MODULE        ?C?CCASE
  C:26C6H         PUBLIC        ?C?CCASE
  -------         ENDMOD        ?C?CCASE

  -------         MODULE        PUTCHAR
  C:57EFH         PUBLIC        _PUTCHAR
  -------         ENDMOD        PUTCHAR

  -------         MODULE        CABS
  C:5971H         PUBLIC        _CABS
  -------         ENDMOD        CABS

  -------         MODULE        ?C?MEMSET
  C:26ECH         PUBLIC        ?C?MEMSET
  -------         ENDMOD        ?C?MEMSET

Program Size: data=35.1 xdata=844 code=22909
LINK/LOCATE RUN COMPLETE.  0 WARNING(S),  0 ERROR(S)
